Java HotSpot(TM) 64-Bit Server VM (25.181-b13) for windows-amd64 JRE (1.8.0_181-b13), built on Jul  7 2018 04:01:33 by "java_re" with MS VC++ 10.0 (VS2010)
Memory: 4k page, physical 8282780k(2308748k free), swap 18768540k(10381904k free)
CommandLine flags: -XX:+CMSClassUnloadingEnabled -XX:CMSFullGCsBeforeCompaction=9 -XX:CMSInitiatingOccupancyFraction=60 -XX:+CMSParallelRemarkEnabled -XX:+DisableExplicitGC -XX:+ExplicitGCInvokesConcurrent -XX:GCLogFileSize=5242880 -XX:+HeapDumpOnOutOfMemoryError -XX:HeapDumpPath=D:/practice/jj/j-apollo/apollo-portal/logs/HeapDumpOnOutOfMemoryError/ -XX:InitialHeapSize=132524480 -XX:MaxHeapSize=2120391680 -XX:MaxNewSize=348966912 -XX:MaxTenuringThreshold=9 -XX:NumberOfGCLogFiles=5 -XX:OldPLABSize=16 -XX:-OmitStackTraceInFastThrow -XX:ParallelGCThreads=4 -XX:+PrintGC -XX:+PrintGCApplicationConcurrentTime -XX:+PrintGCDateStamps -XX:+PrintGCDetails -XX:+PrintGCTimeStamps -XX:+PrintHeapAtGC -XX:+ScavengeBeforeFullGC -XX:SoftRefLRUPolicyMSPerMB=0 -XX:+UseCMSCompactAtFullCollection -XX:+UseCMSInitiatingOccupancyOnly -XX:+UseCompressedClassPointers -XX:+UseCompressedOops -XX:+UseConcMarkSweepGC -XX:+UseGCLogFileRotation -XX:-UseLargePagesIndividualAllocation -XX:+UseParNewGC 
2019-05-24T17:22:09.652+0800: 1.045: Application time: 0.8626202 seconds
2019-05-24T17:22:10.653+0800: 2.046: Application time: 1.0008414 seconds
2019-05-24T17:22:11.260+0800: 2.654: Application time: 0.6075112 seconds
2019-05-24T17:22:11.481+0800: 2.874: Application time: 0.2202925 seconds
2019-05-24T17:22:11.509+0800: 2.903: Application time: 0.0282345 seconds
2019-05-24T17:22:11.793+0800: 3.186: Application time: 0.2829635 seconds
{Heap before GC invocations=0 (full 0):
 par new generation   total 39296K, used 34944K [0x0000000081800000, 0x00000000842a0000, 0x00000000964c0000)
  eden space 34944K, 100% used [0x0000000081800000, 0x0000000083a20000, 0x0000000083a20000)
  from space 4352K,   0% used [0x0000000083a20000, 0x0000000083a20000, 0x0000000083e60000)
  to   space 4352K,   0% used [0x0000000083e60000, 0x0000000083e60000, 0x00000000842a0000)
 concurrent mark-sweep generation total 87424K, used 0K [0x00000000964c0000, 0x000000009ba20000, 0x0000000100000000)
 Metaspace       used 5139K, capacity 5648K, committed 5760K, reserved 1056768K
  class space    used 573K, capacity 632K, committed 640K, reserved 1048576K
2019-05-24T17:22:11.793+0800: 3.186: [GC (Allocation Failure) 2019-05-24T17:22:11.793+0800: 3.186: [ParNew: 34944K->4352K(39296K), 0.0335991 secs] 34944K->10558K(126720K), 0.0338904 secs] [Times: user=0.06 sys=0.00, real=0.03 secs] 
Heap after GC invocations=1 (full 0):
 par new generation   total 39296K, used 4352K [0x0000000081800000, 0x00000000842a0000, 0x00000000964c0000)
  eden space 34944K,   0% used [0x0000000081800000, 0x0000000081800000, 0x0000000083a20000)
  from space 4352K, 100% used [0x0000000083e60000, 0x00000000842a0000, 0x00000000842a0000)
  to   space 4352K,   0% used [0x0000000083a20000, 0x0000000083a20000, 0x0000000083e60000)
 concurrent mark-sweep generation total 87424K, used 6206K [0x00000000964c0000, 0x000000009ba20000, 0x0000000100000000)
 Metaspace       used 5139K, capacity 5648K, committed 5760K, reserved 1056768K
  class space    used 573K, capacity 632K, committed 640K, reserved 1048576K
}
2019-05-24T17:22:11.869+0800: 3.261: Application time: 0.0416034 seconds
2019-05-24T17:22:12.204+0800: 3.597: Application time: 0.3357576 seconds
{Heap before GC invocations=1 (full 0):
 par new generation   total 39296K, used 39296K [0x0000000081800000, 0x00000000842a0000, 0x00000000964c0000)
  eden space 34944K, 100% used [0x0000000081800000, 0x0000000083a20000, 0x0000000083a20000)
  from space 4352K, 100% used [0x0000000083e60000, 0x00000000842a0000, 0x00000000842a0000)
  to   space 4352K,   0% used [0x0000000083a20000, 0x0000000083a20000, 0x0000000083e60000)
 concurrent mark-sweep generation total 87424K, used 6206K [0x00000000964c0000, 0x000000009ba20000, 0x0000000100000000)
 Metaspace       used 6852K, capacity 7024K, committed 7296K, reserved 1056768K
  class space    used 804K, capacity 856K, committed 896K, reserved 1048576K
2019-05-24T17:22:12.204+0800: 3.598: [GC (Allocation Failure) 2019-05-24T17:22:12.205+0800: 3.598: [ParNew: 39296K->4351K(39296K), 0.0100585 secs] 45502K->15043K(126720K), 0.0102866 secs] [Times: user=0.02 sys=0.00, real=0.01 secs] 
Heap after GC invocations=2 (full 0):
 par new generation   total 39296K, used 4351K [0x0000000081800000, 0x00000000842a0000, 0x00000000964c0000)
  eden space 34944K,   0% used [0x0000000081800000, 0x0000000081800000, 0x0000000083a20000)
  from space 4352K,  99% used [0x0000000083a20000, 0x0000000083e5fff8, 0x0000000083e60000)
  to   space 4352K,   0% used [0x0000000083e60000, 0x0000000083e60000, 0x00000000842a0000)
 concurrent mark-sweep generation total 87424K, used 10691K [0x00000000964c0000, 0x000000009ba20000, 0x0000000100000000)
 Metaspace       used 6852K, capacity 7024K, committed 7296K, reserved 1056768K
  class space    used 804K, capacity 856K, committed 896K, reserved 1048576K
}
2019-05-24T17:22:12.251+0800: 3.644: Application time: 0.0358087 seconds
2019-05-24T17:22:12.699+0800: 4.092: Application time: 0.4478844 seconds
{Heap before GC invocations=2 (full 0):
 par new generation   total 39296K, used 39295K [0x0000000081800000, 0x00000000842a0000, 0x00000000964c0000)
  eden space 34944K, 100% used [0x0000000081800000, 0x0000000083a20000, 0x0000000083a20000)
  from space 4352K,  99% used [0x0000000083a20000, 0x0000000083e5fff8, 0x0000000083e60000)
  to   space 4352K,   0% used [0x0000000083e60000, 0x0000000083e60000, 0x00000000842a0000)
 concurrent mark-sweep generation total 87424K, used 10691K [0x00000000964c0000, 0x000000009ba20000, 0x0000000100000000)
 Metaspace       used 9643K, capacity 9880K, committed 9984K, reserved 1058816K
  class space    used 1158K, capacity 1258K, committed 1280K, reserved 1048576K
2019-05-24T17:22:12.699+0800: 4.092: [GC (Allocation Failure) 2019-05-24T17:22:12.699+0800: 4.092: [ParNew: 39295K->2850K(39296K), 0.0025566 secs] 49987K->13541K(126720K), 0.0027102 secs] [Times: user=0.00 sys=0.00, real=0.00 secs] 
Heap after GC invocations=3 (full 0):
 par new generation   total 39296K, used 2850K [0x0000000081800000, 0x00000000842a0000, 0x00000000964c0000)
  eden space 34944K,   0% used [0x0000000081800000, 0x0000000081800000, 0x0000000083a20000)
  from space 4352K,  65% used [0x0000000083e60000, 0x00000000841289c0, 0x00000000842a0000)
  to   space 4352K,   0% used [0x0000000083a20000, 0x0000000083a20000, 0x0000000083e60000)
 concurrent mark-sweep generation total 87424K, used 10691K [0x00000000964c0000, 0x000000009ba20000, 0x0000000100000000)
 Metaspace       used 9643K, capacity 9880K, committed 9984K, reserved 1058816K
  class space    used 1158K, capacity 1258K, committed 1280K, reserved 1048576K
}
2019-05-24T17:22:12.829+0800: 4.222: Application time: 0.1272752 seconds
2019-05-24T17:22:12.839+0800: 4.232: Application time: 0.0093781 seconds
2019-05-24T17:22:12.960+0800: 4.353: Application time: 0.1211301 seconds
2019-05-24T17:22:12.989+0800: 4.382: Application time: 0.0289178 seconds
2019-05-24T17:22:12.991+0800: 4.384: Application time: 0.0018807 seconds
{Heap before GC invocations=3 (full 0):
 par new generation   total 39296K, used 37794K [0x0000000081800000, 0x00000000842a0000, 0x00000000964c0000)
  eden space 34944K, 100% used [0x0000000081800000, 0x0000000083a20000, 0x0000000083a20000)
  from space 4352K,  65% used [0x0000000083e60000, 0x00000000841289c0, 0x00000000842a0000)
  to   space 4352K,   0% used [0x0000000083a20000, 0x0000000083a20000, 0x0000000083e60000)
 concurrent mark-sweep generation total 87424K, used 10691K [0x00000000964c0000, 0x000000009ba20000, 0x0000000100000000)
 Metaspace       used 11962K, capacity 12302K, committed 12672K, reserved 1060864K
  class space    used 1457K, capacity 1545K, committed 1664K, reserved 1048576K
2019-05-24T17:22:12.992+0800: 4.384: [GC (Allocation Failure) 2019-05-24T17:22:12.992+0800: 4.385: [ParNew: 37794K->3021K(39296K), 0.0040761 secs] 48485K->13713K(126720K), 0.0046416 secs] [Times: user=0.02 sys=0.00, real=0.00 secs] 
Heap after GC invocations=4 (full 0):
 par new generation   total 39296K, used 3021K [0x0000000081800000, 0x00000000842a0000, 0x00000000964c0000)
  eden space 34944K,   0% used [0x0000000081800000, 0x0000000081800000, 0x0000000083a20000)
  from space 4352K,  69% used [0x0000000083a20000, 0x0000000083d13690, 0x0000000083e60000)
  to   space 4352K,   0% used [0x0000000083e60000, 0x0000000083e60000, 0x00000000842a0000)
 concurrent mark-sweep generation total 87424K, used 10691K [0x00000000964c0000, 0x000000009ba20000, 0x0000000100000000)
 Metaspace       used 11962K, capacity 12302K, committed 12672K, reserved 1060864K
  class space    used 1457K, capacity 1545K, committed 1664K, reserved 1048576K
}
2019-05-24T17:22:12.996+0800: 4.389: Application time: 0.0000950 seconds
2019-05-24T17:22:12.996+0800: 4.389: Application time: 0.0000415 seconds
2019-05-24T17:22:12.996+0800: 4.390: Application time: 0.0000410 seconds
2019-05-24T17:22:12.996+0800: 4.390: Application time: 0.0000438 seconds
2019-05-24T17:22:12.997+0800: 4.390: Application time: 0.0000461 seconds
2019-05-24T17:22:12.997+0800: 4.390: Application time: 0.0000455 seconds
2019-05-24T17:22:12.997+0800: 4.391: Application time: 0.0006042 seconds
2019-05-24T17:22:12.998+0800: 4.391: Application time: 0.0000438 seconds
2019-05-24T17:22:12.998+0800: 4.391: Application time: 0.0000478 seconds
2019-05-24T17:22:12.998+0800: 4.391: Application time: 0.0000404 seconds
2019-05-24T17:22:12.998+0800: 4.391: Application time: 0.0000410 seconds
2019-05-24T17:22:12.998+0800: 4.392: Application time: 0.0000398 seconds
2019-05-24T17:22:12.998+0800: 4.392: Application time: 0.0000393 seconds
2019-05-24T17:22:12.999+0800: 4.392: Application time: 0.0000466 seconds
2019-05-24T17:22:12.999+0800: 4.392: Application time: 0.0000495 seconds
2019-05-24T17:22:12.999+0800: 4.392: Application time: 0.0000347 seconds
2019-05-24T17:22:12.999+0800: 4.392: Application time: 0.0000432 seconds
2019-05-24T17:22:12.999+0800: 4.392: Application time: 0.0000370 seconds
2019-05-24T17:22:12.999+0800: 4.392: Application time: 0.0000421 seconds
2019-05-24T17:22:12.999+0800: 4.393: Application time: 0.0000336 seconds
2019-05-24T17:22:13.000+0800: 4.393: Application time: 0.0000722 seconds
2019-05-24T17:22:13.010+0800: 4.403: Application time: 0.0100551 seconds
2019-05-24T17:22:13.097+0800: 4.490: Application time: 0.0869569 seconds
2019-05-24T17:22:13.161+0800: 4.554: Application time: 0.0631626 seconds
2019-05-24T17:22:13.177+0800: 4.570: Application time: 0.0157832 seconds
2019-05-24T17:22:13.180+0800: 4.573: Application time: 0.0029719 seconds
{Heap before GC invocations=4 (full 0):
 par new generation   total 39296K, used 37965K [0x0000000081800000, 0x00000000842a0000, 0x00000000964c0000)
  eden space 34944K, 100% used [0x0000000081800000, 0x0000000083a20000, 0x0000000083a20000)
  from space 4352K,  69% used [0x0000000083a20000, 0x0000000083d13690, 0x0000000083e60000)
  to   space 4352K,   0% used [0x0000000083e60000, 0x0000000083e60000, 0x00000000842a0000)
 concurrent mark-sweep generation total 87424K, used 10691K [0x00000000964c0000, 0x000000009ba20000, 0x0000000100000000)
 Metaspace       used 13212K, capacity 13642K, committed 13824K, reserved 1060864K
  class space    used 1609K, capacity 1729K, committed 1792K, reserved 1048576K
2019-05-24T17:22:13.180+0800: 4.573: [GC (Allocation Failure) 2019-05-24T17:22:13.180+0800: 4.574: [ParNew: 37965K->2358K(39296K), 0.0061474 secs] 48657K->14387K(126720K), 0.0063317 secs] [Times: user=0.06 sys=0.00, real=0.01 secs] 
Heap after GC invocations=5 (full 0):
 par new generation   total 39296K, used 2358K [0x0000000081800000, 0x00000000842a0000, 0x00000000964c0000)
  eden space 34944K,   0% used [0x0000000081800000, 0x0000000081800000, 0x0000000083a20000)
  from space 4352K,  54% used [0x0000000083e60000, 0x00000000840adb58, 0x00000000842a0000)
  to   space 4352K,   0% used [0x0000000083a20000, 0x0000000083a20000, 0x0000000083e60000)
 concurrent mark-sweep generation total 87424K, used 12029K [0x00000000964c0000, 0x000000009ba20000, 0x0000000100000000)
 Metaspace       used 13212K, capacity 13642K, committed 13824K, reserved 1060864K
  class space    used 1609K, capacity 1729K, committed 1792K, reserved 1048576K
}
2019-05-24T17:22:13.187+0800: 4.581: Application time: 0.0005109 seconds
2019-05-24T17:22:13.189+0800: 4.582: Application time: 0.0001411 seconds
2019-05-24T17:22:13.189+0800: 4.582: Application time: 0.0000478 seconds
2019-05-24T17:22:13.189+0800: 4.582: Application time: 0.0000484 seconds
2019-05-24T17:22:13.189+0800: 4.582: Application time: 0.0000495 seconds
2019-05-24T17:22:13.189+0800: 4.583: Application time: 0.0000449 seconds
2019-05-24T17:22:13.190+0800: 4.583: Application time: 0.0000495 seconds
2019-05-24T17:22:13.190+0800: 4.583: Application time: 0.0000461 seconds
2019-05-24T17:22:13.190+0800: 4.583: Application time: 0.0000410 seconds
2019-05-24T17:22:13.190+0800: 4.583: Application time: 0.0000410 seconds
2019-05-24T17:22:13.190+0800: 4.583: Application time: 0.0000393 seconds
2019-05-24T17:22:13.190+0800: 4.583: Application time: 0.0000415 seconds
2019-05-24T17:22:13.190+0800: 4.584: Application time: 0.0000387 seconds
2019-05-24T17:22:13.191+0800: 4.584: Application time: 0.0000449 seconds
2019-05-24T17:22:13.191+0800: 4.584: Application time: 0.0000415 seconds
2019-05-24T17:22:13.191+0800: 4.584: Application time: 0.0000375 seconds
2019-05-24T17:22:13.191+0800: 4.584: Application time: 0.0000455 seconds
2019-05-24T17:22:13.192+0800: 4.585: Application time: 0.0000478 seconds
2019-05-24T17:22:13.192+0800: 4.585: Application time: 0.0000449 seconds
2019-05-24T17:22:13.192+0800: 4.585: Application time: 0.0000398 seconds
2019-05-24T17:22:13.199+0800: 4.592: Application time: 0.0064580 seconds
2019-05-24T17:22:13.199+0800: 4.592: Application time: 0.0000484 seconds
2019-05-24T17:22:13.288+0800: 4.681: Application time: 0.0886880 seconds
2019-05-24T17:22:13.288+0800: 4.681: Application time: 0.0004614 seconds
2019-05-24T17:22:13.308+0800: 4.702: Application time: 0.0202974 seconds
2019-05-24T17:22:13.339+0800: 4.732: Application time: 0.0298945 seconds
2019-05-24T17:22:13.350+0800: 4.743: Application time: 0.0104846 seconds
2019-05-24T17:22:13.366+0800: 4.759: Application time: 0.0158401 seconds
{Heap before GC invocations=5 (full 0):
 par new generation   total 39296K, used 37302K [0x0000000081800000, 0x00000000842a0000, 0x00000000964c0000)
  eden space 34944K, 100% used [0x0000000081800000, 0x0000000083a20000, 0x0000000083a20000)
  from space 4352K,  54% used [0x0000000083e60000, 0x00000000840adb58, 0x00000000842a0000)
  to   space 4352K,   0% used [0x0000000083a20000, 0x0000000083a20000, 0x0000000083e60000)
 concurrent mark-sweep generation total 87424K, used 12029K [0x00000000964c0000, 0x000000009ba20000, 0x0000000100000000)
 Metaspace       used 14411K, capacity 14920K, committed 15104K, reserved 1062912K
  class space    used 1812K, capacity 1952K, committed 2048K, reserved 1048576K
2019-05-24T17:22:13.366+0800: 4.759: [GC (Allocation Failure) 2019-05-24T17:22:13.366+0800: 4.759: [ParNew: 37302K->2031K(39296K), 0.0034395 secs] 49331K->14060K(126720K), 0.0036523 secs] [Times: user=0.00 sys=0.00, real=0.00 secs] 
Heap after GC invocations=6 (full 0):
 par new generation   total 39296K, used 2031K [0x0000000081800000, 0x00000000842a0000, 0x00000000964c0000)
  eden space 34944K,   0% used [0x0000000081800000, 0x0000000081800000, 0x0000000083a20000)
  from space 4352K,  46% used [0x0000000083a20000, 0x0000000083c1bd10, 0x0000000083e60000)
  to   space 4352K,   0% used [0x0000000083e60000, 0x0000000083e60000, 0x00000000842a0000)
 concurrent mark-sweep generation total 87424K, used 12029K [0x00000000964c0000, 0x000000009ba20000, 0x0000000100000000)
 Metaspace       used 14411K, capacity 14920K, committed 15104K, reserved 1062912K
  class space    used 1812K, capacity 1952K, committed 2048K, reserved 1048576K
}
2019-05-24T17:22:13.374+0800: 4.767: Application time: 0.0035817 seconds
2019-05-24T17:22:13.374+0800: 4.767: Application time: 0.0000762 seconds
2019-05-24T17:22:13.374+0800: 4.767: Application time: 0.0000569 seconds
2019-05-24T17:22:13.374+0800: 4.768: Application time: 0.0000444 seconds
2019-05-24T17:22:13.396+0800: 4.789: Application time: 0.0209419 seconds
2019-05-24T17:22:13.411+0800: 4.804: Application time: 0.0147820 seconds
2019-05-24T17:22:13.411+0800: 4.804: Application time: 0.0000745 seconds
2019-05-24T17:22:13.411+0800: 4.804: Application time: 0.0000688 seconds
2019-05-24T17:22:13.484+0800: 4.877: Application time: 0.0732097 seconds
{Heap before GC invocations=6 (full 0):
 par new generation   total 39296K, used 36975K [0x0000000081800000, 0x00000000842a0000, 0x00000000964c0000)
  eden space 34944K, 100% used [0x0000000081800000, 0x0000000083a20000, 0x0000000083a20000)
  from space 4352K,  46% used [0x0000000083a20000, 0x0000000083c1bd10, 0x0000000083e60000)
  to   space 4352K,   0% used [0x0000000083e60000, 0x0000000083e60000, 0x00000000842a0000)
 concurrent mark-sweep generation total 87424K, used 12029K [0x00000000964c0000, 0x000000009ba20000, 0x0000000100000000)
 Metaspace       used 14794K, capacity 15312K, committed 15488K, reserved 1062912K
  class space    used 1886K, capacity 2058K, committed 2176K, reserved 1048576K
2019-05-24T17:22:13.485+0800: 4.878: [GC (Allocation Failure) 2019-05-24T17:22:13.485+0800: 4.878: [ParNew: 36975K->1851K(39296K), 0.0031738 secs] 49004K->13880K(126720K), 0.0034469 secs] [Times: user=0.00 sys=0.00, real=0.00 secs] 
Heap after GC invocations=7 (full 0):
 par new generation   total 39296K, used 1851K [0x0000000081800000, 0x00000000842a0000, 0x00000000964c0000)
  eden space 34944K,   0% used [0x0000000081800000, 0x0000000081800000, 0x0000000083a20000)
  from space 4352K,  42% used [0x0000000083e60000, 0x000000008402ee48, 0x00000000842a0000)
  to   space 4352K,   0% used [0x0000000083a20000, 0x0000000083a20000, 0x0000000083e60000)
 concurrent mark-sweep generation total 87424K, used 12029K [0x00000000964c0000, 0x000000009ba20000, 0x0000000100000000)
 Metaspace       used 14794K, capacity 15312K, committed 15488K, reserved 1062912K
  class space    used 1886K, capacity 2058K, committed 2176K, reserved 1048576K
}
2019-05-24T17:22:13.489+0800: 4.881: Application time: 0.0003152 seconds
2019-05-24T17:22:13.521+0800: 4.914: Application time: 0.0326172 seconds
2019-05-24T17:22:13.521+0800: 4.914: Application time: 0.0000563 seconds
2019-05-24T17:22:13.522+0800: 4.915: Application time: 0.0000489 seconds
2019-05-24T17:22:13.522+0800: 4.915: Application time: 0.0000484 seconds
2019-05-24T17:22:13.522+0800: 4.915: Application time: 0.0000427 seconds
2019-05-24T17:22:13.522+0800: 4.915: Application time: 0.0001286 seconds
2019-05-24T17:22:13.522+0800: 4.915: Application time: 0.0000996 seconds
2019-05-24T17:22:13.523+0800: 4.916: Application time: 0.0001894 seconds
2019-05-24T17:22:13.523+0800: 4.916: Application time: 0.0000489 seconds
2019-05-24T17:22:13.523+0800: 4.916: Application time: 0.0001508 seconds
2019-05-24T17:22:13.523+0800: 4.916: Application time: 0.0001530 seconds
2019-05-24T17:22:13.523+0800: 4.916: Application time: 0.0001274 seconds
2019-05-24T17:22:13.524+0800: 4.917: Application time: 0.0000785 seconds
2019-05-24T17:22:13.524+0800: 4.917: Application time: 0.0000478 seconds
2019-05-24T17:22:13.524+0800: 4.917: Application time: 0.0000757 seconds
2019-05-24T17:22:13.524+0800: 4.917: Application time: 0.0000421 seconds
2019-05-24T17:22:13.524+0800: 4.917: Application time: 0.0000870 seconds
2019-05-24T17:22:13.524+0800: 4.917: Application time: 0.0000512 seconds
2019-05-24T17:22:13.524+0800: 4.917: Application time: 0.0001638 seconds
2019-05-24T17:22:13.525+0800: 4.918: Application time: 0.0000774 seconds
2019-05-24T17:22:13.553+0800: 4.947: Application time: 0.0290253 seconds
2019-05-24T17:22:13.616+0800: 5.009: Application time: 0.0621602 seconds
2019-05-24T17:22:13.616+0800: 5.009: Application time: 0.0000455 seconds
2019-05-24T17:22:13.616+0800: 5.010: Application time: 0.0000393 seconds
2019-05-24T17:22:13.616+0800: 5.010: Application time: 0.0000774 seconds
2019-05-24T17:22:13.617+0800: 5.010: Application time: 0.0000717 seconds
2019-05-24T17:22:13.617+0800: 5.010: Application time: 0.0000432 seconds
2019-05-24T17:22:13.617+0800: 5.010: Application time: 0.0000341 seconds
2019-05-24T17:22:13.617+0800: 5.010: Application time: 0.0000393 seconds
2019-05-24T17:22:13.617+0800: 5.011: Application time: 0.0000529 seconds
2019-05-24T17:22:13.617+0800: 5.011: Application time: 0.0000358 seconds
2019-05-24T17:22:13.618+0800: 5.011: Application time: 0.0000580 seconds
2019-05-24T17:22:13.663+0800: 5.056: Application time: 0.0450987 seconds
{Heap before GC invocations=7 (full 0):
 par new generation   total 39296K, used 36795K [0x0000000081800000, 0x00000000842a0000, 0x00000000964c0000)
  eden space 34944K, 100% used [0x0000000081800000, 0x0000000083a20000, 0x0000000083a20000)
  from space 4352K,  42% used [0x0000000083e60000, 0x000000008402ee48, 0x00000000842a0000)
  to   space 4352K,   0% used [0x0000000083a20000, 0x0000000083a20000, 0x0000000083e60000)
 concurrent mark-sweep generation total 87424K, used 12029K [0x00000000964c0000, 0x000000009ba20000, 0x0000000100000000)
 Metaspace       used 15467K, capacity 16062K, committed 16256K, reserved 1062912K
  class space    used 2014K, capacity 2169K, committed 2176K, reserved 1048576K
2019-05-24T17:22:13.663+0800: 5.056: [GC (Allocation Failure) 2019-05-24T17:22:13.664+0800: 5.056: [ParNew: 36795K->2632K(39296K), 0.0037905 secs] 48824K->14661K(126720K), 0.0041045 secs] [Times: user=0.00 sys=0.02, real=0.00 secs] 
Heap after GC invocations=8 (full 0):
 par new generation   total 39296K, used 2632K [0x0000000081800000, 0x00000000842a0000, 0x00000000964c0000)
  eden space 34944K,   0% used [0x0000000081800000, 0x0000000081800000, 0x0000000083a20000)
  from space 4352K,  60% used [0x0000000083a20000, 0x0000000083cb2018, 0x0000000083e60000)
  to   space 4352K,   0% used [0x0000000083e60000, 0x0000000083e60000, 0x00000000842a0000)
 concurrent mark-sweep generation total 87424K, used 12029K [0x00000000964c0000, 0x000000009ba20000, 0x0000000100000000)
 Metaspace       used 15467K, capacity 16062K, committed 16256K, reserved 1062912K
  class space    used 2014K, capacity 2169K, committed 2176K, reserved 1048576K
}
2019-05-24T17:22:13.787+0800: 5.180: Application time: 0.1197044 seconds
2019-05-24T17:22:13.806+0800: 5.199: Application time: 0.0185532 seconds
{Heap before GC invocations=8 (full 0):
 par new generation   total 39296K, used 37576K [0x0000000081800000, 0x00000000842a0000, 0x00000000964c0000)
  eden space 34944K, 100% used [0x0000000081800000, 0x0000000083a20000, 0x0000000083a20000)
  from space 4352K,  60% used [0x0000000083a20000, 0x0000000083cb2018, 0x0000000083e60000)
  to   space 4352K,   0% used [0x0000000083e60000, 0x0000000083e60000, 0x00000000842a0000)
 concurrent mark-sweep generation total 87424K, used 12029K [0x00000000964c0000, 0x000000009ba20000, 0x0000000100000000)
 Metaspace       used 16569K, capacity 17190K, committed 17536K, reserved 1064960K
  class space    used 2173K, capacity 2331K, committed 2432K, reserved 1048576K
2019-05-24T17:22:13.806+0800: 5.199: [GC (Allocation Failure) 2019-05-24T17:22:13.806+0800: 5.199: [ParNew: 37576K->3261K(39296K), 0.0032950 secs] 49605K->15290K(126720K), 0.0034492 secs] [Times: user=0.06 sys=0.00, real=0.00 secs] 
Heap after GC invocations=9 (full 0):
 par new generation   total 39296K, used 3261K [0x0000000081800000, 0x00000000842a0000, 0x00000000964c0000)
  eden space 34944K,   0% used [0x0000000081800000, 0x0000000081800000, 0x0000000083a20000)
  from space 4352K,  74% used [0x0000000083e60000, 0x000000008418f400, 0x00000000842a0000)
  to   space 4352K,   0% used [0x0000000083a20000, 0x0000000083a20000, 0x0000000083e60000)
 concurrent mark-sweep generation total 87424K, used 12029K [0x00000000964c0000, 0x000000009ba20000, 0x0000000100000000)
 Metaspace       used 16569K, capacity 17190K, committed 17536K, reserved 1064960K
  class space    used 2173K, capacity 2331K, committed 2432K, reserved 1048576K
}
2019-05-24T17:22:13.825+0800: 5.218: Application time: 0.0155085 seconds
2019-05-24T17:22:13.852+0800: 5.244: Application time: 0.0262650 seconds
2019-05-24T17:22:13.898+0800: 5.291: Application time: 0.0464697 seconds
2019-05-24T17:22:13.926+0800: 5.319: Application time: 0.0279785 seconds
{Heap before GC invocations=9 (full 0):
 par new generation   total 39296K, used 38205K [0x0000000081800000, 0x00000000842a0000, 0x00000000964c0000)
  eden space 34944K, 100% used [0x0000000081800000, 0x0000000083a20000, 0x0000000083a20000)
  from space 4352K,  74% used [0x0000000083e60000, 0x000000008418f400, 0x00000000842a0000)
  to   space 4352K,   0% used [0x0000000083a20000, 0x0000000083a20000, 0x0000000083e60000)
 concurrent mark-sweep generation total 87424K, used 12029K [0x00000000964c0000, 0x000000009ba20000, 0x0000000100000000)
 Metaspace       used 17586K, capacity 18222K, committed 18432K, reserved 1064960K
  class space    used 2312K, capacity 2483K, committed 2560K, reserved 1048576K
2019-05-24T17:22:13.926+0800: 5.319: [GC (Allocation Failure) 2019-05-24T17:22:13.926+0800: 5.320: [ParNew: 38205K->2900K(39296K), 0.0046148 secs] 50234K->15607K(126720K), 0.0048640 secs] [Times: user=0.00 sys=0.00, real=0.00 secs] 
Heap after GC invocations=10 (full 0):
 par new generation   total 39296K, used 2900K [0x0000000081800000, 0x00000000842a0000, 0x00000000964c0000)
  eden space 34944K,   0% used [0x0000000081800000, 0x0000000081800000, 0x0000000083a20000)
  from space 4352K,  66% used [0x0000000083a20000, 0x0000000083cf5320, 0x0000000083e60000)
  to   space 4352K,   0% used [0x0000000083e60000, 0x0000000083e60000, 0x00000000842a0000)
 concurrent mark-sweep generation total 87424K, used 12706K [0x00000000964c0000, 0x000000009ba20000, 0x0000000100000000)
 Metaspace       used 17586K, capacity 18222K, committed 18432K, reserved 1064960K
  class space    used 2312K, capacity 2483K, committed 2560K, reserved 1048576K
}
2019-05-24T17:22:14.209+0800: 5.602: Application time: 0.2774271 seconds
{Heap before GC invocations=10 (full 0):
 par new generation   total 39296K, used 37844K [0x0000000081800000, 0x00000000842a0000, 0x00000000964c0000)
  eden space 34944K, 100% used [0x0000000081800000, 0x0000000083a20000, 0x0000000083a20000)
  from space 4352K,  66% used [0x0000000083a20000, 0x0000000083cf5320, 0x0000000083e60000)
  to   space 4352K,   0% used [0x0000000083e60000, 0x0000000083e60000, 0x00000000842a0000)
 concurrent mark-sweep generation total 87424K, used 12706K [0x00000000964c0000, 0x000000009ba20000, 0x0000000100000000)
 Metaspace       used 20016K, capacity 20632K, committed 20992K, reserved 1067008K
  class space    used 2579K, capacity 2750K, committed 2816K, reserved 1048576K
2019-05-24T17:22:14.209+0800: 5.602: [GC (Allocation Failure) 2019-05-24T17:22:14.210+0800: 5.602: [ParNew: 37844K->4351K(39296K), 0.0041677 secs] 50551K->17153K(126720K), 0.0043463 secs] [Times: user=0.00 sys=0.00, real=0.00 secs] 
Heap after GC invocations=11 (full 0):
 par new generation   total 39296K, used 4351K [0x0000000081800000, 0x00000000842a0000, 0x00000000964c0000)
  eden space 34944K,   0% used [0x0000000081800000, 0x0000000081800000, 0x0000000083a20000)
  from space 4352K,  99% used [0x0000000083e60000, 0x000000008429ff38, 0x00000000842a0000)
  to   space 4352K,   0% used [0x0000000083a20000, 0x0000000083a20000, 0x0000000083e60000)
 concurrent mark-sweep generation total 87424K, used 12801K [0x00000000964c0000, 0x000000009ba20000, 0x0000000100000000)
 Metaspace       used 20016K, capacity 20632K, committed 20992K, reserved 1067008K
  class space    used 2579K, capacity 2750K, committed 2816K, reserved 1048576K
}
2019-05-24T17:22:14.322+0800: 5.715: Application time: 0.1084251 seconds
2019-05-24T17:22:14.454+0800: 5.847: Application time: 0.1091646 seconds
2019-05-24T17:22:14.502+0800: 5.896: Application time: 0.0481894 seconds
2019-05-24T17:22:14.503+0800: 5.896: Application time: 0.0000802 seconds
2019-05-24T17:22:14.599+0800: 5.991: Application time: 0.0951318 seconds
2019-05-24T17:22:14.712+0800: 6.105: Application time: 0.0829201 seconds
2019-05-24T17:22:14.718+0800: 6.111: Application time: 0.0057202 seconds
{Heap before GC invocations=11 (full 0):
 par new generation   total 39296K, used 39295K [0x0000000081800000, 0x00000000842a0000, 0x00000000964c0000)
  eden space 34944K, 100% used [0x0000000081800000, 0x0000000083a20000, 0x0000000083a20000)
  from space 4352K,  99% used [0x0000000083e60000, 0x000000008429ff38, 0x00000000842a0000)
  to   space 4352K,   0% used [0x0000000083a20000, 0x0000000083a20000, 0x0000000083e60000)
 concurrent mark-sweep generation total 87424K, used 12801K [0x00000000964c0000, 0x000000009ba20000, 0x0000000100000000)
 Metaspace       used 21815K, capacity 22470K, committed 22880K, reserved 1069056K
  class space    used 2816K, capacity 2979K, committed 3068K, reserved 1048576K
2019-05-24T17:22:14.718+0800: 6.111: [GC (Allocation Failure) 2019-05-24T17:22:14.718+0800: 6.111: [ParNew: 39295K->3254K(39296K), 0.0078956 secs] 52097K->17745K(126720K), 0.0081323 secs] [Times: user=0.00 sys=0.00, real=0.01 secs] 
Heap after GC invocations=12 (full 0):
 par new generation   total 39296K, used 3254K [0x0000000081800000, 0x00000000842a0000, 0x00000000964c0000)
  eden space 34944K,   0% used [0x0000000081800000, 0x0000000081800000, 0x0000000083a20000)
  from space 4352K,  74% used [0x0000000083a20000, 0x0000000083d4d938, 0x0000000083e60000)
  to   space 4352K,   0% used [0x0000000083e60000, 0x0000000083e60000, 0x00000000842a0000)
 concurrent mark-sweep generation total 87424K, used 14491K [0x00000000964c0000, 0x000000009ba20000, 0x0000000100000000)
 Metaspace       used 21815K, capacity 22470K, committed 22880K, reserved 1069056K
  class space    used 2816K, capacity 2979K, committed 3068K, reserved 1048576K
}
2019-05-24T17:22:14.727+0800: 6.120: Application time: 0.0005598 seconds
2019-05-24T17:22:14.727+0800: 6.120: [GC (CMS Initial Mark) [1 CMS-initial-mark: 14491K(87424K)] 18445K(126720K), 0.0007953 secs] [Times: user=0.00 sys=0.00, real=0.00 secs] 
2019-05-24T17:22:14.728+0800: 6.121: [CMS-concurrent-mark-start]
2019-05-24T17:22:14.780+0800: 6.173: [CMS-concurrent-mark: 0.052/0.052 secs] [Times: user=0.17 sys=0.03, real=0.05 secs] 
2019-05-24T17:22:14.780+0800: 6.173: [CMS-concurrent-preclean-start]
2019-05-24T17:22:14.782+0800: 6.174: [CMS-concurrent-preclean: 0.001/0.001 secs] [Times: user=0.00 sys=0.00, real=0.00 secs] 
2019-05-24T17:22:14.782+0800: 6.174: [CMS-concurrent-abortable-preclean-start]
2019-05-24T17:22:14.941+0800: 6.334: Application time: 0.2131666 seconds
{Heap before GC invocations=12 (full 1):
 par new generation   total 39296K, used 38198K [0x0000000081800000, 0x00000000842a0000, 0x00000000964c0000)
  eden space 34944K, 100% used [0x0000000081800000, 0x0000000083a20000, 0x0000000083a20000)
  from space 4352K,  74% used [0x0000000083a20000, 0x0000000083d4d938, 0x0000000083e60000)
  to   space 4352K,   0% used [0x0000000083e60000, 0x0000000083e60000, 0x00000000842a0000)
 concurrent mark-sweep generation total 87424K, used 14491K [0x00000000964c0000, 0x000000009ba20000, 0x0000000100000000)
 Metaspace       used 22104K, capacity 22740K, committed 22956K, reserved 1069056K
  class space    used 2865K, capacity 3072K, committed 3144K, reserved 1048576K
2019-05-24T17:22:14.941+0800: 6.334: [GC (Allocation Failure) 2019-05-24T17:22:14.941+0800: 6.334: [ParNew: 38198K->1038K(39296K), 0.0018187 secs] 52689K->15530K(126720K), 0.0019996 secs] [Times: user=0.00 sys=0.00, real=0.00 secs] 
Heap after GC invocations=13 (full 1):
 par new generation   total 39296K, used 1038K [0x0000000081800000, 0x00000000842a0000, 0x00000000964c0000)
  eden space 34944K,   0% used [0x0000000081800000, 0x0000000081800000, 0x0000000083a20000)
  from space 4352K,  23% used [0x0000000083e60000, 0x0000000083f63ba8, 0x00000000842a0000)
  to   space 4352K,   0% used [0x0000000083a20000, 0x0000000083a20000, 0x0000000083e60000)
 concurrent mark-sweep generation total 87424K, used 14491K [0x00000000964c0000, 0x000000009ba20000, 0x0000000100000000)
 Metaspace       used 22104K, capacity 22740K, committed 22956K, reserved 1069056K
  class space    used 2865K, capacity 3072K, committed 3144K, reserved 1048576K
}
2019-05-24T17:22:14.949+0800: 6.342: Application time: 0.0054579 seconds
2019-05-24T17:22:15.050+0800: 6.443: Application time: 0.1010375 seconds
2019-05-24T17:22:15.218+0800: 6.611: Application time: 0.1676179 seconds
2019-05-24T17:22:15.250+0800: 6.643: Application time: 0.0315676 seconds
2019-05-24T17:22:15.253+0800: 6.646: Application time: 0.0025737 seconds
2019-05-24T17:22:15.354+0800: 6.747: [CMS-concurrent-abortable-preclean: 0.064/0.573 secs] [Times: user=1.44 sys=0.13, real=0.57 secs] 
2019-05-24T17:22:15.354+0800: 6.747: Application time: 0.1012821 seconds
2019-05-24T17:22:15.390+0800: 6.783: [GC (CMS Final Remark) [YG occupancy: 22698 K (39296 K)]2019-05-24T17:22:15.390+0800: 6.783: [Rescan (parallel) , 0.0038428 secs]2019-05-24T17:22:15.394+0800: 6.787: [weak refs processing, 0.0028427 secs]2019-05-24T17:22:15.397+0800: 6.790: [class unloading, 0.0069751 secs]2019-05-24T17:22:15.404+0800: 6.797: [scrub symbol table, 0.0078364 secs]2019-05-24T17:22:15.411+0800: 6.805: [scrub string table, 0.0005734 secs][1 CMS-remark: 14491K(87424K)] 37189K(126720K), 0.0230087 secs] [Times: user=0.03 sys=0.00, real=0.02 secs] 
2019-05-24T17:22:15.444+0800: 6.837: [CMS-concurrent-sweep-start]
2019-05-24T17:22:15.453+0800: 6.846: [CMS-concurrent-sweep: 0.009/0.009 secs] [Times: user=0.03 sys=0.00, real=0.01 secs] 
2019-05-24T17:22:15.453+0800: 6.846: [CMS-concurrent-reset-start]
2019-05-24T17:22:15.457+0800: 6.850: [CMS-concurrent-reset: 0.004/0.004 secs] [Times: user=0.00 sys=0.00, real=0.00 secs] 
2019-05-24T17:22:15.529+0800: 6.922: Application time: 0.1165841 seconds
2019-05-24T17:22:15.943+0800: 7.336: Application time: 0.4132214 seconds
{Heap before GC invocations=13 (full 1):
 par new generation   total 39296K, used 35982K [0x0000000081800000, 0x00000000842a0000, 0x00000000964c0000)
  eden space 34944K, 100% used [0x0000000081800000, 0x0000000083a20000, 0x0000000083a20000)
  from space 4352K,  23% used [0x0000000083e60000, 0x0000000083f63ba8, 0x00000000842a0000)
  to   space 4352K,   0% used [0x0000000083a20000, 0x0000000083a20000, 0x0000000083e60000)
 concurrent mark-sweep generation total 87424K, used 13299K [0x00000000964c0000, 0x000000009ba20000, 0x0000000100000000)
 Metaspace       used 23257K, capacity 24036K, committed 24264K, reserved 1071104K
  class space    used 2989K, capacity 3190K, committed 3272K, reserved 1048576K
2019-05-24T17:22:15.945+0800: 7.338: [GC (Allocation Failure) 2019-05-24T17:22:15.945+0800: 7.338: [ParNew: 35982K->3118K(39296K), 0.0039020 secs] 49282K->16417K(126720K), 0.0040784 secs] [Times: user=0.03 sys=0.00, real=0.00 secs] 
Heap after GC invocations=14 (full 1):
 par new generation   total 39296K, used 3118K [0x0000000081800000, 0x00000000842a0000, 0x00000000964c0000)
  eden space 34944K,   0% used [0x0000000081800000, 0x0000000081800000, 0x0000000083a20000)
  from space 4352K,  71% used [0x0000000083a20000, 0x0000000083d2b8a8, 0x0000000083e60000)
  to   space 4352K,   0% used [0x0000000083e60000, 0x0000000083e60000, 0x00000000842a0000)
 concurrent mark-sweep generation total 87424K, used 13299K [0x00000000964c0000, 0x000000009ba20000, 0x0000000100000000)
 Metaspace       used 23257K, capacity 24036K, committed 24264K, reserved 1071104K
  class space    used 2989K, capacity 3190K, committed 3272K, reserved 1048576K
}
2019-05-24T17:22:16.177+0800: 7.570: Application time: 0.2283690 seconds
2019-05-24T17:22:16.832+0800: 8.225: Application time: 0.6525979 seconds
{Heap before GC invocations=14 (full 1):
 par new generation   total 39296K, used 38062K [0x0000000081800000, 0x00000000842a0000, 0x00000000964c0000)
  eden space 34944K, 100% used [0x0000000081800000, 0x0000000083a20000, 0x0000000083a20000)
  from space 4352K,  71% used [0x0000000083a20000, 0x0000000083d2b8a8, 0x0000000083e60000)
  to   space 4352K,   0% used [0x0000000083e60000, 0x0000000083e60000, 0x00000000842a0000)
 concurrent mark-sweep generation total 87424K, used 13299K [0x00000000964c0000, 0x000000009ba20000, 0x0000000100000000)
 Metaspace       used 24372K, capacity 25156K, committed 25416K, reserved 1071104K
  class space    used 3126K, capacity 3324K, committed 3400K, reserved 1048576K
2019-05-24T17:22:16.832+0800: 8.225: [GC (Allocation Failure) 2019-05-24T17:22:16.832+0800: 8.225: [ParNew: 38062K->3984K(39296K), 0.0089128 secs] 51361K->19189K(126720K), 0.0091102 secs] [Times: user=0.03 sys=0.00, real=0.01 secs] 
Heap after GC invocations=15 (full 1):
 par new generation   total 39296K, used 3984K [0x0000000081800000, 0x00000000842a0000, 0x00000000964c0000)
  eden space 34944K,   0% used [0x0000000081800000, 0x0000000081800000, 0x0000000083a20000)
  from space 4352K,  91% used [0x0000000083e60000, 0x0000000084244180, 0x00000000842a0000)
  to   space 4352K,   0% used [0x0000000083a20000, 0x0000000083a20000, 0x0000000083e60000)
 concurrent mark-sweep generation total 87424K, used 15204K [0x00000000964c0000, 0x000000009ba20000, 0x0000000100000000)
 Metaspace       used 24372K, capacity 25156K, committed 25416K, reserved 1071104K
  class space    used 3126K, capacity 3324K, committed 3400K, reserved 1048576K
}
2019-05-24T17:22:16.971+0800: 8.364: Application time: 0.1296657 seconds
2019-05-24T17:22:16.974+0800: 8.367: Application time: 0.0027051 seconds
2019-05-24T17:22:17.047+0800: 8.440: Application time: 0.0727216 seconds
2019-05-24T17:22:17.047+0800: 8.440: Application time: 0.0000466 seconds
2019-05-24T17:22:17.047+0800: 8.440: Application time: 0.0003726 seconds
{Heap before GC invocations=15 (full 1):
 par new generation   total 39296K, used 38928K [0x0000000081800000, 0x00000000842a0000, 0x00000000964c0000)
  eden space 34944K, 100% used [0x0000000081800000, 0x0000000083a20000, 0x0000000083a20000)
  from space 4352K,  91% used [0x0000000083e60000, 0x0000000084244180, 0x00000000842a0000)
  to   space 4352K,   0% used [0x0000000083a20000, 0x0000000083a20000, 0x0000000083e60000)
 concurrent mark-sweep generation total 87424K, used 15204K [0x00000000964c0000, 0x000000009ba20000, 0x0000000100000000)
 Metaspace       used 24643K, capacity 25474K, committed 25672K, reserved 1071104K
  class space    used 3161K, capacity 3365K, committed 3400K, reserved 1048576K
2019-05-24T17:22:17.048+0800: 8.441: [GC (Allocation Failure) 2019-05-24T17:22:17.048+0800: 8.441: [ParNew: 38928K->2260K(39296K), 0.0066736 secs] 54133K->19680K(126720K), 0.0068506 secs] [Times: user=0.00 sys=0.00, real=0.01 secs] 
Heap after GC invocations=16 (full 1):
 par new generation   total 39296K, used 2260K [0x0000000081800000, 0x00000000842a0000, 0x00000000964c0000)
  eden space 34944K,   0% used [0x0000000081800000, 0x0000000081800000, 0x0000000083a20000)
  from space 4352K,  51% used [0x0000000083a20000, 0x0000000083c55308, 0x0000000083e60000)
  to   space 4352K,   0% used [0x0000000083e60000, 0x0000000083e60000, 0x00000000842a0000)
 concurrent mark-sweep generation total 87424K, used 17419K [0x00000000964c0000, 0x000000009ba20000, 0x0000000100000000)
 Metaspace       used 24643K, capacity 25474K, committed 25672K, reserved 1071104K
  class space    used 3161K, capacity 3365K, committed 3400K, reserved 1048576K
}
2019-05-24T17:22:17.055+0800: 8.448: Application time: 0.0001764 seconds
2019-05-24T17:22:17.058+0800: 8.451: Application time: 0.0027267 seconds
2019-05-24T17:22:17.069+0800: 8.462: Application time: 0.0112299 seconds
2019-05-24T17:22:17.070+0800: 8.463: Application time: 0.0008220 seconds
2019-05-24T17:22:17.070+0800: 8.463: Application time: 0.0000461 seconds
2019-05-24T17:22:17.071+0800: 8.464: Application time: 0.0005376 seconds
2019-05-24T17:22:17.072+0800: 8.465: Application time: 0.0013426 seconds
2019-05-24T17:22:17.074+0800: 8.467: Application time: 0.0015195 seconds
2019-05-24T17:22:17.078+0800: 8.471: Application time: 0.0034088 seconds
2019-05-24T17:22:17.079+0800: 8.471: Application time: 0.0003146 seconds
2019-05-24T17:22:17.079+0800: 8.472: Application time: 0.0000455 seconds
2019-05-24T17:22:17.079+0800: 8.472: Application time: 0.0005393 seconds
2019-05-24T17:22:17.114+0800: 8.507: Application time: 0.0347477 seconds
2019-05-24T17:22:17.115+0800: 8.508: Application time: 0.0000518 seconds
2019-05-24T17:22:17.115+0800: 8.508: Application time: 0.0004528 seconds
2019-05-24T17:22:17.151+0800: 8.544: Application time: 0.0358474 seconds
{Heap before GC invocations=16 (full 1):
 par new generation   total 39296K, used 37204K [0x0000000081800000, 0x00000000842a0000, 0x00000000964c0000)
  eden space 34944K, 100% used [0x0000000081800000, 0x0000000083a20000, 0x0000000083a20000)
  from space 4352K,  51% used [0x0000000083a20000, 0x0000000083c55308, 0x0000000083e60000)
  to   space 4352K,   0% used [0x0000000083e60000, 0x0000000083e60000, 0x00000000842a0000)
 concurrent mark-sweep generation total 87424K, used 17419K [0x00000000964c0000, 0x000000009ba20000, 0x0000000100000000)
 Metaspace       used 24814K, capacity 25634K, committed 25672K, reserved 1071104K
  class space    used 3182K, capacity 3397K, committed 3400K, reserved 1048576K
2019-05-24T17:22:17.151+0800: 8.544: [GC (Allocation Failure) 2019-05-24T17:22:17.151+0800: 8.544: [ParNew: 37204K->919K(39296K), 0.0015502 secs] 54624K->18338K(126720K), 0.0017516 secs] [Times: user=0.06 sys=0.00, real=0.00 secs] 
Heap after GC invocations=17 (full 1):
 par new generation   total 39296K, used 919K [0x0000000081800000, 0x00000000842a0000, 0x00000000964c0000)
  eden space 34944K,   0% used [0x0000000081800000, 0x0000000081800000, 0x0000000083a20000)
  from space 4352K,  21% used [0x0000000083e60000, 0x0000000083f45dc0, 0x00000000842a0000)
  to   space 4352K,   0% used [0x0000000083a20000, 0x0000000083a20000, 0x0000000083e60000)
 concurrent mark-sweep generation total 87424K, used 17419K [0x00000000964c0000, 0x000000009ba20000, 0x0000000100000000)
 Metaspace       used 24814K, capacity 25634K, committed 25672K, reserved 1071104K
  class space    used 3182K, capacity 3397K, committed 3400K, reserved 1048576K
}
2019-05-24T17:22:17.164+0800: 8.557: Application time: 0.0108487 seconds
2019-05-24T17:22:17.233+0800: 8.626: Application time: 0.0689772 seconds
2019-05-24T17:22:17.234+0800: 8.627: Application time: 0.0001593 seconds
2019-05-24T17:22:17.235+0800: 8.628: Application time: 0.0007634 seconds
2019-05-24T17:22:17.238+0800: 8.631: Application time: 0.0028945 seconds
2019-05-24T17:22:17.270+0800: 8.663: Application time: 0.0316359 seconds
2019-05-24T17:22:17.271+0800: 8.664: Application time: 0.0000688 seconds
2019-05-24T17:22:17.271+0800: 8.664: Application time: 0.0005666 seconds
2019-05-24T17:22:17.273+0800: 8.666: Application time: 0.0013386 seconds
2019-05-24T17:22:17.273+0800: 8.666: Application time: 0.0000495 seconds
2019-05-24T17:22:17.273+0800: 8.667: Application time: 0.0004978 seconds
2019-05-24T17:22:17.275+0800: 8.668: Application time: 0.0011162 seconds
2019-05-24T17:22:17.276+0800: 8.669: Application time: 0.0014427 seconds
{Heap before GC invocations=17 (full 1):
 par new generation   total 39296K, used 35863K [0x0000000081800000, 0x00000000842a0000, 0x00000000964c0000)
  eden space 34944K, 100% used [0x0000000081800000, 0x0000000083a20000, 0x0000000083a20000)
  from space 4352K,  21% used [0x0000000083e60000, 0x0000000083f45dc0, 0x00000000842a0000)
  to   space 4352K,   0% used [0x0000000083a20000, 0x0000000083a20000, 0x0000000083e60000)
 concurrent mark-sweep generation total 87424K, used 17419K [0x00000000964c0000, 0x000000009ba20000, 0x0000000100000000)
 Metaspace       used 24883K, capacity 25698K, committed 25928K, reserved 1071104K
  class space    used 3195K, capacity 3397K, committed 3400K, reserved 1048576K
2019-05-24T17:22:17.276+0800: 8.670: [GC (Allocation Failure) 2019-05-24T17:22:17.277+0800: 8.670: [ParNew: 35863K->1123K(39296K), 0.0015161 secs] 53282K->18542K(126720K), 0.0016993 secs] [Times: user=0.02 sys=0.02, real=0.00 secs] 
Heap after GC invocations=18 (full 1):
 par new generation   total 39296K, used 1123K [0x0000000081800000, 0x00000000842a0000, 0x00000000964c0000)
  eden space 34944K,   0% used [0x0000000081800000, 0x0000000081800000, 0x0000000083a20000)
  from space 4352K,  25% used [0x0000000083a20000, 0x0000000083b38c68, 0x0000000083e60000)
  to   space 4352K,   0% used [0x0000000083e60000, 0x0000000083e60000, 0x00000000842a0000)
 concurrent mark-sweep generation total 87424K, used 17419K [0x00000000964c0000, 0x000000009ba20000, 0x0000000100000000)
 Metaspace       used 24883K, capacity 25698K, committed 25928K, reserved 1071104K
  class space    used 3195K, capacity 3397K, committed 3400K, reserved 1048576K
}
2019-05-24T17:22:17.280+0800: 8.673: Application time: 0.0016913 seconds
2019-05-24T17:22:17.280+0800: 8.673: Application time: 0.0000438 seconds
2019-05-24T17:22:17.281+0800: 8.674: Application time: 0.0005052 seconds
2019-05-24T17:22:17.289+0800: 8.682: Application time: 0.0082358 seconds
2019-05-24T17:22:17.311+0800: 8.704: Application time: 0.0218385 seconds
{Heap before GC invocations=18 (full 1):
 par new generation   total 39296K, used 36067K [0x0000000081800000, 0x00000000842a0000, 0x00000000964c0000)
  eden space 34944K, 100% used [0x0000000081800000, 0x0000000083a20000, 0x0000000083a20000)
  from space 4352K,  25% used [0x0000000083a20000, 0x0000000083b38c68, 0x0000000083e60000)
  to   space 4352K,   0% used [0x0000000083e60000, 0x0000000083e60000, 0x00000000842a0000)
 concurrent mark-sweep generation total 87424K, used 17419K [0x00000000964c0000, 0x000000009ba20000, 0x0000000100000000)
 Metaspace       used 24889K, capacity 25698K, committed 25928K, reserved 1071104K
  class space    used 3195K, capacity 3397K, committed 3400K, reserved 1048576K
2019-05-24T17:22:17.312+0800: 8.705: [GC (Allocation Failure) 2019-05-24T17:22:17.312+0800: 8.705: [ParNew: 36067K->1138K(39296K), 0.0014507 secs] 53486K->18557K(126720K), 0.0016589 secs] [Times: user=0.00 sys=0.00, real=0.00 secs] 
Heap after GC invocations=19 (full 1):
 par new generation   total 39296K, used 1138K [0x0000000081800000, 0x00000000842a0000, 0x00000000964c0000)
  eden space 34944K,   0% used [0x0000000081800000, 0x0000000081800000, 0x0000000083a20000)
  from space 4352K,  26% used [0x0000000083e60000, 0x0000000083f7c980, 0x00000000842a0000)
  to   space 4352K,   0% used [0x0000000083a20000, 0x0000000083a20000, 0x0000000083e60000)
 concurrent mark-sweep generation total 87424K, used 17419K [0x00000000964c0000, 0x000000009ba20000, 0x0000000100000000)
 Metaspace       used 24889K, capacity 25698K, committed 25928K, reserved 1071104K
  class space    used 3195K, capacity 3397K, committed 3400K, reserved 1048576K
}
2019-05-24T17:22:17.320+0800: 8.713: Application time: 0.0066412 seconds
2019-05-24T17:22:17.357+0800: 8.750: Application time: 0.0360869 seconds
2019-05-24T17:22:17.359+0800: 8.752: Application time: 0.0026414 seconds
2019-05-24T17:22:17.360+0800: 8.753: Application time: 0.0000489 seconds
2019-05-24T17:22:17.360+0800: 8.753: Application time: 0.0006241 seconds
2019-05-24T17:22:17.372+0800: 8.765: Application time: 0.0112680 seconds
{Heap before GC invocations=19 (full 1):
 par new generation   total 39296K, used 36082K [0x0000000081800000, 0x00000000842a0000, 0x00000000964c0000)
  eden space 34944K, 100% used [0x0000000081800000, 0x0000000083a20000, 0x0000000083a20000)
  from space 4352K,  26% used [0x0000000083e60000, 0x0000000083f7c980, 0x00000000842a0000)
  to   space 4352K,   0% used [0x0000000083a20000, 0x0000000083a20000, 0x0000000083e60000)
 concurrent mark-sweep generation total 87424K, used 17419K [0x00000000964c0000, 0x000000009ba20000, 0x0000000100000000)
 Metaspace       used 24897K, capacity 25698K, committed 25928K, reserved 1071104K
  class space    used 3195K, capacity 3397K, committed 3400K, reserved 1048576K
2019-05-24T17:22:17.372+0800: 8.765: [GC (Allocation Failure) 2019-05-24T17:22:17.372+0800: 8.765: [ParNew: 36082K->894K(39296K), 0.0016412 secs] 53501K->18314K(126720K), 0.0018256 secs] [Times: user=0.00 sys=0.00, real=0.00 secs] 
Heap after GC invocations=20 (full 1):
 par new generation   total 39296K, used 894K [0x0000000081800000, 0x00000000842a0000, 0x00000000964c0000)
  eden space 34944K,   0% used [0x0000000081800000, 0x0000000081800000, 0x0000000083a20000)
  from space 4352K,  20% used [0x0000000083a20000, 0x0000000083affa70, 0x0000000083e60000)
  to   space 4352K,   0% used [0x0000000083e60000, 0x0000000083e60000, 0x00000000842a0000)
 concurrent mark-sweep generation total 87424K, used 17419K [0x00000000964c0000, 0x000000009ba20000, 0x0000000100000000)
 Metaspace       used 24897K, capacity 25698K, committed 25928K, reserved 1071104K
  class space    used 3195K, capacity 3397K, committed 3400K, reserved 1048576K
}
2019-05-24T17:22:17.433+0800: 8.826: Application time: 0.0589170 seconds
{Heap before GC invocations=20 (full 1):
 par new generation   total 39296K, used 35838K [0x0000000081800000, 0x00000000842a0000, 0x00000000964c0000)
  eden space 34944K, 100% used [0x0000000081800000, 0x0000000083a20000, 0x0000000083a20000)
  from space 4352K,  20% used [0x0000000083a20000, 0x0000000083affa70, 0x0000000083e60000)
  to   space 4352K,   0% used [0x0000000083e60000, 0x0000000083e60000, 0x00000000842a0000)
 concurrent mark-sweep generation total 87424K, used 17419K [0x00000000964c0000, 0x000000009ba20000, 0x0000000100000000)
 Metaspace       used 24898K, capacity 25698K, committed 25928K, reserved 1071104K
  class space    used 3195K, capacity 3397K, committed 3400K, reserved 1048576K
2019-05-24T17:22:17.443+0800: 8.836: [GC (Allocation Failure) 2019-05-24T17:22:17.443+0800: 8.836: [ParNew: 35838K->930K(39296K), 0.0015451 secs] 53258K->18349K(126720K), 0.0017943 secs] [Times: user=0.00 sys=0.00, real=0.00 secs] 
Heap after GC invocations=21 (full 1):
 par new generation   total 39296K, used 930K [0x0000000081800000, 0x00000000842a0000, 0x00000000964c0000)
  eden space 34944K,   0% used [0x0000000081800000, 0x0000000081800000, 0x0000000083a20000)
  from space 4352K,  21% used [0x0000000083e60000, 0x0000000083f48800, 0x00000000842a0000)
  to   space 4352K,   0% used [0x0000000083a20000, 0x0000000083a20000, 0x0000000083e60000)
 concurrent mark-sweep generation total 87424K, used 17419K [0x00000000964c0000, 0x000000009ba20000, 0x0000000100000000)
 Metaspace       used 24898K, capacity 25698K, committed 25928K, reserved 1071104K
  class space    used 3195K, capacity 3397K, committed 3400K, reserved 1048576K
}
2019-05-24T17:22:17.460+0800: 8.854: Application time: 0.0158777 seconds
2019-05-24T17:22:17.601+0800: 8.994: Application time: 0.1399011 seconds
{Heap before GC invocations=21 (full 1):
 par new generation   total 39296K, used 35874K [0x0000000081800000, 0x00000000842a0000, 0x00000000964c0000)
  eden space 34944K, 100% used [0x0000000081800000, 0x0000000083a20000, 0x0000000083a20000)
  from space 4352K,  21% used [0x0000000083e60000, 0x0000000083f48800, 0x00000000842a0000)
  to   space 4352K,   0% used [0x0000000083a20000, 0x0000000083a20000, 0x0000000083e60000)
 concurrent mark-sweep generation total 87424K, used 17419K [0x00000000964c0000, 0x000000009ba20000, 0x0000000100000000)
 Metaspace       used 25040K, capacity 25824K, committed 26056K, reserved 1071104K
  class space    used 3211K, capacity 3436K, committed 3528K, reserved 1048576K
2019-05-24T17:22:17.601+0800: 8.994: [GC (Allocation Failure) 2019-05-24T17:22:17.601+0800: 8.994: [ParNew: 35874K->1044K(39296K), 0.0018870 secs] 53293K->18463K(126720K), 0.0020696 secs] [Times: user=0.00 sys=0.00, real=0.00 secs] 
Heap after GC invocations=22 (full 1):
 par new generation   total 39296K, used 1044K [0x0000000081800000, 0x00000000842a0000, 0x00000000964c0000)
  eden space 34944K,   0% used [0x0000000081800000, 0x0000000081800000, 0x0000000083a20000)
  from space 4352K,  23% used [0x0000000083a20000, 0x0000000083b25038, 0x0000000083e60000)
  to   space 4352K,   0% used [0x0000000083e60000, 0x0000000083e60000, 0x00000000842a0000)
 concurrent mark-sweep generation total 87424K, used 17419K [0x00000000964c0000, 0x000000009ba20000, 0x0000000100000000)
 Metaspace       used 25040K, capacity 25824K, committed 26056K, reserved 1071104K
  class space    used 3211K, capacity 3436K, committed 3528K, reserved 1048576K
}
2019-05-24T17:22:18.074+0800: 9.467: Application time: 0.4710831 seconds
{Heap before GC invocations=22 (full 1):
 par new generation   total 39296K, used 35988K [0x0000000081800000, 0x00000000842a0000, 0x00000000964c0000)
  eden space 34944K, 100% used [0x0000000081800000, 0x0000000083a20000, 0x0000000083a20000)
  from space 4352K,  23% used [0x0000000083a20000, 0x0000000083b25038, 0x0000000083e60000)
  to   space 4352K,   0% used [0x0000000083e60000, 0x0000000083e60000, 0x00000000842a0000)
 concurrent mark-sweep generation total 87424K, used 17419K [0x00000000964c0000, 0x000000009ba20000, 0x0000000100000000)
 Metaspace       used 25574K, capacity 26354K, committed 26568K, reserved 1073152K
  class space    used 3286K, capacity 3503K, committed 3528K, reserved 1048576K
2019-05-24T17:22:18.075+0800: 9.467: [GC (Allocation Failure) 2019-05-24T17:22:18.075+0800: 9.467: [ParNew: 35988K->1887K(39296K), 0.0028314 secs] 53407K->19307K(126720K), 0.0030362 secs] [Times: user=0.00 sys=0.00, real=0.00 secs] 
Heap after GC invocations=23 (full 1):
 par new generation   total 39296K, used 1887K [0x0000000081800000, 0x00000000842a0000, 0x00000000964c0000)
  eden space 34944K,   0% used [0x0000000081800000, 0x0000000081800000, 0x0000000083a20000)
  from space 4352K,  43% used [0x0000000083e60000, 0x0000000084037f28, 0x00000000842a0000)
  to   space 4352K,   0% used [0x0000000083a20000, 0x0000000083a20000, 0x0000000083e60000)
 concurrent mark-sweep generation total 87424K, used 17419K [0x00000000964c0000, 0x000000009ba20000, 0x0000000100000000)
 Metaspace       used 25574K, capacity 26354K, committed 26568K, reserved 1073152K
  class space    used 3286K, capacity 3503K, committed 3528K, reserved 1048576K
}
2019-05-24T17:22:18.078+0800: 9.471: Application time: 0.0001815 seconds
2019-05-24T17:22:19.035+0800: 10.428: Application time: 0.9573698 seconds
{Heap before GC invocations=23 (full 1):
 par new generation   total 39296K, used 36831K [0x0000000081800000, 0x00000000842a0000, 0x00000000964c0000)
  eden space 34944K, 100% used [0x0000000081800000, 0x0000000083a20000, 0x0000000083a20000)
  from space 4352K,  43% used [0x0000000083e60000, 0x0000000084037f28, 0x00000000842a0000)
  to   space 4352K,   0% used [0x0000000083a20000, 0x0000000083a20000, 0x0000000083e60000)
 concurrent mark-sweep generation total 87424K, used 17419K [0x00000000964c0000, 0x000000009ba20000, 0x0000000100000000)
 Metaspace       used 25777K, capacity 26666K, committed 26824K, reserved 1073152K
  class space    used 3306K, capacity 3513K, committed 3528K, reserved 1048576K
2019-05-24T17:22:19.036+0800: 10.429: [GC (Allocation Failure) 2019-05-24T17:22:19.036+0800: 10.429: [ParNew: 36831K->2454K(39296K), 0.0029190 secs] 54251K->19873K(126720K), 0.0031539 secs] [Times: user=0.00 sys=0.00, real=0.00 secs] 
Heap after GC invocations=24 (full 1):
 par new generation   total 39296K, used 2454K [0x0000000081800000, 0x00000000842a0000, 0x00000000964c0000)
  eden space 34944K,   0% used [0x0000000081800000, 0x0000000081800000, 0x0000000083a20000)
  from space 4352K,  56% used [0x0000000083a20000, 0x0000000083c85840, 0x0000000083e60000)
  to   space 4352K,   0% used [0x0000000083e60000, 0x0000000083e60000, 0x00000000842a0000)
 concurrent mark-sweep generation total 87424K, used 17419K [0x00000000964c0000, 0x000000009ba20000, 0x0000000100000000)
 Metaspace       used 25777K, capacity 26666K, committed 26824K, reserved 1073152K
  class space    used 3306K, capacity 3513K, committed 3528K, reserved 1048576K
}
2019-05-24T17:22:19.868+0800: 11.261: Application time: 0.8291053 seconds
{Heap before GC invocations=24 (full 1):
 par new generation   total 39296K, used 37398K [0x0000000081800000, 0x00000000842a0000, 0x00000000964c0000)
  eden space 34944K, 100% used [0x0000000081800000, 0x0000000083a20000, 0x0000000083a20000)
  from space 4352K,  56% used [0x0000000083a20000, 0x0000000083c85840, 0x0000000083e60000)
  to   space 4352K,   0% used [0x0000000083e60000, 0x0000000083e60000, 0x00000000842a0000)
 concurrent mark-sweep generation total 87424K, used 17419K [0x00000000964c0000, 0x000000009ba20000, 0x0000000100000000)
 Metaspace       used 25818K, capacity 26666K, committed 26824K, reserved 1073152K
  class space    used 3310K, capacity 3513K, committed 3528K, reserved 1048576K
2019-05-24T17:22:19.868+0800: 11.261: [GC (Allocation Failure) 2019-05-24T17:22:19.868+0800: 11.261: [ParNew: 37398K->2384K(39296K), 0.0029326 secs] 54817K->19944K(126720K), 0.0031442 secs] [Times: user=0.08 sys=0.00, real=0.00 secs] 
Heap after GC invocations=25 (full 1):
 par new generation   total 39296K, used 2384K [0x0000000081800000, 0x00000000842a0000, 0x00000000964c0000)
  eden space 34944K,   0% used [0x0000000081800000, 0x0000000081800000, 0x0000000083a20000)
  from space 4352K,  54% used [0x0000000083e60000, 0x00000000840b42f8, 0x00000000842a0000)
  to   space 4352K,   0% used [0x0000000083a20000, 0x0000000083a20000, 0x0000000083e60000)
 concurrent mark-sweep generation total 87424K, used 17560K [0x00000000964c0000, 0x000000009ba20000, 0x0000000100000000)
 Metaspace       used 25818K, capacity 26666K, committed 26824K, reserved 1073152K
  class space    used 3310K, capacity 3513K, committed 3528K, reserved 1048576K
}
2019-05-24T17:22:20.510+0800: 11.903: Application time: 0.6385895 seconds
{Heap before GC invocations=25 (full 1):
 par new generation   total 39296K, used 37328K [0x0000000081800000, 0x00000000842a0000, 0x00000000964c0000)
  eden space 34944K, 100% used [0x0000000081800000, 0x0000000083a20000, 0x0000000083a20000)
  from space 4352K,  54% used [0x0000000083e60000, 0x00000000840b42f8, 0x00000000842a0000)
  to   space 4352K,   0% used [0x0000000083a20000, 0x0000000083a20000, 0x0000000083e60000)
 concurrent mark-sweep generation total 87424K, used 17560K [0x00000000964c0000, 0x000000009ba20000, 0x0000000100000000)
 Metaspace       used 25896K, capacity 26778K, committed 26952K, reserved 1073152K
  class space    used 3322K, capacity 3547K, committed 3656K, reserved 1048576K
2019-05-24T17:22:20.510+0800: 11.903: [GC (Allocation Failure) 2019-05-24T17:22:20.510+0800: 11.903: [ParNew: 37328K->2696K(39296K), 0.0033997 secs] 54888K->20350K(126720K), 0.0036056 secs] [Times: user=0.08 sys=0.00, real=0.00 secs] 
Heap after GC invocations=26 (full 1):
 par new generation   total 39296K, used 2696K [0x0000000081800000, 0x00000000842a0000, 0x00000000964c0000)
  eden space 34944K,   0% used [0x0000000081800000, 0x0000000081800000, 0x0000000083a20000)
  from space 4352K,  61% used [0x0000000083a20000, 0x0000000083cc2188, 0x0000000083e60000)
  to   space 4352K,   0% used [0x0000000083e60000, 0x0000000083e60000, 0x00000000842a0000)
 concurrent mark-sweep generation total 87424K, used 17654K [0x00000000964c0000, 0x000000009ba20000, 0x0000000100000000)
 Metaspace       used 25896K, capacity 26778K, committed 26952K, reserved 1073152K
  class space    used 3322K, capacity 3547K, committed 3656K, reserved 1048576K
}
2019-05-24T17:22:21.292+0800: 12.684: Application time: 0.7773870 seconds
{Heap before GC invocations=26 (full 1):
 par new generation   total 39296K, used 37640K [0x0000000081800000, 0x00000000842a0000, 0x00000000964c0000)
  eden space 34944K, 100% used [0x0000000081800000, 0x0000000083a20000, 0x0000000083a20000)
  from space 4352K,  61% used [0x0000000083a20000, 0x0000000083cc2188, 0x0000000083e60000)
  to   space 4352K,   0% used [0x0000000083e60000, 0x0000000083e60000, 0x00000000842a0000)
 concurrent mark-sweep generation total 87424K, used 17654K [0x00000000964c0000, 0x000000009ba20000, 0x0000000100000000)
 Metaspace       used 26085K, capacity 26968K, committed 27208K, reserved 1073152K
  class space    used 3350K, capacity 3562K, committed 3656K, reserved 1048576K
2019-05-24T17:22:21.292+0800: 12.685: [GC (Allocation Failure) 2019-05-24T17:22:21.292+0800: 12.685: [ParNew: 37640K->3413K(39296K), 0.0037820 secs] 55294K->21120K(126720K), 0.0039771 secs] [Times: user=0.09 sys=0.00, real=0.00 secs] 
Heap after GC invocations=27 (full 1):
 par new generation   total 39296K, used 3413K [0x0000000081800000, 0x00000000842a0000, 0x00000000964c0000)
  eden space 34944K,   0% used [0x0000000081800000, 0x0000000081800000, 0x0000000083a20000)
  from space 4352K,  78% used [0x0000000083e60000, 0x00000000841b5488, 0x00000000842a0000)
  to   space 4352K,   0% used [0x0000000083a20000, 0x0000000083a20000, 0x0000000083e60000)
 concurrent mark-sweep generation total 87424K, used 17707K [0x00000000964c0000, 0x000000009ba20000, 0x0000000100000000)
 Metaspace       used 26085K, capacity 26968K, committed 27208K, reserved 1073152K
  class space    used 3350K, capacity 3562K, committed 3656K, reserved 1048576K
}
2019-05-24T17:22:21.321+0800: 12.714: Application time: 0.0254913 seconds
2019-05-24T17:22:21.421+0800: 12.814: Application time: 0.0995669 seconds
2019-05-24T17:22:22.200+0800: 13.593: Application time: 0.7785936 seconds
{Heap before GC invocations=27 (full 1):
 par new generation   total 39296K, used 38357K [0x0000000081800000, 0x00000000842a0000, 0x00000000964c0000)
  eden space 34944K, 100% used [0x0000000081800000, 0x0000000083a20000, 0x0000000083a20000)
  from space 4352K,  78% used [0x0000000083e60000, 0x00000000841b5488, 0x00000000842a0000)
  to   space 4352K,   0% used [0x0000000083a20000, 0x0000000083a20000, 0x0000000083e60000)
 concurrent mark-sweep generation total 87424K, used 17707K [0x00000000964c0000, 0x000000009ba20000, 0x0000000100000000)
 Metaspace       used 26946K, capacity 27888K, committed 28104K, reserved 1073152K
  class space    used 3485K, capacity 3710K, committed 3784K, reserved 1048576K
2019-05-24T17:22:22.201+0800: 13.594: [GC (Allocation Failure) 2019-05-24T17:22:22.201+0800: 13.594: [ParNew: 38357K->3502K(39296K), 0.0058249 secs] 56064K->21697K(126720K), 0.0060405 secs] [Times: user=0.00 sys=0.00, real=0.01 secs] 
Heap after GC invocations=28 (full 1):
 par new generation   total 39296K, used 3502K [0x0000000081800000, 0x00000000842a0000, 0x00000000964c0000)
  eden space 34944K,   0% used [0x0000000081800000, 0x0000000081800000, 0x0000000083a20000)
  from space 4352K,  80% used [0x0000000083a20000, 0x0000000083d8ba80, 0x0000000083e60000)
  to   space 4352K,   0% used [0x0000000083e60000, 0x0000000083e60000, 0x00000000842a0000)
 concurrent mark-sweep generation total 87424K, used 18194K [0x00000000964c0000, 0x000000009ba20000, 0x0000000100000000)
 Metaspace       used 26946K, capacity 27888K, committed 28104K, reserved 1073152K
  class space    used 3485K, capacity 3710K, committed 3784K, reserved 1048576K
}
2019-05-24T17:22:23.122+0800: 14.515: Application time: 0.9148851 seconds
{Heap before GC invocations=28 (full 1):
 par new generation   total 39296K, used 38446K [0x0000000081800000, 0x00000000842a0000, 0x00000000964c0000)
  eden space 34944K, 100% used [0x0000000081800000, 0x0000000083a20000, 0x0000000083a20000)
  from space 4352K,  80% used [0x0000000083a20000, 0x0000000083d8ba80, 0x0000000083e60000)
  to   space 4352K,   0% used [0x0000000083e60000, 0x0000000083e60000, 0x00000000842a0000)
 concurrent mark-sweep generation total 87424K, used 18194K [0x00000000964c0000, 0x000000009ba20000, 0x0000000100000000)
 Metaspace       used 27704K, capacity 28686K, committed 29000K, reserved 1075200K
  class space    used 3606K, capacity 3841K, committed 3912K, reserved 1048576K
2019-05-24T17:22:23.122+0800: 14.515: [GC (Allocation Failure) 2019-05-24T17:22:23.122+0800: 14.515: [ParNew: 38446K->2948K(39296K), 0.0051149 secs] 56641K->21580K(126720K), 0.0053282 secs] [Times: user=0.00 sys=0.00, real=0.01 secs] 
Heap after GC invocations=29 (full 1):
 par new generation   total 39296K, used 2948K [0x0000000081800000, 0x00000000842a0000, 0x00000000964c0000)
  eden space 34944K,   0% used [0x0000000081800000, 0x0000000081800000, 0x0000000083a20000)
  from space 4352K,  67% used [0x0000000083e60000, 0x00000000841413a8, 0x00000000842a0000)
  to   space 4352K,   0% used [0x0000000083a20000, 0x0000000083a20000, 0x0000000083e60000)
 concurrent mark-sweep generation total 87424K, used 18631K [0x00000000964c0000, 0x000000009ba20000, 0x0000000100000000)
 Metaspace       used 27704K, capacity 28686K, committed 29000K, reserved 1075200K
  class space    used 3606K, capacity 3841K, committed 3912K, reserved 1048576K
}
2019-05-24T17:22:23.460+0800: 14.853: Application time: 0.3328841 seconds
{Heap before GC invocations=29 (full 1):
 par new generation   total 39296K, used 37865K [0x0000000081800000, 0x00000000842a0000, 0x00000000964c0000)
  eden space 34944K,  99% used [0x0000000081800000, 0x0000000083a191b8, 0x0000000083a20000)
  from space 4352K,  67% used [0x0000000083e60000, 0x00000000841413a8, 0x00000000842a0000)
  to   space 4352K,   0% used [0x0000000083a20000, 0x0000000083a20000, 0x0000000083e60000)
 concurrent mark-sweep generation total 87424K, used 18631K [0x00000000964c0000, 0x000000009ba20000, 0x0000000100000000)
 Metaspace       used 27974K, capacity 28934K, committed 29256K, reserved 1075200K
  class space    used 3648K, capacity 3877K, committed 3912K, reserved 1048576K
2019-05-24T17:22:23.461+0800: 14.854: [GC (Allocation Failure) 2019-05-24T17:22:23.461+0800: 14.854: [ParNew: 37865K->2373K(39296K), 0.0044134 secs] 56496K->21472K(126720K), 0.0046069 secs] [Times: user=0.06 sys=0.00, real=0.00 secs] 
Heap after GC invocations=30 (full 1):
 par new generation   total 39296K, used 2373K [0x0000000081800000, 0x00000000842a0000, 0x00000000964c0000)
  eden space 34944K,   0% used [0x0000000081800000, 0x0000000081800000, 0x0000000083a20000)
  from space 4352K,  54% used [0x0000000083a20000, 0x0000000083c71550, 0x0000000083e60000)
  to   space 4352K,   0% used [0x0000000083e60000, 0x0000000083e60000, 0x00000000842a0000)
 concurrent mark-sweep generation total 87424K, used 19098K [0x00000000964c0000, 0x000000009ba20000, 0x0000000100000000)
 Metaspace       used 27974K, capacity 28934K, committed 29256K, reserved 1075200K
  class space    used 3648K, capacity 3877K, committed 3912K, reserved 1048576K
}
2019-05-24T17:22:23.514+0800: 14.907: Application time: 0.0488863 seconds
2019-05-24T17:22:23.515+0800: 14.908: Application time: 0.0005148 seconds
2019-05-24T17:22:23.855+0800: 15.248: Application time: 0.3391652 seconds
2019-05-24T17:22:23.858+0800: 15.251: Application time: 0.0020975 seconds
{Heap before GC invocations=30 (full 1):
 par new generation   total 39296K, used 37317K [0x0000000081800000, 0x00000000842a0000, 0x00000000964c0000)
  eden space 34944K, 100% used [0x0000000081800000, 0x0000000083a20000, 0x0000000083a20000)
  from space 4352K,  54% used [0x0000000083a20000, 0x0000000083c71550, 0x0000000083e60000)
  to   space 4352K,   0% used [0x0000000083e60000, 0x0000000083e60000, 0x00000000842a0000)
 concurrent mark-sweep generation total 87424K, used 19098K [0x00000000964c0000, 0x000000009ba20000, 0x0000000100000000)
 Metaspace       used 28443K, capacity 29426K, committed 29640K, reserved 1075200K
  class space    used 3717K, capacity 3949K, committed 4040K, reserved 1048576K
2019-05-24T17:22:23.858+0800: 15.251: [GC (Allocation Failure) 2019-05-24T17:22:23.858+0800: 15.251: [ParNew: 37317K->3559K(39296K), 0.0038707 secs] 56416K->22658K(126720K), 0.0040732 secs] [Times: user=0.00 sys=0.00, real=0.00 secs] 
Heap after GC invocations=31 (full 1):
 par new generation   total 39296K, used 3559K [0x0000000081800000, 0x00000000842a0000, 0x00000000964c0000)
  eden space 34944K,   0% used [0x0000000081800000, 0x0000000081800000, 0x0000000083a20000)
  from space 4352K,  81% used [0x0000000083e60000, 0x00000000841d9e90, 0x00000000842a0000)
  to   space 4352K,   0% used [0x0000000083a20000, 0x0000000083a20000, 0x0000000083e60000)
 concurrent mark-sweep generation total 87424K, used 19098K [0x00000000964c0000, 0x000000009ba20000, 0x0000000100000000)
 Metaspace       used 28443K, capacity 29426K, committed 29640K, reserved 1075200K
  class space    used 3717K, capacity 3949K, committed 4040K, reserved 1048576K
}
2019-05-24T17:22:24.142+0800: 15.534: Application time: 0.2791326 seconds
2019-05-24T17:22:24.304+0800: 15.697: Application time: 0.1616361 seconds
{Heap before GC invocations=31 (full 1):
 par new generation   total 39296K, used 38503K [0x0000000081800000, 0x00000000842a0000, 0x00000000964c0000)
  eden space 34944K, 100% used [0x0000000081800000, 0x0000000083a20000, 0x0000000083a20000)
  from space 4352K,  81% used [0x0000000083e60000, 0x00000000841d9e90, 0x00000000842a0000)
  to   space 4352K,   0% used [0x0000000083a20000, 0x0000000083a20000, 0x0000000083e60000)
 concurrent mark-sweep generation total 87424K, used 19098K [0x00000000964c0000, 0x000000009ba20000, 0x0000000100000000)
 Metaspace       used 28772K, capacity 29794K, committed 29896K, reserved 1075200K
  class space    used 3771K, capacity 4013K, committed 4040K, reserved 1048576K
2019-05-24T17:22:24.304+0800: 15.697: [GC (Allocation Failure) 2019-05-24T17:22:24.304+0800: 15.697: [ParNew: 38503K->2975K(39296K), 0.0046865 secs] 57602K->22479K(126720K), 0.0049271 secs] [Times: user=0.08 sys=0.00, real=0.01 secs] 
Heap after GC invocations=32 (full 1):
 par new generation   total 39296K, used 2975K [0x0000000081800000, 0x00000000842a0000, 0x00000000964c0000)
  eden space 34944K,   0% used [0x0000000081800000, 0x0000000081800000, 0x0000000083a20000)
  from space 4352K,  68% used [0x0000000083a20000, 0x0000000083d07d88, 0x0000000083e60000)
  to   space 4352K,   0% used [0x0000000083e60000, 0x0000000083e60000, 0x00000000842a0000)
 concurrent mark-sweep generation total 87424K, used 19503K [0x00000000964c0000, 0x000000009ba20000, 0x0000000100000000)
 Metaspace       used 28772K, capacity 29794K, committed 29896K, reserved 1075200K
  class space    used 3771K, capacity 4013K, committed 4040K, reserved 1048576K
}
2019-05-24T17:22:24.490+0800: 15.883: Application time: 0.1809157 seconds
2019-05-24T17:22:24.734+0800: 16.127: Application time: 0.2433456 seconds
{Heap before GC invocations=32 (full 1):
 par new generation   total 39296K, used 37919K [0x0000000081800000, 0x00000000842a0000, 0x00000000964c0000)
  eden space 34944K, 100% used [0x0000000081800000, 0x0000000083a20000, 0x0000000083a20000)
  from space 4352K,  68% used [0x0000000083a20000, 0x0000000083d07d88, 0x0000000083e60000)
  to   space 4352K,   0% used [0x0000000083e60000, 0x0000000083e60000, 0x00000000842a0000)
 concurrent mark-sweep generation total 87424K, used 19503K [0x00000000964c0000, 0x000000009ba20000, 0x0000000100000000)
 Metaspace       used 29050K, capacity 30216K, committed 30536K, reserved 1075200K
  class space    used 3819K, capacity 4068K, committed 4168K, reserved 1048576K
2019-05-24T17:22:24.734+0800: 16.127: [GC (Allocation Failure) 2019-05-24T17:22:24.734+0800: 16.127: [ParNew: 37919K->2722K(39296K), 0.0036870 secs] 57423K->22226K(126720K), 0.0038821 secs] [Times: user=0.00 sys=0.00, real=0.00 secs] 
Heap after GC invocations=33 (full 1):
 par new generation   total 39296K, used 2722K [0x0000000081800000, 0x00000000842a0000, 0x00000000964c0000)
  eden space 34944K,   0% used [0x0000000081800000, 0x0000000081800000, 0x0000000083a20000)
  from space 4352K,  62% used [0x0000000083e60000, 0x0000000084108958, 0x00000000842a0000)
  to   space 4352K,   0% used [0x0000000083a20000, 0x0000000083a20000, 0x0000000083e60000)
 concurrent mark-sweep generation total 87424K, used 19503K [0x00000000964c0000, 0x000000009ba20000, 0x0000000100000000)
 Metaspace       used 29050K, capacity 30216K, committed 30536K, reserved 1075200K
  class space    used 3819K, capacity 4068K, committed 4168K, reserved 1048576K
}
2019-05-24T17:22:24.738+0800: 16.131: Application time: 0.0001428 seconds
2019-05-24T17:22:25.707+0800: 17.100: Application time: 0.9683209 seconds
{Heap before GC invocations=33 (full 1):
 par new generation   total 39296K, used 37666K [0x0000000081800000, 0x00000000842a0000, 0x00000000964c0000)
  eden space 34944K, 100% used [0x0000000081800000, 0x0000000083a20000, 0x0000000083a20000)
  from space 4352K,  62% used [0x0000000083e60000, 0x0000000084108958, 0x00000000842a0000)
  to   space 4352K,   0% used [0x0000000083a20000, 0x0000000083a20000, 0x0000000083e60000)
 concurrent mark-sweep generation total 87424K, used 19503K [0x00000000964c0000, 0x000000009ba20000, 0x0000000100000000)
 Metaspace       used 30318K, capacity 31524K, committed 31688K, reserved 1077248K
  class space    used 3987K, capacity 4264K, committed 4296K, reserved 1048576K
2019-05-24T17:22:25.708+0800: 17.101: [GC (Allocation Failure) 2019-05-24T17:22:25.708+0800: 17.101: [ParNew: 37666K->4167K(39296K), 0.0052463 secs] 57170K->23671K(126720K), 0.0054636 secs] [Times: user=0.00 sys=0.00, real=0.01 secs] 
Heap after GC invocations=34 (full 1):
 par new generation   total 39296K, used 4167K [0x0000000081800000, 0x00000000842a0000, 0x00000000964c0000)
  eden space 34944K,   0% used [0x0000000081800000, 0x0000000081800000, 0x0000000083a20000)
  from space 4352K,  95% used [0x0000000083a20000, 0x0000000083e31e00, 0x0000000083e60000)
  to   space 4352K,   0% used [0x0000000083e60000, 0x0000000083e60000, 0x00000000842a0000)
 concurrent mark-sweep generation total 87424K, used 19503K [0x00000000964c0000, 0x000000009ba20000, 0x0000000100000000)
 Metaspace       used 30318K, capacity 31524K, committed 31688K, reserved 1077248K
  class space    used 3987K, capacity 4264K, committed 4296K, reserved 1048576K
}
2019-05-24T17:22:26.297+0800: 17.690: Application time: 0.5835814 seconds
{Heap before GC invocations=34 (full 1):
 par new generation   total 39296K, used 39111K [0x0000000081800000, 0x00000000842a0000, 0x00000000964c0000)
  eden space 34944K, 100% used [0x0000000081800000, 0x0000000083a20000, 0x0000000083a20000)
  from space 4352K,  95% used [0x0000000083a20000, 0x0000000083e31e00, 0x0000000083e60000)
  to   space 4352K,   0% used [0x0000000083e60000, 0x0000000083e60000, 0x00000000842a0000)
 concurrent mark-sweep generation total 87424K, used 19503K [0x00000000964c0000, 0x000000009ba20000, 0x0000000100000000)
 Metaspace       used 31078K, capacity 32260K, committed 32584K, reserved 1077248K
  class space    used 4060K, capacity 4336K, committed 4424K, reserved 1048576K
2019-05-24T17:22:26.297+0800: 17.690: [GC (Allocation Failure) 2019-05-24T17:22:26.297+0800: 17.690: [ParNew: 39111K->2857K(39296K), 0.0071936 secs] 58615K->23605K(126720K), 0.0073882 secs] [Times: user=0.00 sys=0.00, real=0.01 secs] 
Heap after GC invocations=35 (full 1):
 par new generation   total 39296K, used 2857K [0x0000000081800000, 0x00000000842a0000, 0x00000000964c0000)
  eden space 34944K,   0% used [0x0000000081800000, 0x0000000081800000, 0x0000000083a20000)
  from space 4352K,  65% used [0x0000000083e60000, 0x000000008412a690, 0x00000000842a0000)
  to   space 4352K,   0% used [0x0000000083a20000, 0x0000000083a20000, 0x0000000083e60000)
 concurrent mark-sweep generation total 87424K, used 20747K [0x00000000964c0000, 0x000000009ba20000, 0x0000000100000000)
 Metaspace       used 31078K, capacity 32260K, committed 32584K, reserved 1077248K
  class space    used 4060K, capacity 4336K, committed 4424K, reserved 1048576K
}
2019-05-24T17:22:26.524+0800: 17.917: Application time: 0.2192634 seconds
{Heap before GC invocations=35 (full 1):
 par new generation   total 39296K, used 37801K [0x0000000081800000, 0x00000000842a0000, 0x00000000964c0000)
  eden space 34944K, 100% used [0x0000000081800000, 0x0000000083a20000, 0x0000000083a20000)
  from space 4352K,  65% used [0x0000000083e60000, 0x000000008412a690, 0x00000000842a0000)
  to   space 4352K,   0% used [0x0000000083a20000, 0x0000000083a20000, 0x0000000083e60000)
 concurrent mark-sweep generation total 87424K, used 20747K [0x00000000964c0000, 0x000000009ba20000, 0x0000000100000000)
 Metaspace       used 31207K, capacity 32420K, committed 32584K, reserved 1077248K
  class space    used 4074K, capacity 4340K, committed 4424K, reserved 1048576K
2019-05-24T17:22:26.524+0800: 17.917: [GC (Allocation Failure) 2019-05-24T17:22:26.524+0800: 17.917: [ParNew: 37801K->3540K(39296K), 0.0038337 secs] 58549K->24288K(126720K), 0.0040101 secs] [Times: user=0.06 sys=0.00, real=0.00 secs] 
Heap after GC invocations=36 (full 1):
 par new generation   total 39296K, used 3540K [0x0000000081800000, 0x00000000842a0000, 0x00000000964c0000)
  eden space 34944K,   0% used [0x0000000081800000, 0x0000000081800000, 0x0000000083a20000)
  from space 4352K,  81% used [0x0000000083a20000, 0x0000000083d95278, 0x0000000083e60000)
  to   space 4352K,   0% used [0x0000000083e60000, 0x0000000083e60000, 0x00000000842a0000)
 concurrent mark-sweep generation total 87424K, used 20747K [0x00000000964c0000, 0x000000009ba20000, 0x0000000100000000)
 Metaspace       used 31207K, capacity 32420K, committed 32584K, reserved 1077248K
  class space    used 4074K, capacity 4340K, committed 4424K, reserved 1048576K
}
2019-05-24T17:22:26.661+0800: 18.054: Application time: 0.1321181 seconds
2019-05-24T17:22:26.661+0800: 18.054: Application time: 0.0000489 seconds
2019-05-24T17:22:26.661+0800: 18.054: Application time: 0.0000415 seconds
2019-05-24T17:22:26.661+0800: 18.054: Application time: 0.0000370 seconds
2019-05-24T17:22:26.661+0800: 18.054: Application time: 0.0000353 seconds
2019-05-24T17:22:26.661+0800: 18.054: Application time: 0.0000324 seconds
2019-05-24T17:22:26.661+0800: 18.054: Application time: 0.0000341 seconds
2019-05-24T17:22:26.661+0800: 18.054: Application time: 0.0000330 seconds
2019-05-24T17:22:26.661+0800: 18.054: Application time: 0.0000330 seconds
2019-05-24T17:22:26.661+0800: 18.054: Application time: 0.0000353 seconds
2019-05-24T17:22:26.661+0800: 18.054: Application time: 0.0000336 seconds
2019-05-24T17:22:26.892+0800: 18.285: Application time: 0.2305188 seconds
{Heap before GC invocations=36 (full 1):
 par new generation   total 39296K, used 38484K [0x0000000081800000, 0x00000000842a0000, 0x00000000964c0000)
  eden space 34944K, 100% used [0x0000000081800000, 0x0000000083a20000, 0x0000000083a20000)
  from space 4352K,  81% used [0x0000000083a20000, 0x0000000083d95278, 0x0000000083e60000)
  to   space 4352K,   0% used [0x0000000083e60000, 0x0000000083e60000, 0x00000000842a0000)
 concurrent mark-sweep generation total 87424K, used 20747K [0x00000000964c0000, 0x000000009ba20000, 0x0000000100000000)
 Metaspace       used 31578K, capacity 32894K, committed 33224K, reserved 1077248K
  class space    used 4136K, capacity 4427K, committed 4552K, reserved 1048576K
2019-05-24T17:22:26.892+0800: 18.285: [GC (Allocation Failure) 2019-05-24T17:22:26.892+0800: 18.285: [ParNew: 38484K->3457K(39296K), 0.0049846 secs] 59232K->24359K(126720K), 0.0052241 secs] [Times: user=0.00 sys=0.00, real=0.01 secs] 
Heap after GC invocations=37 (full 1):
 par new generation   total 39296K, used 3457K [0x0000000081800000, 0x00000000842a0000, 0x00000000964c0000)
  eden space 34944K,   0% used [0x0000000081800000, 0x0000000081800000, 0x0000000083a20000)
  from space 4352K,  79% used [0x0000000083e60000, 0x00000000841c06d0, 0x00000000842a0000)
  to   space 4352K,   0% used [0x0000000083a20000, 0x0000000083a20000, 0x0000000083e60000)
 concurrent mark-sweep generation total 87424K, used 20901K [0x00000000964c0000, 0x000000009ba20000, 0x0000000100000000)
 Metaspace       used 31578K, capacity 32894K, committed 33224K, reserved 1077248K
  class space    used 4136K, capacity 4427K, committed 4552K, reserved 1048576K
}
2019-05-24T17:22:27.040+0800: 18.433: Application time: 0.1426875 seconds
{Heap before GC invocations=37 (full 1):
 par new generation   total 39296K, used 38401K [0x0000000081800000, 0x00000000842a0000, 0x00000000964c0000)
  eden space 34944K, 100% used [0x0000000081800000, 0x0000000083a20000, 0x0000000083a20000)
  from space 4352K,  79% used [0x0000000083e60000, 0x00000000841c06d0, 0x00000000842a0000)
  to   space 4352K,   0% used [0x0000000083a20000, 0x0000000083a20000, 0x0000000083e60000)
 concurrent mark-sweep generation total 87424K, used 20901K [0x00000000964c0000, 0x000000009ba20000, 0x0000000100000000)
 Metaspace       used 31646K, capacity 32894K, committed 33224K, reserved 1077248K
  class space    used 4145K, capacity 4427K, committed 4552K, reserved 1048576K
2019-05-24T17:22:27.041+0800: 18.434: [GC (Allocation Failure) 2019-05-24T17:22:27.041+0800: 18.434: [ParNew: 38401K->2290K(39296K), 0.0053407 secs] 59303K->23957K(126720K), 0.0055495 secs] [Times: user=0.06 sys=0.00, real=0.01 secs] 
Heap after GC invocations=38 (full 1):
 par new generation   total 39296K, used 2290K [0x0000000081800000, 0x00000000842a0000, 0x00000000964c0000)
  eden space 34944K,   0% used [0x0000000081800000, 0x0000000081800000, 0x0000000083a20000)
  from space 4352K,  52% used [0x0000000083a20000, 0x0000000083c5ca50, 0x0000000083e60000)
  to   space 4352K,   0% used [0x0000000083e60000, 0x0000000083e60000, 0x00000000842a0000)
 concurrent mark-sweep generation total 87424K, used 21666K [0x00000000964c0000, 0x000000009ba20000, 0x0000000100000000)
 Metaspace       used 31646K, capacity 32894K, committed 33224K, reserved 1077248K
  class space    used 4145K, capacity 4427K, committed 4552K, reserved 1048576K
}
2019-05-24T17:22:27.540+0800: 18.933: Application time: 0.4940025 seconds
{Heap before GC invocations=38 (full 1):
 par new generation   total 39296K, used 37234K [0x0000000081800000, 0x00000000842a0000, 0x00000000964c0000)
  eden space 34944K, 100% used [0x0000000081800000, 0x0000000083a20000, 0x0000000083a20000)
  from space 4352K,  52% used [0x0000000083a20000, 0x0000000083c5ca50, 0x0000000083e60000)
  to   space 4352K,   0% used [0x0000000083e60000, 0x0000000083e60000, 0x00000000842a0000)
 concurrent mark-sweep generation total 87424K, used 21666K [0x00000000964c0000, 0x000000009ba20000, 0x0000000100000000)
 Metaspace       used 32860K, capacity 34182K, committed 34376K, reserved 1079296K
  class space    used 4281K, capacity 4567K, committed 4680K, reserved 1048576K
2019-05-24T17:22:27.541+0800: 18.934: [GC (Allocation Failure) 2019-05-24T17:22:27.541+0800: 18.934: [ParNew: 37234K->3422K(39296K), 0.0052918 secs] 58901K->25089K(126720K), 0.0055131 secs] [Times: user=0.06 sys=0.00, real=0.01 secs] 
Heap after GC invocations=39 (full 1):
 par new generation   total 39296K, used 3422K [0x0000000081800000, 0x00000000842a0000, 0x00000000964c0000)
  eden space 34944K,   0% used [0x0000000081800000, 0x0000000081800000, 0x0000000083a20000)
  from space 4352K,  78% used [0x0000000083e60000, 0x00000000841b7bb0, 0x00000000842a0000)
  to   space 4352K,   0% used [0x0000000083a20000, 0x0000000083a20000, 0x0000000083e60000)
 concurrent mark-sweep generation total 87424K, used 21666K [0x00000000964c0000, 0x000000009ba20000, 0x0000000100000000)
 Metaspace       used 32860K, capacity 34182K, committed 34376K, reserved 1079296K
  class space    used 4281K, capacity 4567K, committed 4680K, reserved 1048576K
}
2019-05-24T17:22:27.602+0800: 18.995: Application time: 0.0554985 seconds
2019-05-24T17:22:27.608+0800: 19.001: Application time: 0.0059893 seconds
2019-05-24T17:22:27.616+0800: 19.008: Application time: 0.0063772 seconds
2019-05-24T17:22:28.278+0800: 19.671: Application time: 0.6614151 seconds
2019-05-24T17:22:28.287+0800: 19.680: Application time: 0.0078706 seconds
{Heap before GC invocations=39 (full 1):
 par new generation   total 39296K, used 38366K [0x0000000081800000, 0x00000000842a0000, 0x00000000964c0000)
  eden space 34944K, 100% used [0x0000000081800000, 0x0000000083a20000, 0x0000000083a20000)
  from space 4352K,  78% used [0x0000000083e60000, 0x00000000841b7bb0, 0x00000000842a0000)
  to   space 4352K,   0% used [0x0000000083a20000, 0x0000000083a20000, 0x0000000083e60000)
 concurrent mark-sweep generation total 87424K, used 21666K [0x00000000964c0000, 0x000000009ba20000, 0x0000000100000000)
 Metaspace       used 33772K, capacity 35060K, committed 35144K, reserved 1079296K
  class space    used 4400K, capacity 4666K, committed 4680K, reserved 1048576K
2019-05-24T17:22:28.287+0800: 19.680: [GC (Allocation Failure) 2019-05-24T17:22:28.287+0800: 19.680: [ParNew: 38366K->2725K(39296K), 0.0060325 secs] 60033K->25556K(126720K), 0.0062253 secs] [Times: user=0.01 sys=0.00, real=0.01 secs] 
Heap after GC invocations=40 (full 1):
 par new generation   total 39296K, used 2725K [0x0000000081800000, 0x00000000842a0000, 0x00000000964c0000)
  eden space 34944K,   0% used [0x0000000081800000, 0x0000000081800000, 0x0000000083a20000)
  from space 4352K,  62% used [0x0000000083a20000, 0x0000000083cc96f0, 0x0000000083e60000)
  to   space 4352K,   0% used [0x0000000083e60000, 0x0000000083e60000, 0x00000000842a0000)
 concurrent mark-sweep generation total 87424K, used 22830K [0x00000000964c0000, 0x000000009ba20000, 0x0000000100000000)
 Metaspace       used 33772K, capacity 35060K, committed 35144K, reserved 1079296K
  class space    used 4400K, capacity 4666K, committed 4680K, reserved 1048576K
}
2019-05-24T17:22:28.919+0800: 20.312: Application time: 0.6255102 seconds
{Heap before GC invocations=40 (full 1):
 par new generation   total 39296K, used 37669K [0x0000000081800000, 0x00000000842a0000, 0x00000000964c0000)
  eden space 34944K, 100% used [0x0000000081800000, 0x0000000083a20000, 0x0000000083a20000)
  from space 4352K,  62% used [0x0000000083a20000, 0x0000000083cc96f0, 0x0000000083e60000)
  to   space 4352K,   0% used [0x0000000083e60000, 0x0000000083e60000, 0x00000000842a0000)
 concurrent mark-sweep generation total 87424K, used 22830K [0x00000000964c0000, 0x000000009ba20000, 0x0000000100000000)
 Metaspace       used 33879K, capacity 35226K, committed 35528K, reserved 1079296K
  class space    used 4415K, capacity 4699K, committed 4808K, reserved 1048576K
2019-05-24T17:22:28.920+0800: 20.313: [GC (Allocation Failure) 2019-05-24T17:22:28.920+0800: 20.313: [ParNew: 37669K->1706K(39296K), 0.0159306 secs] 60500K->24537K(126720K), 0.0162935 secs] [Times: user=0.01 sys=0.00, real=0.02 secs] 
Heap after GC invocations=41 (full 1):
 par new generation   total 39296K, used 1706K [0x0000000081800000, 0x00000000842a0000, 0x00000000964c0000)
  eden space 34944K,   0% used [0x0000000081800000, 0x0000000081800000, 0x0000000083a20000)
  from space 4352K,  39% used [0x0000000083e60000, 0x000000008400a910, 0x00000000842a0000)
  to   space 4352K,   0% used [0x0000000083a20000, 0x0000000083a20000, 0x0000000083e60000)
 concurrent mark-sweep generation total 87424K, used 22830K [0x00000000964c0000, 0x000000009ba20000, 0x0000000100000000)
 Metaspace       used 33879K, capacity 35226K, committed 35528K, reserved 1079296K
  class space    used 4415K, capacity 4699K, committed 4808K, reserved 1048576K
}
2019-05-24T17:22:29.367+0800: 20.761: Application time: 0.4313019 seconds
2019-05-24T17:22:29.368+0800: 20.761: Application time: 0.0000364 seconds
2019-05-24T17:22:29.506+0800: 20.899: Application time: 0.1379077 seconds
{Heap before GC invocations=41 (full 1):
 par new generation   total 39296K, used 36650K [0x0000000081800000, 0x00000000842a0000, 0x00000000964c0000)
  eden space 34944K, 100% used [0x0000000081800000, 0x0000000083a20000, 0x0000000083a20000)
  from space 4352K,  39% used [0x0000000083e60000, 0x000000008400a910, 0x00000000842a0000)
  to   space 4352K,   0% used [0x0000000083a20000, 0x0000000083a20000, 0x0000000083e60000)
 concurrent mark-sweep generation total 87424K, used 22830K [0x00000000964c0000, 0x000000009ba20000, 0x0000000100000000)
 Metaspace       used 34347K, capacity 35674K, committed 35784K, reserved 1081344K
  class space    used 4470K, capacity 4763K, committed 4808K, reserved 1048576K
2019-05-24T17:22:29.507+0800: 20.900: [GC (Allocation Failure) 2019-05-24T17:22:29.507+0800: 20.900: [ParNew: 36650K->2417K(39296K), 0.0037109 secs] 59481K->25248K(126720K), 0.0039657 secs] [Times: user=0.01 sys=0.02, real=0.00 secs] 
Heap after GC invocations=42 (full 1):
 par new generation   total 39296K, used 2417K [0x0000000081800000, 0x00000000842a0000, 0x00000000964c0000)
  eden space 34944K,   0% used [0x0000000081800000, 0x0000000081800000, 0x0000000083a20000)
  from space 4352K,  55% used [0x0000000083a20000, 0x0000000083c7c6d0, 0x0000000083e60000)
  to   space 4352K,   0% used [0x0000000083e60000, 0x0000000083e60000, 0x00000000842a0000)
 concurrent mark-sweep generation total 87424K, used 22830K [0x00000000964c0000, 0x000000009ba20000, 0x0000000100000000)
 Metaspace       used 34347K, capacity 35674K, committed 35784K, reserved 1081344K
  class space    used 4470K, capacity 4763K, committed 4808K, reserved 1048576K
}
2019-05-24T17:22:30.008+0800: 21.401: Application time: 0.4965773 seconds
{Heap before GC invocations=42 (full 1):
 par new generation   total 39296K, used 37361K [0x0000000081800000, 0x00000000842a0000, 0x00000000964c0000)
  eden space 34944K, 100% used [0x0000000081800000, 0x0000000083a20000, 0x0000000083a20000)
  from space 4352K,  55% used [0x0000000083a20000, 0x0000000083c7c6d0, 0x0000000083e60000)
  to   space 4352K,   0% used [0x0000000083e60000, 0x0000000083e60000, 0x00000000842a0000)
 concurrent mark-sweep generation total 87424K, used 22830K [0x00000000964c0000, 0x000000009ba20000, 0x0000000100000000)
 Metaspace       used 34568K, capacity 35952K, committed 36040K, reserved 1081344K
  class space    used 4497K, capacity 4782K, committed 4808K, reserved 1048576K
2019-05-24T17:22:30.008+0800: 21.401: [GC (Allocation Failure) 2019-05-24T17:22:30.008+0800: 21.401: [ParNew: 37361K->2836K(39296K), 0.0042524 secs] 60192K->25667K(126720K), 0.0044464 secs] [Times: user=0.06 sys=0.00, real=0.01 secs] 
Heap after GC invocations=43 (full 1):
 par new generation   total 39296K, used 2836K [0x0000000081800000, 0x00000000842a0000, 0x00000000964c0000)
  eden space 34944K,   0% used [0x0000000081800000, 0x0000000081800000, 0x0000000083a20000)
  from space 4352K,  65% used [0x0000000083e60000, 0x0000000084125348, 0x00000000842a0000)
  to   space 4352K,   0% used [0x0000000083a20000, 0x0000000083a20000, 0x0000000083e60000)
 concurrent mark-sweep generation total 87424K, used 22830K [0x00000000964c0000, 0x000000009ba20000, 0x0000000100000000)
 Metaspace       used 34568K, capacity 35952K, committed 36040K, reserved 1081344K
  class space    used 4497K, capacity 4782K, committed 4808K, reserved 1048576K
}
2019-05-24T17:22:30.429+0800: 21.822: Application time: 0.4165750 seconds
{Heap before GC invocations=43 (full 1):
 par new generation   total 39296K, used 37780K [0x0000000081800000, 0x00000000842a0000, 0x00000000964c0000)
  eden space 34944K, 100% used [0x0000000081800000, 0x0000000083a20000, 0x0000000083a20000)
  from space 4352K,  65% used [0x0000000083e60000, 0x0000000084125348, 0x00000000842a0000)
  to   space 4352K,   0% used [0x0000000083a20000, 0x0000000083a20000, 0x0000000083e60000)
 concurrent mark-sweep generation total 87424K, used 22830K [0x00000000964c0000, 0x000000009ba20000, 0x0000000100000000)
 Metaspace       used 34849K, capacity 36468K, committed 36680K, reserved 1081344K
  class space    used 4557K, capacity 4866K, committed 4936K, reserved 1048576K
2019-05-24T17:22:30.429+0800: 21.823: [GC (Allocation Failure) 2019-05-24T17:22:30.430+0800: 21.823: [ParNew: 37780K->3435K(39296K), 0.0047656 secs] 60611K->26266K(126720K), 0.0049721 secs] [Times: user=0.08 sys=0.00, real=0.01 secs] 
Heap after GC invocations=44 (full 1):
 par new generation   total 39296K, used 3435K [0x0000000081800000, 0x00000000842a0000, 0x00000000964c0000)
  eden space 34944K,   0% used [0x0000000081800000, 0x0000000081800000, 0x0000000083a20000)
  from space 4352K,  78% used [0x0000000083a20000, 0x0000000083d7aea8, 0x0000000083e60000)
  to   space 4352K,   0% used [0x0000000083e60000, 0x0000000083e60000, 0x00000000842a0000)
 concurrent mark-sweep generation total 87424K, used 22830K [0x00000000964c0000, 0x000000009ba20000, 0x0000000100000000)
 Metaspace       used 34849K, capacity 36468K, committed 36680K, reserved 1081344K
  class space    used 4557K, capacity 4866K, committed 4936K, reserved 1048576K
}
2019-05-24T17:22:30.994+0800: 22.387: Application time: 0.5590777 seconds
{Heap before GC invocations=44 (full 1):
 par new generation   total 39296K, used 38379K [0x0000000081800000, 0x00000000842a0000, 0x00000000964c0000)
  eden space 34944K, 100% used [0x0000000081800000, 0x0000000083a20000, 0x0000000083a20000)
  from space 4352K,  78% used [0x0000000083a20000, 0x0000000083d7aea8, 0x0000000083e60000)
  to   space 4352K,   0% used [0x0000000083e60000, 0x0000000083e60000, 0x00000000842a0000)
 concurrent mark-sweep generation total 87424K, used 22830K [0x00000000964c0000, 0x000000009ba20000, 0x0000000100000000)
 Metaspace       used 35027K, capacity 36708K, committed 36936K, reserved 1081344K
  class space    used 4586K, capacity 4900K, committed 4936K, reserved 1048576K
2019-05-24T17:22:30.994+0800: 22.387: [GC (Allocation Failure) 2019-05-24T17:22:30.994+0800: 22.387: [ParNew: 38379K->4352K(39296K), 0.0060092 secs] 61210K->27515K(126720K), 0.0062271 secs] [Times: user=0.08 sys=0.00, real=0.01 secs] 
Heap after GC invocations=45 (full 1):
 par new generation   total 39296K, used 4352K [0x0000000081800000, 0x00000000842a0000, 0x00000000964c0000)
  eden space 34944K,   0% used [0x0000000081800000, 0x0000000081800000, 0x0000000083a20000)
  from space 4352K, 100% used [0x0000000083e60000, 0x00000000842a0000, 0x00000000842a0000)
  to   space 4352K,   0% used [0x0000000083a20000, 0x0000000083a20000, 0x0000000083e60000)
 concurrent mark-sweep generation total 87424K, used 23163K [0x00000000964c0000, 0x000000009ba20000, 0x0000000100000000)
 Metaspace       used 35027K, capacity 36708K, committed 36936K, reserved 1081344K
  class space    used 4586K, capacity 4900K, committed 4936K, reserved 1048576K
}
2019-05-24T17:22:31.311+0800: 22.704: Application time: 0.3108636 seconds
{Heap before GC invocations=45 (full 1):
 par new generation   total 39296K, used 39296K [0x0000000081800000, 0x00000000842a0000, 0x00000000964c0000)
  eden space 34944K, 100% used [0x0000000081800000, 0x0000000083a20000, 0x0000000083a20000)
  from space 4352K, 100% used [0x0000000083e60000, 0x00000000842a0000, 0x00000000842a0000)
  to   space 4352K,   0% used [0x0000000083a20000, 0x0000000083a20000, 0x0000000083e60000)
 concurrent mark-sweep generation total 87424K, used 23163K [0x00000000964c0000, 0x000000009ba20000, 0x0000000100000000)
 Metaspace       used 35134K, capacity 36820K, committed 36936K, reserved 1081344K
  class space    used 4598K, capacity 4934K, committed 4936K, reserved 1048576K
2019-05-24T17:22:31.312+0800: 22.705: [GC (Allocation Failure) 2019-05-24T17:22:31.312+0800: 22.705: [ParNew: 39296K->3001K(39296K), 0.0057697 secs] 62459K->26805K(126720K), 0.0059608 secs] [Times: user=0.00 sys=0.00, real=0.01 secs] 
Heap after GC invocations=46 (full 1):
 par new generation   total 39296K, used 3001K [0x0000000081800000, 0x00000000842a0000, 0x00000000964c0000)
  eden space 34944K,   0% used [0x0000000081800000, 0x0000000081800000, 0x0000000083a20000)
  from space 4352K,  68% used [0x0000000083a20000, 0x0000000083d0e4a0, 0x0000000083e60000)
  to   space 4352K,   0% used [0x0000000083e60000, 0x0000000083e60000, 0x00000000842a0000)
 concurrent mark-sweep generation total 87424K, used 23804K [0x00000000964c0000, 0x000000009ba20000, 0x0000000100000000)
 Metaspace       used 35134K, capacity 36820K, committed 36936K, reserved 1081344K
  class space    used 4598K, capacity 4934K, committed 4936K, reserved 1048576K
}
2019-05-24T17:22:31.347+0800: 22.740: Application time: 0.0297432 seconds
2019-05-24T17:22:31.349+0800: 22.742: Application time: 0.0013471 seconds
2019-05-24T17:22:31.529+0800: 22.922: Application time: 0.1787943 seconds
2019-05-24T17:22:32.290+0800: 23.683: Application time: 0.7613404 seconds
2019-05-24T17:22:32.637+0800: 24.030: Application time: 0.3463030 seconds
2019-05-24T17:22:32.882+0800: 24.275: Application time: 0.0817743 seconds
2019-05-24T17:22:32.956+0800: 24.349: Application time: 0.0745745 seconds
2019-05-24T17:22:33.326+0800: 24.719: Application time: 0.3692179 seconds
2019-05-24T17:22:33.356+0800: 24.749: Application time: 0.0303309 seconds
2019-05-24T17:22:33.595+0800: 24.988: Application time: 0.2198351 seconds
2019-05-24T17:22:33.711+0800: 25.104: Application time: 0.1162746 seconds
2019-05-24T17:22:33.993+0800: 25.386: Application time: 0.2804900 seconds
2019-05-24T17:22:34.382+0800: 25.775: Application time: 0.3898993 seconds
2019-05-24T17:22:34.858+0800: 26.251: Application time: 0.4662788 seconds
2019-05-24T17:22:34.910+0800: 26.303: Application time: 0.0517370 seconds
2019-05-24T17:22:35.066+0800: 26.460: Application time: 0.1565269 seconds
2019-05-24T17:22:35.350+0800: 26.743: Application time: 0.2831547 seconds
2019-05-24T17:22:36.244+0800: 27.637: Application time: 0.8935256 seconds
2019-05-24T17:22:36.785+0800: 28.177: Application time: 0.3522479 seconds
2019-05-24T17:22:38.021+0800: 29.414: Application time: 1.0061366 seconds
2019-05-24T17:22:38.474+0800: 29.867: Application time: 0.2537830 seconds
2019-05-24T17:22:38.544+0800: 29.937: Application time: 0.0644426 seconds
2019-05-24T17:22:38.853+0800: 30.246: Application time: 0.3093492 seconds
2019-05-24T17:22:38.908+0800: 30.301: Application time: 0.0510265 seconds
2019-05-24T17:22:38.936+0800: 30.329: Application time: 0.0038935 seconds
2019-05-24T17:22:39.217+0800: 30.610: Application time: 0.2804650 seconds
2019-05-24T17:22:39.406+0800: 30.799: Application time: 0.1890156 seconds
2019-05-24T17:22:39.622+0800: 31.015: Application time: 0.2135620 seconds
2019-05-24T17:22:39.934+0800: 31.327: Application time: 0.3118119 seconds
{Heap before GC invocations=46 (full 1):
 par new generation   total 39296K, used 37945K [0x0000000081800000, 0x00000000842a0000, 0x00000000964c0000)
  eden space 34944K, 100% used [0x0000000081800000, 0x0000000083a20000, 0x0000000083a20000)
  from space 4352K,  68% used [0x0000000083a20000, 0x0000000083d0e4a0, 0x0000000083e60000)
  to   space 4352K,   0% used [0x0000000083e60000, 0x0000000083e60000, 0x00000000842a0000)
 concurrent mark-sweep generation total 87424K, used 23804K [0x00000000964c0000, 0x000000009ba20000, 0x0000000100000000)
 Metaspace       used 36498K, capacity 38202K, committed 38472K, reserved 1083392K
  class space    used 4775K, capacity 5095K, committed 5192K, reserved 1048576K
2019-05-24T17:22:39.956+0800: 31.349: [GC (Allocation Failure) 2019-05-24T17:22:39.956+0800: 31.349: [ParNew: 37945K->4352K(39296K), 0.0051354 secs] 61749K->28536K(126720K), 0.0053476 secs] [Times: user=0.00 sys=0.00, real=0.01 secs] 
Heap after GC invocations=47 (full 1):
 par new generation   total 39296K, used 4352K [0x0000000081800000, 0x00000000842a0000, 0x00000000964c0000)
  eden space 34944K,   0% used [0x0000000081800000, 0x0000000081800000, 0x0000000083a20000)
  from space 4352K, 100% used [0x0000000083e60000, 0x00000000842a0000, 0x00000000842a0000)
  to   space 4352K,   0% used [0x0000000083a20000, 0x0000000083a20000, 0x0000000083e60000)
 concurrent mark-sweep generation total 87424K, used 24184K [0x00000000964c0000, 0x000000009ba20000, 0x0000000100000000)
 Metaspace       used 36498K, capacity 38202K, committed 38472K, reserved 1083392K
  class space    used 4775K, capacity 5095K, committed 5192K, reserved 1048576K
}
2019-05-24T17:22:39.962+0800: 31.355: Application time: 0.0002970 seconds
2019-05-24T17:22:39.963+0800: 31.356: Application time: 0.0005535 seconds
2019-05-24T17:22:40.003+0800: 31.396: Application time: 0.0401505 seconds
2019-05-24T17:22:40.035+0800: 31.428: Application time: 0.0074058 seconds
2019-05-24T17:22:40.038+0800: 31.431: Application time: 0.0021276 seconds
2019-05-24T17:22:40.312+0800: 31.705: Application time: 0.2726394 seconds
2019-05-24T17:22:40.460+0800: 31.853: Application time: 0.1478229 seconds
2019-05-24T17:22:40.566+0800: 31.959: Application time: 0.1058076 seconds
2019-05-24T17:22:40.818+0800: 32.210: Application time: 0.2514329 seconds
2019-05-24T17:22:41.082+0800: 32.475: Application time: 0.2648365 seconds
2019-05-24T17:22:41.094+0800: 32.487: Application time: 0.0113618 seconds
2019-05-24T17:22:41.282+0800: 32.675: Application time: 0.1877054 seconds
2019-05-24T17:22:41.282+0800: 32.675: Application time: 0.0000489 seconds
2019-05-24T17:22:41.285+0800: 32.678: Application time: 0.0022608 seconds
2019-05-24T17:22:41.329+0800: 32.722: Application time: 0.0438750 seconds
2019-05-24T17:22:41.343+0800: 32.736: Application time: 0.0137461 seconds
2019-05-24T17:22:41.380+0800: 32.773: Application time: 0.0368407 seconds
2019-05-24T17:22:41.380+0800: 32.773: Application time: 0.0001172 seconds
2019-05-24T17:22:41.380+0800: 32.773: Application time: 0.0000870 seconds
2019-05-24T17:22:41.487+0800: 32.880: Application time: 0.1071894 seconds
{Heap before GC invocations=47 (full 1):
 par new generation   total 39296K, used 39296K [0x0000000081800000, 0x00000000842a0000, 0x00000000964c0000)
  eden space 34944K, 100% used [0x0000000081800000, 0x0000000083a20000, 0x0000000083a20000)
  from space 4352K, 100% used [0x0000000083e60000, 0x00000000842a0000, 0x00000000842a0000)
  to   space 4352K,   0% used [0x0000000083a20000, 0x0000000083a20000, 0x0000000083e60000)
 concurrent mark-sweep generation total 87424K, used 24184K [0x00000000964c0000, 0x000000009ba20000, 0x0000000100000000)
 Metaspace       used 37749K, capacity 39374K, committed 39572K, reserved 1083392K
  class space    used 4920K, capacity 5227K, committed 5320K, reserved 1048576K
2019-05-24T17:22:41.492+0800: 32.885: [GC (Allocation Failure) 2019-05-24T17:22:41.493+0800: 32.885: [ParNew: 39296K->4352K(39296K), 0.0085737 secs] 63480K->31543K(126720K), 0.0087785 secs] [Times: user=0.08 sys=0.00, real=0.01 secs] 
Heap after GC invocations=48 (full 1):
 par new generation   total 39296K, used 4352K [0x0000000081800000, 0x00000000842a0000, 0x00000000964c0000)
  eden space 34944K,   0% used [0x0000000081800000, 0x0000000081800000, 0x0000000083a20000)
  from space 4352K, 100% used [0x0000000083a20000, 0x0000000083e60000, 0x0000000083e60000)
  to   space 4352K,   0% used [0x0000000083e60000, 0x0000000083e60000, 0x00000000842a0000)
 concurrent mark-sweep generation total 87424K, used 27191K [0x00000000964c0000, 0x000000009ba20000, 0x0000000100000000)
 Metaspace       used 37749K, capacity 39374K, committed 39572K, reserved 1083392K
  class space    used 4920K, capacity 5227K, committed 5320K, reserved 1048576K
}
2019-05-24T17:22:41.502+0800: 32.894: Application time: 0.0000694 seconds
2019-05-24T17:22:41.502+0800: 32.895: [GC (CMS Initial Mark) [1 CMS-initial-mark: 27191K(87424K)] 32239K(126720K), 0.0014882 secs] [Times: user=0.00 sys=0.00, real=0.00 secs] 
2019-05-24T17:22:41.503+0800: 32.896: [CMS-concurrent-mark-start]
2019-05-24T17:22:41.565+0800: 32.958: [CMS-concurrent-mark: 0.062/0.062 secs] [Times: user=0.13 sys=0.00, real=0.06 secs] 
2019-05-24T17:22:41.565+0800: 32.958: [CMS-concurrent-preclean-start]
2019-05-24T17:22:41.566+0800: 32.959: [CMS-concurrent-preclean: 0.001/0.001 secs] [Times: user=0.00 sys=0.00, real=0.00 secs] 
2019-05-24T17:22:41.572+0800: 32.965: Application time: 0.0687673 seconds
2019-05-24T17:22:41.583+0800: 32.976: [GC (CMS Final Remark) [YG occupancy: 5161 K (39296 K)]2019-05-24T17:22:41.583+0800: 32.976: [Rescan (parallel) , 0.0015144 secs]2019-05-24T17:22:41.584+0800: 32.977: [weak refs processing, 0.0002384 secs]2019-05-24T17:22:41.585+0800: 32.978: [class unloading, 0.0151199 secs]2019-05-24T17:22:41.600+0800: 32.993: [scrub symbol table, 0.0153469 secs]2019-05-24T17:22:41.616+0800: 33.008: [scrub string table, 0.0008960 secs][1 CMS-remark: 27191K(87424K)] 32352K(126720K), 0.0382788 secs] [Times: user=0.05 sys=0.00, real=0.04 secs] 
2019-05-24T17:22:41.621+0800: 33.014: [CMS-concurrent-sweep-start]
2019-05-24T17:22:41.639+0800: 33.032: [CMS-concurrent-sweep: 0.018/0.018 secs] [Times: user=0.05 sys=0.00, real=0.02 secs] 
2019-05-24T17:22:41.639+0800: 33.032: [CMS-concurrent-reset-start]
2019-05-24T17:22:41.642+0800: 33.035: [CMS-concurrent-reset: 0.003/0.003 secs] [Times: user=0.00 sys=0.00, real=0.00 secs] 
2019-05-24T17:22:41.670+0800: 33.063: Application time: 0.0488619 seconds
2019-05-24T17:22:41.725+0800: 33.118: Application time: 0.0367781 seconds
2019-05-24T17:22:41.776+0800: 33.169: Application time: 0.0442704 seconds
2019-05-24T17:22:41.777+0800: 33.170: Application time: 0.0000808 seconds
2019-05-24T17:22:41.779+0800: 33.172: Application time: 0.0012766 seconds
2019-05-24T17:22:41.779+0800: 33.172: Application time: 0.0000768 seconds
2019-05-24T17:22:41.779+0800: 33.173: Application time: 0.0000922 seconds
2019-05-24T17:22:41.780+0800: 33.173: Application time: 0.0001126 seconds
2019-05-24T17:22:41.780+0800: 33.173: Application time: 0.0002219 seconds
2019-05-24T17:22:41.780+0800: 33.173: Application time: 0.0001365 seconds
2019-05-24T17:22:41.781+0800: 33.174: Application time: 0.0001439 seconds
2019-05-24T17:22:41.781+0800: 33.174: Application time: 0.0000808 seconds
2019-05-24T17:22:41.787+0800: 33.180: Application time: 0.0058362 seconds
2019-05-24T17:22:41.918+0800: 33.311: Application time: 0.1307067 seconds
2019-05-24T17:22:42.070+0800: 33.462: Application time: 0.1517306 seconds
2019-05-24T17:22:42.181+0800: 33.574: Application time: 0.1088278 seconds
2019-05-24T17:22:42.225+0800: 33.618: Application time: 0.0418167 seconds
2019-05-24T17:22:42.332+0800: 33.725: Application time: 0.1060653 seconds
2019-05-24T17:22:42.469+0800: 33.862: Application time: 0.0000734 seconds
2019-05-24T17:22:42.469+0800: 33.862: Application time: 0.0000375 seconds
2019-05-24T17:22:42.537+0800: 33.930: Application time: 0.0680721 seconds
2019-05-24T17:22:42.549+0800: 33.942: Application time: 0.0113163 seconds
2019-05-24T17:22:42.639+0800: 34.033: Application time: 0.0792189 seconds
{Heap before GC invocations=48 (full 2):
 par new generation   total 39296K, used 39296K [0x0000000081800000, 0x00000000842a0000, 0x00000000964c0000)
  eden space 34944K, 100% used [0x0000000081800000, 0x0000000083a20000, 0x0000000083a20000)
  from space 4352K, 100% used [0x0000000083a20000, 0x0000000083e60000, 0x0000000083e60000)
  to   space 4352K,   0% used [0x0000000083e60000, 0x0000000083e60000, 0x00000000842a0000)
 concurrent mark-sweep generation total 87424K, used 23641K [0x00000000964c0000, 0x000000009ba20000, 0x0000000100000000)
 Metaspace       used 38193K, capacity 39816K, committed 40468K, reserved 1085440K
  class space    used 4960K, capacity 5272K, committed 5448K, reserved 1048576K
2019-05-24T17:22:42.647+0800: 34.040: [GC (Allocation Failure) 2019-05-24T17:22:42.647+0800: 34.040: [ParNew: 39296K->3980K(39296K), 0.0086005 secs] 62937K->31434K(126720K), 0.0088081 secs] [Times: user=0.08 sys=0.00, real=0.01 secs] 
Heap after GC invocations=49 (full 2):
 par new generation   total 39296K, used 3980K [0x0000000081800000, 0x00000000842a0000, 0x00000000964c0000)
  eden space 34944K,   0% used [0x0000000081800000, 0x0000000081800000, 0x0000000083a20000)
  from space 4352K,  91% used [0x0000000083e60000, 0x00000000842433b0, 0x00000000842a0000)
  to   space 4352K,   0% used [0x0000000083a20000, 0x0000000083a20000, 0x0000000083e60000)
 concurrent mark-sweep generation total 87424K, used 27453K [0x00000000964c0000, 0x000000009ba20000, 0x0000000100000000)
 Metaspace       used 38193K, capacity 39816K, committed 40468K, reserved 1085440K
  class space    used 4960K, capacity 5272K, committed 5448K, reserved 1048576K
}
2019-05-24T17:22:42.658+0800: 34.051: Application time: 0.0021834 seconds
2019-05-24T17:22:42.729+0800: 34.122: Application time: 0.0707237 seconds
2019-05-24T17:22:42.732+0800: 34.125: Application time: 0.0000512 seconds
2019-05-24T17:22:42.749+0800: 34.142: Application time: 0.0165632 seconds
2019-05-24T17:22:42.749+0800: 34.142: Application time: 0.0000660 seconds
2019-05-24T17:22:42.752+0800: 34.145: Application time: 0.0030709 seconds
2019-05-24T17:22:42.757+0800: 34.150: Application time: 0.0048987 seconds
2019-05-24T17:22:42.763+0800: 34.156: Application time: 0.0014336 seconds
2019-05-24T17:22:42.763+0800: 34.156: Application time: 0.0000512 seconds
2019-05-24T17:22:42.763+0800: 34.156: Application time: 0.0000393 seconds
2019-05-24T17:22:42.763+0800: 34.157: Application time: 0.0000546 seconds
2019-05-24T17:22:42.764+0800: 34.157: Application time: 0.0000410 seconds
2019-05-24T17:22:42.769+0800: 34.162: Application time: 0.0049431 seconds
2019-05-24T17:22:42.769+0800: 34.162: Application time: 0.0000387 seconds
2019-05-24T17:22:42.769+0800: 34.162: Application time: 0.0000228 seconds
2019-05-24T17:22:42.769+0800: 34.162: Application time: 0.0000455 seconds
2019-05-24T17:22:42.776+0800: 34.169: Application time: 0.0000774 seconds
2019-05-24T17:22:42.776+0800: 34.169: Application time: 0.0004016 seconds
2019-05-24T17:22:42.777+0800: 34.170: Application time: 0.0001911 seconds
2019-05-24T17:22:42.777+0800: 34.170: Application time: 0.0000740 seconds
2019-05-24T17:22:42.778+0800: 34.171: Application time: 0.0010615 seconds
2019-05-24T17:22:42.800+0800: 34.192: Application time: 0.0212833 seconds
2019-05-24T17:22:42.860+0800: 34.252: Application time: 0.0460760 seconds
2019-05-24T17:22:42.861+0800: 34.254: Application time: 0.0009034 seconds
2019-05-24T17:22:42.861+0800: 34.254: Application time: 0.0000597 seconds
2019-05-24T17:22:42.861+0800: 34.254: Application time: 0.0000956 seconds
2019-05-24T17:22:42.896+0800: 34.289: Application time: 0.0348217 seconds
2019-05-24T17:22:42.896+0800: 34.289: Application time: 0.0000478 seconds
2019-05-24T17:22:43.028+0800: 34.421: Application time: 0.1313092 seconds
2019-05-24T17:22:43.186+0800: 34.578: Application time: 0.1573614 seconds
{Heap before GC invocations=49 (full 2):
 par new generation   total 39296K, used 38924K [0x0000000081800000, 0x00000000842a0000, 0x00000000964c0000)
  eden space 34944K, 100% used [0x0000000081800000, 0x0000000083a20000, 0x0000000083a20000)
  from space 4352K,  91% used [0x0000000083e60000, 0x00000000842433b0, 0x00000000842a0000)
  to   space 4352K,   0% used [0x0000000083a20000, 0x0000000083a20000, 0x0000000083e60000)
 concurrent mark-sweep generation total 87424K, used 27453K [0x00000000964c0000, 0x000000009ba20000, 0x0000000100000000)
 Metaspace       used 38466K, capacity 40060K, committed 40468K, reserved 1085440K
  class space    used 4996K, capacity 5310K, committed 5448K, reserved 1048576K
2019-05-24T17:22:43.186+0800: 34.579: [GC (Allocation Failure) 2019-05-24T17:22:43.186+0800: 34.579: [ParNew: 38924K->3210K(39296K), 0.0035100 secs] 66378K->30664K(126720K), 0.0037285 secs] [Times: user=0.00 sys=0.00, real=0.00 secs] 
Heap after GC invocations=50 (full 2):
 par new generation   total 39296K, used 3210K [0x0000000081800000, 0x00000000842a0000, 0x00000000964c0000)
  eden space 34944K,   0% used [0x0000000081800000, 0x0000000081800000, 0x0000000083a20000)
  from space 4352K,  73% used [0x0000000083a20000, 0x0000000083d42908, 0x0000000083e60000)
  to   space 4352K,   0% used [0x0000000083e60000, 0x0000000083e60000, 0x00000000842a0000)
 concurrent mark-sweep generation total 87424K, used 27453K [0x00000000964c0000, 0x000000009ba20000, 0x0000000100000000)
 Metaspace       used 38466K, capacity 40060K, committed 40468K, reserved 1085440K
  class space    used 4996K, capacity 5310K, committed 5448K, reserved 1048576K
}
2019-05-24T17:22:43.402+0800: 34.795: Application time: 0.2127803 seconds
2019-05-24T17:22:43.402+0800: 34.795: Application time: 0.0000671 seconds
2019-05-24T17:22:43.404+0800: 34.797: Application time: 0.0010974 seconds
2019-05-24T17:22:43.666+0800: 35.059: Application time: 0.2622463 seconds
2019-05-24T17:22:43.790+0800: 35.183: Application time: 0.1236571 seconds
{Heap before GC invocations=50 (full 2):
 par new generation   total 39296K, used 38154K [0x0000000081800000, 0x00000000842a0000, 0x00000000964c0000)
  eden space 34944K, 100% used [0x0000000081800000, 0x0000000083a20000, 0x0000000083a20000)
  from space 4352K,  73% used [0x0000000083a20000, 0x0000000083d42908, 0x0000000083e60000)
  to   space 4352K,   0% used [0x0000000083e60000, 0x0000000083e60000, 0x00000000842a0000)
 concurrent mark-sweep generation total 87424K, used 27453K [0x00000000964c0000, 0x000000009ba20000, 0x0000000100000000)
 Metaspace       used 38597K, capacity 40144K, committed 40724K, reserved 1085440K
  class space    used 5011K, capacity 5314K, committed 5448K, reserved 1048576K
2019-05-24T17:22:43.791+0800: 35.184: [GC (Allocation Failure) 2019-05-24T17:22:43.791+0800: 35.184: [ParNew: 38154K->3713K(39296K), 0.0038992 secs] 65608K->31167K(126720K), 0.0041483 secs] [Times: user=0.09 sys=0.00, real=0.00 secs] 
Heap after GC invocations=51 (full 2):
 par new generation   total 39296K, used 3713K [0x0000000081800000, 0x00000000842a0000, 0x00000000964c0000)
  eden space 34944K,   0% used [0x0000000081800000, 0x0000000081800000, 0x0000000083a20000)
  from space 4352K,  85% used [0x0000000083e60000, 0x00000000842006f8, 0x00000000842a0000)
  to   space 4352K,   0% used [0x0000000083a20000, 0x0000000083a20000, 0x0000000083e60000)
 concurrent mark-sweep generation total 87424K, used 27453K [0x00000000964c0000, 0x000000009ba20000, 0x0000000100000000)
 Metaspace       used 38597K, capacity 40144K, committed 40724K, reserved 1085440K
  class space    used 5011K, capacity 5314K, committed 5448K, reserved 1048576K
}
2019-05-24T17:22:43.851+0800: 35.244: Application time: 0.0562466 seconds
2019-05-24T17:22:43.882+0800: 35.275: Application time: 0.0305226 seconds
2019-05-24T17:22:44.215+0800: 35.608: Application time: 0.3327174 seconds
{Heap before GC invocations=51 (full 2):
 par new generation   total 39296K, used 38657K [0x0000000081800000, 0x00000000842a0000, 0x00000000964c0000)
  eden space 34944K, 100% used [0x0000000081800000, 0x0000000083a20000, 0x0000000083a20000)
  from space 4352K,  85% used [0x0000000083e60000, 0x00000000842006f8, 0x00000000842a0000)
  to   space 4352K,   0% used [0x0000000083a20000, 0x0000000083a20000, 0x0000000083e60000)
 concurrent mark-sweep generation total 87424K, used 27453K [0x00000000964c0000, 0x000000009ba20000, 0x0000000100000000)
 Metaspace       used 38865K, capacity 40472K, committed 40980K, reserved 1085440K
  class space    used 5050K, capacity 5356K, committed 5448K, reserved 1048576K
2019-05-24T17:22:44.216+0800: 35.609: [GC (Allocation Failure) 2019-05-24T17:22:44.216+0800: 35.609: [ParNew: 38657K->2220K(39296K), 0.0074303 secs] 66111K->31232K(126720K), 0.0076521 secs] [Times: user=0.00 sys=0.00, real=0.01 secs] 
Heap after GC invocations=52 (full 2):
 par new generation   total 39296K, used 2220K [0x0000000081800000, 0x00000000842a0000, 0x00000000964c0000)
  eden space 34944K,   0% used [0x0000000081800000, 0x0000000081800000, 0x0000000083a20000)
  from space 4352K,  51% used [0x0000000083a20000, 0x0000000083c4b200, 0x0000000083e60000)
  to   space 4352K,   0% used [0x0000000083e60000, 0x0000000083e60000, 0x00000000842a0000)
 concurrent mark-sweep generation total 87424K, used 29012K [0x00000000964c0000, 0x000000009ba20000, 0x0000000100000000)
 Metaspace       used 38865K, capacity 40472K, committed 40980K, reserved 1085440K
  class space    used 5050K, capacity 5356K, committed 5448K, reserved 1048576K
}
2019-05-24T17:22:44.424+0800: 35.817: Application time: 0.2001459 seconds
2019-05-24T17:22:44.540+0800: 35.933: Application time: 0.1151010 seconds
2019-05-24T17:22:44.707+0800: 36.100: Application time: 0.1673130 seconds
{Heap before GC invocations=52 (full 2):
 par new generation   total 39296K, used 37164K [0x0000000081800000, 0x00000000842a0000, 0x00000000964c0000)
  eden space 34944K, 100% used [0x0000000081800000, 0x0000000083a20000, 0x0000000083a20000)
  from space 4352K,  51% used [0x0000000083a20000, 0x0000000083c4b200, 0x0000000083e60000)
  to   space 4352K,   0% used [0x0000000083e60000, 0x0000000083e60000, 0x00000000842a0000)
 concurrent mark-sweep generation total 87424K, used 29012K [0x00000000964c0000, 0x000000009ba20000, 0x0000000100000000)
 Metaspace       used 39135K, capacity 40712K, committed 40980K, reserved 1085440K
  class space    used 5081K, capacity 5392K, committed 5448K, reserved 1048576K
2019-05-24T17:22:44.707+0800: 36.100: [GC (Allocation Failure) 2019-05-24T17:22:44.707+0800: 36.100: [ParNew: 37164K->2136K(39296K), 0.0040829 secs] 66176K->31149K(126720K), 0.0042502 secs] [Times: user=0.00 sys=0.00, real=0.00 secs] 
Heap after GC invocations=53 (full 2):
 par new generation   total 39296K, used 2136K [0x0000000081800000, 0x00000000842a0000, 0x00000000964c0000)
  eden space 34944K,   0% used [0x0000000081800000, 0x0000000081800000, 0x0000000083a20000)
  from space 4352K,  49% used [0x0000000083e60000, 0x0000000084076340, 0x00000000842a0000)
  to   space 4352K,   0% used [0x0000000083a20000, 0x0000000083a20000, 0x0000000083e60000)
 concurrent mark-sweep generation total 87424K, used 29012K [0x00000000964c0000, 0x000000009ba20000, 0x0000000100000000)
 Metaspace       used 39135K, capacity 40712K, committed 40980K, reserved 1085440K
  class space    used 5081K, capacity 5392K, committed 5448K, reserved 1048576K
}
2019-05-24T17:22:44.879+0800: 36.272: Application time: 0.1675133 seconds
2019-05-24T17:22:45.290+0800: 36.683: Application time: 0.4104868 seconds
2019-05-24T17:22:45.386+0800: 36.779: Application time: 0.0957462 seconds
{Heap before GC invocations=53 (full 2):
 par new generation   total 39296K, used 37080K [0x0000000081800000, 0x00000000842a0000, 0x00000000964c0000)
  eden space 34944K, 100% used [0x0000000081800000, 0x0000000083a20000, 0x0000000083a20000)
  from space 4352K,  49% used [0x0000000083e60000, 0x0000000084076340, 0x00000000842a0000)
  to   space 4352K,   0% used [0x0000000083a20000, 0x0000000083a20000, 0x0000000083e60000)
 concurrent mark-sweep generation total 87424K, used 29012K [0x00000000964c0000, 0x000000009ba20000, 0x0000000100000000)
 Metaspace       used 39530K, capacity 41342K, committed 41620K, reserved 1085440K
  class space    used 5161K, capacity 5529K, committed 5576K, reserved 1048576K
2019-05-24T17:22:45.387+0800: 36.780: [GC (Allocation Failure) 2019-05-24T17:22:45.387+0800: 36.780: [ParNew: 37080K->2736K(39296K), 0.0042485 secs] 66093K->31749K(126720K), 0.0044646 secs] [Times: user=0.00 sys=0.00, real=0.00 secs] 
Heap after GC invocations=54 (full 2):
 par new generation   total 39296K, used 2736K [0x0000000081800000, 0x00000000842a0000, 0x00000000964c0000)
  eden space 34944K,   0% used [0x0000000081800000, 0x0000000081800000, 0x0000000083a20000)
  from space 4352K,  62% used [0x0000000083a20000, 0x0000000083ccc328, 0x0000000083e60000)
  to   space 4352K,   0% used [0x0000000083e60000, 0x0000000083e60000, 0x00000000842a0000)
 concurrent mark-sweep generation total 87424K, used 29012K [0x00000000964c0000, 0x000000009ba20000, 0x0000000100000000)
 Metaspace       used 39530K, capacity 41342K, committed 41620K, reserved 1085440K
  class space    used 5161K, capacity 5529K, committed 5576K, reserved 1048576K
}
2019-05-24T17:22:46.157+0800: 37.550: Application time: 0.7660195 seconds
{Heap before GC invocations=54 (full 2):
 par new generation   total 39296K, used 37680K [0x0000000081800000, 0x00000000842a0000, 0x00000000964c0000)
  eden space 34944K, 100% used [0x0000000081800000, 0x0000000083a20000, 0x0000000083a20000)
  from space 4352K,  62% used [0x0000000083a20000, 0x0000000083ccc328, 0x0000000083e60000)
  to   space 4352K,   0% used [0x0000000083e60000, 0x0000000083e60000, 0x00000000842a0000)
 concurrent mark-sweep generation total 87424K, used 29012K [0x00000000964c0000, 0x000000009ba20000, 0x0000000100000000)
 Metaspace       used 40014K, capacity 41970K, committed 42260K, reserved 1085440K
  class space    used 5237K, capacity 5633K, committed 5704K, reserved 1048576K
2019-05-24T17:22:46.158+0800: 37.551: [GC (Allocation Failure) 2019-05-24T17:22:46.158+0800: 37.551: [ParNew: 37680K->3596K(39296K), 0.0043685 secs] 66693K->32609K(126720K), 0.0045574 secs] [Times: user=0.00 sys=0.00, real=0.00 secs] 
Heap after GC invocations=55 (full 2):
 par new generation   total 39296K, used 3596K [0x0000000081800000, 0x00000000842a0000, 0x00000000964c0000)
  eden space 34944K,   0% used [0x0000000081800000, 0x0000000081800000, 0x0000000083a20000)
  from space 4352K,  82% used [0x0000000083e60000, 0x00000000841e3240, 0x00000000842a0000)
  to   space 4352K,   0% used [0x0000000083a20000, 0x0000000083a20000, 0x0000000083e60000)
 concurrent mark-sweep generation total 87424K, used 29012K [0x00000000964c0000, 0x000000009ba20000, 0x0000000100000000)
 Metaspace       used 40014K, capacity 41970K, committed 42260K, reserved 1085440K
  class space    used 5237K, capacity 5633K, committed 5704K, reserved 1048576K
}
2019-05-24T17:22:46.167+0800: 37.560: Application time: 0.0049408 seconds
2019-05-24T17:22:46.266+0800: 37.658: Application time: 0.0969807 seconds
{Heap before GC invocations=55 (full 2):
 par new generation   total 39296K, used 38540K [0x0000000081800000, 0x00000000842a0000, 0x00000000964c0000)
  eden space 34944K, 100% used [0x0000000081800000, 0x0000000083a20000, 0x0000000083a20000)
  from space 4352K,  82% used [0x0000000083e60000, 0x00000000841e3240, 0x00000000842a0000)
  to   space 4352K,   0% used [0x0000000083a20000, 0x0000000083a20000, 0x0000000083e60000)
 concurrent mark-sweep generation total 87424K, used 29012K [0x00000000964c0000, 0x000000009ba20000, 0x0000000100000000)
 Metaspace       used 40078K, capacity 42040K, committed 42260K, reserved 1085440K
  class space    used 5249K, capacity 5634K, committed 5704K, reserved 1048576K
2019-05-24T17:22:46.266+0800: 37.659: [GC (Allocation Failure) 2019-05-24T17:22:46.266+0800: 37.659: [ParNew: 38540K->2607K(39296K), 0.0044322 secs] 67553K->31916K(126720K), 0.0046103 secs] [Times: user=0.00 sys=0.00, real=0.00 secs] 
Heap after GC invocations=56 (full 2):
 par new generation   total 39296K, used 2607K [0x0000000081800000, 0x00000000842a0000, 0x00000000964c0000)
  eden space 34944K,   0% used [0x0000000081800000, 0x0000000081800000, 0x0000000083a20000)
  from space 4352K,  59% used [0x0000000083a20000, 0x0000000083cabd10, 0x0000000083e60000)
  to   space 4352K,   0% used [0x0000000083e60000, 0x0000000083e60000, 0x00000000842a0000)
 concurrent mark-sweep generation total 87424K, used 29308K [0x00000000964c0000, 0x000000009ba20000, 0x0000000100000000)
 Metaspace       used 40078K, capacity 42040K, committed 42260K, reserved 1085440K
  class space    used 5249K, capacity 5634K, committed 5704K, reserved 1048576K
}
2019-05-24T17:22:47.025+0800: 38.417: Application time: 0.7540575 seconds
2019-05-24T17:22:47.025+0800: 38.418: Application time: 0.0000489 seconds
2019-05-24T17:22:47.038+0800: 38.431: Application time: 0.0136715 seconds
2019-05-24T17:22:47.051+0800: 38.444: Application time: 0.0117527 seconds
2019-05-24T17:22:47.051+0800: 38.444: Application time: 0.0000563 seconds
2019-05-24T17:22:47.248+0800: 38.641: Application time: 0.1966978 seconds
{Heap before GC invocations=56 (full 2):
 par new generation   total 39296K, used 37551K [0x0000000081800000, 0x00000000842a0000, 0x00000000964c0000)
  eden space 34944K, 100% used [0x0000000081800000, 0x0000000083a20000, 0x0000000083a20000)
  from space 4352K,  59% used [0x0000000083a20000, 0x0000000083cabd10, 0x0000000083e60000)
  to   space 4352K,   0% used [0x0000000083e60000, 0x0000000083e60000, 0x00000000842a0000)
 concurrent mark-sweep generation total 87424K, used 29308K [0x00000000964c0000, 0x000000009ba20000, 0x0000000100000000)
 Metaspace       used 42428K, capacity 44354K, committed 44436K, reserved 1087488K
  class space    used 5456K, capacity 5829K, committed 5832K, reserved 1048576K
2019-05-24T17:22:47.248+0800: 38.641: [GC (Allocation Failure) 2019-05-24T17:22:47.248+0800: 38.641: [ParNew: 37551K->4228K(39296K), 0.0050295 secs] 66860K->33537K(126720K), 0.0051820 secs] [Times: user=0.00 sys=0.00, real=0.01 secs] 
Heap after GC invocations=57 (full 2):
 par new generation   total 39296K, used 4228K [0x0000000081800000, 0x00000000842a0000, 0x00000000964c0000)
  eden space 34944K,   0% used [0x0000000081800000, 0x0000000081800000, 0x0000000083a20000)
  from space 4352K,  97% used [0x0000000083e60000, 0x0000000084281328, 0x00000000842a0000)
  to   space 4352K,   0% used [0x0000000083a20000, 0x0000000083a20000, 0x0000000083e60000)
 concurrent mark-sweep generation total 87424K, used 29308K [0x00000000964c0000, 0x000000009ba20000, 0x0000000100000000)
 Metaspace       used 42428K, capacity 44354K, committed 44436K, reserved 1087488K
  class space    used 5456K, capacity 5829K, committed 5832K, reserved 1048576K
}
2019-05-24T17:22:47.316+0800: 38.709: Application time: 0.0621710 seconds
2019-05-24T17:22:47.424+0800: 38.817: Application time: 0.1088301 seconds
2019-05-24T17:22:47.426+0800: 38.819: Application time: 0.0016714 seconds
2019-05-24T17:22:47.429+0800: 38.822: Application time: 0.0023933 seconds
2019-05-24T17:22:47.697+0800: 39.090: Application time: 0.2679893 seconds
{Heap before GC invocations=57 (full 2):
 par new generation   total 39296K, used 39172K [0x0000000081800000, 0x00000000842a0000, 0x00000000964c0000)
  eden space 34944K, 100% used [0x0000000081800000, 0x0000000083a20000, 0x0000000083a20000)
  from space 4352K,  97% used [0x0000000083e60000, 0x0000000084281328, 0x00000000842a0000)
  to   space 4352K,   0% used [0x0000000083a20000, 0x0000000083a20000, 0x0000000083e60000)
 concurrent mark-sweep generation total 87424K, used 29308K [0x00000000964c0000, 0x000000009ba20000, 0x0000000100000000)
 Metaspace       used 43010K, capacity 44924K, committed 45076K, reserved 1089536K
  class space    used 5541K, capacity 5906K, committed 5960K, reserved 1048576K
2019-05-24T17:22:47.698+0800: 39.091: [GC (Allocation Failure) 2019-05-24T17:22:47.698+0800: 39.091: [ParNew: 39172K->3493K(39296K), 0.0076550 secs] 68481K->34183K(126720K), 0.0078763 secs] [Times: user=0.09 sys=0.00, real=0.01 secs] 
Heap after GC invocations=58 (full 2):
 par new generation   total 39296K, used 3493K [0x0000000081800000, 0x00000000842a0000, 0x00000000964c0000)
  eden space 34944K,   0% used [0x0000000081800000, 0x0000000081800000, 0x0000000083a20000)
  from space 4352K,  80% used [0x0000000083a20000, 0x0000000083d89748, 0x0000000083e60000)
  to   space 4352K,   0% used [0x0000000083e60000, 0x0000000083e60000, 0x00000000842a0000)
 concurrent mark-sweep generation total 87424K, used 30689K [0x00000000964c0000, 0x000000009ba20000, 0x0000000100000000)
 Metaspace       used 43010K, capacity 44924K, committed 45076K, reserved 1089536K
  class space    used 5541K, capacity 5906K, committed 5960K, reserved 1048576K
}
2019-05-24T17:22:48.437+0800: 39.830: Application time: 0.7317200 seconds
{Heap before GC invocations=58 (full 2):
 par new generation   total 39296K, used 38437K [0x0000000081800000, 0x00000000842a0000, 0x00000000964c0000)
  eden space 34944K, 100% used [0x0000000081800000, 0x0000000083a20000, 0x0000000083a20000)
  from space 4352K,  80% used [0x0000000083a20000, 0x0000000083d89748, 0x0000000083e60000)
  to   space 4352K,   0% used [0x0000000083e60000, 0x0000000083e60000, 0x00000000842a0000)
 concurrent mark-sweep generation total 87424K, used 30689K [0x00000000964c0000, 0x000000009ba20000, 0x0000000100000000)
 Metaspace       used 44246K, capacity 46212K, committed 46612K, reserved 1089536K
  class space    used 5723K, capacity 6100K, committed 6216K, reserved 1048576K
2019-05-24T17:22:48.438+0800: 39.831: [GC (Allocation Failure) 2019-05-24T17:22:48.438+0800: 39.831: [ParNew: 38437K->3081K(39296K), 0.0066247 secs] 69127K->35057K(126720K), 0.0068181 secs] [Times: user=0.00 sys=0.00, real=0.01 secs] 
Heap after GC invocations=59 (full 2):
 par new generation   total 39296K, used 3081K [0x0000000081800000, 0x00000000842a0000, 0x00000000964c0000)
  eden space 34944K,   0% used [0x0000000081800000, 0x0000000081800000, 0x0000000083a20000)
  from space 4352K,  70% used [0x0000000083e60000, 0x0000000084162590, 0x00000000842a0000)
  to   space 4352K,   0% used [0x0000000083a20000, 0x0000000083a20000, 0x0000000083e60000)
 concurrent mark-sweep generation total 87424K, used 31975K [0x00000000964c0000, 0x000000009ba20000, 0x0000000100000000)
 Metaspace       used 44246K, capacity 46212K, committed 46612K, reserved 1089536K
  class space    used 5723K, capacity 6100K, committed 6216K, reserved 1048576K
}
2019-05-24T17:22:48.771+0800: 40.165: Application time: 0.3271258 seconds
{Heap before GC invocations=59 (full 2):
 par new generation   total 39296K, used 38025K [0x0000000081800000, 0x00000000842a0000, 0x00000000964c0000)
  eden space 34944K, 100% used [0x0000000081800000, 0x0000000083a20000, 0x0000000083a20000)
  from space 4352K,  70% used [0x0000000083e60000, 0x0000000084162590, 0x00000000842a0000)
  to   space 4352K,   0% used [0x0000000083a20000, 0x0000000083a20000, 0x0000000083e60000)
 concurrent mark-sweep generation total 87424K, used 31975K [0x00000000964c0000, 0x000000009ba20000, 0x0000000100000000)
 Metaspace       used 44694K, capacity 46660K, committed 46868K, reserved 1089536K
  class space    used 5795K, capacity 6164K, committed 6216K, reserved 1048576K
2019-05-24T17:22:48.772+0800: 40.165: [GC (Allocation Failure) 2019-05-24T17:22:48.772+0800: 40.165: [ParNew: 38025K->2539K(39296K), 0.0031829 secs] 70001K->34514K(126720K), 0.0034162 secs] [Times: user=0.00 sys=0.00, real=0.00 secs] 
Heap after GC invocations=60 (full 2):
 par new generation   total 39296K, used 2539K [0x0000000081800000, 0x00000000842a0000, 0x00000000964c0000)
  eden space 34944K,   0% used [0x0000000081800000, 0x0000000081800000, 0x0000000083a20000)
  from space 4352K,  58% used [0x0000000083a20000, 0x0000000083c9ac80, 0x0000000083e60000)
  to   space 4352K,   0% used [0x0000000083e60000, 0x0000000083e60000, 0x00000000842a0000)
 concurrent mark-sweep generation total 87424K, used 31975K [0x00000000964c0000, 0x000000009ba20000, 0x0000000100000000)
 Metaspace       used 44694K, capacity 46660K, committed 46868K, reserved 1089536K
  class space    used 5795K, capacity 6164K, committed 6216K, reserved 1048576K
}
2019-05-24T17:22:49.017+0800: 40.410: Application time: 0.2418386 seconds
{Heap before GC invocations=60 (full 2):
 par new generation   total 39296K, used 37483K [0x0000000081800000, 0x00000000842a0000, 0x00000000964c0000)
  eden space 34944K, 100% used [0x0000000081800000, 0x0000000083a20000, 0x0000000083a20000)
  from space 4352K,  58% used [0x0000000083a20000, 0x0000000083c9ac80, 0x0000000083e60000)
  to   space 4352K,   0% used [0x0000000083e60000, 0x0000000083e60000, 0x00000000842a0000)
 concurrent mark-sweep generation total 87424K, used 31975K [0x00000000964c0000, 0x000000009ba20000, 0x0000000100000000)
 Metaspace       used 45198K, capacity 47158K, committed 47508K, reserved 1091584K
  class space    used 5883K, capacity 6263K, committed 6344K, reserved 1048576K
2019-05-24T17:22:49.017+0800: 40.410: [GC (Allocation Failure) 2019-05-24T17:22:49.017+0800: 40.410: [ParNew: 37483K->2750K(39296K), 0.0036329 secs] 69458K->34725K(126720K), 0.0038093 secs] [Times: user=0.00 sys=0.00, real=0.00 secs] 
Heap after GC invocations=61 (full 2):
 par new generation   total 39296K, used 2750K [0x0000000081800000, 0x00000000842a0000, 0x00000000964c0000)
  eden space 34944K,   0% used [0x0000000081800000, 0x0000000081800000, 0x0000000083a20000)
  from space 4352K,  63% used [0x0000000083e60000, 0x000000008410f8d8, 0x00000000842a0000)
  to   space 4352K,   0% used [0x0000000083a20000, 0x0000000083a20000, 0x0000000083e60000)
 concurrent mark-sweep generation total 87424K, used 31975K [0x00000000964c0000, 0x000000009ba20000, 0x0000000100000000)
 Metaspace       used 45198K, capacity 47158K, committed 47508K, reserved 1091584K
  class space    used 5883K, capacity 6263K, committed 6344K, reserved 1048576K
}
2019-05-24T17:22:49.544+0800: 40.937: Application time: 0.5229908 seconds
{Heap before GC invocations=61 (full 2):
 par new generation   total 39296K, used 37694K [0x0000000081800000, 0x00000000842a0000, 0x00000000964c0000)
  eden space 34944K, 100% used [0x0000000081800000, 0x0000000083a20000, 0x0000000083a20000)
  from space 4352K,  63% used [0x0000000083e60000, 0x000000008410f8d8, 0x00000000842a0000)
  to   space 4352K,   0% used [0x0000000083a20000, 0x0000000083a20000, 0x0000000083e60000)
 concurrent mark-sweep generation total 87424K, used 31975K [0x00000000964c0000, 0x000000009ba20000, 0x0000000100000000)
 Metaspace       used 45653K, capacity 47670K, committed 47764K, reserved 1091584K
  class space    used 5931K, capacity 6327K, committed 6344K, reserved 1048576K
2019-05-24T17:22:49.545+0800: 40.938: [GC (Allocation Failure) 2019-05-24T17:22:49.545+0800: 40.938: [ParNew: 37694K->4351K(39296K), 0.0086875 secs] 69669K->37547K(126720K), 0.0090015 secs] [Times: user=0.00 sys=0.00, real=0.01 secs] 
Heap after GC invocations=62 (full 2):
 par new generation   total 39296K, used 4351K [0x0000000081800000, 0x00000000842a0000, 0x00000000964c0000)
  eden space 34944K,   0% used [0x0000000081800000, 0x0000000081800000, 0x0000000083a20000)
  from space 4352K,  99% used [0x0000000083a20000, 0x0000000083e5fff8, 0x0000000083e60000)
  to   space 4352K,   0% used [0x0000000083e60000, 0x0000000083e60000, 0x00000000842a0000)
 concurrent mark-sweep generation total 87424K, used 33195K [0x00000000964c0000, 0x000000009ba20000, 0x0000000100000000)
 Metaspace       used 45653K, capacity 47670K, committed 47764K, reserved 1091584K
  class space    used 5931K, capacity 6327K, committed 6344K, reserved 1048576K
}
2019-05-24T17:22:50.533+0800: 41.925: Application time: 0.9782366 seconds
{Heap before GC invocations=62 (full 2):
 par new generation   total 39296K, used 39295K [0x0000000081800000, 0x00000000842a0000, 0x00000000964c0000)
  eden space 34944K, 100% used [0x0000000081800000, 0x0000000083a20000, 0x0000000083a20000)
  from space 4352K,  99% used [0x0000000083a20000, 0x0000000083e5fff8, 0x0000000083e60000)
  to   space 4352K,   0% used [0x0000000083e60000, 0x0000000083e60000, 0x00000000842a0000)
 concurrent mark-sweep generation total 87424K, used 33195K [0x00000000964c0000, 0x000000009ba20000, 0x0000000100000000)
 Metaspace       used 45655K, capacity 47670K, committed 47764K, reserved 1091584K
  class space    used 5931K, capacity 6327K, committed 6344K, reserved 1048576K
2019-05-24T17:22:50.533+0800: 41.926: [GC (Allocation Failure) 2019-05-24T17:22:50.533+0800: 41.926: [ParNew: 39295K->1504K(39296K), 0.0102531 secs] 72491K->36112K(126720K), 0.0105671 secs] [Times: user=0.01 sys=0.00, real=0.01 secs] 
Heap after GC invocations=63 (full 2):
 par new generation   total 39296K, used 1504K [0x0000000081800000, 0x00000000842a0000, 0x00000000964c0000)
  eden space 34944K,   0% used [0x0000000081800000, 0x0000000081800000, 0x0000000083a20000)
  from space 4352K,  34% used [0x0000000083e60000, 0x0000000083fd8098, 0x00000000842a0000)
  to   space 4352K,   0% used [0x0000000083a20000, 0x0000000083a20000, 0x0000000083e60000)
 concurrent mark-sweep generation total 87424K, used 34608K [0x00000000964c0000, 0x000000009ba20000, 0x0000000100000000)
 Metaspace       used 45655K, capacity 47670K, committed 47764K, reserved 1091584K
  class space    used 5931K, capacity 6327K, committed 6344K, reserved 1048576K
}
2019-05-24T17:22:51.040+0800: 42.433: Application time: 0.4961062 seconds
{Heap before GC invocations=63 (full 2):
 par new generation   total 39296K, used 36029K [0x0000000081800000, 0x00000000842a0000, 0x00000000964c0000)
  eden space 34944K,  98% used [0x0000000081800000, 0x00000000839b73a0, 0x0000000083a20000)
  from space 4352K,  34% used [0x0000000083e60000, 0x0000000083fd8098, 0x00000000842a0000)
  to   space 4352K,   0% used [0x0000000083a20000, 0x0000000083a20000, 0x0000000083e60000)
 concurrent mark-sweep generation total 87424K, used 34608K [0x00000000964c0000, 0x000000009ba20000, 0x0000000100000000)
 Metaspace       used 45661K, capacity 47670K, committed 47764K, reserved 1091584K
  class space    used 5931K, capacity 6327K, committed 6344K, reserved 1048576K
2019-05-24T17:22:51.040+0800: 42.433: [GC (Allocation Failure) 2019-05-24T17:22:51.040+0800: 42.433: [ParNew: 36029K->1393K(39296K), 0.0034896 secs] 70637K->36002K(126720K), 0.0036790 secs] [Times: user=0.00 sys=0.00, real=0.00 secs] 
Heap after GC invocations=64 (full 2):
 par new generation   total 39296K, used 1393K [0x0000000081800000, 0x00000000842a0000, 0x00000000964c0000)
  eden space 34944K,   0% used [0x0000000081800000, 0x0000000081800000, 0x0000000083a20000)
  from space 4352K,  32% used [0x0000000083a20000, 0x0000000083b7c7f0, 0x0000000083e60000)
  to   space 4352K,   0% used [0x0000000083e60000, 0x0000000083e60000, 0x00000000842a0000)
 concurrent mark-sweep generation total 87424K, used 34608K [0x00000000964c0000, 0x000000009ba20000, 0x0000000100000000)
 Metaspace       used 45661K, capacity 47670K, committed 47764K, reserved 1091584K
  class space    used 5931K, capacity 6327K, committed 6344K, reserved 1048576K
}
2019-05-24T17:22:51.295+0800: 42.688: Application time: 0.2512332 seconds
{Heap before GC invocations=64 (full 2):
 par new generation   total 39296K, used 36337K [0x0000000081800000, 0x00000000842a0000, 0x00000000964c0000)
  eden space 34944K, 100% used [0x0000000081800000, 0x0000000083a20000, 0x0000000083a20000)
  from space 4352K,  32% used [0x0000000083a20000, 0x0000000083b7c7f0, 0x0000000083e60000)
  to   space 4352K,   0% used [0x0000000083e60000, 0x0000000083e60000, 0x00000000842a0000)
 concurrent mark-sweep generation total 87424K, used 34608K [0x00000000964c0000, 0x000000009ba20000, 0x0000000100000000)
 Metaspace       used 46343K, capacity 48356K, committed 48788K, reserved 1091584K
  class space    used 6098K, capacity 6494K, committed 6600K, reserved 1048576K
2019-05-24T17:22:51.295+0800: 42.688: [GC (Allocation Failure) 2019-05-24T17:22:51.295+0800: 42.688: [ParNew: 36337K->1740K(39296K), 0.0027694 secs] 70946K->36348K(126720K), 0.0030731 secs] [Times: user=0.00 sys=0.00, real=0.00 secs] 
Heap after GC invocations=65 (full 2):
 par new generation   total 39296K, used 1740K [0x0000000081800000, 0x00000000842a0000, 0x00000000964c0000)
  eden space 34944K,   0% used [0x0000000081800000, 0x0000000081800000, 0x0000000083a20000)
  from space 4352K,  39% used [0x0000000083e60000, 0x0000000084013048, 0x00000000842a0000)
  to   space 4352K,   0% used [0x0000000083a20000, 0x0000000083a20000, 0x0000000083e60000)
 concurrent mark-sweep generation total 87424K, used 34608K [0x00000000964c0000, 0x000000009ba20000, 0x0000000100000000)
 Metaspace       used 46343K, capacity 48356K, committed 48788K, reserved 1091584K
  class space    used 6098K, capacity 6494K, committed 6600K, reserved 1048576K
}
2019-05-24T17:22:51.500+0800: 42.893: Application time: 0.2019561 seconds
2019-05-24T17:22:51.504+0800: 42.897: Application time: 0.0036062 seconds
{Heap before GC invocations=65 (full 2):
 par new generation   total 39296K, used 36684K [0x0000000081800000, 0x00000000842a0000, 0x00000000964c0000)
  eden space 34944K, 100% used [0x0000000081800000, 0x0000000083a20000, 0x0000000083a20000)
  from space 4352K,  39% used [0x0000000083e60000, 0x0000000084013048, 0x00000000842a0000)
  to   space 4352K,   0% used [0x0000000083a20000, 0x0000000083a20000, 0x0000000083e60000)
 concurrent mark-sweep generation total 87424K, used 34608K [0x00000000964c0000, 0x000000009ba20000, 0x0000000100000000)
 Metaspace       used 46993K, capacity 49028K, committed 49300K, reserved 1091584K
  class space    used 6206K, capacity 6590K, committed 6600K, reserved 1048576K
2019-05-24T17:22:51.504+0800: 42.898: [GC (Allocation Failure) 2019-05-24T17:22:51.505+0800: 42.898: [ParNew: 36684K->1241K(39296K), 0.0026516 secs] 71292K->35849K(126720K), 0.0028109 secs] [Times: user=0.00 sys=0.00, real=0.00 secs] 
Heap after GC invocations=66 (full 2):
 par new generation   total 39296K, used 1241K [0x0000000081800000, 0x00000000842a0000, 0x00000000964c0000)
  eden space 34944K,   0% used [0x0000000081800000, 0x0000000081800000, 0x0000000083a20000)
  from space 4352K,  28% used [0x0000000083a20000, 0x0000000083b565c0, 0x0000000083e60000)
  to   space 4352K,   0% used [0x0000000083e60000, 0x0000000083e60000, 0x00000000842a0000)
 concurrent mark-sweep generation total 87424K, used 34608K [0x00000000964c0000, 0x000000009ba20000, 0x0000000100000000)
 Metaspace       used 46993K, capacity 49028K, committed 49300K, reserved 1091584K
  class space    used 6206K, capacity 6590K, committed 6600K, reserved 1048576K
}
2019-05-24T17:22:51.559+0800: 42.952: Application time: 0.0517347 seconds
2019-05-24T17:22:51.700+0800: 43.093: Application time: 0.1410725 seconds
{Heap before GC invocations=66 (full 2):
 par new generation   total 39296K, used 36185K [0x0000000081800000, 0x00000000842a0000, 0x00000000964c0000)
  eden space 34944K, 100% used [0x0000000081800000, 0x0000000083a20000, 0x0000000083a20000)
  from space 4352K,  28% used [0x0000000083a20000, 0x0000000083b565c0, 0x0000000083e60000)
  to   space 4352K,   0% used [0x0000000083e60000, 0x0000000083e60000, 0x00000000842a0000)
 concurrent mark-sweep generation total 87424K, used 34608K [0x00000000964c0000, 0x000000009ba20000, 0x0000000100000000)
 Metaspace       used 48039K, capacity 50084K, committed 50324K, reserved 1093632K
  class space    used 6354K, capacity 6750K, committed 6856K, reserved 1048576K
2019-05-24T17:22:51.701+0800: 43.094: [GC (Allocation Failure) 2019-05-24T17:22:51.701+0800: 43.094: [ParNew: 36185K->1672K(39296K), 0.0029833 secs] 70793K->36280K(126720K), 0.0032740 secs] [Times: user=0.00 sys=0.00, real=0.00 secs] 
Heap after GC invocations=67 (full 2):
 par new generation   total 39296K, used 1672K [0x0000000081800000, 0x00000000842a0000, 0x00000000964c0000)
  eden space 34944K,   0% used [0x0000000081800000, 0x0000000081800000, 0x0000000083a20000)
  from space 4352K,  38% used [0x0000000083e60000, 0x0000000084002168, 0x00000000842a0000)
  to   space 4352K,   0% used [0x0000000083a20000, 0x0000000083a20000, 0x0000000083e60000)
 concurrent mark-sweep generation total 87424K, used 34608K [0x00000000964c0000, 0x000000009ba20000, 0x0000000100000000)
 Metaspace       used 48039K, capacity 50084K, committed 50324K, reserved 1093632K
  class space    used 6354K, capacity 6750K, committed 6856K, reserved 1048576K
}
2019-05-24T17:22:51.821+0800: 43.214: Application time: 0.1164896 seconds
2019-05-24T17:22:51.837+0800: 43.230: Application time: 0.0159494 seconds
2019-05-24T17:22:51.866+0800: 43.259: Application time: 0.0282112 seconds
{Heap before GC invocations=67 (full 2):
 par new generation   total 39296K, used 36616K [0x0000000081800000, 0x00000000842a0000, 0x00000000964c0000)
  eden space 34944K, 100% used [0x0000000081800000, 0x0000000083a20000, 0x0000000083a20000)
  from space 4352K,  38% used [0x0000000083e60000, 0x0000000084002168, 0x00000000842a0000)
  to   space 4352K,   0% used [0x0000000083a20000, 0x0000000083a20000, 0x0000000083e60000)
 concurrent mark-sweep generation total 87424K, used 34608K [0x00000000964c0000, 0x000000009ba20000, 0x0000000100000000)
 Metaspace       used 48694K, capacity 50698K, committed 50836K, reserved 1093632K
  class space    used 6447K, capacity 6847K, committed 6856K, reserved 1048576K
2019-05-24T17:22:51.866+0800: 43.259: [GC (Allocation Failure) 2019-05-24T17:22:51.866+0800: 43.259: [ParNew: 36616K->1459K(39296K), 0.0033508 secs] 71224K->36067K(126720K), 0.0035282 secs] [Times: user=0.00 sys=0.00, real=0.00 secs] 
Heap after GC invocations=68 (full 2):
 par new generation   total 39296K, used 1459K [0x0000000081800000, 0x00000000842a0000, 0x00000000964c0000)
  eden space 34944K,   0% used [0x0000000081800000, 0x0000000081800000, 0x0000000083a20000)
  from space 4352K,  33% used [0x0000000083a20000, 0x0000000083b8cd08, 0x0000000083e60000)
  to   space 4352K,   0% used [0x0000000083e60000, 0x0000000083e60000, 0x00000000842a0000)
 concurrent mark-sweep generation total 87424K, used 34608K [0x00000000964c0000, 0x000000009ba20000, 0x0000000100000000)
 Metaspace       used 48694K, capacity 50698K, committed 50836K, reserved 1093632K
  class space    used 6447K, capacity 6847K, committed 6856K, reserved 1048576K
}
2019-05-24T17:22:52.140+0800: 43.533: Application time: 0.2700469 seconds
{Heap before GC invocations=68 (full 2):
 par new generation   total 39296K, used 36403K [0x0000000081800000, 0x00000000842a0000, 0x00000000964c0000)
  eden space 34944K, 100% used [0x0000000081800000, 0x0000000083a20000, 0x0000000083a20000)
  from space 4352K,  33% used [0x0000000083a20000, 0x0000000083b8cd08, 0x0000000083e60000)
  to   space 4352K,   0% used [0x0000000083e60000, 0x0000000083e60000, 0x00000000842a0000)
 concurrent mark-sweep generation total 87424K, used 34608K [0x00000000964c0000, 0x000000009ba20000, 0x0000000100000000)
 Metaspace       used 49542K, capacity 51574K, committed 51988K, reserved 1093632K
  class space    used 6555K, capacity 6945K, committed 6984K, reserved 1048576K
2019-05-24T17:22:52.140+0800: 43.533: [GC (Allocation Failure) 2019-05-24T17:22:52.140+0800: 43.534: [ParNew: 36403K->1841K(39296K), 0.0045375 secs] 71011K->36584K(126720K), 0.0047371 secs] [Times: user=0.00 sys=0.00, real=0.00 secs] 
Heap after GC invocations=69 (full 2):
 par new generation   total 39296K, used 1841K [0x0000000081800000, 0x00000000842a0000, 0x00000000964c0000)
  eden space 34944K,   0% used [0x0000000081800000, 0x0000000081800000, 0x0000000083a20000)
  from space 4352K,  42% used [0x0000000083e60000, 0x000000008402c6d0, 0x00000000842a0000)
  to   space 4352K,   0% used [0x0000000083a20000, 0x0000000083a20000, 0x0000000083e60000)
 concurrent mark-sweep generation total 87424K, used 34742K [0x00000000964c0000, 0x000000009ba20000, 0x0000000100000000)
 Metaspace       used 49542K, capacity 51574K, committed 51988K, reserved 1093632K
  class space    used 6555K, capacity 6945K, committed 6984K, reserved 1048576K
}
2019-05-24T17:22:52.319+0800: 43.712: Application time: 0.1739144 seconds
{Heap before GC invocations=69 (full 2):
 par new generation   total 39296K, used 36785K [0x0000000081800000, 0x00000000842a0000, 0x00000000964c0000)
  eden space 34944K, 100% used [0x0000000081800000, 0x0000000083a20000, 0x0000000083a20000)
  from space 4352K,  42% used [0x0000000083e60000, 0x000000008402c6d0, 0x00000000842a0000)
  to   space 4352K,   0% used [0x0000000083a20000, 0x0000000083a20000, 0x0000000083e60000)
 concurrent mark-sweep generation total 87424K, used 34742K [0x00000000964c0000, 0x000000009ba20000, 0x0000000100000000)
 Metaspace       used 50120K, capacity 52150K, committed 52628K, reserved 1095680K
  class space    used 6618K, capacity 7009K, committed 7112K, reserved 1048576K
2019-05-24T17:22:52.319+0800: 43.712: [GC (Allocation Failure) 2019-05-24T17:22:52.320+0800: 43.713: [ParNew: 36785K->1858K(39296K), 0.0036050 secs] 71528K->36705K(126720K), 0.0038855 secs] [Times: user=0.00 sys=0.00, real=0.00 secs] 
Heap after GC invocations=70 (full 2):
 par new generation   total 39296K, used 1858K [0x0000000081800000, 0x00000000842a0000, 0x00000000964c0000)
  eden space 34944K,   0% used [0x0000000081800000, 0x0000000081800000, 0x0000000083a20000)
  from space 4352K,  42% used [0x0000000083a20000, 0x0000000083bf0848, 0x0000000083e60000)
  to   space 4352K,   0% used [0x0000000083e60000, 0x0000000083e60000, 0x00000000842a0000)
 concurrent mark-sweep generation total 87424K, used 34847K [0x00000000964c0000, 0x000000009ba20000, 0x0000000100000000)
 Metaspace       used 50120K, capacity 52150K, committed 52628K, reserved 1095680K
  class space    used 6618K, capacity 7009K, committed 7112K, reserved 1048576K
}
2019-05-24T17:22:52.326+0800: 43.719: Application time: 0.0029002 seconds
2019-05-24T17:22:52.326+0800: 43.719: Application time: 0.0000478 seconds
2019-05-24T17:22:52.706+0800: 44.099: Application time: 0.3790227 seconds
{Heap before GC invocations=70 (full 2):
 par new generation   total 39296K, used 36802K [0x0000000081800000, 0x00000000842a0000, 0x00000000964c0000)
  eden space 34944K, 100% used [0x0000000081800000, 0x0000000083a20000, 0x0000000083a20000)
  from space 4352K,  42% used [0x0000000083a20000, 0x0000000083bf0848, 0x0000000083e60000)
  to   space 4352K,   0% used [0x0000000083e60000, 0x0000000083e60000, 0x00000000842a0000)
 concurrent mark-sweep generation total 87424K, used 34847K [0x00000000964c0000, 0x000000009ba20000, 0x0000000100000000)
 Metaspace       used 50685K, capacity 52786K, committed 53140K, reserved 1095680K
  class space    used 6699K, capacity 7101K, committed 7112K, reserved 1048576K
2019-05-24T17:22:52.706+0800: 44.099: [GC (Allocation Failure) 2019-05-24T17:22:52.706+0800: 44.099: [ParNew: 36802K->2026K(39296K), 0.0038684 secs] 71649K->36910K(126720K), 0.0040585 secs] [Times: user=0.00 sys=0.00, real=0.00 secs] 
Heap after GC invocations=71 (full 2):
 par new generation   total 39296K, used 2026K [0x0000000081800000, 0x00000000842a0000, 0x00000000964c0000)
  eden space 34944K,   0% used [0x0000000081800000, 0x0000000081800000, 0x0000000083a20000)
  from space 4352K,  46% used [0x0000000083e60000, 0x000000008405ab90, 0x00000000842a0000)
  to   space 4352K,   0% used [0x0000000083a20000, 0x0000000083a20000, 0x0000000083e60000)
 concurrent mark-sweep generation total 87424K, used 34883K [0x00000000964c0000, 0x000000009ba20000, 0x0000000100000000)
 Metaspace       used 50685K, capacity 52786K, committed 53140K, reserved 1095680K
  class space    used 6699K, capacity 7101K, committed 7112K, reserved 1048576K
}
2019-05-24T17:22:52.917+0800: 44.309: Application time: 0.2063069 seconds
{Heap before GC invocations=71 (full 2):
 par new generation   total 39296K, used 36970K [0x0000000081800000, 0x00000000842a0000, 0x00000000964c0000)
  eden space 34944K, 100% used [0x0000000081800000, 0x0000000083a20000, 0x0000000083a20000)
  from space 4352K,  46% used [0x0000000083e60000, 0x000000008405ab90, 0x00000000842a0000)
  to   space 4352K,   0% used [0x0000000083a20000, 0x0000000083a20000, 0x0000000083e60000)
 concurrent mark-sweep generation total 87424K, used 34883K [0x00000000964c0000, 0x000000009ba20000, 0x0000000100000000)
 Metaspace       used 51513K, capacity 53532K, committed 53780K, reserved 1095680K
  class space    used 6827K, capacity 7200K, committed 7240K, reserved 1048576K
2019-05-24T17:22:52.917+0800: 44.310: [GC (Allocation Failure) 2019-05-24T17:22:52.917+0800: 44.310: [ParNew: 36970K->2498K(39296K), 0.0042416 secs] 71854K->37382K(126720K), 0.0044834 secs] [Times: user=0.06 sys=0.00, real=0.00 secs] 
Heap after GC invocations=72 (full 2):
 par new generation   total 39296K, used 2498K [0x0000000081800000, 0x00000000842a0000, 0x00000000964c0000)
  eden space 34944K,   0% used [0x0000000081800000, 0x0000000081800000, 0x0000000083a20000)
  from space 4352K,  57% used [0x0000000083a20000, 0x0000000083c909e0, 0x0000000083e60000)
  to   space 4352K,   0% used [0x0000000083e60000, 0x0000000083e60000, 0x00000000842a0000)
 concurrent mark-sweep generation total 87424K, used 34884K [0x00000000964c0000, 0x000000009ba20000, 0x0000000100000000)
 Metaspace       used 51513K, capacity 53532K, committed 53780K, reserved 1095680K
  class space    used 6827K, capacity 7200K, committed 7240K, reserved 1048576K
}
2019-05-24T17:22:53.259+0800: 44.652: Application time: 0.3373544 seconds
{Heap before GC invocations=72 (full 2):
 par new generation   total 39296K, used 37442K [0x0000000081800000, 0x00000000842a0000, 0x00000000964c0000)
  eden space 34944K, 100% used [0x0000000081800000, 0x0000000083a20000, 0x0000000083a20000)
  from space 4352K,  57% used [0x0000000083a20000, 0x0000000083c909e0, 0x0000000083e60000)
  to   space 4352K,   0% used [0x0000000083e60000, 0x0000000083e60000, 0x00000000842a0000)
 concurrent mark-sweep generation total 87424K, used 34884K [0x00000000964c0000, 0x000000009ba20000, 0x0000000100000000)
 Metaspace       used 52438K, capacity 54470K, committed 54676K, reserved 1097728K
  class space    used 6935K, capacity 7323K, committed 7368K, reserved 1048576K
2019-05-24T17:22:53.259+0800: 44.652: [GC (Allocation Failure) 2019-05-24T17:22:53.259+0800: 44.652: [ParNew: 37442K->2616K(39296K), 0.0046677 secs] 72326K->37501K(126720K), 0.0048412 secs] [Times: user=0.06 sys=0.00, real=0.00 secs] 
Heap after GC invocations=73 (full 2):
 par new generation   total 39296K, used 2616K [0x0000000081800000, 0x00000000842a0000, 0x00000000964c0000)
  eden space 34944K,   0% used [0x0000000081800000, 0x0000000081800000, 0x0000000083a20000)
  from space 4352K,  60% used [0x0000000083e60000, 0x00000000840ee2b8, 0x00000000842a0000)
  to   space 4352K,   0% used [0x0000000083a20000, 0x0000000083a20000, 0x0000000083e60000)
 concurrent mark-sweep generation total 87424K, used 34884K [0x00000000964c0000, 0x000000009ba20000, 0x0000000100000000)
 Metaspace       used 52438K, capacity 54470K, committed 54676K, reserved 1097728K
  class space    used 6935K, capacity 7323K, committed 7368K, reserved 1048576K
}
2019-05-24T17:22:53.489+0800: 44.882: Application time: 0.2252361 seconds
{Heap before GC invocations=73 (full 2):
 par new generation   total 39296K, used 37560K [0x0000000081800000, 0x00000000842a0000, 0x00000000964c0000)
  eden space 34944K, 100% used [0x0000000081800000, 0x0000000083a20000, 0x0000000083a20000)
  from space 4352K,  60% used [0x0000000083e60000, 0x00000000840ee2b8, 0x00000000842a0000)
  to   space 4352K,   0% used [0x0000000083a20000, 0x0000000083a20000, 0x0000000083e60000)
 concurrent mark-sweep generation total 87424K, used 34884K [0x00000000964c0000, 0x000000009ba20000, 0x0000000100000000)
 Metaspace       used 52979K, capacity 55080K, committed 55316K, reserved 1097728K
  class space    used 7015K, capacity 7420K, committed 7496K, reserved 1048576K
2019-05-24T17:22:53.489+0800: 44.882: [GC (Allocation Failure) 2019-05-24T17:22:53.489+0800: 44.882: [ParNew: 37560K->3052K(39296K), 0.0051701 secs] 72445K->38222K(126720K), 0.0054778 secs] [Times: user=0.00 sys=0.00, real=0.01 secs] 
Heap after GC invocations=74 (full 2):
 par new generation   total 39296K, used 3052K [0x0000000081800000, 0x00000000842a0000, 0x00000000964c0000)
  eden space 34944K,   0% used [0x0000000081800000, 0x0000000081800000, 0x0000000083a20000)
  from space 4352K,  70% used [0x0000000083a20000, 0x0000000083d1b388, 0x0000000083e60000)
  to   space 4352K,   0% used [0x0000000083e60000, 0x0000000083e60000, 0x00000000842a0000)
 concurrent mark-sweep generation total 87424K, used 35169K [0x00000000964c0000, 0x000000009ba20000, 0x0000000100000000)
 Metaspace       used 52979K, capacity 55080K, committed 55316K, reserved 1097728K
  class space    used 7015K, capacity 7420K, committed 7496K, reserved 1048576K
}
2019-05-24T17:22:54.040+0800: 45.434: Application time: 0.5456838 seconds
{Heap before GC invocations=74 (full 2):
 par new generation   total 39296K, used 37996K [0x0000000081800000, 0x00000000842a0000, 0x00000000964c0000)
  eden space 34944K, 100% used [0x0000000081800000, 0x0000000083a20000, 0x0000000083a20000)
  from space 4352K,  70% used [0x0000000083a20000, 0x0000000083d1b388, 0x0000000083e60000)
  to   space 4352K,   0% used [0x0000000083e60000, 0x0000000083e60000, 0x00000000842a0000)
 concurrent mark-sweep generation total 87424K, used 35169K [0x00000000964c0000, 0x000000009ba20000, 0x0000000100000000)
 Metaspace       used 53369K, capacity 55468K, committed 55828K, reserved 1097728K
  class space    used 7057K, capacity 7460K, committed 7496K, reserved 1048576K
2019-05-24T17:22:54.041+0800: 45.434: [GC (Allocation Failure) 2019-05-24T17:22:54.041+0800: 45.434: [ParNew: 37996K->3320K(39296K), 0.0064051 secs] 73166K->39036K(126720K), 0.0066139 secs] [Times: user=0.09 sys=0.00, real=0.01 secs] 
Heap after GC invocations=75 (full 2):
 par new generation   total 39296K, used 3320K [0x0000000081800000, 0x00000000842a0000, 0x00000000964c0000)
  eden space 34944K,   0% used [0x0000000081800000, 0x0000000081800000, 0x0000000083a20000)
  from space 4352K,  76% used [0x0000000083e60000, 0x000000008419e2a8, 0x00000000842a0000)
  to   space 4352K,   0% used [0x0000000083a20000, 0x0000000083a20000, 0x0000000083e60000)
 concurrent mark-sweep generation total 87424K, used 35715K [0x00000000964c0000, 0x000000009ba20000, 0x0000000100000000)
 Metaspace       used 53369K, capacity 55468K, committed 55828K, reserved 1097728K
  class space    used 7057K, capacity 7460K, committed 7496K, reserved 1048576K
}
2019-05-24T17:22:54.207+0800: 45.600: Application time: 0.1589725 seconds
2019-05-24T17:22:54.383+0800: 45.776: Application time: 0.1764573 seconds
{Heap before GC invocations=75 (full 2):
 par new generation   total 39296K, used 38264K [0x0000000081800000, 0x00000000842a0000, 0x00000000964c0000)
  eden space 34944K, 100% used [0x0000000081800000, 0x0000000083a20000, 0x0000000083a20000)
  from space 4352K,  76% used [0x0000000083e60000, 0x000000008419e2a8, 0x00000000842a0000)
  to   space 4352K,   0% used [0x0000000083a20000, 0x0000000083a20000, 0x0000000083e60000)
 concurrent mark-sweep generation total 87424K, used 35715K [0x00000000964c0000, 0x000000009ba20000, 0x0000000100000000)
 Metaspace       used 54358K, capacity 56490K, committed 56724K, reserved 1097728K
  class space    used 7169K, capacity 7565K, committed 7624K, reserved 1048576K
2019-05-24T17:22:54.384+0800: 45.776: [GC (Allocation Failure) 2019-05-24T17:22:54.384+0800: 45.777: [ParNew: 38264K->3119K(39296K), 0.0054625 secs] 73980K->39151K(126720K), 0.0056951 secs] [Times: user=0.06 sys=0.00, real=0.00 secs] 
Heap after GC invocations=76 (full 2):
 par new generation   total 39296K, used 3119K [0x0000000081800000, 0x00000000842a0000, 0x00000000964c0000)
  eden space 34944K,   0% used [0x0000000081800000, 0x0000000081800000, 0x0000000083a20000)
  from space 4352K,  71% used [0x0000000083a20000, 0x0000000083d2bce8, 0x0000000083e60000)
  to   space 4352K,   0% used [0x0000000083e60000, 0x0000000083e60000, 0x00000000842a0000)
 concurrent mark-sweep generation total 87424K, used 36032K [0x00000000964c0000, 0x000000009ba20000, 0x0000000100000000)
 Metaspace       used 54358K, capacity 56490K, committed 56724K, reserved 1097728K
  class space    used 7169K, capacity 7565K, committed 7624K, reserved 1048576K
}
2019-05-24T17:22:54.637+0800: 46.030: Application time: 0.2478523 seconds
2019-05-24T17:22:54.780+0800: 46.173: Application time: 0.1419286 seconds
{Heap before GC invocations=76 (full 2):
 par new generation   total 39296K, used 38063K [0x0000000081800000, 0x00000000842a0000, 0x00000000964c0000)
  eden space 34944K, 100% used [0x0000000081800000, 0x0000000083a20000, 0x0000000083a20000)
  from space 4352K,  71% used [0x0000000083a20000, 0x0000000083d2bce8, 0x0000000083e60000)
  to   space 4352K,   0% used [0x0000000083e60000, 0x0000000083e60000, 0x00000000842a0000)
 concurrent mark-sweep generation total 87424K, used 36032K [0x00000000964c0000, 0x000000009ba20000, 0x0000000100000000)
 Metaspace       used 55284K, capacity 57800K, committed 58004K, reserved 1099776K
  class space    used 7329K, capacity 7804K, committed 7880K, reserved 1048576K
2019-05-24T17:22:54.780+0800: 46.173: [GC (Allocation Failure) 2019-05-24T17:22:54.780+0800: 46.173: [ParNew: 38063K->2790K(39296K), 0.0068159 secs] 74095K->39558K(126720K), 0.0070133 secs] [Times: user=0.00 sys=0.00, real=0.01 secs] 
Heap after GC invocations=77 (full 2):
 par new generation   total 39296K, used 2790K [0x0000000081800000, 0x00000000842a0000, 0x00000000964c0000)
  eden space 34944K,   0% used [0x0000000081800000, 0x0000000081800000, 0x0000000083a20000)
  from space 4352K,  64% used [0x0000000083e60000, 0x0000000084119ab0, 0x00000000842a0000)
  to   space 4352K,   0% used [0x0000000083a20000, 0x0000000083a20000, 0x0000000083e60000)
 concurrent mark-sweep generation total 87424K, used 36767K [0x00000000964c0000, 0x000000009ba20000, 0x0000000100000000)
 Metaspace       used 55284K, capacity 57800K, committed 58004K, reserved 1099776K
  class space    used 7329K, capacity 7804K, committed 7880K, reserved 1048576K
}
2019-05-24T17:22:55.022+0800: 46.415: Application time: 0.2341910 seconds
2019-05-24T17:22:55.022+0800: 46.415: Application time: 0.0000688 seconds
2019-05-24T17:22:55.080+0800: 46.472: Application time: 0.0573355 seconds
{Heap before GC invocations=77 (full 2):
 par new generation   total 39296K, used 37734K [0x0000000081800000, 0x00000000842a0000, 0x00000000964c0000)
  eden space 34944K, 100% used [0x0000000081800000, 0x0000000083a20000, 0x0000000083a20000)
  from space 4352K,  64% used [0x0000000083e60000, 0x0000000084119ab0, 0x00000000842a0000)
  to   space 4352K,   0% used [0x0000000083a20000, 0x0000000083a20000, 0x0000000083e60000)
 concurrent mark-sweep generation total 87424K, used 36767K [0x00000000964c0000, 0x000000009ba20000, 0x0000000100000000)
 Metaspace       used 56258K, capacity 58794K, committed 58900K, reserved 1099776K
  class space    used 7475K, capacity 7929K, committed 8008K, reserved 1048576K
2019-05-24T17:22:55.080+0800: 46.473: [GC (Allocation Failure) 2019-05-24T17:22:55.080+0800: 46.473: [ParNew: 37734K->3740K(39296K), 0.0047019 secs] 74502K->40507K(126720K), 0.0048907 secs] [Times: user=0.00 sys=0.00, real=0.01 secs] 
Heap after GC invocations=78 (full 2):
 par new generation   total 39296K, used 3740K [0x0000000081800000, 0x00000000842a0000, 0x00000000964c0000)
  eden space 34944K,   0% used [0x0000000081800000, 0x0000000081800000, 0x0000000083a20000)
  from space 4352K,  85% used [0x0000000083a20000, 0x0000000083dc7048, 0x0000000083e60000)
  to   space 4352K,   0% used [0x0000000083e60000, 0x0000000083e60000, 0x00000000842a0000)
 concurrent mark-sweep generation total 87424K, used 36767K [0x00000000964c0000, 0x000000009ba20000, 0x0000000100000000)
 Metaspace       used 56258K, capacity 58794K, committed 58900K, reserved 1099776K
  class space    used 7475K, capacity 7929K, committed 8008K, reserved 1048576K
}
2019-05-24T17:22:55.246+0800: 46.639: Application time: 0.1615263 seconds
2019-05-24T17:22:55.359+0800: 46.752: Application time: 0.1122782 seconds
2019-05-24T17:22:55.380+0800: 46.773: Application time: 0.0210381 seconds
2019-05-24T17:22:55.470+0800: 46.863: Application time: 0.0894617 seconds
{Heap before GC invocations=78 (full 2):
 par new generation   total 39296K, used 38684K [0x0000000081800000, 0x00000000842a0000, 0x00000000964c0000)
  eden space 34944K, 100% used [0x0000000081800000, 0x0000000083a20000, 0x0000000083a20000)
  from space 4352K,  85% used [0x0000000083a20000, 0x0000000083dc7048, 0x0000000083e60000)
  to   space 4352K,   0% used [0x0000000083e60000, 0x0000000083e60000, 0x00000000842a0000)
 concurrent mark-sweep generation total 87424K, used 36767K [0x00000000964c0000, 0x000000009ba20000, 0x0000000100000000)
 Metaspace       used 57228K, capacity 59816K, committed 60052K, reserved 1101824K
  class space    used 7570K, capacity 8068K, committed 8136K, reserved 1048576K
2019-05-24T17:22:55.471+0800: 46.864: [GC (Allocation Failure) 2019-05-24T17:22:55.471+0800: 46.864: [ParNew: 38684K->3578K(39296K), 0.0113226 secs] 75451K->40919K(126720K), 0.0115428 secs] [Times: user=0.02 sys=0.00, real=0.01 secs] 
Heap after GC invocations=79 (full 2):
 par new generation   total 39296K, used 3578K [0x0000000081800000, 0x00000000842a0000, 0x00000000964c0000)
  eden space 34944K,   0% used [0x0000000081800000, 0x0000000081800000, 0x0000000083a20000)
  from space 4352K,  82% used [0x0000000083e60000, 0x00000000841debb0, 0x00000000842a0000)
  to   space 4352K,   0% used [0x0000000083a20000, 0x0000000083a20000, 0x0000000083e60000)
 concurrent mark-sweep generation total 87424K, used 37340K [0x00000000964c0000, 0x000000009ba20000, 0x0000000100000000)
 Metaspace       used 57228K, capacity 59816K, committed 60052K, reserved 1101824K
  class space    used 7570K, capacity 8068K, committed 8136K, reserved 1048576K
}
2019-05-24T17:22:55.742+0800: 47.135: Application time: 0.2598041 seconds
{Heap before GC invocations=79 (full 2):
 par new generation   total 39296K, used 38522K [0x0000000081800000, 0x00000000842a0000, 0x00000000964c0000)
  eden space 34944K, 100% used [0x0000000081800000, 0x0000000083a20000, 0x0000000083a20000)
  from space 4352K,  82% used [0x0000000083e60000, 0x00000000841debb0, 0x00000000842a0000)
  to   space 4352K,   0% used [0x0000000083a20000, 0x0000000083a20000, 0x0000000083e60000)
 concurrent mark-sweep generation total 87424K, used 37340K [0x00000000964c0000, 0x000000009ba20000, 0x0000000100000000)
 Metaspace       used 57768K, capacity 60398K, committed 60564K, reserved 1101824K
  class space    used 7638K, capacity 8133K, committed 8136K, reserved 1048576K
2019-05-24T17:22:55.743+0800: 47.135: [GC (Allocation Failure) 2019-05-24T17:22:55.743+0800: 47.136: [ParNew: 38522K->2934K(39296K), 0.0051803 secs] 75863K->40616K(126720K), 0.0053601 secs] [Times: user=0.06 sys=0.00, real=0.00 secs] 
Heap after GC invocations=80 (full 2):
 par new generation   total 39296K, used 2934K [0x0000000081800000, 0x00000000842a0000, 0x00000000964c0000)
  eden space 34944K,   0% used [0x0000000081800000, 0x0000000081800000, 0x0000000083a20000)
  from space 4352K,  67% used [0x0000000083a20000, 0x0000000083cfdab0, 0x0000000083e60000)
  to   space 4352K,   0% used [0x0000000083e60000, 0x0000000083e60000, 0x00000000842a0000)
 concurrent mark-sweep generation total 87424K, used 37682K [0x00000000964c0000, 0x000000009ba20000, 0x0000000100000000)
 Metaspace       used 57768K, capacity 60398K, committed 60564K, reserved 1101824K
  class space    used 7638K, capacity 8133K, committed 8136K, reserved 1048576K
}
2019-05-24T17:22:55.879+0800: 47.272: Application time: 0.1307875 seconds
2019-05-24T17:22:56.102+0800: 47.495: Application time: 0.2229361 seconds
{Heap before GC invocations=80 (full 2):
 par new generation   total 39296K, used 37878K [0x0000000081800000, 0x00000000842a0000, 0x00000000964c0000)
  eden space 34944K, 100% used [0x0000000081800000, 0x0000000083a20000, 0x0000000083a20000)
  from space 4352K,  67% used [0x0000000083a20000, 0x0000000083cfdab0, 0x0000000083e60000)
  to   space 4352K,   0% used [0x0000000083e60000, 0x0000000083e60000, 0x00000000842a0000)
 concurrent mark-sweep generation total 87424K, used 37682K [0x00000000964c0000, 0x000000009ba20000, 0x0000000100000000)
 Metaspace       used 58690K, capacity 61356K, committed 61588K, reserved 1101824K
  class space    used 7788K, capacity 8272K, committed 8392K, reserved 1048576K
2019-05-24T17:22:56.102+0800: 47.495: [GC (Allocation Failure) 2019-05-24T17:22:56.102+0800: 47.495: [ParNew: 37878K->4091K(39296K), 0.0062128 secs] 75560K->42225K(126720K), 0.0064034 secs] [Times: user=0.06 sys=0.00, real=0.01 secs] 
Heap after GC invocations=81 (full 2):
 par new generation   total 39296K, used 4091K [0x0000000081800000, 0x00000000842a0000, 0x00000000964c0000)
  eden space 34944K,   0% used [0x0000000081800000, 0x0000000081800000, 0x0000000083a20000)
  from space 4352K,  94% used [0x0000000083e60000, 0x000000008425ef10, 0x00000000842a0000)
  to   space 4352K,   0% used [0x0000000083a20000, 0x0000000083a20000, 0x0000000083e60000)
 concurrent mark-sweep generation total 87424K, used 38134K [0x00000000964c0000, 0x000000009ba20000, 0x0000000100000000)
 Metaspace       used 58690K, capacity 61356K, committed 61588K, reserved 1101824K
  class space    used 7788K, capacity 8272K, committed 8392K, reserved 1048576K
}
2019-05-24T17:22:56.548+0800: 47.941: Application time: 0.4397851 seconds
{Heap before GC invocations=81 (full 2):
 par new generation   total 39296K, used 39035K [0x0000000081800000, 0x00000000842a0000, 0x00000000964c0000)
  eden space 34944K, 100% used [0x0000000081800000, 0x0000000083a20000, 0x0000000083a20000)
  from space 4352K,  94% used [0x0000000083e60000, 0x000000008425ef10, 0x00000000842a0000)
  to   space 4352K,   0% used [0x0000000083a20000, 0x0000000083a20000, 0x0000000083e60000)
 concurrent mark-sweep generation total 87424K, used 38134K [0x00000000964c0000, 0x000000009ba20000, 0x0000000100000000)
 Metaspace       used 59411K, capacity 62140K, committed 62356K, reserved 1103872K
  class space    used 7875K, capacity 8388K, committed 8392K, reserved 1048576K
2019-05-24T17:22:56.549+0800: 47.942: [GC (Allocation Failure) 2019-05-24T17:22:56.549+0800: 47.942: [ParNew: 39035K->3108K(39296K), 0.0062862 secs] 77169K->41699K(126720K), 0.0064922 secs] [Times: user=0.00 sys=0.00, real=0.01 secs] 
Heap after GC invocations=82 (full 2):
 par new generation   total 39296K, used 3108K [0x0000000081800000, 0x00000000842a0000, 0x00000000964c0000)
  eden space 34944K,   0% used [0x0000000081800000, 0x0000000081800000, 0x0000000083a20000)
  from space 4352K,  71% used [0x0000000083a20000, 0x0000000083d290c0, 0x0000000083e60000)
  to   space 4352K,   0% used [0x0000000083e60000, 0x0000000083e60000, 0x00000000842a0000)
 concurrent mark-sweep generation total 87424K, used 38590K [0x00000000964c0000, 0x000000009ba20000, 0x0000000100000000)
 Metaspace       used 59411K, capacity 62140K, committed 62356K, reserved 1103872K
  class space    used 7875K, capacity 8388K, committed 8392K, reserved 1048576K
}
2019-05-24T17:22:56.785+0800: 48.178: Application time: 0.2299960 seconds
2019-05-24T17:22:56.788+0800: 48.181: Application time: 0.0012157 seconds
2019-05-24T17:22:56.792+0800: 48.185: Application time: 0.0046120 seconds
2019-05-24T17:22:56.804+0800: 48.197: Application time: 0.0110990 seconds
2019-05-24T17:22:56.810+0800: 48.203: Application time: 0.0038753 seconds
2019-05-24T17:22:57.241+0800: 48.634: Application time: 0.4306863 seconds
{Heap before GC invocations=82 (full 2):
 par new generation   total 39296K, used 38052K [0x0000000081800000, 0x00000000842a0000, 0x00000000964c0000)
  eden space 34944K, 100% used [0x0000000081800000, 0x0000000083a20000, 0x0000000083a20000)
  from space 4352K,  71% used [0x0000000083a20000, 0x0000000083d290c0, 0x0000000083e60000)
  to   space 4352K,   0% used [0x0000000083e60000, 0x0000000083e60000, 0x00000000842a0000)
 concurrent mark-sweep generation total 87424K, used 38590K [0x00000000964c0000, 0x000000009ba20000, 0x0000000100000000)
 Metaspace       used 59709K, capacity 62396K, committed 62740K, reserved 1103872K
  class space    used 7902K, capacity 8398K, committed 8520K, reserved 1048576K
2019-05-24T17:22:57.241+0800: 48.634: [GC (Allocation Failure) 2019-05-24T17:22:57.241+0800: 48.634: [ParNew: 38052K->3424K(39296K), 0.0063619 secs] 76643K->42720K(126720K), 0.0065644 secs] [Times: user=0.09 sys=0.00, real=0.01 secs] 
Heap after GC invocations=83 (full 2):
 par new generation   total 39296K, used 3424K [0x0000000081800000, 0x00000000842a0000, 0x00000000964c0000)
  eden space 34944K,   0% used [0x0000000081800000, 0x0000000081800000, 0x0000000083a20000)
  from space 4352K,  78% used [0x0000000083e60000, 0x00000000841b8160, 0x00000000842a0000)
  to   space 4352K,   0% used [0x0000000083a20000, 0x0000000083a20000, 0x0000000083e60000)
 concurrent mark-sweep generation total 87424K, used 39295K [0x00000000964c0000, 0x000000009ba20000, 0x0000000100000000)
 Metaspace       used 59709K, capacity 62396K, committed 62740K, reserved 1103872K
  class space    used 7902K, capacity 8398K, committed 8520K, reserved 1048576K
}
2019-05-24T17:22:57.860+0800: 49.253: Application time: 0.6122085 seconds
2019-05-24T17:22:58.039+0800: 49.432: Application time: 0.1779717 seconds
{Heap before GC invocations=83 (full 2):
 par new generation   total 39296K, used 38368K [0x0000000081800000, 0x00000000842a0000, 0x00000000964c0000)
  eden space 34944K, 100% used [0x0000000081800000, 0x0000000083a20000, 0x0000000083a20000)
  from space 4352K,  78% used [0x0000000083e60000, 0x00000000841b8160, 0x00000000842a0000)
  to   space 4352K,   0% used [0x0000000083a20000, 0x0000000083a20000, 0x0000000083e60000)
 concurrent mark-sweep generation total 87424K, used 39295K [0x00000000964c0000, 0x000000009ba20000, 0x0000000100000000)
 Metaspace       used 60076K, capacity 62798K, committed 62996K, reserved 1103872K
  class space    used 7955K, capacity 8465K, committed 8520K, reserved 1048576K
2019-05-24T17:22:58.039+0800: 49.432: [GC (Allocation Failure) 2019-05-24T17:22:58.040+0800: 49.432: [ParNew: 38368K->3851K(39296K), 0.0056189 secs] 77664K->43388K(126720K), 0.0058123 secs] [Times: user=0.08 sys=0.02, real=0.01 secs] 
Heap after GC invocations=84 (full 2):
 par new generation   total 39296K, used 3851K [0x0000000081800000, 0x00000000842a0000, 0x00000000964c0000)
  eden space 34944K,   0% used [0x0000000081800000, 0x0000000081800000, 0x0000000083a20000)
  from space 4352K,  88% used [0x0000000083a20000, 0x0000000083de2c60, 0x0000000083e60000)
  to   space 4352K,   0% used [0x0000000083e60000, 0x0000000083e60000, 0x00000000842a0000)
 concurrent mark-sweep generation total 87424K, used 39537K [0x00000000964c0000, 0x000000009ba20000, 0x0000000100000000)
 Metaspace       used 60076K, capacity 62798K, committed 62996K, reserved 1103872K
  class space    used 7955K, capacity 8465K, committed 8520K, reserved 1048576K
}
2019-05-24T17:22:58.223+0800: 49.616: Application time: 0.1775678 seconds
{Heap before GC invocations=84 (full 2):
 par new generation   total 39296K, used 38795K [0x0000000081800000, 0x00000000842a0000, 0x00000000964c0000)
  eden space 34944K, 100% used [0x0000000081800000, 0x0000000083a20000, 0x0000000083a20000)
  from space 4352K,  88% used [0x0000000083a20000, 0x0000000083de2c60, 0x0000000083e60000)
  to   space 4352K,   0% used [0x0000000083e60000, 0x0000000083e60000, 0x00000000842a0000)
 concurrent mark-sweep generation total 87424K, used 39537K [0x00000000964c0000, 0x000000009ba20000, 0x0000000100000000)
 Metaspace       used 60295K, capacity 63006K, committed 63252K, reserved 1103872K
  class space    used 7981K, capacity 8469K, committed 8520K, reserved 1048576K
2019-05-24T17:22:58.223+0800: 49.616: [GC (Allocation Failure) 2019-05-24T17:22:58.223+0800: 49.616: [ParNew: 38795K->2977K(39296K), 0.0057799 secs] 78332K->42915K(126720K), 0.0059216 secs] [Times: user=0.00 sys=0.00, real=0.01 secs] 
Heap after GC invocations=85 (full 2):
 par new generation   total 39296K, used 2977K [0x0000000081800000, 0x00000000842a0000, 0x00000000964c0000)
  eden space 34944K,   0% used [0x0000000081800000, 0x0000000081800000, 0x0000000083a20000)
  from space 4352K,  68% used [0x0000000083e60000, 0x0000000084148590, 0x00000000842a0000)
  to   space 4352K,   0% used [0x0000000083a20000, 0x0000000083a20000, 0x0000000083e60000)
 concurrent mark-sweep generation total 87424K, used 39938K [0x00000000964c0000, 0x000000009ba20000, 0x0000000100000000)
 Metaspace       used 60295K, capacity 63006K, committed 63252K, reserved 1103872K
  class space    used 7981K, capacity 8469K, committed 8520K, reserved 1048576K
}
2019-05-24T17:22:58.495+0800: 49.888: Application time: 0.2659521 seconds
{Heap before GC invocations=85 (full 2):
 par new generation   total 39296K, used 37921K [0x0000000081800000, 0x00000000842a0000, 0x00000000964c0000)
  eden space 34944K, 100% used [0x0000000081800000, 0x0000000083a20000, 0x0000000083a20000)
  from space 4352K,  68% used [0x0000000083e60000, 0x0000000084148590, 0x00000000842a0000)
  to   space 4352K,   0% used [0x0000000083a20000, 0x0000000083a20000, 0x0000000083e60000)
 concurrent mark-sweep generation total 87424K, used 39938K [0x00000000964c0000, 0x000000009ba20000, 0x0000000100000000)
 Metaspace       used 60394K, capacity 63120K, committed 63252K, reserved 1103872K
  class space    used 7997K, capacity 8506K, committed 8520K, reserved 1048576K
2019-05-24T17:22:58.496+0800: 49.888: [GC (Allocation Failure) 2019-05-24T17:22:58.496+0800: 49.888: [ParNew: 37921K->2807K(39296K), 0.0062356 secs] 77859K->43402K(126720K), 0.0063989 secs] [Times: user=0.00 sys=0.00, real=0.01 secs] 
Heap after GC invocations=86 (full 2):
 par new generation   total 39296K, used 2807K [0x0000000081800000, 0x00000000842a0000, 0x00000000964c0000)
  eden space 34944K,   0% used [0x0000000081800000, 0x0000000081800000, 0x0000000083a20000)
  from space 4352K,  64% used [0x0000000083a20000, 0x0000000083cddd08, 0x0000000083e60000)
  to   space 4352K,   0% used [0x0000000083e60000, 0x0000000083e60000, 0x00000000842a0000)
 concurrent mark-sweep generation total 87424K, used 40595K [0x00000000964c0000, 0x000000009ba20000, 0x0000000100000000)
 Metaspace       used 60394K, capacity 63120K, committed 63252K, reserved 1103872K
  class space    used 7997K, capacity 8506K, committed 8520K, reserved 1048576K
}
2019-05-24T17:22:58.761+0800: 50.154: Application time: 0.2590731 seconds
{Heap before GC invocations=86 (full 2):
 par new generation   total 39296K, used 37751K [0x0000000081800000, 0x00000000842a0000, 0x00000000964c0000)
  eden space 34944K, 100% used [0x0000000081800000, 0x0000000083a20000, 0x0000000083a20000)
  from space 4352K,  64% used [0x0000000083a20000, 0x0000000083cddd08, 0x0000000083e60000)
  to   space 4352K,   0% used [0x0000000083e60000, 0x0000000083e60000, 0x00000000842a0000)
 concurrent mark-sweep generation total 87424K, used 40595K [0x00000000964c0000, 0x000000009ba20000, 0x0000000100000000)
 Metaspace       used 60505K, capacity 63294K, committed 63508K, reserved 1103872K
  class space    used 8013K, capacity 8515K, committed 8520K, reserved 1048576K
2019-05-24T17:22:58.761+0800: 50.154: [GC (Allocation Failure) 2019-05-24T17:22:58.761+0800: 50.154: [ParNew: 37751K->3028K(39296K), 0.0049510 secs] 78346K->43624K(126720K), 0.0052093 secs] [Times: user=0.00 sys=0.00, real=0.01 secs] 
Heap after GC invocations=87 (full 2):
 par new generation   total 39296K, used 3028K [0x0000000081800000, 0x00000000842a0000, 0x00000000964c0000)
  eden space 34944K,   0% used [0x0000000081800000, 0x0000000081800000, 0x0000000083a20000)
  from space 4352K,  69% used [0x0000000083e60000, 0x00000000841552e8, 0x00000000842a0000)
  to   space 4352K,   0% used [0x0000000083a20000, 0x0000000083a20000, 0x0000000083e60000)
 concurrent mark-sweep generation total 87424K, used 40595K [0x00000000964c0000, 0x000000009ba20000, 0x0000000100000000)
 Metaspace       used 60505K, capacity 63294K, committed 63508K, reserved 1103872K
  class space    used 8013K, capacity 8515K, committed 8520K, reserved 1048576K
}
2019-05-24T17:22:58.940+0800: 50.333: Application time: 0.1737187 seconds
{Heap before GC invocations=87 (full 2):
 par new generation   total 39296K, used 37972K [0x0000000081800000, 0x00000000842a0000, 0x00000000964c0000)
  eden space 34944K, 100% used [0x0000000081800000, 0x0000000083a20000, 0x0000000083a20000)
  from space 4352K,  69% used [0x0000000083e60000, 0x00000000841552e8, 0x00000000842a0000)
  to   space 4352K,   0% used [0x0000000083a20000, 0x0000000083a20000, 0x0000000083e60000)
 concurrent mark-sweep generation total 87424K, used 40595K [0x00000000964c0000, 0x000000009ba20000, 0x0000000100000000)
 Metaspace       used 60576K, capacity 63332K, committed 63508K, reserved 1103872K
  class space    used 8023K, capacity 8520K, committed 8520K, reserved 1048576K
2019-05-24T17:22:58.940+0800: 50.334: [GC (Allocation Failure) 2019-05-24T17:22:58.940+0800: 50.334: [ParNew: 37972K->3106K(39296K), 0.0045187 secs] 78568K->43702K(126720K), 0.0047002 secs] [Times: user=0.00 sys=0.00, real=0.00 secs] 
Heap after GC invocations=88 (full 2):
 par new generation   total 39296K, used 3106K [0x0000000081800000, 0x00000000842a0000, 0x00000000964c0000)
  eden space 34944K,   0% used [0x0000000081800000, 0x0000000081800000, 0x0000000083a20000)
  from space 4352K,  71% used [0x0000000083a20000, 0x0000000083d28bb0, 0x0000000083e60000)
  to   space 4352K,   0% used [0x0000000083e60000, 0x0000000083e60000, 0x00000000842a0000)
 concurrent mark-sweep generation total 87424K, used 40595K [0x00000000964c0000, 0x000000009ba20000, 0x0000000100000000)
 Metaspace       used 60576K, capacity 63332K, committed 63508K, reserved 1103872K
  class space    used 8023K, capacity 8520K, committed 8520K, reserved 1048576K
}
2019-05-24T17:22:59.228+0800: 50.621: Application time: 0.2827866 seconds
{Heap before GC invocations=88 (full 2):
 par new generation   total 39296K, used 38050K [0x0000000081800000, 0x00000000842a0000, 0x00000000964c0000)
  eden space 34944K, 100% used [0x0000000081800000, 0x0000000083a20000, 0x0000000083a20000)
  from space 4352K,  71% used [0x0000000083a20000, 0x0000000083d28bb0, 0x0000000083e60000)
  to   space 4352K,   0% used [0x0000000083e60000, 0x0000000083e60000, 0x00000000842a0000)
 concurrent mark-sweep generation total 87424K, used 40595K [0x00000000964c0000, 0x000000009ba20000, 0x0000000100000000)
 Metaspace       used 60685K, capacity 63494K, committed 63636K, reserved 1103872K
  class space    used 8040K, capacity 8553K, committed 8648K, reserved 1048576K
2019-05-24T17:22:59.229+0800: 50.621: [GC (Allocation Failure) 2019-05-24T17:22:59.229+0800: 50.621: [ParNew: 38050K->2812K(39296K), 0.0068466 secs] 78646K->44062K(126720K), 0.0070326 secs] [Times: user=0.11 sys=0.00, real=0.01 secs] 
Heap after GC invocations=89 (full 2):
 par new generation   total 39296K, used 2812K [0x0000000081800000, 0x00000000842a0000, 0x00000000964c0000)
  eden space 34944K,   0% used [0x0000000081800000, 0x0000000081800000, 0x0000000083a20000)
  from space 4352K,  64% used [0x0000000083e60000, 0x000000008411f190, 0x00000000842a0000)
  to   space 4352K,   0% used [0x0000000083a20000, 0x0000000083a20000, 0x0000000083e60000)
 concurrent mark-sweep generation total 87424K, used 41249K [0x00000000964c0000, 0x000000009ba20000, 0x0000000100000000)
 Metaspace       used 60685K, capacity 63494K, committed 63636K, reserved 1103872K
  class space    used 8040K, capacity 8553K, committed 8648K, reserved 1048576K
}
2019-05-24T17:22:59.582+0800: 50.975: Application time: 0.3464083 seconds
{Heap before GC invocations=89 (full 2):
 par new generation   total 39296K, used 37756K [0x0000000081800000, 0x00000000842a0000, 0x00000000964c0000)
  eden space 34944K, 100% used [0x0000000081800000, 0x0000000083a20000, 0x0000000083a20000)
  from space 4352K,  64% used [0x0000000083e60000, 0x000000008411f190, 0x00000000842a0000)
  to   space 4352K,   0% used [0x0000000083a20000, 0x0000000083a20000, 0x0000000083e60000)
 concurrent mark-sweep generation total 87424K, used 41249K [0x00000000964c0000, 0x000000009ba20000, 0x0000000100000000)
 Metaspace       used 60775K, capacity 63562K, committed 63892K, reserved 1103872K
  class space    used 8051K, capacity 8553K, committed 8648K, reserved 1048576K
2019-05-24T17:22:59.583+0800: 50.976: [GC (Allocation Failure) 2019-05-24T17:22:59.583+0800: 50.976: [ParNew: 37756K->2987K(39296K), 0.0047570 secs] 79006K->44236K(126720K), 0.0049709 secs] [Times: user=0.00 sys=0.00, real=0.01 secs] 
Heap after GC invocations=90 (full 2):
 par new generation   total 39296K, used 2987K [0x0000000081800000, 0x00000000842a0000, 0x00000000964c0000)
  eden space 34944K,   0% used [0x0000000081800000, 0x0000000081800000, 0x0000000083a20000)
  from space 4352K,  68% used [0x0000000083a20000, 0x0000000083d0ac90, 0x0000000083e60000)
  to   space 4352K,   0% used [0x0000000083e60000, 0x0000000083e60000, 0x00000000842a0000)
 concurrent mark-sweep generation total 87424K, used 41249K [0x00000000964c0000, 0x000000009ba20000, 0x0000000100000000)
 Metaspace       used 60775K, capacity 63562K, committed 63892K, reserved 1103872K
  class space    used 8051K, capacity 8553K, committed 8648K, reserved 1048576K
}
2019-05-24T17:22:59.921+0800: 51.314: Application time: 0.3335070 seconds
{Heap before GC invocations=90 (full 2):
 par new generation   total 39296K, used 37931K [0x0000000081800000, 0x00000000842a0000, 0x00000000964c0000)
  eden space 34944K, 100% used [0x0000000081800000, 0x0000000083a20000, 0x0000000083a20000)
  from space 4352K,  68% used [0x0000000083a20000, 0x0000000083d0ac90, 0x0000000083e60000)
  to   space 4352K,   0% used [0x0000000083e60000, 0x0000000083e60000, 0x00000000842a0000)
 concurrent mark-sweep generation total 87424K, used 41249K [0x00000000964c0000, 0x000000009ba20000, 0x0000000100000000)
 Metaspace       used 60877K, capacity 63668K, committed 63892K, reserved 1103872K
  class space    used 8065K, capacity 8588K, committed 8648K, reserved 1048576K
2019-05-24T17:22:59.922+0800: 51.314: [GC (Allocation Failure) 2019-05-24T17:22:59.922+0800: 51.315: [ParNew: 37931K->2681K(39296K), 0.0060553 secs] 79180K->44418K(126720K), 0.0062646 secs] [Times: user=0.00 sys=0.00, real=0.01 secs] 
Heap after GC invocations=91 (full 2):
 par new generation   total 39296K, used 2681K [0x0000000081800000, 0x00000000842a0000, 0x00000000964c0000)
  eden space 34944K,   0% used [0x0000000081800000, 0x0000000081800000, 0x0000000083a20000)
  from space 4352K,  61% used [0x0000000083e60000, 0x00000000840fe578, 0x00000000842a0000)
  to   space 4352K,   0% used [0x0000000083a20000, 0x0000000083a20000, 0x0000000083e60000)
 concurrent mark-sweep generation total 87424K, used 41736K [0x00000000964c0000, 0x000000009ba20000, 0x0000000100000000)
 Metaspace       used 60877K, capacity 63668K, committed 63892K, reserved 1103872K
  class space    used 8065K, capacity 8588K, committed 8648K, reserved 1048576K
}
2019-05-24T17:23:00.273+0800: 51.666: Application time: 0.3448882 seconds
{Heap before GC invocations=91 (full 2):
 par new generation   total 39296K, used 37625K [0x0000000081800000, 0x00000000842a0000, 0x00000000964c0000)
  eden space 34944K, 100% used [0x0000000081800000, 0x0000000083a20000, 0x0000000083a20000)
  from space 4352K,  61% used [0x0000000083e60000, 0x00000000840fe578, 0x00000000842a0000)
  to   space 4352K,   0% used [0x0000000083a20000, 0x0000000083a20000, 0x0000000083e60000)
 concurrent mark-sweep generation total 87424K, used 41736K [0x00000000964c0000, 0x000000009ba20000, 0x0000000100000000)
 Metaspace       used 60985K, capacity 63742K, committed 63892K, reserved 1103872K
  class space    used 8076K, capacity 8591K, committed 8648K, reserved 1048576K
2019-05-24T17:23:00.273+0800: 51.666: [GC (Allocation Failure) 2019-05-24T17:23:00.273+0800: 51.666: [ParNew: 37625K->2930K(39296K), 0.0048828 secs] 79362K->44666K(126720K), 0.0050836 secs] [Times: user=0.09 sys=0.00, real=0.01 secs] 
Heap after GC invocations=92 (full 2):
 par new generation   total 39296K, used 2930K [0x0000000081800000, 0x00000000842a0000, 0x00000000964c0000)
  eden space 34944K,   0% used [0x0000000081800000, 0x0000000081800000, 0x0000000083a20000)
  from space 4352K,  67% used [0x0000000083a20000, 0x0000000083cfc810, 0x0000000083e60000)
  to   space 4352K,   0% used [0x0000000083e60000, 0x0000000083e60000, 0x00000000842a0000)
 concurrent mark-sweep generation total 87424K, used 41736K [0x00000000964c0000, 0x000000009ba20000, 0x0000000100000000)
 Metaspace       used 60985K, capacity 63742K, committed 63892K, reserved 1103872K
  class space    used 8076K, capacity 8591K, committed 8648K, reserved 1048576K
}
2019-05-24T17:23:00.594+0800: 51.987: Application time: 0.3160831 seconds
{Heap before GC invocations=92 (full 2):
 par new generation   total 39296K, used 37874K [0x0000000081800000, 0x00000000842a0000, 0x00000000964c0000)
  eden space 34944K, 100% used [0x0000000081800000, 0x0000000083a20000, 0x0000000083a20000)
  from space 4352K,  67% used [0x0000000083a20000, 0x0000000083cfc810, 0x0000000083e60000)
  to   space 4352K,   0% used [0x0000000083e60000, 0x0000000083e60000, 0x00000000842a0000)
 concurrent mark-sweep generation total 87424K, used 41736K [0x00000000964c0000, 0x000000009ba20000, 0x0000000100000000)
 Metaspace       used 61046K, capacity 63830K, committed 63892K, reserved 1103872K
  class space    used 8085K, capacity 8595K, committed 8648K, reserved 1048576K
2019-05-24T17:23:00.595+0800: 51.988: [GC (Allocation Failure) 2019-05-24T17:23:00.595+0800: 51.988: [ParNew: 37874K->3166K(39296K), 0.0060200 secs] 79610K->45177K(126720K), 0.0062498 secs] [Times: user=0.00 sys=0.00, real=0.01 secs] 
Heap after GC invocations=93 (full 2):
 par new generation   total 39296K, used 3166K [0x0000000081800000, 0x00000000842a0000, 0x00000000964c0000)
  eden space 34944K,   0% used [0x0000000081800000, 0x0000000081800000, 0x0000000083a20000)
  from space 4352K,  72% used [0x0000000083e60000, 0x0000000084177ac0, 0x00000000842a0000)
  to   space 4352K,   0% used [0x0000000083a20000, 0x0000000083a20000, 0x0000000083e60000)
 concurrent mark-sweep generation total 87424K, used 42011K [0x00000000964c0000, 0x000000009ba20000, 0x0000000100000000)
 Metaspace       used 61046K, capacity 63830K, committed 63892K, reserved 1103872K
  class space    used 8085K, capacity 8595K, committed 8648K, reserved 1048576K
}
2019-05-24T17:23:00.618+0800: 52.011: Application time: 0.0168374 seconds
2019-05-24T17:23:00.623+0800: 52.017: Application time: 0.0051962 seconds
2019-05-24T17:23:00.837+0800: 52.230: Application time: 0.2133441 seconds
{Heap before GC invocations=93 (full 2):
 par new generation   total 39296K, used 38110K [0x0000000081800000, 0x00000000842a0000, 0x00000000964c0000)
  eden space 34944K, 100% used [0x0000000081800000, 0x0000000083a20000, 0x0000000083a20000)
  from space 4352K,  72% used [0x0000000083e60000, 0x0000000084177ac0, 0x00000000842a0000)
  to   space 4352K,   0% used [0x0000000083a20000, 0x0000000083a20000, 0x0000000083e60000)
 concurrent mark-sweep generation total 87424K, used 42011K [0x00000000964c0000, 0x000000009ba20000, 0x0000000100000000)
 Metaspace       used 61073K, capacity 63830K, committed 63892K, reserved 1103872K
  class space    used 8088K, capacity 8595K, committed 8648K, reserved 1048576K
2019-05-24T17:23:00.837+0800: 52.230: [GC (Allocation Failure) 2019-05-24T17:23:00.837+0800: 52.230: [ParNew: 38110K->3119K(39296K), 0.0046751 secs] 80121K->45130K(126720K), 0.0048549 secs] [Times: user=0.11 sys=0.00, real=0.01 secs] 
Heap after GC invocations=94 (full 2):
 par new generation   total 39296K, used 3119K [0x0000000081800000, 0x00000000842a0000, 0x00000000964c0000)
  eden space 34944K,   0% used [0x0000000081800000, 0x0000000081800000, 0x0000000083a20000)
  from space 4352K,  71% used [0x0000000083a20000, 0x0000000083d2bc30, 0x0000000083e60000)
  to   space 4352K,   0% used [0x0000000083e60000, 0x0000000083e60000, 0x00000000842a0000)
 concurrent mark-sweep generation total 87424K, used 42011K [0x00000000964c0000, 0x000000009ba20000, 0x0000000100000000)
 Metaspace       used 61073K, capacity 63830K, committed 63892K, reserved 1103872K
  class space    used 8088K, capacity 8595K, committed 8648K, reserved 1048576K
}
2019-05-24T17:23:00.907+0800: 52.300: Application time: 0.0650558 seconds
2019-05-24T17:23:01.101+0800: 52.494: Application time: 0.1923140 seconds
2019-05-24T17:23:01.104+0800: 52.498: Application time: 0.0031391 seconds
2019-05-24T17:23:01.105+0800: 52.499: Application time: 0.0008095 seconds
2019-05-24T17:23:01.129+0800: 52.522: Application time: 0.0232721 seconds
{Heap before GC invocations=94 (full 2):
 par new generation   total 39296K, used 38063K [0x0000000081800000, 0x00000000842a0000, 0x00000000964c0000)
  eden space 34944K, 100% used [0x0000000081800000, 0x0000000083a20000, 0x0000000083a20000)
  from space 4352K,  71% used [0x0000000083a20000, 0x0000000083d2bc30, 0x0000000083e60000)
  to   space 4352K,   0% used [0x0000000083e60000, 0x0000000083e60000, 0x00000000842a0000)
 concurrent mark-sweep generation total 87424K, used 42011K [0x00000000964c0000, 0x000000009ba20000, 0x0000000100000000)
 Metaspace       used 61292K, capacity 64062K, committed 64148K, reserved 1105920K
  class space    used 8118K, capacity 8629K, committed 8648K, reserved 1048576K
2019-05-24T17:23:01.129+0800: 52.522: [GC (Allocation Failure) 2019-05-24T17:23:01.129+0800: 52.522: [ParNew: 38063K->3413K(39296K), 0.0058578 secs] 80074K->45691K(126720K), 0.0060609 secs] [Times: user=0.00 sys=0.00, real=0.01 secs] 
Heap after GC invocations=95 (full 2):
 par new generation   total 39296K, used 3413K [0x0000000081800000, 0x00000000842a0000, 0x00000000964c0000)
  eden space 34944K,   0% used [0x0000000081800000, 0x0000000081800000, 0x0000000083a20000)
  from space 4352K,  78% used [0x0000000083e60000, 0x00000000841b55f0, 0x00000000842a0000)
  to   space 4352K,   0% used [0x0000000083a20000, 0x0000000083a20000, 0x0000000083e60000)
 concurrent mark-sweep generation total 87424K, used 42278K [0x00000000964c0000, 0x000000009ba20000, 0x0000000100000000)
 Metaspace       used 61292K, capacity 64062K, committed 64148K, reserved 1105920K
  class space    used 8118K, capacity 8629K, committed 8648K, reserved 1048576K
}
2019-05-24T17:23:01.136+0800: 52.529: Application time: 0.0003453 seconds
2019-05-24T17:23:01.137+0800: 52.530: Application time: 0.0001371 seconds
2019-05-24T17:23:01.162+0800: 52.555: Application time: 0.0254464 seconds
2019-05-24T17:23:01.163+0800: 52.555: Application time: 0.0000762 seconds
2019-05-24T17:23:01.166+0800: 52.559: Application time: 0.0039708 seconds
2019-05-24T17:23:01.177+0800: 52.570: Application time: 0.0002964 seconds
2019-05-24T17:23:01.182+0800: 52.575: Application time: 0.0048708 seconds
2019-05-24T17:23:01.202+0800: 52.595: Application time: 0.0202007 seconds
2019-05-24T17:23:01.219+0800: 52.612: Application time: 0.0004028 seconds
2019-05-24T17:23:01.220+0800: 52.612: Application time: 0.0000887 seconds
2019-05-24T17:23:01.220+0800: 52.613: Application time: 0.0000427 seconds
2019-05-24T17:23:01.224+0800: 52.616: Application time: 0.0038622 seconds
2019-05-24T17:23:01.228+0800: 52.621: Application time: 0.0047229 seconds
2019-05-24T17:23:01.229+0800: 52.622: Application time: 0.0006212 seconds
2019-05-24T17:23:01.256+0800: 52.649: Application time: 0.0141966 seconds
2019-05-24T17:23:01.257+0800: 52.650: Application time: 0.0005569 seconds
2019-05-24T17:23:01.267+0800: 52.660: Application time: 0.0097479 seconds
2019-05-24T17:23:01.314+0800: 52.707: Application time: 0.0464623 seconds
2019-05-24T17:23:01.314+0800: 52.707: Application time: 0.0000575 seconds
2019-05-24T17:23:01.314+0800: 52.707: Application time: 0.0000444 seconds
2019-05-24T17:23:01.314+0800: 52.707: Application time: 0.0000523 seconds
2019-05-24T17:23:01.314+0800: 52.707: Application time: 0.0000375 seconds
2019-05-24T17:23:01.333+0800: 52.726: Application time: 0.0190424 seconds
{Heap before GC invocations=95 (full 2):
 par new generation   total 39296K, used 38357K [0x0000000081800000, 0x00000000842a0000, 0x00000000964c0000)
  eden space 34944K, 100% used [0x0000000081800000, 0x0000000083a20000, 0x0000000083a20000)
  from space 4352K,  78% used [0x0000000083e60000, 0x00000000841b55f0, 0x00000000842a0000)
  to   space 4352K,   0% used [0x0000000083a20000, 0x0000000083a20000, 0x0000000083e60000)
 concurrent mark-sweep generation total 87424K, used 42278K [0x00000000964c0000, 0x000000009ba20000, 0x0000000100000000)
 Metaspace       used 61377K, capacity 64158K, committed 64532K, reserved 1105920K
  class space    used 8131K, capacity 8661K, committed 8776K, reserved 1048576K
2019-05-24T17:23:01.334+0800: 52.727: [GC (Allocation Failure) 2019-05-24T17:23:01.334+0800: 52.727: [ParNew: 38357K->3156K(39296K), 0.0054881 secs] 80635K->45679K(126720K), 0.0057247 secs] [Times: user=0.00 sys=0.00, real=0.00 secs] 
Heap after GC invocations=96 (full 2):
 par new generation   total 39296K, used 3156K [0x0000000081800000, 0x00000000842a0000, 0x00000000964c0000)
  eden space 34944K,   0% used [0x0000000081800000, 0x0000000081800000, 0x0000000083a20000)
  from space 4352K,  72% used [0x0000000083a20000, 0x0000000083d35080, 0x0000000083e60000)
  to   space 4352K,   0% used [0x0000000083e60000, 0x0000000083e60000, 0x00000000842a0000)
 concurrent mark-sweep generation total 87424K, used 42523K [0x00000000964c0000, 0x000000009ba20000, 0x0000000100000000)
 Metaspace       used 61377K, capacity 64158K, committed 64532K, reserved 1105920K
  class space    used 8131K, capacity 8661K, committed 8776K, reserved 1048576K
}
2019-05-24T17:23:01.444+0800: 52.837: Application time: 0.1045629 seconds
2019-05-24T17:23:01.521+0800: 52.914: Application time: 0.0767670 seconds
2019-05-24T17:23:01.588+0800: 52.980: Application time: 0.0662408 seconds
2019-05-24T17:23:01.595+0800: 52.988: Application time: 0.0075253 seconds
2019-05-24T17:23:01.596+0800: 52.988: Application time: 0.0001781 seconds
2019-05-24T17:23:01.659+0800: 53.052: Application time: 0.0634538 seconds
2019-05-24T17:23:01.785+0800: 53.179: Application time: 0.1262842 seconds
2019-05-24T17:23:01.979+0800: 53.372: Application time: 0.1933459 seconds
2019-05-24T17:23:02.098+0800: 53.491: Application time: 0.1178316 seconds
2019-05-24T17:23:02.117+0800: 53.510: Application time: 0.0177357 seconds
2019-05-24T17:23:02.440+0800: 53.833: Application time: 0.3225315 seconds
2019-05-24T17:23:02.477+0800: 53.870: Application time: 0.0360636 seconds
2019-05-24T17:23:02.483+0800: 53.876: Application time: 0.0059153 seconds
{Heap before GC invocations=96 (full 2):
 par new generation   total 39296K, used 38100K [0x0000000081800000, 0x00000000842a0000, 0x00000000964c0000)
  eden space 34944K, 100% used [0x0000000081800000, 0x0000000083a20000, 0x0000000083a20000)
  from space 4352K,  72% used [0x0000000083a20000, 0x0000000083d35080, 0x0000000083e60000)
  to   space 4352K,   0% used [0x0000000083e60000, 0x0000000083e60000, 0x00000000842a0000)
 concurrent mark-sweep generation total 87424K, used 42523K [0x00000000964c0000, 0x000000009ba20000, 0x0000000100000000)
 Metaspace       used 63148K, capacity 65920K, committed 66196K, reserved 1105920K
  class space    used 8332K, capacity 8858K, committed 8904K, reserved 1048576K
2019-05-24T17:23:02.483+0800: 53.876: [GC (Allocation Failure) 2019-05-24T17:23:02.483+0800: 53.876: [ParNew: 38100K->4352K(39296K), 0.0078586 secs] 80623K->47487K(126720K), 0.0079929 secs] [Times: user=0.00 sys=0.00, real=0.01 secs] 
Heap after GC invocations=97 (full 2):
 par new generation   total 39296K, used 4352K [0x0000000081800000, 0x00000000842a0000, 0x00000000964c0000)
  eden space 34944K,   0% used [0x0000000081800000, 0x0000000081800000, 0x0000000083a20000)
  from space 4352K, 100% used [0x0000000083e60000, 0x00000000842a0000, 0x00000000842a0000)
  to   space 4352K,   0% used [0x0000000083a20000, 0x0000000083a20000, 0x0000000083e60000)
 concurrent mark-sweep generation total 87424K, used 43135K [0x00000000964c0000, 0x000000009ba20000, 0x0000000100000000)
 Metaspace       used 63148K, capacity 65920K, committed 66196K, reserved 1105920K
  class space    used 8332K, capacity 8858K, committed 8904K, reserved 1048576K
}
2019-05-24T17:23:02.491+0800: 53.884: Application time: 0.0000552 seconds
2019-05-24T17:23:02.491+0800: 53.884: [GC (CMS Initial Mark) [1 CMS-initial-mark: 43135K(87424K)] 48070K(126720K), 0.0021612 secs] [Times: user=0.00 sys=0.00, real=0.00 secs] 
2019-05-24T17:23:02.493+0800: 53.886: [CMS-concurrent-mark-start]
2019-05-24T17:23:02.547+0800: 53.940: Application time: 0.0537748 seconds
2019-05-24T17:23:02.580+0800: 53.973: [CMS-concurrent-mark: 0.086/0.086 secs] [Times: user=0.38 sys=0.00, real=0.09 secs] 
2019-05-24T17:23:02.580+0800: 53.973: [CMS-concurrent-preclean-start]
2019-05-24T17:23:02.582+0800: 53.974: [CMS-concurrent-preclean: 0.001/0.001 secs] [Times: user=0.00 sys=0.00, real=0.00 secs] 
2019-05-24T17:23:02.582+0800: 53.974: [CMS-concurrent-abortable-preclean-start]
2019-05-24T17:23:02.591+0800: 53.984: Application time: 0.0436622 seconds
2019-05-24T17:23:02.657+0800: 54.051: Application time: 0.0665367 seconds
2019-05-24T17:23:02.675+0800: 54.068: Application time: 0.0177425 seconds
{Heap before GC invocations=97 (full 3):
 par new generation   total 39296K, used 39296K [0x0000000081800000, 0x00000000842a0000, 0x00000000964c0000)
  eden space 34944K, 100% used [0x0000000081800000, 0x0000000083a20000, 0x0000000083a20000)
  from space 4352K, 100% used [0x0000000083e60000, 0x00000000842a0000, 0x00000000842a0000)
  to   space 4352K,   0% used [0x0000000083a20000, 0x0000000083a20000, 0x0000000083e60000)
 concurrent mark-sweep generation total 87424K, used 43135K [0x00000000964c0000, 0x000000009ba20000, 0x0000000100000000)
 Metaspace       used 63907K, capacity 66660K, committed 66876K, reserved 1107968K
  class space    used 8449K, capacity 8928K, committed 8980K, reserved 1048576K
2019-05-24T17:23:02.676+0800: 54.069: [GC (Allocation Failure) 2019-05-24T17:23:02.676+0800: 54.069: [ParNew: 39296K->4352K(39296K), 0.0082005 secs] 82431K->49497K(126720K), 0.0083354 secs] [Times: user=0.02 sys=0.00, real=0.01 secs] 
Heap after GC invocations=98 (full 3):
 par new generation   total 39296K, used 4352K [0x0000000081800000, 0x00000000842a0000, 0x00000000964c0000)
  eden space 34944K,   0% used [0x0000000081800000, 0x0000000081800000, 0x0000000083a20000)
  from space 4352K, 100% used [0x0000000083a20000, 0x0000000083e60000, 0x0000000083e60000)
  to   space 4352K,   0% used [0x0000000083e60000, 0x0000000083e60000, 0x00000000842a0000)
 concurrent mark-sweep generation total 87424K, used 45145K [0x00000000964c0000, 0x000000009ba20000, 0x0000000100000000)
 Metaspace       used 63907K, capacity 66660K, committed 66876K, reserved 1107968K
  class space    used 8449K, capacity 8928K, committed 8980K, reserved 1048576K
}
2019-05-24T17:23:02.699+0800: 54.092: Application time: 0.0149874 seconds
2019-05-24T17:23:02.699+0800: 54.092: Application time: 0.0002059 seconds
2019-05-24T17:23:02.700+0800: 54.093: Application time: 0.0000905 seconds
2019-05-24T17:23:02.700+0800: 54.093: Application time: 0.0000711 seconds
2019-05-24T17:23:02.767+0800: 54.160: Application time: 0.0671590 seconds
2019-05-24T17:23:02.770+0800: 54.162: [CMS-concurrent-abortable-preclean: 0.178/0.188 secs] [Times: user=0.45 sys=0.03, real=0.19 secs] 
2019-05-24T17:23:02.770+0800: 54.163: Application time: 0.0023774 seconds
2019-05-24T17:23:02.770+0800: 54.163: [GC (CMS Final Remark) [YG occupancy: 25538 K (39296 K)]2019-05-24T17:23:02.770+0800: 54.163: [Rescan (parallel) , 0.0052793 secs]2019-05-24T17:23:02.776+0800: 54.168: [weak refs processing, 0.0028888 secs]2019-05-24T17:23:02.778+0800: 54.171: [class unloading, 0.0180759 secs]2019-05-24T17:23:02.796+0800: 54.189: [scrub symbol table, 0.0193189 secs]2019-05-24T17:23:02.816+0800: 54.209: [scrub string table, 0.0015087 secs][1 CMS-remark: 45145K(87424K)] 70684K(126720K), 0.0482281 secs] [Times: user=0.06 sys=0.00, real=0.05 secs] 
2019-05-24T17:23:02.818+0800: 54.211: [CMS-concurrent-sweep-start]
2019-05-24T17:23:02.836+0800: 54.229: Application time: 0.0174939 seconds
2019-05-24T17:23:02.844+0800: 54.237: Application time: 0.0077346 seconds
2019-05-24T17:23:02.847+0800: 54.240: [CMS-concurrent-sweep: 0.028/0.029 secs] [Times: user=0.09 sys=0.00, real=0.03 secs] 
2019-05-24T17:23:02.847+0800: 54.240: [CMS-concurrent-reset-start]
2019-05-24T17:23:02.850+0800: 54.244: Application time: 0.0067391 seconds
2019-05-24T17:23:02.852+0800: 54.245: [CMS-concurrent-reset: 0.004/0.005 secs] [Times: user=0.00 sys=0.00, real=0.01 secs] 
2019-05-24T17:23:02.886+0800: 54.279: Application time: 0.0350123 seconds
2019-05-24T17:23:02.887+0800: 54.279: Application time: 0.0000711 seconds
2019-05-24T17:23:02.888+0800: 54.281: Application time: 0.0009262 seconds
2019-05-24T17:23:02.889+0800: 54.281: Application time: 0.0005990 seconds
2019-05-24T17:23:02.889+0800: 54.282: Application time: 0.0000438 seconds
2019-05-24T17:23:02.889+0800: 54.282: Application time: 0.0000438 seconds
2019-05-24T17:23:02.889+0800: 54.282: Application time: 0.0000370 seconds
2019-05-24T17:23:02.889+0800: 54.282: Application time: 0.0000364 seconds
2019-05-24T17:23:02.889+0800: 54.282: Application time: 0.0000319 seconds
2019-05-24T17:23:02.889+0800: 54.282: Application time: 0.0000324 seconds
2019-05-24T17:23:02.893+0800: 54.286: Application time: 0.0032051 seconds
2019-05-24T17:23:02.895+0800: 54.287: Application time: 0.0016566 seconds
2019-05-24T17:23:02.895+0800: 54.288: Application time: 0.0006525 seconds
{Heap before GC invocations=98 (full 3):
 par new generation   total 39296K, used 39296K [0x0000000081800000, 0x00000000842a0000, 0x00000000964c0000)
  eden space 34944K, 100% used [0x0000000081800000, 0x0000000083a20000, 0x0000000083a20000)
  from space 4352K, 100% used [0x0000000083a20000, 0x0000000083e60000, 0x0000000083e60000)
  to   space 4352K,   0% used [0x0000000083e60000, 0x0000000083e60000, 0x00000000842a0000)
 concurrent mark-sweep generation total 87424K, used 41544K [0x00000000964c0000, 0x000000009ba20000, 0x0000000100000000)
 Metaspace       used 63963K, capacity 66628K, committed 67004K, reserved 1107968K
  class space    used 8464K, capacity 8950K, committed 9108K, reserved 1048576K
2019-05-24T17:23:02.896+0800: 54.288: [GC (Allocation Failure) 2019-05-24T17:23:02.896+0800: 54.288: [ParNew: 39296K->2422K(39296K), 0.0081414 secs] 80840K->45773K(126720K), 0.0083263 secs] [Times: user=0.02 sys=0.00, real=0.01 secs] 
Heap after GC invocations=99 (full 3):
 par new generation   total 39296K, used 2422K [0x0000000081800000, 0x00000000842a0000, 0x00000000964c0000)
  eden space 34944K,   0% used [0x0000000081800000, 0x0000000081800000, 0x0000000083a20000)
  from space 4352K,  55% used [0x0000000083e60000, 0x00000000840bd9b8, 0x00000000842a0000)
  to   space 4352K,   0% used [0x0000000083a20000, 0x0000000083a20000, 0x0000000083e60000)
 concurrent mark-sweep generation total 87424K, used 43351K [0x00000000964c0000, 0x000000009ba20000, 0x0000000100000000)
 Metaspace       used 63963K, capacity 66628K, committed 67004K, reserved 1107968K
  class space    used 8464K, capacity 8950K, committed 9108K, reserved 1048576K
}
2019-05-24T17:23:02.908+0800: 54.301: Application time: 0.0042354 seconds
2019-05-24T17:23:02.908+0800: 54.301: Application time: 0.0000421 seconds
2019-05-24T17:23:02.908+0800: 54.301: Application time: 0.0000393 seconds
2019-05-24T17:23:02.908+0800: 54.302: Application time: 0.0000364 seconds
2019-05-24T17:23:02.909+0800: 54.302: Application time: 0.0000370 seconds
2019-05-24T17:23:02.909+0800: 54.302: Application time: 0.0000341 seconds
2019-05-24T17:23:02.909+0800: 54.302: Application time: 0.0000404 seconds
2019-05-24T17:23:02.909+0800: 54.302: Application time: 0.0000387 seconds
2019-05-24T17:23:02.909+0800: 54.302: Application time: 0.0000381 seconds
2019-05-24T17:23:02.909+0800: 54.302: Application time: 0.0000427 seconds
2019-05-24T17:23:02.909+0800: 54.302: Application time: 0.0000381 seconds
2019-05-24T17:23:02.909+0800: 54.303: Application time: 0.0000375 seconds
2019-05-24T17:23:02.910+0800: 54.303: Application time: 0.0000387 seconds
2019-05-24T17:23:02.912+0800: 54.305: Application time: 0.0018529 seconds
2019-05-24T17:23:03.009+0800: 54.402: Application time: 0.0972237 seconds
2019-05-24T17:23:03.010+0800: 54.403: Application time: 0.0003180 seconds
2019-05-24T17:23:03.131+0800: 54.524: Application time: 0.1206488 seconds
{Heap before GC invocations=99 (full 3):
 par new generation   total 39296K, used 37366K [0x0000000081800000, 0x00000000842a0000, 0x00000000964c0000)
  eden space 34944K, 100% used [0x0000000081800000, 0x0000000083a20000, 0x0000000083a20000)
  from space 4352K,  55% used [0x0000000083e60000, 0x00000000840bd9b8, 0x00000000842a0000)
  to   space 4352K,   0% used [0x0000000083a20000, 0x0000000083a20000, 0x0000000083e60000)
 concurrent mark-sweep generation total 87424K, used 43351K [0x00000000964c0000, 0x000000009ba20000, 0x0000000100000000)
 Metaspace       used 64523K, capacity 67232K, committed 67516K, reserved 1107968K
  class space    used 8540K, capacity 9056K, committed 9108K, reserved 1048576K
2019-05-24T17:23:03.131+0800: 54.524: [GC (Allocation Failure) 2019-05-24T17:23:03.131+0800: 54.524: [ParNew: 37366K->2246K(39296K), 0.0041432 secs] 80717K->45598K(126720K), 0.0043315 secs] [Times: user=0.00 sys=0.00, real=0.00 secs] 
Heap after GC invocations=100 (full 3):
 par new generation   total 39296K, used 2246K [0x0000000081800000, 0x00000000842a0000, 0x00000000964c0000)
  eden space 34944K,   0% used [0x0000000081800000, 0x0000000081800000, 0x0000000083a20000)
  from space 4352K,  51% used [0x0000000083a20000, 0x0000000083c51a50, 0x0000000083e60000)
  to   space 4352K,   0% used [0x0000000083e60000, 0x0000000083e60000, 0x00000000842a0000)
 concurrent mark-sweep generation total 87424K, used 43351K [0x00000000964c0000, 0x000000009ba20000, 0x0000000100000000)
 Metaspace       used 64523K, capacity 67232K, committed 67516K, reserved 1107968K
  class space    used 8540K, capacity 9056K, committed 9108K, reserved 1048576K
}
2019-05-24T17:23:03.166+0800: 54.559: Application time: 0.0303917 seconds
2019-05-24T17:23:03.166+0800: 54.559: Application time: 0.0000449 seconds
2019-05-24T17:23:03.166+0800: 54.559: Application time: 0.0000455 seconds
2019-05-24T17:23:03.354+0800: 54.747: Application time: 0.1872571 seconds
2019-05-24T17:23:03.374+0800: 54.767: Application time: 0.0198036 seconds
{Heap before GC invocations=100 (full 3):
 par new generation   total 39296K, used 37190K [0x0000000081800000, 0x00000000842a0000, 0x00000000964c0000)
  eden space 34944K, 100% used [0x0000000081800000, 0x0000000083a20000, 0x0000000083a20000)
  from space 4352K,  51% used [0x0000000083a20000, 0x0000000083c51a50, 0x0000000083e60000)
  to   space 4352K,   0% used [0x0000000083e60000, 0x0000000083e60000, 0x00000000842a0000)
 concurrent mark-sweep generation total 87424K, used 43351K [0x00000000964c0000, 0x000000009ba20000, 0x0000000100000000)
 Metaspace       used 64881K, capacity 67638K, committed 67900K, reserved 1107968K
  class space    used 8578K, capacity 9097K, committed 9236K, reserved 1048576K
2019-05-24T17:23:03.374+0800: 54.767: [GC (Allocation Failure) 2019-05-24T17:23:03.374+0800: 54.767: [ParNew: 37190K->3356K(39296K), 0.0051940 secs] 80542K->46708K(126720K), 0.0053703 secs] [Times: user=0.00 sys=0.00, real=0.00 secs] 
Heap after GC invocations=101 (full 3):
 par new generation   total 39296K, used 3356K [0x0000000081800000, 0x00000000842a0000, 0x00000000964c0000)
  eden space 34944K,   0% used [0x0000000081800000, 0x0000000081800000, 0x0000000083a20000)
  from space 4352K,  77% used [0x0000000083e60000, 0x00000000841a7240, 0x00000000842a0000)
  to   space 4352K,   0% used [0x0000000083a20000, 0x0000000083a20000, 0x0000000083e60000)
 concurrent mark-sweep generation total 87424K, used 43351K [0x00000000964c0000, 0x000000009ba20000, 0x0000000100000000)
 Metaspace       used 64881K, capacity 67638K, committed 67900K, reserved 1107968K
  class space    used 8578K, capacity 9097K, committed 9236K, reserved 1048576K
}
2019-05-24T17:23:03.436+0800: 54.829: Application time: 0.0561601 seconds
2019-05-24T17:23:03.591+0800: 54.984: Application time: 0.1549528 seconds
2019-05-24T17:23:03.591+0800: 54.984: Application time: 0.0000415 seconds
2019-05-24T17:23:03.631+0800: 55.024: Application time: 0.0395691 seconds
{Heap before GC invocations=101 (full 3):
 par new generation   total 39296K, used 38300K [0x0000000081800000, 0x00000000842a0000, 0x00000000964c0000)
  eden space 34944K, 100% used [0x0000000081800000, 0x0000000083a20000, 0x0000000083a20000)
  from space 4352K,  77% used [0x0000000083e60000, 0x00000000841a7240, 0x00000000842a0000)
  to   space 4352K,   0% used [0x0000000083a20000, 0x0000000083a20000, 0x0000000083e60000)
 concurrent mark-sweep generation total 87424K, used 43351K [0x00000000964c0000, 0x000000009ba20000, 0x0000000100000000)
 Metaspace       used 65344K, capacity 68084K, committed 68412K, reserved 1107968K
  class space    used 8637K, capacity 9134K, committed 9236K, reserved 1048576K
2019-05-24T17:23:03.631+0800: 55.024: [GC (Allocation Failure) 2019-05-24T17:23:03.631+0800: 55.024: [ParNew: 38300K->3219K(39296K), 0.0064785 secs] 81652K->47326K(126720K), 0.0066668 secs] [Times: user=0.11 sys=0.00, real=0.01 secs] 
Heap after GC invocations=102 (full 3):
 par new generation   total 39296K, used 3219K [0x0000000081800000, 0x00000000842a0000, 0x00000000964c0000)
  eden space 34944K,   0% used [0x0000000081800000, 0x0000000081800000, 0x0000000083a20000)
  from space 4352K,  73% used [0x0000000083a20000, 0x0000000083d44f60, 0x0000000083e60000)
  to   space 4352K,   0% used [0x0000000083e60000, 0x0000000083e60000, 0x00000000842a0000)
 concurrent mark-sweep generation total 87424K, used 44106K [0x00000000964c0000, 0x000000009ba20000, 0x0000000100000000)
 Metaspace       used 65344K, capacity 68084K, committed 68412K, reserved 1107968K
  class space    used 8637K, capacity 9134K, committed 9236K, reserved 1048576K
}
2019-05-24T17:23:03.763+0800: 55.156: Application time: 0.1249911 seconds
{Heap before GC invocations=102 (full 3):
 par new generation   total 39296K, used 38163K [0x0000000081800000, 0x00000000842a0000, 0x00000000964c0000)
  eden space 34944K, 100% used [0x0000000081800000, 0x0000000083a20000, 0x0000000083a20000)
  from space 4352K,  73% used [0x0000000083a20000, 0x0000000083d44f60, 0x0000000083e60000)
  to   space 4352K,   0% used [0x0000000083e60000, 0x0000000083e60000, 0x00000000842a0000)
 concurrent mark-sweep generation total 87424K, used 44106K [0x00000000964c0000, 0x000000009ba20000, 0x0000000100000000)
 Metaspace       used 65361K, capacity 68084K, committed 68412K, reserved 1107968K
  class space    used 8639K, capacity 9134K, committed 9236K, reserved 1048576K
2019-05-24T17:23:03.763+0800: 55.156: [GC (Allocation Failure) 2019-05-24T17:23:03.763+0800: 55.156: [ParNew: 38163K->2501K(39296K), 0.0048731 secs] 82270K->46916K(126720K), 0.0050597 secs] [Times: user=0.00 sys=0.00, real=0.00 secs] 
Heap after GC invocations=103 (full 3):
 par new generation   total 39296K, used 2501K [0x0000000081800000, 0x00000000842a0000, 0x00000000964c0000)
  eden space 34944K,   0% used [0x0000000081800000, 0x0000000081800000, 0x0000000083a20000)
  from space 4352K,  57% used [0x0000000083e60000, 0x00000000840d14f0, 0x00000000842a0000)
  to   space 4352K,   0% used [0x0000000083a20000, 0x0000000083a20000, 0x0000000083e60000)
 concurrent mark-sweep generation total 87424K, used 44414K [0x00000000964c0000, 0x000000009ba20000, 0x0000000100000000)
 Metaspace       used 65361K, capacity 68084K, committed 68412K, reserved 1107968K
  class space    used 8639K, capacity 9134K, committed 9236K, reserved 1048576K
}
2019-05-24T17:23:03.770+0800: 55.163: Application time: 0.0024519 seconds
2019-05-24T17:23:03.933+0800: 55.326: Application time: 0.1462590 seconds
{Heap before GC invocations=103 (full 3):
 par new generation   total 39296K, used 37445K [0x0000000081800000, 0x00000000842a0000, 0x00000000964c0000)
  eden space 34944K, 100% used [0x0000000081800000, 0x0000000083a20000, 0x0000000083a20000)
  from space 4352K,  57% used [0x0000000083e60000, 0x00000000840d14f0, 0x00000000842a0000)
  to   space 4352K,   0% used [0x0000000083a20000, 0x0000000083a20000, 0x0000000083e60000)
 concurrent mark-sweep generation total 87424K, used 44414K [0x00000000964c0000, 0x000000009ba20000, 0x0000000100000000)
 Metaspace       used 65442K, capacity 68202K, committed 68412K, reserved 1107968K
  class space    used 8649K, capacity 9171K, committed 9236K, reserved 1048576K
2019-05-24T17:23:03.933+0800: 55.326: [GC (Allocation Failure) 2019-05-24T17:23:03.933+0800: 55.326: [ParNew: 37445K->3295K(39296K), 0.0047593 secs] 81860K->47709K(126720K), 0.0049527 secs] [Times: user=0.00 sys=0.00, real=0.00 secs] 
Heap after GC invocations=104 (full 3):
 par new generation   total 39296K, used 3295K [0x0000000081800000, 0x00000000842a0000, 0x00000000964c0000)
  eden space 34944K,   0% used [0x0000000081800000, 0x0000000081800000, 0x0000000083a20000)
  from space 4352K,  75% used [0x0000000083a20000, 0x0000000083d57c28, 0x0000000083e60000)
  to   space 4352K,   0% used [0x0000000083e60000, 0x0000000083e60000, 0x00000000842a0000)
 concurrent mark-sweep generation total 87424K, used 44414K [0x00000000964c0000, 0x000000009ba20000, 0x0000000100000000)
 Metaspace       used 65442K, capacity 68202K, committed 68412K, reserved 1107968K
  class space    used 8649K, capacity 9171K, committed 9236K, reserved 1048576K
}
2019-05-24T17:23:04.195+0800: 55.588: Application time: 0.2564670 seconds
{Heap before GC invocations=104 (full 3):
 par new generation   total 39296K, used 38239K [0x0000000081800000, 0x00000000842a0000, 0x00000000964c0000)
  eden space 34944K, 100% used [0x0000000081800000, 0x0000000083a20000, 0x0000000083a20000)
  from space 4352K,  75% used [0x0000000083a20000, 0x0000000083d57c28, 0x0000000083e60000)
  to   space 4352K,   0% used [0x0000000083e60000, 0x0000000083e60000, 0x00000000842a0000)
 concurrent mark-sweep generation total 87424K, used 44414K [0x00000000964c0000, 0x000000009ba20000, 0x0000000100000000)
 Metaspace       used 65759K, capacity 68520K, committed 68832K, reserved 1110016K
  class space    used 8672K, capacity 9180K, committed 9236K, reserved 1048576K
2019-05-24T17:23:04.195+0800: 55.588: [GC (Allocation Failure) 2019-05-24T17:23:04.195+0800: 55.588: [ParNew: 38239K->3267K(39296K), 0.0070582 secs] 82653K->48169K(126720K), 0.0075873 secs] [Times: user=0.11 sys=0.00, real=0.01 secs] 
Heap after GC invocations=105 (full 3):
 par new generation   total 39296K, used 3267K [0x0000000081800000, 0x00000000842a0000, 0x00000000964c0000)
  eden space 34944K,   0% used [0x0000000081800000, 0x0000000081800000, 0x0000000083a20000)
  from space 4352K,  75% used [0x0000000083e60000, 0x0000000084190dd8, 0x00000000842a0000)
  to   space 4352K,   0% used [0x0000000083a20000, 0x0000000083a20000, 0x0000000083e60000)
 concurrent mark-sweep generation total 87424K, used 44901K [0x00000000964c0000, 0x000000009ba20000, 0x0000000100000000)
 Metaspace       used 65759K, capacity 68520K, committed 68832K, reserved 1110016K
  class space    used 8672K, capacity 9180K, committed 9236K, reserved 1048576K
}
2019-05-24T17:23:04.508+0800: 55.901: Application time: 0.3050990 seconds
{Heap before GC invocations=105 (full 3):
 par new generation   total 39296K, used 38211K [0x0000000081800000, 0x00000000842a0000, 0x00000000964c0000)
  eden space 34944K, 100% used [0x0000000081800000, 0x0000000083a20000, 0x0000000083a20000)
  from space 4352K,  75% used [0x0000000083e60000, 0x0000000084190dd8, 0x00000000842a0000)
  to   space 4352K,   0% used [0x0000000083a20000, 0x0000000083a20000, 0x0000000083e60000)
 concurrent mark-sweep generation total 87424K, used 44901K [0x00000000964c0000, 0x000000009ba20000, 0x0000000100000000)
 Metaspace       used 65908K, capacity 68736K, committed 68832K, reserved 1110016K
  class space    used 8682K, capacity 9184K, committed 9236K, reserved 1048576K
2019-05-24T17:23:04.508+0800: 55.901: [GC (Allocation Failure) 2019-05-24T17:23:04.509+0800: 55.901: [ParNew: 38211K->3684K(39296K), 0.0068409 secs] 83113K->49178K(126720K), 0.0070707 secs] [Times: user=0.11 sys=0.00, real=0.01 secs] 
Heap after GC invocations=106 (full 3):
 par new generation   total 39296K, used 3684K [0x0000000081800000, 0x00000000842a0000, 0x00000000964c0000)
  eden space 34944K,   0% used [0x0000000081800000, 0x0000000081800000, 0x0000000083a20000)
  from space 4352K,  84% used [0x0000000083a20000, 0x0000000083db92b0, 0x0000000083e60000)
  to   space 4352K,   0% used [0x0000000083e60000, 0x0000000083e60000, 0x00000000842a0000)
 concurrent mark-sweep generation total 87424K, used 45493K [0x00000000964c0000, 0x000000009ba20000, 0x0000000100000000)
 Metaspace       used 65908K, capacity 68736K, committed 68832K, reserved 1110016K
  class space    used 8682K, capacity 9184K, committed 9236K, reserved 1048576K
}
2019-05-24T17:23:04.805+0800: 56.198: Application time: 0.2891201 seconds
{Heap before GC invocations=106 (full 3):
 par new generation   total 39296K, used 38628K [0x0000000081800000, 0x00000000842a0000, 0x00000000964c0000)
  eden space 34944K, 100% used [0x0000000081800000, 0x0000000083a20000, 0x0000000083a20000)
  from space 4352K,  84% used [0x0000000083a20000, 0x0000000083db92b0, 0x0000000083e60000)
  to   space 4352K,   0% used [0x0000000083e60000, 0x0000000083e60000, 0x00000000842a0000)
 concurrent mark-sweep generation total 87424K, used 45493K [0x00000000964c0000, 0x000000009ba20000, 0x0000000100000000)
 Metaspace       used 66114K, capacity 68996K, committed 69088K, reserved 1110016K
  class space    used 8698K, capacity 9222K, committed 9236K, reserved 1048576K
2019-05-24T17:23:04.805+0800: 56.198: [GC (Allocation Failure) 2019-05-24T17:23:04.805+0800: 56.198: [ParNew: 38628K->3495K(39296K), 0.0058175 secs] 84122K->49432K(126720K), 0.0060211 secs] [Times: user=0.11 sys=0.00, real=0.01 secs] 
Heap after GC invocations=107 (full 3):
 par new generation   total 39296K, used 3495K [0x0000000081800000, 0x00000000842a0000, 0x00000000964c0000)
  eden space 34944K,   0% used [0x0000000081800000, 0x0000000081800000, 0x0000000083a20000)
  from space 4352K,  80% used [0x0000000083e60000, 0x00000000841c9cd0, 0x00000000842a0000)
  to   space 4352K,   0% used [0x0000000083a20000, 0x0000000083a20000, 0x0000000083e60000)
 concurrent mark-sweep generation total 87424K, used 45936K [0x00000000964c0000, 0x000000009ba20000, 0x0000000100000000)
 Metaspace       used 66114K, capacity 68996K, committed 69088K, reserved 1110016K
  class space    used 8698K, capacity 9222K, committed 9236K, reserved 1048576K
}
2019-05-24T17:23:04.938+0800: 56.330: Application time: 0.1263473 seconds
2019-05-24T17:23:05.029+0800: 56.422: Application time: 0.0911286 seconds
2019-05-24T17:23:05.098+0800: 56.491: Application time: 0.0691149 seconds
{Heap before GC invocations=107 (full 3):
 par new generation   total 39296K, used 38439K [0x0000000081800000, 0x00000000842a0000, 0x00000000964c0000)
  eden space 34944K, 100% used [0x0000000081800000, 0x0000000083a20000, 0x0000000083a20000)
  from space 4352K,  80% used [0x0000000083e60000, 0x00000000841c9cd0, 0x00000000842a0000)
  to   space 4352K,   0% used [0x0000000083a20000, 0x0000000083a20000, 0x0000000083e60000)
 concurrent mark-sweep generation total 87424K, used 45936K [0x00000000964c0000, 0x000000009ba20000, 0x0000000100000000)
 Metaspace       used 66328K, capacity 69178K, committed 69472K, reserved 1110016K
  class space    used 8725K, capacity 9259K, committed 9364K, reserved 1048576K
2019-05-24T17:23:05.098+0800: 56.491: [GC (Allocation Failure) 2019-05-24T17:23:05.098+0800: 56.491: [ParNew: 38439K->3353K(39296K), 0.0054505 secs] 84376K->49290K(126720K), 0.0056587 secs] [Times: user=0.00 sys=0.00, real=0.01 secs] 
Heap after GC invocations=108 (full 3):
 par new generation   total 39296K, used 3353K [0x0000000081800000, 0x00000000842a0000, 0x00000000964c0000)
  eden space 34944K,   0% used [0x0000000081800000, 0x0000000081800000, 0x0000000083a20000)
  from space 4352K,  77% used [0x0000000083a20000, 0x0000000083d66530, 0x0000000083e60000)
  to   space 4352K,   0% used [0x0000000083e60000, 0x0000000083e60000, 0x00000000842a0000)
 concurrent mark-sweep generation total 87424K, used 45936K [0x00000000964c0000, 0x000000009ba20000, 0x0000000100000000)
 Metaspace       used 66328K, capacity 69178K, committed 69472K, reserved 1110016K
  class space    used 8725K, capacity 9259K, committed 9364K, reserved 1048576K
}
2019-05-24T17:23:05.552+0800: 56.945: Application time: 0.4475561 seconds
{Heap before GC invocations=108 (full 3):
 par new generation   total 39296K, used 38297K [0x0000000081800000, 0x00000000842a0000, 0x00000000964c0000)
  eden space 34944K, 100% used [0x0000000081800000, 0x0000000083a20000, 0x0000000083a20000)
  from space 4352K,  77% used [0x0000000083a20000, 0x0000000083d66530, 0x0000000083e60000)
  to   space 4352K,   0% used [0x0000000083e60000, 0x0000000083e60000, 0x00000000842a0000)
 concurrent mark-sweep generation total 87424K, used 45936K [0x00000000964c0000, 0x000000009ba20000, 0x0000000100000000)
 Metaspace       used 66887K, capacity 69756K, committed 69984K, reserved 1110016K
  class space    used 8815K, capacity 9324K, committed 9364K, reserved 1048576K
2019-05-24T17:23:05.552+0800: 56.945: [GC (Allocation Failure) 2019-05-24T17:23:05.552+0800: 56.945: [ParNew: 38297K->3411K(39296K), 0.0091824 secs] 84234K->49814K(126720K), 0.0093747 secs] [Times: user=0.08 sys=0.00, real=0.01 secs] 
Heap after GC invocations=109 (full 3):
 par new generation   total 39296K, used 3411K [0x0000000081800000, 0x00000000842a0000, 0x00000000964c0000)
  eden space 34944K,   0% used [0x0000000081800000, 0x0000000081800000, 0x0000000083a20000)
  from space 4352K,  78% used [0x0000000083e60000, 0x00000000841b4fb8, 0x00000000842a0000)
  to   space 4352K,   0% used [0x0000000083a20000, 0x0000000083a20000, 0x0000000083e60000)
 concurrent mark-sweep generation total 87424K, used 46402K [0x00000000964c0000, 0x000000009ba20000, 0x0000000100000000)
 Metaspace       used 66887K, capacity 69756K, committed 69984K, reserved 1110016K
  class space    used 8815K, capacity 9324K, committed 9364K, reserved 1048576K
}
2019-05-24T17:23:05.680+0800: 57.073: Application time: 0.1188733 seconds
{Heap before GC invocations=109 (full 3):
 par new generation   total 39296K, used 38355K [0x0000000081800000, 0x00000000842a0000, 0x00000000964c0000)
  eden space 34944K, 100% used [0x0000000081800000, 0x0000000083a20000, 0x0000000083a20000)
  from space 4352K,  78% used [0x0000000083e60000, 0x00000000841b4fb8, 0x00000000842a0000)
  to   space 4352K,   0% used [0x0000000083a20000, 0x0000000083a20000, 0x0000000083e60000)
 concurrent mark-sweep generation total 87424K, used 46402K [0x00000000964c0000, 0x000000009ba20000, 0x0000000100000000)
 Metaspace       used 66931K, capacity 69790K, committed 69984K, reserved 1110016K
  class space    used 8824K, capacity 9357K, committed 9364K, reserved 1048576K
2019-05-24T17:23:05.681+0800: 57.074: [GC (Allocation Failure) 2019-05-24T17:23:05.681+0800: 57.074: [ParNew: 38355K->2497K(39296K), 0.0063221 secs] 84758K->49565K(126720K), 0.0065462 secs] [Times: user=0.08 sys=0.00, real=0.01 secs] 
Heap after GC invocations=110 (full 3):
 par new generation   total 39296K, used 2497K [0x0000000081800000, 0x00000000842a0000, 0x00000000964c0000)
  eden space 34944K,   0% used [0x0000000081800000, 0x0000000081800000, 0x0000000083a20000)
  from space 4352K,  57% used [0x0000000083a20000, 0x0000000083c90608, 0x0000000083e60000)
  to   space 4352K,   0% used [0x0000000083e60000, 0x0000000083e60000, 0x00000000842a0000)
 concurrent mark-sweep generation total 87424K, used 47067K [0x00000000964c0000, 0x000000009ba20000, 0x0000000100000000)
 Metaspace       used 66931K, capacity 69790K, committed 69984K, reserved 1110016K
  class space    used 8824K, capacity 9357K, committed 9364K, reserved 1048576K
}
2019-05-24T17:23:05.950+0800: 57.343: Application time: 0.2626315 seconds
{Heap before GC invocations=110 (full 3):
 par new generation   total 39296K, used 37441K [0x0000000081800000, 0x00000000842a0000, 0x00000000964c0000)
  eden space 34944K, 100% used [0x0000000081800000, 0x0000000083a20000, 0x0000000083a20000)
  from space 4352K,  57% used [0x0000000083a20000, 0x0000000083c90608, 0x0000000083e60000)
  to   space 4352K,   0% used [0x0000000083e60000, 0x0000000083e60000, 0x00000000842a0000)
 concurrent mark-sweep generation total 87424K, used 47067K [0x00000000964c0000, 0x000000009ba20000, 0x0000000100000000)
 Metaspace       used 66939K, capacity 69790K, committed 69984K, reserved 1110016K
  class space    used 8825K, capacity 9357K, committed 9364K, reserved 1048576K
2019-05-24T17:23:05.950+0800: 57.343: [GC (Allocation Failure) 2019-05-24T17:23:05.950+0800: 57.343: [ParNew: 37441K->2004K(39296K), 0.0041938 secs] 84509K->49072K(126720K), 0.0044669 secs] [Times: user=0.00 sys=0.00, real=0.00 secs] 
Heap after GC invocations=111 (full 3):
 par new generation   total 39296K, used 2004K [0x0000000081800000, 0x00000000842a0000, 0x00000000964c0000)
  eden space 34944K,   0% used [0x0000000081800000, 0x0000000081800000, 0x0000000083a20000)
  from space 4352K,  46% used [0x0000000083e60000, 0x00000000840553c0, 0x00000000842a0000)
  to   space 4352K,   0% used [0x0000000083a20000, 0x0000000083a20000, 0x0000000083e60000)
 concurrent mark-sweep generation total 87424K, used 47067K [0x00000000964c0000, 0x000000009ba20000, 0x0000000100000000)
 Metaspace       used 66939K, capacity 69790K, committed 69984K, reserved 1110016K
  class space    used 8825K, capacity 9357K, committed 9364K, reserved 1048576K
}
2019-05-24T17:23:06.063+0800: 57.456: Application time: 0.1080587 seconds
{Heap before GC invocations=111 (full 3):
 par new generation   total 39296K, used 36948K [0x0000000081800000, 0x00000000842a0000, 0x00000000964c0000)
  eden space 34944K, 100% used [0x0000000081800000, 0x0000000083a20000, 0x0000000083a20000)
  from space 4352K,  46% used [0x0000000083e60000, 0x00000000840553c0, 0x00000000842a0000)
  to   space 4352K,   0% used [0x0000000083a20000, 0x0000000083a20000, 0x0000000083e60000)
 concurrent mark-sweep generation total 87424K, used 47067K [0x00000000964c0000, 0x000000009ba20000, 0x0000000100000000)
 Metaspace       used 66978K, capacity 69854K, committed 69984K, reserved 1110016K
  class space    used 8833K, capacity 9357K, committed 9364K, reserved 1048576K
2019-05-24T17:23:06.063+0800: 57.456: [GC (Allocation Failure) 2019-05-24T17:23:06.063+0800: 57.456: [ParNew: 36948K->2022K(39296K), 0.0044163 secs] 84016K->49090K(126720K), 0.0046359 secs] [Times: user=0.00 sys=0.00, real=0.01 secs] 
Heap after GC invocations=112 (full 3):
 par new generation   total 39296K, used 2022K [0x0000000081800000, 0x00000000842a0000, 0x00000000964c0000)
  eden space 34944K,   0% used [0x0000000081800000, 0x0000000081800000, 0x0000000083a20000)
  from space 4352K,  46% used [0x0000000083a20000, 0x0000000083c19a90, 0x0000000083e60000)
  to   space 4352K,   0% used [0x0000000083e60000, 0x0000000083e60000, 0x00000000842a0000)
 concurrent mark-sweep generation total 87424K, used 47067K [0x00000000964c0000, 0x000000009ba20000, 0x0000000100000000)
 Metaspace       used 66978K, capacity 69854K, committed 69984K, reserved 1110016K
  class space    used 8833K, capacity 9357K, committed 9364K, reserved 1048576K
}
2019-05-24T17:23:06.238+0800: 57.631: Application time: 0.1696529 seconds
{Heap before GC invocations=112 (full 3):
 par new generation   total 39296K, used 36966K [0x0000000081800000, 0x00000000842a0000, 0x00000000964c0000)
  eden space 34944K, 100% used [0x0000000081800000, 0x0000000083a20000, 0x0000000083a20000)
  from space 4352K,  46% used [0x0000000083a20000, 0x0000000083c19a90, 0x0000000083e60000)
  to   space 4352K,   0% used [0x0000000083e60000, 0x0000000083e60000, 0x00000000842a0000)
 concurrent mark-sweep generation total 87424K, used 47067K [0x00000000964c0000, 0x000000009ba20000, 0x0000000100000000)
 Metaspace       used 67049K, capacity 69924K, committed 69984K, reserved 1110016K
  class space    used 8844K, capacity 9358K, committed 9364K, reserved 1048576K
2019-05-24T17:23:06.238+0800: 57.631: [GC (Allocation Failure) 2019-05-24T17:23:06.238+0800: 57.631: [ParNew: 36966K->2024K(39296K), 0.0042189 secs] 84034K->49092K(126720K), 0.0044305 secs] [Times: user=0.00 sys=0.00, real=0.00 secs] 
Heap after GC invocations=113 (full 3):
 par new generation   total 39296K, used 2024K [0x0000000081800000, 0x00000000842a0000, 0x00000000964c0000)
  eden space 34944K,   0% used [0x0000000081800000, 0x0000000081800000, 0x0000000083a20000)
  from space 4352K,  46% used [0x0000000083e60000, 0x000000008405a290, 0x00000000842a0000)
  to   space 4352K,   0% used [0x0000000083a20000, 0x0000000083a20000, 0x0000000083e60000)
 concurrent mark-sweep generation total 87424K, used 47067K [0x00000000964c0000, 0x000000009ba20000, 0x0000000100000000)
 Metaspace       used 67049K, capacity 69924K, committed 69984K, reserved 1110016K
  class space    used 8844K, capacity 9358K, committed 9364K, reserved 1048576K
}
2019-05-24T17:23:06.403+0800: 57.796: Application time: 0.1606934 seconds
{Heap before GC invocations=113 (full 3):
 par new generation   total 39296K, used 36968K [0x0000000081800000, 0x00000000842a0000, 0x00000000964c0000)
  eden space 34944K, 100% used [0x0000000081800000, 0x0000000083a20000, 0x0000000083a20000)
  from space 4352K,  46% used [0x0000000083e60000, 0x000000008405a290, 0x00000000842a0000)
  to   space 4352K,   0% used [0x0000000083a20000, 0x0000000083a20000, 0x0000000083e60000)
 concurrent mark-sweep generation total 87424K, used 47067K [0x00000000964c0000, 0x000000009ba20000, 0x0000000100000000)
 Metaspace       used 67090K, capacity 69934K, committed 69984K, reserved 1110016K
  class space    used 8851K, capacity 9361K, committed 9364K, reserved 1048576K
2019-05-24T17:23:06.403+0800: 57.796: [GC (Allocation Failure) 2019-05-24T17:23:06.403+0800: 57.796: [ParNew: 36968K->2681K(39296K), 0.0047963 secs] 84036K->49749K(126720K), 0.0050142 secs] [Times: user=0.00 sys=0.00, real=0.00 secs] 
Heap after GC invocations=114 (full 3):
 par new generation   total 39296K, used 2681K [0x0000000081800000, 0x00000000842a0000, 0x00000000964c0000)
  eden space 34944K,   0% used [0x0000000081800000, 0x0000000081800000, 0x0000000083a20000)
  from space 4352K,  61% used [0x0000000083a20000, 0x0000000083cbe560, 0x0000000083e60000)
  to   space 4352K,   0% used [0x0000000083e60000, 0x0000000083e60000, 0x00000000842a0000)
 concurrent mark-sweep generation total 87424K, used 47067K [0x00000000964c0000, 0x000000009ba20000, 0x0000000100000000)
 Metaspace       used 67090K, capacity 69934K, committed 69984K, reserved 1110016K
  class space    used 8851K, capacity 9361K, committed 9364K, reserved 1048576K
}
2019-05-24T17:23:06.436+0800: 57.829: Application time: 0.0275598 seconds
2019-05-24T17:23:06.461+0800: 57.854: Application time: 0.0232522 seconds
2019-05-24T17:23:06.693+0800: 58.086: Application time: 0.2253715 seconds
{Heap before GC invocations=114 (full 3):
 par new generation   total 39296K, used 37625K [0x0000000081800000, 0x00000000842a0000, 0x00000000964c0000)
  eden space 34944K, 100% used [0x0000000081800000, 0x0000000083a20000, 0x0000000083a20000)
  from space 4352K,  61% used [0x0000000083a20000, 0x0000000083cbe560, 0x0000000083e60000)
  to   space 4352K,   0% used [0x0000000083e60000, 0x0000000083e60000, 0x00000000842a0000)
 concurrent mark-sweep generation total 87424K, used 47067K [0x00000000964c0000, 0x000000009ba20000, 0x0000000100000000)
 Metaspace       used 67178K, capacity 70048K, committed 70368K, reserved 1110016K
  class space    used 8862K, capacity 9396K, committed 9492K, reserved 1048576K
2019-05-24T17:23:06.693+0800: 58.086: [GC (Allocation Failure) 2019-05-24T17:23:06.693+0800: 58.086: [ParNew: 37625K->3010K(39296K), 0.0054932 secs] 84693K->50378K(126720K), 0.0057162 secs] [Times: user=0.06 sys=0.00, real=0.01 secs] 
Heap after GC invocations=115 (full 3):
 par new generation   total 39296K, used 3010K [0x0000000081800000, 0x00000000842a0000, 0x00000000964c0000)
  eden space 34944K,   0% used [0x0000000081800000, 0x0000000081800000, 0x0000000083a20000)
  from space 4352K,  69% used [0x0000000083e60000, 0x0000000084150858, 0x00000000842a0000)
  to   space 4352K,   0% used [0x0000000083a20000, 0x0000000083a20000, 0x0000000083e60000)
 concurrent mark-sweep generation total 87424K, used 47368K [0x00000000964c0000, 0x000000009ba20000, 0x0000000100000000)
 Metaspace       used 67178K, capacity 70048K, committed 70368K, reserved 1110016K
  class space    used 8862K, capacity 9396K, committed 9492K, reserved 1048576K
}
2019-05-24T17:23:07.174+0800: 58.567: Application time: 0.4748873 seconds
{Heap before GC invocations=115 (full 3):
 par new generation   total 39296K, used 37954K [0x0000000081800000, 0x00000000842a0000, 0x00000000964c0000)
  eden space 34944K, 100% used [0x0000000081800000, 0x0000000083a20000, 0x0000000083a20000)
  from space 4352K,  69% used [0x0000000083e60000, 0x0000000084150858, 0x00000000842a0000)
  to   space 4352K,   0% used [0x0000000083a20000, 0x0000000083a20000, 0x0000000083e60000)
 concurrent mark-sweep generation total 87424K, used 47368K [0x00000000964c0000, 0x000000009ba20000, 0x0000000100000000)
 Metaspace       used 67348K, capacity 70206K, committed 70368K, reserved 1110016K
  class space    used 8890K, capacity 9403K, committed 9492K, reserved 1048576K
2019-05-24T17:23:07.175+0800: 58.567: [GC (Allocation Failure) 2019-05-24T17:23:07.175+0800: 58.567: [ParNew: 37954K->3128K(39296K), 0.0062089 secs] 85322K->50848K(126720K), 0.0064279 secs] [Times: user=0.00 sys=0.00, real=0.01 secs] 
Heap after GC invocations=116 (full 3):
 par new generation   total 39296K, used 3128K [0x0000000081800000, 0x00000000842a0000, 0x00000000964c0000)
  eden space 34944K,   0% used [0x0000000081800000, 0x0000000081800000, 0x0000000083a20000)
  from space 4352K,  71% used [0x0000000083a20000, 0x0000000083d2e078, 0x0000000083e60000)
  to   space 4352K,   0% used [0x0000000083e60000, 0x0000000083e60000, 0x00000000842a0000)
 concurrent mark-sweep generation total 87424K, used 47720K [0x00000000964c0000, 0x000000009ba20000, 0x0000000100000000)
 Metaspace       used 67348K, capacity 70206K, committed 70368K, reserved 1110016K
  class space    used 8890K, capacity 9403K, committed 9492K, reserved 1048576K
}
2019-05-24T17:23:07.507+0800: 58.900: Application time: 0.3262383 seconds
{Heap before GC invocations=116 (full 3):
 par new generation   total 39296K, used 38072K [0x0000000081800000, 0x00000000842a0000, 0x00000000964c0000)
  eden space 34944K, 100% used [0x0000000081800000, 0x0000000083a20000, 0x0000000083a20000)
  from space 4352K,  71% used [0x0000000083a20000, 0x0000000083d2e078, 0x0000000083e60000)
  to   space 4352K,   0% used [0x0000000083e60000, 0x0000000083e60000, 0x00000000842a0000)
 concurrent mark-sweep generation total 87424K, used 47720K [0x00000000964c0000, 0x000000009ba20000, 0x0000000100000000)
 Metaspace       used 67493K, capacity 70392K, committed 70624K, reserved 1110016K
  class space    used 8911K, capacity 9440K, committed 9492K, reserved 1048576K
2019-05-24T17:23:07.507+0800: 58.900: [GC (Allocation Failure) 2019-05-24T17:23:07.507+0800: 58.901: [ParNew: 38072K->3554K(39296K), 0.0065274 secs] 85792K->51580K(126720K), 0.0067521 secs] [Times: user=0.11 sys=0.00, real=0.01 secs] 
Heap after GC invocations=117 (full 3):
 par new generation   total 39296K, used 3554K [0x0000000081800000, 0x00000000842a0000, 0x00000000964c0000)
  eden space 34944K,   0% used [0x0000000081800000, 0x0000000081800000, 0x0000000083a20000)
  from space 4352K,  81% used [0x0000000083e60000, 0x00000000841d8848, 0x00000000842a0000)
  to   space 4352K,   0% used [0x0000000083a20000, 0x0000000083a20000, 0x0000000083e60000)
 concurrent mark-sweep generation total 87424K, used 48026K [0x00000000964c0000, 0x000000009ba20000, 0x0000000100000000)
 Metaspace       used 67493K, capacity 70392K, committed 70624K, reserved 1110016K
  class space    used 8911K, capacity 9440K, committed 9492K, reserved 1048576K
}
2019-05-24T17:23:07.627+0800: 59.020: Application time: 0.1129694 seconds
2019-05-24T17:23:07.718+0800: 59.111: Application time: 0.0888627 seconds
2019-05-24T17:23:07.784+0800: 59.177: Application time: 0.0655678 seconds
2019-05-24T17:23:07.786+0800: 59.179: Application time: 0.0001866 seconds
2019-05-24T17:23:07.798+0800: 59.191: Application time: 0.0111838 seconds
2019-05-24T17:23:08.065+0800: 59.458: Application time: 0.2658024 seconds
2019-05-24T17:23:08.084+0800: 59.477: Application time: 0.0187142 seconds
2019-05-24T17:23:08.238+0800: 59.632: Application time: 0.1545978 seconds
{Heap before GC invocations=117 (full 3):
 par new generation   total 39296K, used 38498K [0x0000000081800000, 0x00000000842a0000, 0x00000000964c0000)
  eden space 34944K, 100% used [0x0000000081800000, 0x0000000083a20000, 0x0000000083a20000)
  from space 4352K,  81% used [0x0000000083e60000, 0x00000000841d8848, 0x00000000842a0000)
  to   space 4352K,   0% used [0x0000000083a20000, 0x0000000083a20000, 0x0000000083e60000)
 concurrent mark-sweep generation total 87424K, used 48026K [0x00000000964c0000, 0x000000009ba20000, 0x0000000100000000)
 Metaspace       used 67961K, capacity 70864K, committed 71008K, reserved 1110016K
  class space    used 8972K, capacity 9510K, committed 9620K, reserved 1048576K
2019-05-24T17:23:08.239+0800: 59.632: [GC (Allocation Failure) 2019-05-24T17:23:08.239+0800: 59.632: [ParNew: 38498K->3472K(39296K), 0.0062862 secs] 86524K->51667K(126720K), 0.0065087 secs] [Times: user=0.03 sys=0.00, real=0.01 secs] 
Heap after GC invocations=118 (full 3):
 par new generation   total 39296K, used 3472K [0x0000000081800000, 0x00000000842a0000, 0x00000000964c0000)
  eden space 34944K,   0% used [0x0000000081800000, 0x0000000081800000, 0x0000000083a20000)
  from space 4352K,  79% used [0x0000000083a20000, 0x0000000083d84260, 0x0000000083e60000)
  to   space 4352K,   0% used [0x0000000083e60000, 0x0000000083e60000, 0x00000000842a0000)
 concurrent mark-sweep generation total 87424K, used 48195K [0x00000000964c0000, 0x000000009ba20000, 0x0000000100000000)
 Metaspace       used 67961K, capacity 70864K, committed 71008K, reserved 1110016K
  class space    used 8972K, capacity 9510K, committed 9620K, reserved 1048576K
}
2019-05-24T17:23:08.716+0800: 60.109: Application time: 0.4706007 seconds
{Heap before GC invocations=118 (full 3):
 par new generation   total 39296K, used 38416K [0x0000000081800000, 0x00000000842a0000, 0x00000000964c0000)
  eden space 34944K, 100% used [0x0000000081800000, 0x0000000083a20000, 0x0000000083a20000)
  from space 4352K,  79% used [0x0000000083a20000, 0x0000000083d84260, 0x0000000083e60000)
  to   space 4352K,   0% used [0x0000000083e60000, 0x0000000083e60000, 0x00000000842a0000)
 concurrent mark-sweep generation total 87424K, used 48195K [0x00000000964c0000, 0x000000009ba20000, 0x0000000100000000)
 Metaspace       used 68267K, capacity 71378K, committed 71520K, reserved 1112064K
  class space    used 9014K, capacity 9563K, committed 9620K, reserved 1048576K
2019-05-24T17:23:08.717+0800: 60.110: [GC (Allocation Failure) 2019-05-24T17:23:08.717+0800: 60.110: [ParNew: 38416K->3594K(39296K), 0.0074024 secs] 86611K->52409K(126720K), 0.0076134 secs] [Times: user=0.00 sys=0.00, real=0.01 secs] 
Heap after GC invocations=119 (full 3):
 par new generation   total 39296K, used 3594K [0x0000000081800000, 0x00000000842a0000, 0x00000000964c0000)
  eden space 34944K,   0% used [0x0000000081800000, 0x0000000081800000, 0x0000000083a20000)
  from space 4352K,  82% used [0x0000000083e60000, 0x00000000841e2950, 0x00000000842a0000)
  to   space 4352K,   0% used [0x0000000083a20000, 0x0000000083a20000, 0x0000000083e60000)
 concurrent mark-sweep generation total 87424K, used 48814K [0x00000000964c0000, 0x000000009ba20000, 0x0000000100000000)
 Metaspace       used 68267K, capacity 71378K, committed 71520K, reserved 1112064K
  class space    used 9014K, capacity 9563K, committed 9620K, reserved 1048576K
}
2019-05-24T17:23:08.912+0800: 60.304: Application time: 0.1870973 seconds
{Heap before GC invocations=119 (full 3):
 par new generation   total 39296K, used 38538K [0x0000000081800000, 0x00000000842a0000, 0x00000000964c0000)
  eden space 34944K, 100% used [0x0000000081800000, 0x0000000083a20000, 0x0000000083a20000)
  from space 4352K,  82% used [0x0000000083e60000, 0x00000000841e2950, 0x00000000842a0000)
  to   space 4352K,   0% used [0x0000000083a20000, 0x0000000083a20000, 0x0000000083e60000)
 concurrent mark-sweep generation total 87424K, used 48814K [0x00000000964c0000, 0x000000009ba20000, 0x0000000100000000)
 Metaspace       used 68368K, capacity 71562K, committed 71776K, reserved 1112064K
  class space    used 9032K, capacity 9585K, committed 9620K, reserved 1048576K
2019-05-24T17:23:08.912+0800: 60.305: [GC (Allocation Failure) 2019-05-24T17:23:08.912+0800: 60.305: [ParNew: 38538K->2948K(39296K), 0.0062987 secs] 87353K->52221K(126720K), 0.0065530 secs] [Times: user=0.05 sys=0.00, real=0.01 secs] 
Heap after GC invocations=120 (full 3):
 par new generation   total 39296K, used 2948K [0x0000000081800000, 0x00000000842a0000, 0x00000000964c0000)
  eden space 34944K,   0% used [0x0000000081800000, 0x0000000081800000, 0x0000000083a20000)
  from space 4352K,  67% used [0x0000000083a20000, 0x0000000083d012a0, 0x0000000083e60000)
  to   space 4352K,   0% used [0x0000000083e60000, 0x0000000083e60000, 0x00000000842a0000)
 concurrent mark-sweep generation total 87424K, used 49273K [0x00000000964c0000, 0x000000009ba20000, 0x0000000100000000)
 Metaspace       used 68368K, capacity 71562K, committed 71776K, reserved 1112064K
  class space    used 9032K, capacity 9585K, committed 9620K, reserved 1048576K
}
2019-05-24T17:23:09.066+0800: 60.459: Application time: 0.1477734 seconds
{Heap before GC invocations=120 (full 3):
 par new generation   total 39296K, used 37892K [0x0000000081800000, 0x00000000842a0000, 0x00000000964c0000)
  eden space 34944K, 100% used [0x0000000081800000, 0x0000000083a20000, 0x0000000083a20000)
  from space 4352K,  67% used [0x0000000083a20000, 0x0000000083d012a0, 0x0000000083e60000)
  to   space 4352K,   0% used [0x0000000083e60000, 0x0000000083e60000, 0x00000000842a0000)
 concurrent mark-sweep generation total 87424K, used 49273K [0x00000000964c0000, 0x000000009ba20000, 0x0000000100000000)
 Metaspace       used 68455K, capacity 71670K, committed 71776K, reserved 1112064K
  class space    used 9043K, capacity 9619K, committed 9620K, reserved 1048576K
2019-05-24T17:23:09.067+0800: 60.460: [GC (Allocation Failure) 2019-05-24T17:23:09.067+0800: 60.460: [ParNew: 37892K->3344K(39296K), 0.0051905 secs] 87165K->52618K(126720K), 0.0055205 secs] [Times: user=0.00 sys=0.00, real=0.01 secs] 
Heap after GC invocations=121 (full 3):
 par new generation   total 39296K, used 3344K [0x0000000081800000, 0x00000000842a0000, 0x00000000964c0000)
  eden space 34944K,   0% used [0x0000000081800000, 0x0000000081800000, 0x0000000083a20000)
  from space 4352K,  76% used [0x0000000083e60000, 0x00000000841a43c0, 0x00000000842a0000)
  to   space 4352K,   0% used [0x0000000083a20000, 0x0000000083a20000, 0x0000000083e60000)
 concurrent mark-sweep generation total 87424K, used 49273K [0x00000000964c0000, 0x000000009ba20000, 0x0000000100000000)
 Metaspace       used 68455K, capacity 71670K, committed 71776K, reserved 1112064K
  class space    used 9043K, capacity 9619K, committed 9620K, reserved 1048576K
}
2019-05-24T17:23:09.101+0800: 60.494: Application time: 0.0283386 seconds
2019-05-24T17:23:09.209+0800: 60.602: Application time: 0.1041533 seconds
2019-05-24T17:23:09.309+0800: 60.702: Application time: 0.0986220 seconds
{Heap before GC invocations=121 (full 3):
 par new generation   total 39296K, used 38288K [0x0000000081800000, 0x00000000842a0000, 0x00000000964c0000)
  eden space 34944K, 100% used [0x0000000081800000, 0x0000000083a20000, 0x0000000083a20000)
  from space 4352K,  76% used [0x0000000083e60000, 0x00000000841a43c0, 0x00000000842a0000)
  to   space 4352K,   0% used [0x0000000083a20000, 0x0000000083a20000, 0x0000000083e60000)
 concurrent mark-sweep generation total 87424K, used 49273K [0x00000000964c0000, 0x000000009ba20000, 0x0000000100000000)
 Metaspace       used 68630K, capacity 71830K, committed 72160K, reserved 1112064K
  class space    used 9084K, capacity 9651K, committed 9748K, reserved 1048576K
2019-05-24T17:23:09.309+0800: 60.702: [GC (Allocation Failure) 2019-05-24T17:23:09.309+0800: 60.702: [ParNew: 38288K->3431K(39296K), 0.0060467 secs] 87562K->53027K(126720K), 0.0062236 secs] [Times: user=0.00 sys=0.00, real=0.01 secs] 
Heap after GC invocations=122 (full 3):
 par new generation   total 39296K, used 3431K [0x0000000081800000, 0x00000000842a0000, 0x00000000964c0000)
  eden space 34944K,   0% used [0x0000000081800000, 0x0000000081800000, 0x0000000083a20000)
  from space 4352K,  78% used [0x0000000083a20000, 0x0000000083d79ec0, 0x0000000083e60000)
  to   space 4352K,   0% used [0x0000000083e60000, 0x0000000083e60000, 0x00000000842a0000)
 concurrent mark-sweep generation total 87424K, used 49596K [0x00000000964c0000, 0x000000009ba20000, 0x0000000100000000)
 Metaspace       used 68630K, capacity 71830K, committed 72160K, reserved 1112064K
  class space    used 9084K, capacity 9651K, committed 9748K, reserved 1048576K
}
2019-05-24T17:23:09.414+0800: 60.808: Application time: 0.0991448 seconds
{Heap before GC invocations=122 (full 3):
 par new generation   total 39296K, used 38375K [0x0000000081800000, 0x00000000842a0000, 0x00000000964c0000)
  eden space 34944K, 100% used [0x0000000081800000, 0x0000000083a20000, 0x0000000083a20000)
  from space 4352K,  78% used [0x0000000083a20000, 0x0000000083d79ec0, 0x0000000083e60000)
  to   space 4352K,   0% used [0x0000000083e60000, 0x0000000083e60000, 0x00000000842a0000)
 concurrent mark-sweep generation total 87424K, used 49596K [0x00000000964c0000, 0x000000009ba20000, 0x0000000100000000)
 Metaspace       used 68634K, capacity 71830K, committed 72160K, reserved 1112064K
  class space    used 9085K, capacity 9651K, committed 9748K, reserved 1048576K
2019-05-24T17:23:09.415+0800: 60.808: [GC (Allocation Failure) 2019-05-24T17:23:09.415+0800: 60.808: [ParNew: 38375K->3396K(39296K), 0.0055324 secs] 87971K->53254K(126720K), 0.0057242 secs] [Times: user=0.09 sys=0.00, real=0.01 secs] 
Heap after GC invocations=123 (full 3):
 par new generation   total 39296K, used 3396K [0x0000000081800000, 0x00000000842a0000, 0x00000000964c0000)
  eden space 34944K,   0% used [0x0000000081800000, 0x0000000081800000, 0x0000000083a20000)
  from space 4352K,  78% used [0x0000000083e60000, 0x00000000841b1370, 0x00000000842a0000)
  to   space 4352K,   0% used [0x0000000083a20000, 0x0000000083a20000, 0x0000000083e60000)
 concurrent mark-sweep generation total 87424K, used 49857K [0x00000000964c0000, 0x000000009ba20000, 0x0000000100000000)
 Metaspace       used 68634K, capacity 71830K, committed 72160K, reserved 1112064K
  class space    used 9085K, capacity 9651K, committed 9748K, reserved 1048576K
}
2019-05-24T17:23:09.841+0800: 61.234: Application time: 0.4201272 seconds
{Heap before GC invocations=123 (full 3):
 par new generation   total 39296K, used 38340K [0x0000000081800000, 0x00000000842a0000, 0x00000000964c0000)
  eden space 34944K, 100% used [0x0000000081800000, 0x0000000083a20000, 0x0000000083a20000)
  from space 4352K,  78% used [0x0000000083e60000, 0x00000000841b1370, 0x00000000842a0000)
  to   space 4352K,   0% used [0x0000000083a20000, 0x0000000083a20000, 0x0000000083e60000)
 concurrent mark-sweep generation total 87424K, used 49857K [0x00000000964c0000, 0x000000009ba20000, 0x0000000100000000)
 Metaspace       used 68744K, capacity 72044K, committed 72160K, reserved 1112064K
  class space    used 9108K, capacity 9678K, committed 9748K, reserved 1048576K
2019-05-24T17:23:09.841+0800: 61.234: [GC (Allocation Failure) 2019-05-24T17:23:09.842+0800: 61.234: [ParNew: 38340K->3767K(39296K), 0.0054761 secs] 88198K->53625K(126720K), 0.0056804 secs] [Times: user=0.00 sys=0.00, real=0.01 secs] 
Heap after GC invocations=124 (full 3):
 par new generation   total 39296K, used 3767K [0x0000000081800000, 0x00000000842a0000, 0x00000000964c0000)
  eden space 34944K,   0% used [0x0000000081800000, 0x0000000081800000, 0x0000000083a20000)
  from space 4352K,  86% used [0x0000000083a20000, 0x0000000083dcdea0, 0x0000000083e60000)
  to   space 4352K,   0% used [0x0000000083e60000, 0x0000000083e60000, 0x00000000842a0000)
 concurrent mark-sweep generation total 87424K, used 49857K [0x00000000964c0000, 0x000000009ba20000, 0x0000000100000000)
 Metaspace       used 68744K, capacity 72044K, committed 72160K, reserved 1112064K
  class space    used 9108K, capacity 9678K, committed 9748K, reserved 1048576K
}
2019-05-24T17:23:10.134+0800: 61.527: Application time: 0.2864895 seconds
2019-05-24T17:23:10.146+0800: 61.539: Application time: 0.0112134 seconds
2019-05-24T17:23:10.204+0800: 61.597: Application time: 0.0575050 seconds
{Heap before GC invocations=124 (full 3):
 par new generation   total 39296K, used 38711K [0x0000000081800000, 0x00000000842a0000, 0x00000000964c0000)
  eden space 34944K, 100% used [0x0000000081800000, 0x0000000083a20000, 0x0000000083a20000)
  from space 4352K,  86% used [0x0000000083a20000, 0x0000000083dcdea0, 0x0000000083e60000)
  to   space 4352K,   0% used [0x0000000083e60000, 0x0000000083e60000, 0x00000000842a0000)
 concurrent mark-sweep generation total 87424K, used 49857K [0x00000000964c0000, 0x000000009ba20000, 0x0000000100000000)
 Metaspace       used 68903K, capacity 72204K, committed 72416K, reserved 1112064K
  class space    used 9137K, capacity 9710K, committed 9748K, reserved 1048576K
2019-05-24T17:23:10.204+0800: 61.597: [GC (Allocation Failure) 2019-05-24T17:23:10.204+0800: 61.597: [ParNew: 38711K->3074K(39296K), 0.0065001 secs] 88569K->53286K(126720K), 0.0066970 secs] [Times: user=0.00 sys=0.00, real=0.01 secs] 
Heap after GC invocations=125 (full 3):
 par new generation   total 39296K, used 3074K [0x0000000081800000, 0x00000000842a0000, 0x00000000964c0000)
  eden space 34944K,   0% used [0x0000000081800000, 0x0000000081800000, 0x0000000083a20000)
  from space 4352K,  70% used [0x0000000083e60000, 0x0000000084160960, 0x00000000842a0000)
  to   space 4352K,   0% used [0x0000000083a20000, 0x0000000083a20000, 0x0000000083e60000)
 concurrent mark-sweep generation total 87424K, used 50212K [0x00000000964c0000, 0x000000009ba20000, 0x0000000100000000)
 Metaspace       used 68903K, capacity 72204K, committed 72416K, reserved 1112064K
  class space    used 9137K, capacity 9710K, committed 9748K, reserved 1048576K
}
2019-05-24T17:23:10.416+0800: 61.809: Application time: 0.2052653 seconds
{Heap before GC invocations=125 (full 3):
 par new generation   total 39296K, used 38018K [0x0000000081800000, 0x00000000842a0000, 0x00000000964c0000)
  eden space 34944K, 100% used [0x0000000081800000, 0x0000000083a20000, 0x0000000083a20000)
  from space 4352K,  70% used [0x0000000083e60000, 0x0000000084160960, 0x00000000842a0000)
  to   space 4352K,   0% used [0x0000000083a20000, 0x0000000083a20000, 0x0000000083e60000)
 concurrent mark-sweep generation total 87424K, used 50212K [0x00000000964c0000, 0x000000009ba20000, 0x0000000100000000)
 Metaspace       used 68933K, capacity 72216K, committed 72416K, reserved 1112064K
  class space    used 9142K, capacity 9714K, committed 9748K, reserved 1048576K
2019-05-24T17:23:10.416+0800: 61.809: [GC (Allocation Failure) 2019-05-24T17:23:10.416+0800: 61.809: [ParNew: 38018K->2953K(39296K), 0.0064449 secs] 88230K->53901K(126720K), 0.0066253 secs] [Times: user=0.06 sys=0.00, real=0.01 secs] 
Heap after GC invocations=126 (full 3):
 par new generation   total 39296K, used 2953K [0x0000000081800000, 0x00000000842a0000, 0x00000000964c0000)
  eden space 34944K,   0% used [0x0000000081800000, 0x0000000081800000, 0x0000000083a20000)
  from space 4352K,  67% used [0x0000000083a20000, 0x0000000083d026d8, 0x0000000083e60000)
  to   space 4352K,   0% used [0x0000000083e60000, 0x0000000083e60000, 0x00000000842a0000)
 concurrent mark-sweep generation total 87424K, used 50947K [0x00000000964c0000, 0x000000009ba20000, 0x0000000100000000)
 Metaspace       used 68933K, capacity 72216K, committed 72416K, reserved 1112064K
  class space    used 9142K, capacity 9714K, committed 9748K, reserved 1048576K
}
2019-05-24T17:23:10.595+0800: 61.988: Application time: 0.1716753 seconds
{Heap before GC invocations=126 (full 3):
 par new generation   total 39296K, used 37897K [0x0000000081800000, 0x00000000842a0000, 0x00000000964c0000)
  eden space 34944K, 100% used [0x0000000081800000, 0x0000000083a20000, 0x0000000083a20000)
  from space 4352K,  67% used [0x0000000083a20000, 0x0000000083d026d8, 0x0000000083e60000)
  to   space 4352K,   0% used [0x0000000083e60000, 0x0000000083e60000, 0x00000000842a0000)
 concurrent mark-sweep generation total 87424K, used 50947K [0x00000000964c0000, 0x000000009ba20000, 0x0000000100000000)
 Metaspace       used 69029K, capacity 72288K, committed 72416K, reserved 1112064K
  class space    used 9160K, capacity 9716K, committed 9748K, reserved 1048576K
2019-05-24T17:23:10.595+0800: 61.988: [GC (Allocation Failure) 2019-05-24T17:23:10.595+0800: 61.988: [ParNew: 37897K->3073K(39296K), 0.0052133 secs] 88845K->54020K(126720K), 0.0054027 secs] [Times: user=0.00 sys=0.00, real=0.00 secs] 
Heap after GC invocations=127 (full 3):
 par new generation   total 39296K, used 3073K [0x0000000081800000, 0x00000000842a0000, 0x00000000964c0000)
  eden space 34944K,   0% used [0x0000000081800000, 0x0000000081800000, 0x0000000083a20000)
  from space 4352K,  70% used [0x0000000083e60000, 0x00000000841605a0, 0x00000000842a0000)
  to   space 4352K,   0% used [0x0000000083a20000, 0x0000000083a20000, 0x0000000083e60000)
 concurrent mark-sweep generation total 87424K, used 50947K [0x00000000964c0000, 0x000000009ba20000, 0x0000000100000000)
 Metaspace       used 69029K, capacity 72288K, committed 72416K, reserved 1112064K
  class space    used 9160K, capacity 9716K, committed 9748K, reserved 1048576K
}
2019-05-24T17:23:10.716+0800: 62.110: Application time: 0.1161369 seconds
2019-05-24T17:23:10.735+0800: 62.128: Application time: 0.0178091 seconds
2019-05-24T17:23:10.834+0800: 62.227: Application time: 0.0989957 seconds
2019-05-24T17:23:10.836+0800: 62.228: Application time: 0.0013050 seconds
2019-05-24T17:23:10.883+0800: 62.275: Application time: 0.0459770 seconds
{Heap before GC invocations=127 (full 3):
 par new generation   total 39296K, used 38017K [0x0000000081800000, 0x00000000842a0000, 0x00000000964c0000)
  eden space 34944K, 100% used [0x0000000081800000, 0x0000000083a20000, 0x0000000083a20000)
  from space 4352K,  70% used [0x0000000083e60000, 0x00000000841605a0, 0x00000000842a0000)
  to   space 4352K,   0% used [0x0000000083a20000, 0x0000000083a20000, 0x0000000083e60000)
 concurrent mark-sweep generation total 87424K, used 50947K [0x00000000964c0000, 0x000000009ba20000, 0x0000000100000000)
 Metaspace       used 69486K, capacity 72864K, committed 73056K, reserved 1112064K
  class space    used 9224K, capacity 9812K, committed 9876K, reserved 1048576K
2019-05-24T17:23:10.883+0800: 62.276: [GC (Allocation Failure) 2019-05-24T17:23:10.883+0800: 62.276: [ParNew: 38017K->4352K(39296K), 0.0068847 secs] 88964K->55759K(126720K), 0.0070690 secs] [Times: user=0.08 sys=0.00, real=0.01 secs] 
Heap after GC invocations=128 (full 3):
 par new generation   total 39296K, used 4352K [0x0000000081800000, 0x00000000842a0000, 0x00000000964c0000)
  eden space 34944K,   0% used [0x0000000081800000, 0x0000000081800000, 0x0000000083a20000)
  from space 4352K, 100% used [0x0000000083a20000, 0x0000000083e60000, 0x0000000083e60000)
  to   space 4352K,   0% used [0x0000000083e60000, 0x0000000083e60000, 0x00000000842a0000)
 concurrent mark-sweep generation total 87424K, used 51407K [0x00000000964c0000, 0x000000009ba20000, 0x0000000100000000)
 Metaspace       used 69486K, capacity 72864K, committed 73056K, reserved 1112064K
  class space    used 9224K, capacity 9812K, committed 9876K, reserved 1048576K
}
2019-05-24T17:23:11.178+0800: 62.571: Application time: 0.2877200 seconds
{Heap before GC invocations=128 (full 3):
 par new generation   total 39296K, used 39296K [0x0000000081800000, 0x00000000842a0000, 0x00000000964c0000)
  eden space 34944K, 100% used [0x0000000081800000, 0x0000000083a20000, 0x0000000083a20000)
  from space 4352K, 100% used [0x0000000083a20000, 0x0000000083e60000, 0x0000000083e60000)
  to   space 4352K,   0% used [0x0000000083e60000, 0x0000000083e60000, 0x00000000842a0000)
 concurrent mark-sweep generation total 87424K, used 51407K [0x00000000964c0000, 0x000000009ba20000, 0x0000000100000000)
 Metaspace       used 69540K, capacity 72970K, committed 73056K, reserved 1112064K
  class space    used 9237K, capacity 9859K, committed 9876K, reserved 1048576K
2019-05-24T17:23:11.178+0800: 62.571: [GC (Allocation Failure) 2019-05-24T17:23:11.178+0800: 62.571: [ParNew: 39296K->2690K(39296K), 0.0077608 secs] 90703K->55069K(126720K), 0.0081289 secs] [Times: user=0.09 sys=0.00, real=0.01 secs] 
Heap after GC invocations=129 (full 3):
 par new generation   total 39296K, used 2690K [0x0000000081800000, 0x00000000842a0000, 0x00000000964c0000)
  eden space 34944K,   0% used [0x0000000081800000, 0x0000000081800000, 0x0000000083a20000)
  from space 4352K,  61% used [0x0000000083e60000, 0x00000000841008e0, 0x00000000842a0000)
  to   space 4352K,   0% used [0x0000000083a20000, 0x0000000083a20000, 0x0000000083e60000)
 concurrent mark-sweep generation total 87424K, used 52379K [0x00000000964c0000, 0x000000009ba20000, 0x0000000100000000)
 Metaspace       used 69540K, capacity 72970K, committed 73056K, reserved 1112064K
  class space    used 9237K, capacity 9859K, committed 9876K, reserved 1048576K
}
2019-05-24T17:23:11.197+0800: 62.590: Application time: 0.0110666 seconds
2019-05-24T17:23:11.202+0800: 62.595: Application time: 0.0047440 seconds
2019-05-24T17:23:11.208+0800: 62.601: Application time: 0.0042012 seconds
2019-05-24T17:23:11.319+0800: 62.712: Application time: 0.1104947 seconds
{Heap before GC invocations=129 (full 3):
 par new generation   total 39296K, used 37634K [0x0000000081800000, 0x00000000842a0000, 0x00000000964c0000)
  eden space 34944K, 100% used [0x0000000081800000, 0x0000000083a20000, 0x0000000083a20000)
  from space 4352K,  61% used [0x0000000083e60000, 0x00000000841008e0, 0x00000000842a0000)
  to   space 4352K,   0% used [0x0000000083a20000, 0x0000000083a20000, 0x0000000083e60000)
 concurrent mark-sweep generation total 87424K, used 52379K [0x00000000964c0000, 0x000000009ba20000, 0x0000000100000000)
 Metaspace       used 69598K, capacity 73060K, committed 73312K, reserved 1112064K
  class space    used 9248K, capacity 9866K, committed 9876K, reserved 1048576K
2019-05-24T17:23:11.319+0800: 62.712: [GC (Allocation Failure) 2019-05-24T17:23:11.319+0800: 62.712: [ParNew: 37634K->2680K(39296K), 0.0046729 secs] 90013K->55060K(126720K), 0.0048993 secs] [Times: user=0.05 sys=0.00, real=0.00 secs] 
Heap after GC invocations=130 (full 3):
 par new generation   total 39296K, used 2680K [0x0000000081800000, 0x00000000842a0000, 0x00000000964c0000)
  eden space 34944K,   0% used [0x0000000081800000, 0x0000000081800000, 0x0000000083a20000)
  from space 4352K,  61% used [0x0000000083a20000, 0x0000000083cbe378, 0x0000000083e60000)
  to   space 4352K,   0% used [0x0000000083e60000, 0x0000000083e60000, 0x00000000842a0000)
 concurrent mark-sweep generation total 87424K, used 52379K [0x00000000964c0000, 0x000000009ba20000, 0x0000000100000000)
 Metaspace       used 69598K, capacity 73060K, committed 73312K, reserved 1112064K
  class space    used 9248K, capacity 9866K, committed 9876K, reserved 1048576K
}
2019-05-24T17:23:11.328+0800: 62.721: Application time: 0.0041199 seconds
2019-05-24T17:23:11.443+0800: 62.836: Application time: 0.1145389 seconds
{Heap before GC invocations=130 (full 3):
 par new generation   total 39296K, used 37624K [0x0000000081800000, 0x00000000842a0000, 0x00000000964c0000)
  eden space 34944K, 100% used [0x0000000081800000, 0x0000000083a20000, 0x0000000083a20000)
  from space 4352K,  61% used [0x0000000083a20000, 0x0000000083cbe378, 0x0000000083e60000)
  to   space 4352K,   0% used [0x0000000083e60000, 0x0000000083e60000, 0x00000000842a0000)
 concurrent mark-sweep generation total 87424K, used 52379K [0x00000000964c0000, 0x000000009ba20000, 0x0000000100000000)
 Metaspace       used 69623K, capacity 73066K, committed 73312K, reserved 1112064K
  class space    used 9252K, capacity 9867K, committed 9876K, reserved 1048576K
2019-05-24T17:23:11.443+0800: 62.836: [GC (Allocation Failure) 2019-05-24T17:23:11.444+0800: 62.836: [ParNew: 37624K->2924K(39296K), 0.0050728 secs] 90004K->55303K(126720K), 0.0054317 secs] [Times: user=0.06 sys=0.00, real=0.01 secs] 
Heap after GC invocations=131 (full 3):
 par new generation   total 39296K, used 2924K [0x0000000081800000, 0x00000000842a0000, 0x00000000964c0000)
  eden space 34944K,   0% used [0x0000000081800000, 0x0000000081800000, 0x0000000083a20000)
  from space 4352K,  67% used [0x0000000083e60000, 0x000000008413b178, 0x00000000842a0000)
  to   space 4352K,   0% used [0x0000000083a20000, 0x0000000083a20000, 0x0000000083e60000)
 concurrent mark-sweep generation total 87424K, used 52379K [0x00000000964c0000, 0x000000009ba20000, 0x0000000100000000)
 Metaspace       used 69623K, capacity 73066K, committed 73312K, reserved 1112064K
  class space    used 9252K, capacity 9867K, committed 9876K, reserved 1048576K
}
2019-05-24T17:23:11.585+0800: 62.979: Application time: 0.1367648 seconds
{Heap before GC invocations=131 (full 3):
 par new generation   total 39296K, used 37868K [0x0000000081800000, 0x00000000842a0000, 0x00000000964c0000)
  eden space 34944K, 100% used [0x0000000081800000, 0x0000000083a20000, 0x0000000083a20000)
  from space 4352K,  67% used [0x0000000083e60000, 0x000000008413b178, 0x00000000842a0000)
  to   space 4352K,   0% used [0x0000000083a20000, 0x0000000083a20000, 0x0000000083e60000)
 concurrent mark-sweep generation total 87424K, used 52379K [0x00000000964c0000, 0x000000009ba20000, 0x0000000100000000)
 Metaspace       used 69652K, capacity 73074K, committed 73312K, reserved 1112064K
  class space    used 9257K, capacity 9869K, committed 9876K, reserved 1048576K
2019-05-24T17:23:11.586+0800: 62.979: [GC (Allocation Failure) 2019-05-24T17:23:11.586+0800: 62.979: [ParNew: 37868K->3734K(39296K), 0.0055615 secs] 90247K->56401K(126720K), 0.0057264 secs] [Times: user=0.09 sys=0.00, real=0.01 secs] 
Heap after GC invocations=132 (full 3):
 par new generation   total 39296K, used 3734K [0x0000000081800000, 0x00000000842a0000, 0x00000000964c0000)
  eden space 34944K,   0% used [0x0000000081800000, 0x0000000081800000, 0x0000000083a20000)
  from space 4352K,  85% used [0x0000000083a20000, 0x0000000083dc5a18, 0x0000000083e60000)
  to   space 4352K,   0% used [0x0000000083e60000, 0x0000000083e60000, 0x00000000842a0000)
 concurrent mark-sweep generation total 87424K, used 52666K [0x00000000964c0000, 0x000000009ba20000, 0x0000000100000000)
 Metaspace       used 69652K, capacity 73074K, committed 73312K, reserved 1112064K
  class space    used 9257K, capacity 9869K, committed 9876K, reserved 1048576K
}
2019-05-24T17:23:11.592+0800: 62.985: Application time: 0.0000899 seconds
2019-05-24T17:23:11.592+0800: 62.985: [GC (CMS Initial Mark) [1 CMS-initial-mark: 52666K(87424K)] 57103K(126720K), 0.0023569 secs] [Times: user=0.00 sys=0.00, real=0.00 secs] 
2019-05-24T17:23:11.594+0800: 62.987: [CMS-concurrent-mark-start]
2019-05-24T17:23:11.727+0800: 63.120: [CMS-concurrent-mark: 0.132/0.132 secs] [Times: user=0.59 sys=0.02, real=0.13 secs] 
2019-05-24T17:23:11.727+0800: 63.120: [CMS-concurrent-preclean-start]
2019-05-24T17:23:11.730+0800: 63.123: [CMS-concurrent-preclean: 0.003/0.003 secs] [Times: user=0.08 sys=0.00, real=0.00 secs] 
2019-05-24T17:23:11.730+0800: 63.123: [CMS-concurrent-abortable-preclean-start]
2019-05-24T17:23:11.741+0800: 63.134: Application time: 0.1469195 seconds
{Heap before GC invocations=132 (full 4):
 par new generation   total 39296K, used 38678K [0x0000000081800000, 0x00000000842a0000, 0x00000000964c0000)
  eden space 34944K, 100% used [0x0000000081800000, 0x0000000083a20000, 0x0000000083a20000)
  from space 4352K,  85% used [0x0000000083a20000, 0x0000000083dc5a18, 0x0000000083e60000)
  to   space 4352K,   0% used [0x0000000083e60000, 0x0000000083e60000, 0x00000000842a0000)
 concurrent mark-sweep generation total 87424K, used 52666K [0x00000000964c0000, 0x000000009ba20000, 0x0000000100000000)
 Metaspace       used 69694K, capacity 73138K, committed 73312K, reserved 1112064K
  class space    used 9263K, capacity 9869K, committed 9876K, reserved 1048576K
2019-05-24T17:23:11.742+0800: 63.135: [GC (Allocation Failure) 2019-05-24T17:23:11.742+0800: 63.135: [ParNew: 38678K->3377K(39296K), 0.0052759 secs] 91345K->56044K(126720K), 0.0055689 secs] [Times: user=0.11 sys=0.00, real=0.00 secs] 
Heap after GC invocations=133 (full 4):
 par new generation   total 39296K, used 3377K [0x0000000081800000, 0x00000000842a0000, 0x00000000964c0000)
  eden space 34944K,   0% used [0x0000000081800000, 0x0000000081800000, 0x0000000083a20000)
  from space 4352K,  77% used [0x0000000083e60000, 0x00000000841ac638, 0x00000000842a0000)
  to   space 4352K,   0% used [0x0000000083a20000, 0x0000000083a20000, 0x0000000083e60000)
 concurrent mark-sweep generation total 87424K, used 52666K [0x00000000964c0000, 0x000000009ba20000, 0x0000000100000000)
 Metaspace       used 69694K, capacity 73138K, committed 73312K, reserved 1112064K
  class space    used 9263K, capacity 9869K, committed 9876K, reserved 1048576K
}
2019-05-24T17:23:11.762+0800: 63.155: Application time: 0.0142034 seconds
2019-05-24T17:23:11.866+0800: 63.259: Application time: 0.1041925 seconds
{Heap before GC invocations=133 (full 4):
 par new generation   total 39296K, used 38321K [0x0000000081800000, 0x00000000842a0000, 0x00000000964c0000)
  eden space 34944K, 100% used [0x0000000081800000, 0x0000000083a20000, 0x0000000083a20000)
  from space 4352K,  77% used [0x0000000083e60000, 0x00000000841ac638, 0x00000000842a0000)
  to   space 4352K,   0% used [0x0000000083a20000, 0x0000000083a20000, 0x0000000083e60000)
 concurrent mark-sweep generation total 87424K, used 52666K [0x00000000964c0000, 0x000000009ba20000, 0x0000000100000000)
 Metaspace       used 69739K, capacity 73152K, committed 73312K, reserved 1112064K
  class space    used 9270K, capacity 9872K, committed 9876K, reserved 1048576K
2019-05-24T17:23:11.866+0800: 63.259: [GC (Allocation Failure) 2019-05-24T17:23:11.866+0800: 63.259: [ParNew: 38321K->4061K(39296K), 0.0067903 secs] 90988K->57237K(126720K), 0.0070087 secs] [Times: user=0.09 sys=0.00, real=0.01 secs] 
Heap after GC invocations=134 (full 4):
 par new generation   total 39296K, used 4061K [0x0000000081800000, 0x00000000842a0000, 0x00000000964c0000)
  eden space 34944K,   0% used [0x0000000081800000, 0x0000000081800000, 0x0000000083a20000)
  from space 4352K,  93% used [0x0000000083a20000, 0x0000000083e17750, 0x0000000083e60000)
  to   space 4352K,   0% used [0x0000000083e60000, 0x0000000083e60000, 0x00000000842a0000)
 concurrent mark-sweep generation total 87424K, used 53175K [0x00000000964c0000, 0x000000009ba20000, 0x0000000100000000)
 Metaspace       used 69739K, capacity 73152K, committed 73312K, reserved 1112064K
  class space    used 9270K, capacity 9872K, committed 9876K, reserved 1048576K
}
2019-05-24T17:23:11.993+0800: 63.386: Application time: 0.1195599 seconds
2019-05-24T17:23:11.993+0800: 63.386: Application time: 0.0000683 seconds
2019-05-24T17:23:11.996+0800: 63.389: [CMS-concurrent-abortable-preclean: 0.115/0.266 secs] [Times: user=1.17 sys=0.03, real=0.27 secs] 
2019-05-24T17:23:11.998+0800: 63.391: Application time: 0.0048179 seconds
2019-05-24T17:23:11.998+0800: 63.391: [GC (CMS Final Remark) [YG occupancy: 25857 K (39296 K)]2019-05-24T17:23:11.998+0800: 63.391: [Rescan (parallel) , 0.0062151 secs]2019-05-24T17:23:12.005+0800: 63.398: [weak refs processing, 0.0002588 secs]2019-05-24T17:23:12.005+0800: 63.398: [class unloading, 0.0288051 secs]2019-05-24T17:23:12.034+0800: 63.427: [scrub symbol table, 0.0280582 secs]2019-05-24T17:23:12.062+0800: 63.455: [scrub string table, 0.0014342 secs][1 CMS-remark: 53175K(87424K)] 79032K(126720K), 0.0654859 secs] [Times: user=0.17 sys=0.00, real=0.07 secs] 
2019-05-24T17:23:12.076+0800: 63.468: [CMS-concurrent-sweep-start]
2019-05-24T17:23:12.102+0800: 63.495: Application time: 0.0382612 seconds
{Heap before GC invocations=134 (full 4):
 par new generation   total 39296K, used 39005K [0x0000000081800000, 0x00000000842a0000, 0x00000000964c0000)
  eden space 34944K, 100% used [0x0000000081800000, 0x0000000083a20000, 0x0000000083a20000)
  from space 4352K,  93% used [0x0000000083a20000, 0x0000000083e17750, 0x0000000083e60000)
  to   space 4352K,   0% used [0x0000000083e60000, 0x0000000083e60000, 0x00000000842a0000)
 concurrent mark-sweep generation total 87424K, used 52701K [0x00000000964c0000, 0x000000009ba20000, 0x0000000100000000)
 Metaspace       used 69770K, capacity 73254K, committed 73440K, reserved 1112064K
  class space    used 9276K, capacity 9905K, committed 10004K, reserved 1048576K
2019-05-24T17:23:12.102+0800: 63.495: [GC (Allocation Failure) 2019-05-24T17:23:12.103+0800: 63.496: [ParNew: 39005K->2480K(39296K), 0.0060052 secs] 91707K->55807K(126720K), 0.0065695 secs] [Times: user=0.09 sys=0.00, real=0.01 secs] 
Heap after GC invocations=135 (full 4):
 par new generation   total 39296K, used 2480K [0x0000000081800000, 0x00000000842a0000, 0x00000000964c0000)
  eden space 34944K,   0% used [0x0000000081800000, 0x0000000081800000, 0x0000000083a20000)
  from space 4352K,  57% used [0x0000000083e60000, 0x00000000840cc328, 0x00000000842a0000)
  to   space 4352K,   0% used [0x0000000083a20000, 0x0000000083a20000, 0x0000000083e60000)
 concurrent mark-sweep generation total 87424K, used 53327K [0x00000000964c0000, 0x000000009ba20000, 0x0000000100000000)
 Metaspace       used 69770K, capacity 73254K, committed 73440K, reserved 1112064K
  class space    used 9276K, capacity 9905K, committed 10004K, reserved 1048576K
}
2019-05-24T17:23:12.122+0800: 63.514: [CMS-concurrent-sweep: 0.039/0.046 secs] [Times: user=0.22 sys=0.00, real=0.05 secs] 
2019-05-24T17:23:12.122+0800: 63.515: [CMS-concurrent-reset-start]
2019-05-24T17:23:12.125+0800: 63.518: [CMS-concurrent-reset: 0.003/0.003 secs] [Times: user=0.00 sys=0.00, real=0.00 secs] 
2019-05-24T17:23:12.431+0800: 63.824: Application time: 0.3219853 seconds
2019-05-24T17:23:12.517+0800: 63.911: Application time: 0.0859557 seconds
2019-05-24T17:23:12.522+0800: 63.915: Application time: 0.0041233 seconds
2019-05-24T17:23:12.522+0800: 63.915: Application time: 0.0000410 seconds
2019-05-24T17:23:12.523+0800: 63.916: Application time: 0.0001985 seconds
2019-05-24T17:23:12.523+0800: 63.916: Application time: 0.0002987 seconds
2019-05-24T17:23:12.523+0800: 63.916: Application time: 0.0001667 seconds
2019-05-24T17:23:12.523+0800: 63.916: Application time: 0.0000364 seconds
2019-05-24T17:23:12.525+0800: 63.918: Application time: 0.0012612 seconds
2019-05-24T17:23:12.595+0800: 63.988: Application time: 0.0703971 seconds
{Heap before GC invocations=135 (full 4):
 par new generation   total 39296K, used 37424K [0x0000000081800000, 0x00000000842a0000, 0x00000000964c0000)
  eden space 34944K, 100% used [0x0000000081800000, 0x0000000083a20000, 0x0000000083a20000)
  from space 4352K,  57% used [0x0000000083e60000, 0x00000000840cc328, 0x00000000842a0000)
  to   space 4352K,   0% used [0x0000000083a20000, 0x0000000083a20000, 0x0000000083e60000)
 concurrent mark-sweep generation total 87424K, used 52128K [0x00000000964c0000, 0x000000009ba20000, 0x0000000100000000)
 Metaspace       used 70048K, capacity 73388K, committed 73952K, reserved 1114112K
  class space    used 9306K, capacity 9884K, committed 10004K, reserved 1048576K
2019-05-24T17:23:12.595+0800: 63.988: [GC (Allocation Failure) 2019-05-24T17:23:12.595+0800: 63.988: [ParNew: 37424K->4352K(39296K), 0.0080896 secs] 89553K->57039K(126720K), 0.0082688 secs] [Times: user=0.00 sys=0.00, real=0.01 secs] 
Heap after GC invocations=136 (full 4):
 par new generation   total 39296K, used 4352K [0x0000000081800000, 0x00000000842a0000, 0x00000000964c0000)
  eden space 34944K,   0% used [0x0000000081800000, 0x0000000081800000, 0x0000000083a20000)
  from space 4352K, 100% used [0x0000000083a20000, 0x0000000083e60000, 0x0000000083e60000)
  to   space 4352K,   0% used [0x0000000083e60000, 0x0000000083e60000, 0x00000000842a0000)
 concurrent mark-sweep generation total 87424K, used 52687K [0x00000000964c0000, 0x000000009ba20000, 0x0000000100000000)
 Metaspace       used 70048K, capacity 73388K, committed 73952K, reserved 1114112K
  class space    used 9306K, capacity 9884K, committed 10004K, reserved 1048576K
}
2019-05-24T17:23:12.604+0800: 63.997: Application time: 0.0000563 seconds
2019-05-24T17:23:12.604+0800: 63.997: [GC (CMS Initial Mark) [1 CMS-initial-mark: 52687K(87424K)] 57737K(126720K), 0.0039600 secs] [Times: user=0.06 sys=0.00, real=0.00 secs] 
2019-05-24T17:23:12.608+0800: 64.001: [CMS-concurrent-mark-start]
2019-05-24T17:23:12.628+0800: 64.021: Application time: 0.0194998 seconds
2019-05-24T17:23:12.638+0800: 64.031: Application time: 0.0066833 seconds
2019-05-24T17:23:12.730+0800: 64.123: [CMS-concurrent-mark: 0.118/0.122 secs] [Times: user=0.31 sys=0.00, real=0.12 secs] 
2019-05-24T17:23:12.730+0800: 64.123: [CMS-concurrent-preclean-start]
2019-05-24T17:23:12.733+0800: 64.126: [CMS-concurrent-preclean: 0.002/0.002 secs] [Times: user=0.00 sys=0.00, real=0.00 secs] 
2019-05-24T17:23:12.733+0800: 64.126: [CMS-concurrent-abortable-preclean-start]
2019-05-24T17:23:13.666+0800: 65.059: Application time: 1.0272816 seconds
2019-05-24T17:23:14.666+0800: 66.059: Application time: 1.0002253 seconds
2019-05-24T17:23:15.859+0800: 67.253: Application time: 1.1935837 seconds
2019-05-24T17:23:15.860+0800: 67.253: Application time: 0.0007452 seconds
2019-05-24T17:23:15.982+0800: 67.375: Application time: 0.1214213 seconds
2019-05-24T17:23:15.983+0800: 67.376: Application time: 0.0014586 seconds
2019-05-24T17:23:15.985+0800: 67.378: Application time: 0.0012026 seconds
2019-05-24T17:23:15.990+0800: 67.383: Application time: 0.0055910 seconds
{Heap before GC invocations=136 (full 5):
 par new generation   total 39296K, used 39296K [0x0000000081800000, 0x00000000842a0000, 0x00000000964c0000)
  eden space 34944K, 100% used [0x0000000081800000, 0x0000000083a20000, 0x0000000083a20000)
  from space 4352K, 100% used [0x0000000083a20000, 0x0000000083e60000, 0x0000000083e60000)
  to   space 4352K,   0% used [0x0000000083e60000, 0x0000000083e60000, 0x00000000842a0000)
 concurrent mark-sweep generation total 87424K, used 52687K [0x00000000964c0000, 0x000000009ba20000, 0x0000000100000000)
 Metaspace       used 70686K, capacity 73996K, committed 74592K, reserved 1114112K
  class space    used 9384K, capacity 9954K, committed 10132K, reserved 1048576K
2019-05-24T17:23:15.991+0800: 67.384: [GC (Allocation Failure) 2019-05-24T17:23:15.991+0800: 67.384: [ParNew: 39296K->4014K(39296K), 0.0131146 secs] 91983K->60588K(126720K), 0.0133046 secs] [Times: user=0.05 sys=0.02, real=0.01 secs] 
Heap after GC invocations=137 (full 5):
 par new generation   total 39296K, used 4014K [0x0000000081800000, 0x00000000842a0000, 0x00000000964c0000)
  eden space 34944K,   0% used [0x0000000081800000, 0x0000000081800000, 0x0000000083a20000)
  from space 4352K,  92% used [0x0000000083e60000, 0x000000008424b978, 0x00000000842a0000)
  to   space 4352K,   0% used [0x0000000083a20000, 0x0000000083a20000, 0x0000000083e60000)
 concurrent mark-sweep generation total 87424K, used 56573K [0x00000000964c0000, 0x000000009ba20000, 0x0000000100000000)
 Metaspace       used 70686K, capacity 73996K, committed 74592K, reserved 1114112K
  class space    used 9384K, capacity 9954K, committed 10132K, reserved 1048576K
}
2019-05-24T17:23:16.055+0800: 67.448: Application time: 0.0509042 seconds
2019-05-24T17:23:16.169+0800: 67.563: [CMS-concurrent-abortable-preclean: 1.112/3.437 secs] [Times: user=1.74 sys=0.09, real=3.44 secs] 
2019-05-24T17:23:16.170+0800: 67.563: Application time: 0.1145799 seconds
2019-05-24T17:23:16.170+0800: 67.563: [GC (CMS Final Remark) [YG occupancy: 27220 K (39296 K)]2019-05-24T17:23:16.170+0800: 67.563: [Rescan (parallel) , 0.0050546 secs]2019-05-24T17:23:16.175+0800: 67.568: [weak refs processing, 0.0003129 secs]2019-05-24T17:23:16.175+0800: 67.569: [class unloading, 0.0224364 secs]2019-05-24T17:23:16.198+0800: 67.591: [scrub symbol table, 0.0185583 secs]2019-05-24T17:23:16.217+0800: 67.610: [scrub string table, 0.0011668 secs][1 CMS-remark: 56573K(87424K)] 83794K(126720K), 0.0552897 secs] [Times: user=0.08 sys=0.00, real=0.06 secs] 
2019-05-24T17:23:16.226+0800: 67.619: [CMS-concurrent-sweep-start]
2019-05-24T17:23:16.226+0800: 67.619: Application time: 0.0001035 seconds
2019-05-24T17:23:16.227+0800: 67.619: Application time: 0.0008351 seconds
2019-05-24T17:23:16.260+0800: 67.653: [CMS-concurrent-sweep: 0.034/0.034 secs] [Times: user=0.05 sys=0.00, real=0.03 secs] 
2019-05-24T17:23:16.260+0800: 67.653: [CMS-concurrent-reset-start]
2019-05-24T17:23:16.264+0800: 67.656: [CMS-concurrent-reset: 0.004/0.004 secs] [Times: user=0.03 sys=0.00, real=0.00 secs] 
2019-05-24T17:23:16.270+0800: 67.663: Application time: 0.0437419 seconds
2019-05-24T17:23:16.271+0800: 67.663: Application time: 0.0000825 seconds
2019-05-24T17:23:16.271+0800: 67.664: Application time: 0.0002674 seconds
2019-05-24T17:23:16.271+0800: 67.664: Application time: 0.0000643 seconds
2019-05-24T17:23:16.271+0800: 67.664: Application time: 0.0001263 seconds
2019-05-24T17:23:16.271+0800: 67.664: Application time: 0.0002770 seconds
2019-05-24T17:23:17.273+0800: 68.665: Application time: 1.0010092 seconds
2019-05-24T17:23:20.274+0800: 71.667: Application time: 3.0015036 seconds
2019-05-24T17:23:24.276+0800: 75.668: Application time: 4.0012151 seconds
2019-05-24T17:23:30.279+0800: 81.671: Application time: 6.0028075 seconds
2019-05-24T17:23:54.293+0800: 105.686: Application time: 24.0141983 seconds
2019-05-24T17:23:55.294+0800: 106.687: Application time: 1.0007464 seconds
2019-05-24T17:23:56.304+0800: 107.697: Application time: 1.0099152 seconds
2019-05-24T17:23:56.304+0800: 107.697: Application time: 0.0000626 seconds
2019-05-24T17:23:56.304+0800: 107.697: Application time: 0.0000705 seconds
2019-05-24T17:23:56.304+0800: 107.697: Application time: 0.0000796 seconds
2019-05-24T17:23:56.304+0800: 107.697: Application time: 0.0001633 seconds
2019-05-24T17:23:56.305+0800: 107.698: Application time: 0.0002702 seconds
2019-05-24T17:23:56.305+0800: 107.698: Application time: 0.0001263 seconds
2019-05-24T17:23:56.310+0800: 107.703: Application time: 0.0047491 seconds
2019-05-24T17:23:56.314+0800: 107.707: Application time: 0.0038167 seconds
2019-05-24T17:24:05.320+0800: 116.713: Application time: 9.0060678 seconds
2019-05-24T17:24:15.327+0800: 126.719: Application time: 10.0062475 seconds
2019-05-24T17:24:25.332+0800: 136.725: Application time: 10.0055819 seconds
2019-05-24T17:24:36.339+0800: 147.731: Application time: 11.0062140 seconds
2019-05-24T17:25:19.361+0800: 190.754: Application time: 43.0219119 seconds
2019-05-24T17:25:20.362+0800: 191.755: Application time: 1.0007737 seconds
2019-05-24T17:25:22.363+0800: 193.756: Application time: 2.0006343 seconds
2019-05-24T17:25:56.378+0800: 227.771: Application time: 34.0156092 seconds
2019-05-24T17:26:05.383+0800: 236.776: Application time: 9.0040795 seconds
2019-05-24T17:26:09.011+0800: 240.404: Application time: 3.6286562 seconds
2019-05-24T17:26:10.012+0800: 241.405: Application time: 0.9999334 seconds
2019-05-24T17:26:13.969+0800: 245.362: Application time: 3.9574113 seconds
2019-05-24T17:26:13.969+0800: 245.362: Application time: 0.0002002 seconds
2019-05-24T17:26:13.971+0800: 245.364: Application time: 0.0019041 seconds
2019-05-24T17:26:13.973+0800: 245.366: Application time: 0.0019206 seconds
2019-05-24T17:26:14.136+0800: 245.529: Application time: 0.1625986 seconds
2019-05-24T17:26:14.141+0800: 245.534: Application time: 0.0046473 seconds
{Heap before GC invocations=137 (full 5):
 par new generation   total 39296K, used 38958K [0x0000000081800000, 0x00000000842a0000, 0x00000000964c0000)
  eden space 34944K, 100% used [0x0000000081800000, 0x0000000083a20000, 0x0000000083a20000)
  from space 4352K,  92% used [0x0000000083e60000, 0x000000008424b978, 0x00000000842a0000)
  to   space 4352K,   0% used [0x0000000083a20000, 0x0000000083a20000, 0x0000000083e60000)
 concurrent mark-sweep generation total 87424K, used 48763K [0x00000000964c0000, 0x000000009ba20000, 0x0000000100000000)
 Metaspace       used 71505K, capacity 74858K, committed 75360K, reserved 1114112K
  class space    used 9480K, capacity 10067K, committed 10132K, reserved 1048576K
2019-05-24T17:26:14.143+0800: 245.536: [GC (Allocation Failure) 2019-05-24T17:26:14.159+0800: 245.552: [ParNew: 38958K->1859K(39296K), 0.0307245 secs] 87721K->50623K(126720K), 0.0466529 secs] [Times: user=0.05 sys=0.01, real=0.05 secs] 
Heap after GC invocations=138 (full 5):
 par new generation   total 39296K, used 1859K [0x0000000081800000, 0x00000000842a0000, 0x00000000964c0000)
  eden space 34944K,   0% used [0x0000000081800000, 0x0000000081800000, 0x0000000083a20000)
  from space 4352K,  42% used [0x0000000083a20000, 0x0000000083bf0f78, 0x0000000083e60000)
  to   space 4352K,   0% used [0x0000000083e60000, 0x0000000083e60000, 0x00000000842a0000)
 concurrent mark-sweep generation total 87424K, used 48763K [0x00000000964c0000, 0x000000009ba20000, 0x0000000100000000)
 Metaspace       used 71505K, capacity 74858K, committed 75360K, reserved 1114112K
  class space    used 9480K, capacity 10067K, committed 10132K, reserved 1048576K
}
2019-05-24T17:26:14.239+0800: 245.632: Application time: 0.0493318 seconds
2019-05-24T17:26:14.239+0800: 245.633: Application time: 0.0000779 seconds
2019-05-24T17:26:14.241+0800: 245.634: Application time: 0.0017596 seconds
2019-05-24T17:26:14.247+0800: 245.640: Application time: 0.0005069 seconds
2019-05-24T17:26:14.247+0800: 245.641: Application time: 0.0000330 seconds
2019-05-24T17:26:14.248+0800: 245.641: Application time: 0.0000296 seconds
2019-05-24T17:26:14.327+0800: 245.720: Application time: 0.0789851 seconds
2019-05-24T17:26:14.328+0800: 245.721: Application time: 0.0013084 seconds
2019-05-24T17:26:15.329+0800: 246.722: Application time: 1.0004437 seconds
2019-05-24T17:26:16.971+0800: 248.364: Application time: 1.6426025 seconds
2019-05-24T17:26:16.971+0800: 248.364: Application time: 0.0000859 seconds
2019-05-24T17:26:17.120+0800: 248.513: Application time: 0.1482416 seconds
2019-05-24T17:26:17.130+0800: 248.523: Application time: 0.0102309 seconds
2019-05-24T17:26:17.301+0800: 248.694: Application time: 0.1702621 seconds
2019-05-24T17:26:17.321+0800: 248.714: Application time: 0.0204333 seconds
2019-05-24T17:26:17.389+0800: 248.782: Application time: 0.0677911 seconds
2019-05-24T17:26:17.400+0800: 248.793: Application time: 0.0106615 seconds
2019-05-24T17:26:17.414+0800: 248.807: Application time: 0.0146113 seconds
2019-05-24T17:26:17.415+0800: 248.808: Application time: 0.0000432 seconds
2019-05-24T17:26:17.443+0800: 248.835: Application time: 0.0277237 seconds
2019-05-24T17:26:17.463+0800: 248.856: Application time: 0.0200090 seconds
2019-05-24T17:26:17.489+0800: 248.882: Application time: 0.0248053 seconds
2019-05-24T17:26:17.490+0800: 248.883: Application time: 0.0000842 seconds
2019-05-24T17:26:17.503+0800: 248.896: Application time: 0.0131226 seconds
2019-05-24T17:26:17.504+0800: 248.896: Application time: 0.0000631 seconds
2019-05-24T17:26:17.547+0800: 248.940: Application time: 0.0436668 seconds
2019-05-24T17:26:17.587+0800: 248.980: Application time: 0.0389683 seconds
2019-05-24T17:26:17.587+0800: 248.980: Application time: 0.0000353 seconds
2019-05-24T17:26:17.610+0800: 249.003: Application time: 0.0222623 seconds
2019-05-24T17:26:17.610+0800: 249.003: Application time: 0.0000569 seconds
2019-05-24T17:26:17.611+0800: 249.004: Application time: 0.0000705 seconds
2019-05-24T17:26:17.611+0800: 249.004: Application time: 0.0004489 seconds
2019-05-24T17:26:17.611+0800: 249.004: Application time: 0.0001035 seconds
2019-05-24T17:26:17.612+0800: 249.005: Application time: 0.0001365 seconds
2019-05-24T17:26:17.612+0800: 249.005: Application time: 0.0006241 seconds
2019-05-24T17:26:17.612+0800: 249.005: Application time: 0.0000324 seconds
2019-05-24T17:26:17.613+0800: 249.006: Application time: 0.0000393 seconds
2019-05-24T17:26:17.613+0800: 249.006: Application time: 0.0000415 seconds
2019-05-24T17:26:17.613+0800: 249.006: Application time: 0.0000848 seconds
2019-05-24T17:26:17.613+0800: 249.006: Application time: 0.0001047 seconds
2019-05-24T17:26:17.696+0800: 249.088: Application time: 0.0825065 seconds
2019-05-24T17:26:17.696+0800: 249.089: Application time: 0.0001354 seconds
2019-05-24T17:26:17.764+0800: 249.157: Application time: 0.0678184 seconds
2019-05-24T17:26:17.764+0800: 249.157: Application time: 0.0000580 seconds
2019-05-24T17:26:17.764+0800: 249.157: Application time: 0.0001320 seconds
2019-05-24T17:26:17.764+0800: 249.157: Application time: 0.0001923 seconds
2019-05-24T17:26:17.764+0800: 249.158: Application time: 0.0001280 seconds
2019-05-24T17:26:17.764+0800: 249.158: Application time: 0.0000905 seconds
2019-05-24T17:26:17.766+0800: 249.159: Application time: 0.0015411 seconds
2019-05-24T17:26:17.766+0800: 249.160: Application time: 0.0000546 seconds
2019-05-24T17:26:18.767+0800: 250.160: Application time: 0.9999505 seconds
2019-05-24T17:26:19.306+0800: 250.699: Application time: 0.5392166 seconds
2019-05-24T17:26:19.320+0800: 250.713: Application time: 0.0136641 seconds
2019-05-24T17:26:19.320+0800: 250.713: Application time: 0.0000808 seconds
2019-05-24T17:26:19.491+0800: 250.884: Application time: 0.1709021 seconds
2019-05-24T17:26:19.512+0800: 250.905: Application time: 0.0207531 seconds
{Heap before GC invocations=138 (full 5):
 par new generation   total 39296K, used 36803K [0x0000000081800000, 0x00000000842a0000, 0x00000000964c0000)
  eden space 34944K, 100% used [0x0000000081800000, 0x0000000083a20000, 0x0000000083a20000)
  from space 4352K,  42% used [0x0000000083a20000, 0x0000000083bf0f78, 0x0000000083e60000)
  to   space 4352K,   0% used [0x0000000083e60000, 0x0000000083e60000, 0x00000000842a0000)
 concurrent mark-sweep generation total 87424K, used 48763K [0x00000000964c0000, 0x000000009ba20000, 0x0000000100000000)
 Metaspace       used 72506K, capacity 75968K, committed 76256K, reserved 1116160K
  class space    used 9603K, capacity 10184K, committed 10260K, reserved 1048576K
2019-05-24T17:26:19.512+0800: 250.905: [GC (Allocation Failure) 2019-05-24T17:26:19.513+0800: 250.905: [ParNew: 36803K->3219K(39296K), 0.0042155 secs] 85567K->51983K(126720K), 0.0043930 secs] [Times: user=0.00 sys=0.00, real=0.00 secs] 
Heap after GC invocations=139 (full 5):
 par new generation   total 39296K, used 3219K [0x0000000081800000, 0x00000000842a0000, 0x00000000964c0000)
  eden space 34944K,   0% used [0x0000000081800000, 0x0000000081800000, 0x0000000083a20000)
  from space 4352K,  73% used [0x0000000083e60000, 0x0000000084184e40, 0x00000000842a0000)
  to   space 4352K,   0% used [0x0000000083a20000, 0x0000000083a20000, 0x0000000083e60000)
 concurrent mark-sweep generation total 87424K, used 48763K [0x00000000964c0000, 0x000000009ba20000, 0x0000000100000000)
 Metaspace       used 72506K, capacity 75968K, committed 76256K, reserved 1116160K
  class space    used 9603K, capacity 10184K, committed 10260K, reserved 1048576K
}
2019-05-24T17:26:19.533+0800: 250.926: Application time: 0.0165649 seconds
2019-05-24T17:26:19.597+0800: 250.990: Application time: 0.0636473 seconds
2019-05-24T17:26:19.598+0800: 250.992: Application time: 0.0009409 seconds
2019-05-24T17:26:19.599+0800: 250.992: Application time: 0.0000478 seconds
2019-05-24T17:26:19.602+0800: 250.995: Application time: 0.0026846 seconds
2019-05-24T17:26:19.603+0800: 250.996: Application time: 0.0000950 seconds
2019-05-24T17:26:19.603+0800: 250.996: Application time: 0.0002543 seconds
2019-05-24T17:26:19.603+0800: 250.997: Application time: 0.0000495 seconds
2019-05-24T17:26:19.604+0800: 250.997: Application time: 0.0001599 seconds
2019-05-24T17:26:19.605+0800: 250.998: Application time: 0.0007543 seconds
2019-05-24T17:26:19.624+0800: 251.017: Application time: 0.0191198 seconds
2019-05-24T17:26:19.637+0800: 251.030: Application time: 0.0122032 seconds
2019-05-24T17:26:19.637+0800: 251.030: Application time: 0.0000535 seconds
2019-05-24T17:26:19.649+0800: 251.042: Application time: 0.0121731 seconds
2019-05-24T17:26:19.649+0800: 251.042: Application time: 0.0000302 seconds
2019-05-24T17:26:19.754+0800: 251.146: Application time: 0.1040810 seconds
2019-05-24T17:26:20.115+0800: 251.508: Application time: 0.3611493 seconds
2019-05-24T17:26:20.115+0800: 251.508: Application time: 0.0000762 seconds
2019-05-24T17:26:20.116+0800: 251.509: Application time: 0.0001223 seconds
2019-05-24T17:26:20.116+0800: 251.509: Application time: 0.0000717 seconds
2019-05-24T17:26:20.117+0800: 251.510: Application time: 0.0003209 seconds
2019-05-24T17:26:20.118+0800: 251.511: Application time: 0.0013596 seconds
2019-05-24T17:26:20.119+0800: 251.511: Application time: 0.0001883 seconds
2019-05-24T17:26:20.119+0800: 251.512: Application time: 0.0002139 seconds
2019-05-24T17:26:20.119+0800: 251.512: Application time: 0.0000768 seconds
2019-05-24T17:26:20.120+0800: 251.513: Application time: 0.0000785 seconds
2019-05-24T17:26:20.144+0800: 251.537: Application time: 0.0240896 seconds
2019-05-24T17:26:20.636+0800: 252.029: Application time: 0.4900641 seconds
2019-05-24T17:26:20.663+0800: 252.056: Application time: 0.0274756 seconds
2019-05-24T17:26:20.871+0800: 252.264: Application time: 0.2071290 seconds
2019-05-24T17:26:20.871+0800: 252.264: Application time: 0.0002065 seconds
2019-05-24T17:26:20.871+0800: 252.264: Application time: 0.0000643 seconds
2019-05-24T17:26:20.964+0800: 252.357: Application time: 0.0929189 seconds
{Heap before GC invocations=139 (full 5):
 par new generation   total 39296K, used 38163K [0x0000000081800000, 0x00000000842a0000, 0x00000000964c0000)
  eden space 34944K, 100% used [0x0000000081800000, 0x0000000083a20000, 0x0000000083a20000)
  from space 4352K,  73% used [0x0000000083e60000, 0x0000000084184e40, 0x00000000842a0000)
  to   space 4352K,   0% used [0x0000000083a20000, 0x0000000083a20000, 0x0000000083e60000)
 concurrent mark-sweep generation total 87424K, used 48763K [0x00000000964c0000, 0x000000009ba20000, 0x0000000100000000)
 Metaspace       used 73160K, capacity 76702K, committed 76896K, reserved 1116160K
  class space    used 9661K, capacity 10277K, committed 10388K, reserved 1048576K
2019-05-24T17:26:20.964+0800: 252.357: [GC (Allocation Failure) 2019-05-24T17:26:20.964+0800: 252.357: [ParNew: 38163K->4198K(39296K), 0.0057276 secs] 86927K->53777K(126720K), 0.0059147 secs] [Times: user=0.00 sys=0.00, real=0.01 secs] 
Heap after GC invocations=140 (full 5):
 par new generation   total 39296K, used 4198K [0x0000000081800000, 0x00000000842a0000, 0x00000000964c0000)
  eden space 34944K,   0% used [0x0000000081800000, 0x0000000081800000, 0x0000000083a20000)
  from space 4352K,  96% used [0x0000000083a20000, 0x0000000083e39b30, 0x0000000083e60000)
  to   space 4352K,   0% used [0x0000000083e60000, 0x0000000083e60000, 0x00000000842a0000)
 concurrent mark-sweep generation total 87424K, used 49579K [0x00000000964c0000, 0x000000009ba20000, 0x0000000100000000)
 Metaspace       used 73160K, capacity 76702K, committed 76896K, reserved 1116160K
  class space    used 9661K, capacity 10277K, committed 10388K, reserved 1048576K
}
2019-05-24T17:26:21.039+0800: 252.432: Application time: 0.0680522 seconds
2019-05-24T17:26:22.039+0800: 253.432: Application time: 1.0001917 seconds
2019-05-24T17:26:34.038+0800: 265.431: Application time: 11.9986955 seconds
2019-05-24T17:26:34.150+0800: 265.543: Application time: 0.1116666 seconds
2019-05-24T17:26:34.155+0800: 265.548: Application time: 0.0046023 seconds
2019-05-24T17:26:34.157+0800: 265.550: Application time: 0.0021322 seconds
2019-05-24T17:26:35.158+0800: 266.551: Application time: 1.0003095 seconds
2019-05-24T17:26:37.552+0800: 268.945: Application time: 2.3938286 seconds
2019-05-24T17:26:37.552+0800: 268.945: Application time: 0.0003777 seconds
2019-05-24T17:26:37.553+0800: 268.946: Application time: 0.0001462 seconds
2019-05-24T17:26:51.420+0800: 282.813: Application time: 13.8668664 seconds
2019-05-24T17:26:51.489+0800: 282.882: Application time: 0.0686762 seconds
2019-05-24T17:26:51.491+0800: 282.884: Application time: 0.0002020 seconds
2019-05-24T17:26:51.492+0800: 282.885: Application time: 0.0012060 seconds
2019-05-24T17:26:51.493+0800: 282.886: Application time: 0.0001081 seconds
2019-05-24T17:26:51.513+0800: 282.906: Application time: 0.0199862 seconds
2019-05-24T17:26:51.524+0800: 282.917: Application time: 0.0100665 seconds
2019-05-24T17:26:51.638+0800: 283.031: Application time: 0.1139860 seconds
2019-05-24T17:26:56.641+0800: 288.034: Application time: 5.0026977 seconds
2019-05-24T17:26:57.557+0800: 288.950: Application time: 0.9162590 seconds
2019-05-24T17:26:57.558+0800: 288.951: Application time: 0.0005842 seconds
2019-05-24T17:26:58.559+0800: 289.952: Application time: 1.0001906 seconds
2019-05-24T17:27:15.570+0800: 306.963: Application time: 17.0107827 seconds
2019-05-24T17:27:19.872+0800: 311.265: Application time: 4.3016754 seconds
2019-05-24T17:27:27.566+0800: 318.959: Application time: 7.6941336 seconds
2019-05-24T17:27:56.578+0800: 347.971: Application time: 29.0114978 seconds
2019-05-24T17:28:19.250+0800: 370.643: Application time: 22.6721415 seconds
2019-05-24T17:28:19.324+0800: 370.717: Application time: 0.0739743 seconds
2019-05-24T17:28:19.343+0800: 370.736: Application time: 0.0186931 seconds
2019-05-24T17:28:19.381+0800: 370.774: Application time: 0.0380399 seconds
2019-05-24T17:28:19.383+0800: 370.776: Application time: 0.0014211 seconds
2019-05-24T17:28:19.392+0800: 370.785: Application time: 0.0085823 seconds
2019-05-24T17:28:19.396+0800: 370.789: Application time: 0.0034827 seconds
2019-05-24T17:28:19.397+0800: 370.789: Application time: 0.0003345 seconds
2019-05-24T17:28:19.398+0800: 370.791: Application time: 0.0008761 seconds
2019-05-24T17:28:19.412+0800: 370.806: Application time: 0.0145874 seconds
2019-05-24T17:28:19.415+0800: 370.808: Application time: 0.0023165 seconds
2019-05-24T17:28:19.482+0800: 370.875: Application time: 0.0665395 seconds
2019-05-24T17:28:19.507+0800: 370.900: Application time: 0.0251534 seconds
2019-05-24T17:28:20.508+0800: 371.901: Application time: 1.0003641 seconds
2019-05-24T17:28:21.685+0800: 373.078: Application time: 1.1775741 seconds
2019-05-24T17:28:21.690+0800: 373.083: Application time: 0.0047861 seconds
{Heap before GC invocations=140 (full 5):
 par new generation   total 39296K, used 39078K [0x0000000081800000, 0x00000000842a0000, 0x00000000964c0000)
  eden space 34944K,  99% used [0x0000000081800000, 0x0000000083a0fe90, 0x0000000083a20000)
  from space 4352K,  96% used [0x0000000083a20000, 0x0000000083e39b30, 0x0000000083e60000)
  to   space 4352K,   0% used [0x0000000083e60000, 0x0000000083e60000, 0x00000000842a0000)
 concurrent mark-sweep generation total 87424K, used 49579K [0x00000000964c0000, 0x000000009ba20000, 0x0000000100000000)
 Metaspace       used 73793K, capacity 77440K, committed 77664K, reserved 1116160K
  class space    used 9711K, capacity 10354K, committed 10388K, reserved 1048576K
2019-05-24T17:28:21.690+0800: 373.083: [GC (Allocation Failure) 2019-05-24T17:28:21.691+0800: 373.083: [ParNew: 39078K->2212K(39296K), 0.0058908 secs] 88657K->53267K(126720K), 0.0060006 secs] [Times: user=0.00 sys=0.00, real=0.01 secs] 
Heap after GC invocations=141 (full 5):
 par new generation   total 39296K, used 2212K [0x0000000081800000, 0x00000000842a0000, 0x00000000964c0000)
  eden space 34944K,   0% used [0x0000000081800000, 0x0000000081800000, 0x0000000083a20000)
  from space 4352K,  50% used [0x0000000083e60000, 0x0000000084089280, 0x00000000842a0000)
  to   space 4352K,   0% used [0x0000000083a20000, 0x0000000083a20000, 0x0000000083e60000)
 concurrent mark-sweep generation total 87424K, used 51055K [0x00000000964c0000, 0x000000009ba20000, 0x0000000100000000)
 Metaspace       used 73793K, capacity 77440K, committed 77664K, reserved 1116160K
  class space    used 9711K, capacity 10354K, committed 10388K, reserved 1048576K
}
2019-05-24T17:28:21.697+0800: 373.090: Application time: 0.0004369 seconds
2019-05-24T17:28:21.723+0800: 373.116: Application time: 0.0254726 seconds
2019-05-24T17:28:22.724+0800: 374.117: Application time: 1.0004329 seconds
2019-05-24T17:28:25.726+0800: 377.119: Application time: 3.0019348 seconds
2019-05-24T17:29:15.752+0800: 427.145: Application time: 50.0257109 seconds
2019-05-24T17:29:25.757+0800: 437.150: Application time: 10.0045699 seconds
2019-05-24T17:29:27.595+0800: 438.988: Application time: 1.8378326 seconds
2019-05-24T17:29:27.831+0800: 439.225: Application time: 0.2365024 seconds
2019-05-24T17:29:27.836+0800: 439.229: Application time: 0.0041847 seconds
2019-05-24T17:29:27.921+0800: 439.314: Application time: 0.0849516 seconds
2019-05-24T17:29:27.928+0800: 439.321: Application time: 0.0070224 seconds
2019-05-24T17:29:27.936+0800: 439.329: Application time: 0.0073131 seconds
2019-05-24T17:29:28.937+0800: 440.330: Application time: 1.0004910 seconds
2019-05-24T17:29:30.243+0800: 441.636: Application time: 1.3057635 seconds
2019-05-24T17:29:30.315+0800: 441.708: Application time: 0.0714564 seconds
2019-05-24T17:29:30.316+0800: 441.709: Application time: 0.0008858 seconds
2019-05-24T17:29:30.319+0800: 441.712: Application time: 0.0027261 seconds
2019-05-24T17:29:30.320+0800: 441.713: Application time: 0.0010035 seconds
2019-05-24T17:29:31.328+0800: 442.721: Application time: 0.9999795 seconds
2019-05-24T17:29:57.341+0800: 468.734: Application time: 26.0131135 seconds
2019-05-24T17:30:18.353+0800: 489.746: Application time: 21.0116656 seconds
2019-05-24T17:30:20.354+0800: 491.747: Application time: 2.0009341 seconds
2019-05-24T17:30:26.357+0800: 497.750: Application time: 6.0029053 seconds
2019-05-24T17:30:27.606+0800: 498.998: Application time: 1.2484747 seconds
2019-05-24T17:30:29.470+0800: 500.863: Application time: 1.8641727 seconds
2019-05-24T17:30:29.566+0800: 500.959: Application time: 0.0958981 seconds
2019-05-24T17:30:29.704+0800: 501.097: Application time: 0.1382860 seconds
2019-05-24T17:30:30.705+0800: 502.097: Application time: 1.0000182 seconds
2019-05-24T17:30:32.087+0800: 503.480: Application time: 1.3827222 seconds
2019-05-24T17:30:32.089+0800: 503.482: Application time: 0.0015155 seconds
2019-05-24T17:30:32.106+0800: 503.498: Application time: 0.0155881 seconds
2019-05-24T17:30:33.108+0800: 504.500: Application time: 1.0006104 seconds
2019-05-24T17:30:37.607+0800: 509.000: Application time: 4.4989916 seconds
2019-05-24T17:30:43.215+0800: 514.608: Application time: 5.6082968 seconds
2019-05-24T17:30:43.293+0800: 514.686: Application time: 0.0778098 seconds
2019-05-24T17:30:44.297+0800: 515.690: Application time: 1.0038804 seconds
2019-05-24T17:30:45.641+0800: 517.034: Application time: 1.3437755 seconds
2019-05-24T17:30:45.645+0800: 517.038: Application time: 0.0040448 seconds
2019-05-24T17:30:45.650+0800: 517.044: Application time: 0.0048287 seconds
{Heap before GC invocations=141 (full 5):
 par new generation   total 39296K, used 37156K [0x0000000081800000, 0x00000000842a0000, 0x00000000964c0000)
  eden space 34944K, 100% used [0x0000000081800000, 0x0000000083a20000, 0x0000000083a20000)
  from space 4352K,  50% used [0x0000000083e60000, 0x0000000084089280, 0x00000000842a0000)
  to   space 4352K,   0% used [0x0000000083a20000, 0x0000000083a20000, 0x0000000083e60000)
 concurrent mark-sweep generation total 87424K, used 51055K [0x00000000964c0000, 0x000000009ba20000, 0x0000000100000000)
 Metaspace       used 74242K, capacity 77926K, committed 78176K, reserved 1118208K
  class space    used 9715K, capacity 10359K, committed 10388K, reserved 1048576K
2019-05-24T17:30:45.651+0800: 517.044: [GC (Allocation Failure) 2019-05-24T17:30:45.651+0800: 517.044: [ParNew: 37156K->2432K(39296K), 0.0045022 secs] 88211K->53487K(126720K), 0.0047155 secs] [Times: user=0.01 sys=0.03, real=0.00 secs] 
