Java HotSpot(TM) 64-Bit Server VM (25.181-b13) for windows-amd64 JRE (1.8.0_181-b13), built on Jul  7 2018 04:01:33 by "java_re" with MS VC++ 10.0 (VS2010)
Memory: 4k page, physical 8282780k(2471860k free), swap 18768540k(10775884k free)
CommandLine flags: -XX:+CMSClassUnloadingEnabled -XX:CMSFullGCsBeforeCompaction=9 -XX:CMSInitiatingOccupancyFraction=60 -XX:+CMSParallelRemarkEnabled -XX:+DisableExplicitGC -XX:+ExplicitGCInvokesConcurrent -XX:GCLogFileSize=5242880 -XX:+HeapDumpOnOutOfMemoryError -XX:HeapDumpPath=D:/practice/jj/j-apollo/apollo-configservice/logs/HeapDumpOnOutOfMemoryError/ -XX:InitialHeapSize=132524480 -XX:MaxHeapSize=2120391680 -XX:MaxNewSize=348966912 -XX:MaxTenuringThreshold=9 -XX:NumberOfGCLogFiles=5 -XX:OldPLABSize=16 -XX:-OmitStackTraceInFastThrow -XX:ParallelGCThreads=4 -XX:+PrintGC -XX:+PrintGCApplicationConcurrentTime -XX:+PrintGCDateStamps -XX:+PrintGCDetails -XX:+PrintGCTimeStamps -XX:+PrintHeapAtGC -XX:+ScavengeBeforeFullGC -XX:SoftRefLRUPolicyMSPerMB=0 -XX:+UseCMSCompactAtFullCollection -XX:+UseCMSInitiatingOccupancyOnly -XX:+UseCompressedClassPointers -XX:+UseCompressedOops -XX:+UseConcMarkSweepGC -XX:+UseGCLogFileRotation -XX:-UseLargePagesIndividualAllocation -XX:+UseParNewGC 
2019-05-24T17:21:51.739+0800: 1.042: Application time: 0.9176312 seconds
2019-05-24T17:21:52.384+0800: 1.687: Application time: 0.6446937 seconds
2019-05-24T17:21:52.566+0800: 1.869: Application time: 0.1821673 seconds
{Heap before GC invocations=0 (full 0):
 par new generation   total 39296K, used 34944K [0x0000000081800000, 0x00000000842a0000, 0x00000000964c0000)
  eden space 34944K, 100% used [0x0000000081800000, 0x0000000083a20000, 0x0000000083a20000)
  from space 4352K,   0% used [0x0000000083a20000, 0x0000000083a20000, 0x0000000083e60000)
  to   space 4352K,   0% used [0x0000000083e60000, 0x0000000083e60000, 0x00000000842a0000)
 concurrent mark-sweep generation total 87424K, used 0K [0x00000000964c0000, 0x000000009ba20000, 0x0000000100000000)
 Metaspace       used 4185K, capacity 4976K, committed 5120K, reserved 1056768K
  class space    used 434K, capacity 472K, committed 512K, reserved 1048576K
2019-05-24T17:21:52.566+0800: 1.869: [GC (Allocation Failure) 2019-05-24T17:21:52.566+0800: 1.869: [ParNew: 34944K->4352K(39296K), 0.0451049 secs] 34944K->14846K(126720K), 0.0453108 secs] [Times: user=0.19 sys=0.01, real=0.05 secs] 
Heap after GC invocations=1 (full 0):
 par new generation   total 39296K, used 4352K [0x0000000081800000, 0x00000000842a0000, 0x00000000964c0000)
  eden space 34944K,   0% used [0x0000000081800000, 0x0000000081800000, 0x0000000083a20000)
  from space 4352K, 100% used [0x0000000083e60000, 0x00000000842a0000, 0x00000000842a0000)
  to   space 4352K,   0% used [0x0000000083a20000, 0x0000000083a20000, 0x0000000083e60000)
 concurrent mark-sweep generation total 87424K, used 10494K [0x00000000964c0000, 0x000000009ba20000, 0x0000000100000000)
 Metaspace       used 4185K, capacity 4976K, committed 5120K, reserved 1056768K
  class space    used 434K, capacity 472K, committed 512K, reserved 1048576K
}
2019-05-24T17:21:52.673+0800: 1.976: Application time: 0.0618046 seconds
2019-05-24T17:21:52.704+0800: 2.007: Application time: 0.0306824 seconds
2019-05-24T17:21:52.789+0800: 2.092: Application time: 0.0850130 seconds
{Heap before GC invocations=1 (full 0):
 par new generation   total 39296K, used 39296K [0x0000000081800000, 0x00000000842a0000, 0x00000000964c0000)
  eden space 34944K, 100% used [0x0000000081800000, 0x0000000083a20000, 0x0000000083a20000)
  from space 4352K, 100% used [0x0000000083e60000, 0x00000000842a0000, 0x00000000842a0000)
  to   space 4352K,   0% used [0x0000000083a20000, 0x0000000083a20000, 0x0000000083e60000)
 concurrent mark-sweep generation total 87424K, used 10494K [0x00000000964c0000, 0x000000009ba20000, 0x0000000100000000)
 Metaspace       used 5093K, capacity 5552K, committed 5760K, reserved 1056768K
  class space    used 563K, capacity 600K, committed 640K, reserved 1048576K
2019-05-24T17:21:52.789+0800: 2.092: [GC (Allocation Failure) 2019-05-24T17:21:52.789+0800: 2.093: [ParNew: 39296K->4351K(39296K), 0.0068830 secs] 49790K->19266K(126720K), 0.0069990 secs] [Times: user=0.06 sys=0.00, real=0.01 secs] 
Heap after GC invocations=2 (full 0):
 par new generation   total 39296K, used 4351K [0x0000000081800000, 0x00000000842a0000, 0x00000000964c0000)
  eden space 34944K,   0% used [0x0000000081800000, 0x0000000081800000, 0x0000000083a20000)
  from space 4352K,  99% used [0x0000000083a20000, 0x0000000083e5fff0, 0x0000000083e60000)
  to   space 4352K,   0% used [0x0000000083e60000, 0x0000000083e60000, 0x00000000842a0000)
 concurrent mark-sweep generation total 87424K, used 14914K [0x00000000964c0000, 0x000000009ba20000, 0x0000000100000000)
 Metaspace       used 5093K, capacity 5552K, committed 5760K, reserved 1056768K
  class space    used 563K, capacity 600K, committed 640K, reserved 1048576K
}
2019-05-24T17:21:52.890+0800: 2.193: Application time: 0.0936544 seconds
2019-05-24T17:21:53.024+0800: 2.328: Application time: 0.1343294 seconds
{Heap before GC invocations=2 (full 0):
 par new generation   total 39296K, used 39295K [0x0000000081800000, 0x00000000842a0000, 0x00000000964c0000)
  eden space 34944K, 100% used [0x0000000081800000, 0x0000000083a20000, 0x0000000083a20000)
  from space 4352K,  99% used [0x0000000083a20000, 0x0000000083e5fff0, 0x0000000083e60000)
  to   space 4352K,   0% used [0x0000000083e60000, 0x0000000083e60000, 0x00000000842a0000)
 concurrent mark-sweep generation total 87424K, used 14914K [0x00000000964c0000, 0x000000009ba20000, 0x0000000100000000)
 Metaspace       used 6862K, capacity 7028K, committed 7296K, reserved 1056768K
  class space    used 806K, capacity 856K, committed 896K, reserved 1048576K
2019-05-24T17:21:53.025+0800: 2.328: [GC (Allocation Failure) 2019-05-24T17:21:53.025+0800: 2.328: [ParNew: 39295K->1558K(39296K), 0.0011679 secs] 54210K->16472K(126720K), 0.0012669 secs] [Times: user=0.00 sys=0.00, real=0.00 secs] 
Heap after GC invocations=3 (full 0):
 par new generation   total 39296K, used 1558K [0x0000000081800000, 0x00000000842a0000, 0x00000000964c0000)
  eden space 34944K,   0% used [0x0000000081800000, 0x0000000081800000, 0x0000000083a20000)
  from space 4352K,  35% used [0x0000000083e60000, 0x0000000083fe5930, 0x00000000842a0000)
  to   space 4352K,   0% used [0x0000000083a20000, 0x0000000083a20000, 0x0000000083e60000)
 concurrent mark-sweep generation total 87424K, used 14914K [0x00000000964c0000, 0x000000009ba20000, 0x0000000100000000)
 Metaspace       used 6862K, capacity 7028K, committed 7296K, reserved 1056768K
  class space    used 806K, capacity 856K, committed 896K, reserved 1048576K
}
2019-05-24T17:21:53.047+0800: 2.351: Application time: 0.0214357 seconds
2019-05-24T17:21:53.187+0800: 2.490: Application time: 0.1397339 seconds
{Heap before GC invocations=3 (full 0):
 par new generation   total 39296K, used 36502K [0x0000000081800000, 0x00000000842a0000, 0x00000000964c0000)
  eden space 34944K, 100% used [0x0000000081800000, 0x0000000083a20000, 0x0000000083a20000)
  from space 4352K,  35% used [0x0000000083e60000, 0x0000000083fe5930, 0x00000000842a0000)
  to   space 4352K,   0% used [0x0000000083a20000, 0x0000000083a20000, 0x0000000083e60000)
 concurrent mark-sweep generation total 87424K, used 14914K [0x00000000964c0000, 0x000000009ba20000, 0x0000000100000000)
 Metaspace       used 8214K, capacity 8416K, committed 8448K, reserved 1056768K
  class space    used 973K, capacity 1020K, committed 1024K, reserved 1048576K
2019-05-24T17:21:53.187+0800: 2.491: [GC (Allocation Failure) 2019-05-24T17:21:53.187+0800: 2.491: [ParNew: 36502K->1851K(39296K), 0.0017419 secs] 51416K->16765K(126720K), 0.0018506 secs] [Times: user=0.00 sys=0.00, real=0.00 secs] 
Heap after GC invocations=4 (full 0):
 par new generation   total 39296K, used 1851K [0x0000000081800000, 0x00000000842a0000, 0x00000000964c0000)
  eden space 34944K,   0% used [0x0000000081800000, 0x0000000081800000, 0x0000000083a20000)
  from space 4352K,  42% used [0x0000000083a20000, 0x0000000083beed90, 0x0000000083e60000)
  to   space 4352K,   0% used [0x0000000083e60000, 0x0000000083e60000, 0x00000000842a0000)
 concurrent mark-sweep generation total 87424K, used 14914K [0x00000000964c0000, 0x000000009ba20000, 0x0000000100000000)
 Metaspace       used 8214K, capacity 8416K, committed 8448K, reserved 1056768K
  class space    used 973K, capacity 1020K, committed 1024K, reserved 1048576K
}
2019-05-24T17:21:53.377+0800: 2.680: Application time: 0.1879807 seconds
{Heap before GC invocations=4 (full 0):
 par new generation   total 39296K, used 36795K [0x0000000081800000, 0x00000000842a0000, 0x00000000964c0000)
  eden space 34944K, 100% used [0x0000000081800000, 0x0000000083a20000, 0x0000000083a20000)
  from space 4352K,  42% used [0x0000000083a20000, 0x0000000083beed90, 0x0000000083e60000)
  to   space 4352K,   0% used [0x0000000083e60000, 0x0000000083e60000, 0x00000000842a0000)
 concurrent mark-sweep generation total 87424K, used 14914K [0x00000000964c0000, 0x000000009ba20000, 0x0000000100000000)
 Metaspace       used 9644K, capacity 9882K, committed 9984K, reserved 1058816K
  class space    used 1156K, capacity 1257K, committed 1280K, reserved 1048576K
2019-05-24T17:21:53.377+0800: 2.681: [GC (Allocation Failure) 2019-05-24T17:21:53.377+0800: 2.681: [ParNew: 36795K->2325K(39296K), 0.0017636 secs] 51709K->17240K(126720K), 0.0018785 secs] [Times: user=0.00 sys=0.00, real=0.00 secs] 
Heap after GC invocations=5 (full 0):
 par new generation   total 39296K, used 2325K [0x0000000081800000, 0x00000000842a0000, 0x00000000964c0000)
  eden space 34944K,   0% used [0x0000000081800000, 0x0000000081800000, 0x0000000083a20000)
  from space 4352K,  53% used [0x0000000083e60000, 0x00000000840a57e8, 0x00000000842a0000)
  to   space 4352K,   0% used [0x0000000083a20000, 0x0000000083a20000, 0x0000000083e60000)
 concurrent mark-sweep generation total 87424K, used 14914K [0x00000000964c0000, 0x000000009ba20000, 0x0000000100000000)
 Metaspace       used 9644K, capacity 9882K, committed 9984K, reserved 1058816K
  class space    used 1156K, capacity 1257K, committed 1280K, reserved 1048576K
}
2019-05-24T17:21:53.502+0800: 2.805: Application time: 0.1228766 seconds
{Heap before GC invocations=5 (full 0):
 par new generation   total 39296K, used 37269K [0x0000000081800000, 0x00000000842a0000, 0x00000000964c0000)
  eden space 34944K, 100% used [0x0000000081800000, 0x0000000083a20000, 0x0000000083a20000)
  from space 4352K,  53% used [0x0000000083e60000, 0x00000000840a57e8, 0x00000000842a0000)
  to   space 4352K,   0% used [0x0000000083a20000, 0x0000000083a20000, 0x0000000083e60000)
 concurrent mark-sweep generation total 87424K, used 14914K [0x00000000964c0000, 0x000000009ba20000, 0x0000000100000000)
 Metaspace       used 10345K, capacity 10588K, committed 10880K, reserved 1058816K
  class space    used 1263K, capacity 1342K, committed 1408K, reserved 1048576K
2019-05-24T17:21:53.502+0800: 2.806: [GC (Allocation Failure) 2019-05-24T17:21:53.502+0800: 2.806: [ParNew: 37269K->2565K(39296K), 0.0022471 secs] 52184K->17479K(126720K), 0.0023791 secs] [Times: user=0.00 sys=0.00, real=0.00 secs] 
Heap after GC invocations=6 (full 0):
 par new generation   total 39296K, used 2565K [0x0000000081800000, 0x00000000842a0000, 0x00000000964c0000)
  eden space 34944K,   0% used [0x0000000081800000, 0x0000000081800000, 0x0000000083a20000)
  from space 4352K,  58% used [0x0000000083a20000, 0x0000000083ca15c0, 0x0000000083e60000)
  to   space 4352K,   0% used [0x0000000083e60000, 0x0000000083e60000, 0x00000000842a0000)
 concurrent mark-sweep generation total 87424K, used 14914K [0x00000000964c0000, 0x000000009ba20000, 0x0000000100000000)
 Metaspace       used 10345K, capacity 10588K, committed 10880K, reserved 1058816K
  class space    used 1263K, capacity 1342K, committed 1408K, reserved 1048576K
}
2019-05-24T17:21:53.538+0800: 2.842: Application time: 0.0338199 seconds
{Heap before GC invocations=6 (full 0):
 par new generation   total 39296K, used 37509K [0x0000000081800000, 0x00000000842a0000, 0x00000000964c0000)
  eden space 34944K, 100% used [0x0000000081800000, 0x0000000083a20000, 0x0000000083a20000)
  from space 4352K,  58% used [0x0000000083a20000, 0x0000000083ca15c0, 0x0000000083e60000)
  to   space 4352K,   0% used [0x0000000083e60000, 0x0000000083e60000, 0x00000000842a0000)
 concurrent mark-sweep generation total 87424K, used 14914K [0x00000000964c0000, 0x000000009ba20000, 0x0000000100000000)
 Metaspace       used 10698K, capacity 11034K, committed 11264K, reserved 1058816K
  class space    used 1317K, capacity 1443K, committed 1536K, reserved 1048576K
2019-05-24T17:21:53.539+0800: 2.842: [GC (Allocation Failure) 2019-05-24T17:21:53.539+0800: 2.842: [ParNew: 37509K->2046K(39296K), 0.0016327 secs] 52423K->16960K(126720K), 0.0017362 secs] [Times: user=0.00 sys=0.00, real=0.00 secs] 
Heap after GC invocations=7 (full 0):
 par new generation   total 39296K, used 2046K [0x0000000081800000, 0x00000000842a0000, 0x00000000964c0000)
  eden space 34944K,   0% used [0x0000000081800000, 0x0000000081800000, 0x0000000083a20000)
  from space 4352K,  47% used [0x0000000083e60000, 0x000000008405f9b0, 0x00000000842a0000)
  to   space 4352K,   0% used [0x0000000083a20000, 0x0000000083a20000, 0x0000000083e60000)
 concurrent mark-sweep generation total 87424K, used 14914K [0x00000000964c0000, 0x000000009ba20000, 0x0000000100000000)
 Metaspace       used 10698K, capacity 11034K, committed 11264K, reserved 1058816K
  class space    used 1317K, capacity 1443K, committed 1536K, reserved 1048576K
}
2019-05-24T17:21:53.609+0800: 2.913: Application time: 0.0690307 seconds
{Heap before GC invocations=7 (full 0):
 par new generation   total 39296K, used 36990K [0x0000000081800000, 0x00000000842a0000, 0x00000000964c0000)
  eden space 34944K, 100% used [0x0000000081800000, 0x0000000083a20000, 0x0000000083a20000)
  from space 4352K,  47% used [0x0000000083e60000, 0x000000008405f9b0, 0x00000000842a0000)
  to   space 4352K,   0% used [0x0000000083a20000, 0x0000000083a20000, 0x0000000083e60000)
 concurrent mark-sweep generation total 87424K, used 14914K [0x00000000964c0000, 0x000000009ba20000, 0x0000000100000000)
 Metaspace       used 11267K, capacity 11590K, committed 11776K, reserved 1058816K
  class space    used 1369K, capacity 1477K, committed 1536K, reserved 1048576K
2019-05-24T17:21:53.610+0800: 2.913: [GC (Allocation Failure) 2019-05-24T17:21:53.610+0800: 2.913: [ParNew: 36990K->3071K(39296K), 0.0023211 secs] 51904K->17985K(126720K), 0.0024377 secs] [Times: user=0.00 sys=0.00, real=0.00 secs] 
Heap after GC invocations=8 (full 0):
 par new generation   total 39296K, used 3071K [0x0000000081800000, 0x00000000842a0000, 0x00000000964c0000)
  eden space 34944K,   0% used [0x0000000081800000, 0x0000000081800000, 0x0000000083a20000)
  from space 4352K,  70% used [0x0000000083a20000, 0x0000000083d1fe48, 0x0000000083e60000)
  to   space 4352K,   0% used [0x0000000083e60000, 0x0000000083e60000, 0x00000000842a0000)
 concurrent mark-sweep generation total 87424K, used 14914K [0x00000000964c0000, 0x000000009ba20000, 0x0000000100000000)
 Metaspace       used 11267K, capacity 11590K, committed 11776K, reserved 1058816K
  class space    used 1369K, capacity 1477K, committed 1536K, reserved 1048576K
}
2019-05-24T17:21:53.659+0800: 2.963: Application time: 0.0470812 seconds
{Heap before GC invocations=8 (full 0):
 par new generation   total 39296K, used 38015K [0x0000000081800000, 0x00000000842a0000, 0x00000000964c0000)
  eden space 34944K, 100% used [0x0000000081800000, 0x0000000083a20000, 0x0000000083a20000)
  from space 4352K,  70% used [0x0000000083a20000, 0x0000000083d1fe48, 0x0000000083e60000)
  to   space 4352K,   0% used [0x0000000083e60000, 0x0000000083e60000, 0x00000000842a0000)
 concurrent mark-sweep generation total 87424K, used 14914K [0x00000000964c0000, 0x000000009ba20000, 0x0000000100000000)
 Metaspace       used 12060K, capacity 12410K, committed 12672K, reserved 1060864K
  class space    used 1460K, capacity 1559K, committed 1664K, reserved 1048576K
2019-05-24T17:21:53.659+0800: 2.963: [GC (Allocation Failure) 2019-05-24T17:21:53.659+0800: 2.963: [ParNew: 38015K->3206K(39296K), 0.0026146 secs] 52929K->18120K(126720K), 0.0027529 secs] [Times: user=0.00 sys=0.00, real=0.00 secs] 
Heap after GC invocations=9 (full 0):
 par new generation   total 39296K, used 3206K [0x0000000081800000, 0x00000000842a0000, 0x00000000964c0000)
  eden space 34944K,   0% used [0x0000000081800000, 0x0000000081800000, 0x0000000083a20000)
  from space 4352K,  73% used [0x0000000083e60000, 0x0000000084181830, 0x00000000842a0000)
  to   space 4352K,   0% used [0x0000000083a20000, 0x0000000083a20000, 0x0000000083e60000)
 concurrent mark-sweep generation total 87424K, used 14914K [0x00000000964c0000, 0x000000009ba20000, 0x0000000100000000)
 Metaspace       used 12060K, capacity 12410K, committed 12672K, reserved 1060864K
  class space    used 1460K, capacity 1559K, committed 1664K, reserved 1048576K
}
2019-05-24T17:21:53.765+0800: 3.068: Application time: 0.1023761 seconds
{Heap before GC invocations=9 (full 0):
 par new generation   total 39296K, used 38150K [0x0000000081800000, 0x00000000842a0000, 0x00000000964c0000)
  eden space 34944K, 100% used [0x0000000081800000, 0x0000000083a20000, 0x0000000083a20000)
  from space 4352K,  73% used [0x0000000083e60000, 0x0000000084181830, 0x00000000842a0000)
  to   space 4352K,   0% used [0x0000000083a20000, 0x0000000083a20000, 0x0000000083e60000)
 concurrent mark-sweep generation total 87424K, used 14914K [0x00000000964c0000, 0x000000009ba20000, 0x0000000100000000)
 Metaspace       used 12649K, capacity 13022K, committed 13184K, reserved 1060864K
  class space    used 1535K, capacity 1629K, committed 1664K, reserved 1048576K
2019-05-24T17:21:53.765+0800: 3.068: [GC (Allocation Failure) 2019-05-24T17:21:53.765+0800: 3.068: [ParNew: 38150K->3598K(39296K), 0.0022898 secs] 53064K->18513K(126720K), 0.0023933 secs] [Times: user=0.00 sys=0.00, real=0.00 secs] 
Heap after GC invocations=10 (full 0):
 par new generation   total 39296K, used 3598K [0x0000000081800000, 0x00000000842a0000, 0x00000000964c0000)
  eden space 34944K,   0% used [0x0000000081800000, 0x0000000081800000, 0x0000000083a20000)
  from space 4352K,  82% used [0x0000000083a20000, 0x0000000083da3bd0, 0x0000000083e60000)
  to   space 4352K,   0% used [0x0000000083e60000, 0x0000000083e60000, 0x00000000842a0000)
 concurrent mark-sweep generation total 87424K, used 14914K [0x00000000964c0000, 0x000000009ba20000, 0x0000000100000000)
 Metaspace       used 12649K, capacity 13022K, committed 13184K, reserved 1060864K
  class space    used 1535K, capacity 1629K, committed 1664K, reserved 1048576K
}
2019-05-24T17:21:53.850+0800: 3.154: Application time: 0.0831243 seconds
2019-05-24T17:21:53.852+0800: 3.156: Application time: 0.0018751 seconds
{Heap before GC invocations=10 (full 0):
 par new generation   total 39296K, used 38542K [0x0000000081800000, 0x00000000842a0000, 0x00000000964c0000)
  eden space 34944K, 100% used [0x0000000081800000, 0x0000000083a20000, 0x0000000083a20000)
  from space 4352K,  82% used [0x0000000083a20000, 0x0000000083da3bd0, 0x0000000083e60000)
  to   space 4352K,   0% used [0x0000000083e60000, 0x0000000083e60000, 0x00000000842a0000)
 concurrent mark-sweep generation total 87424K, used 14914K [0x00000000964c0000, 0x000000009ba20000, 0x0000000100000000)
 Metaspace       used 13567K, capacity 13936K, committed 14080K, reserved 1060864K
  class space    used 1643K, capacity 1750K, committed 1792K, reserved 1048576K
2019-05-24T17:21:53.853+0800: 3.156: [GC (Allocation Failure) 2019-05-24T17:21:53.853+0800: 3.156: [ParNew: 38542K->2786K(39296K), 0.0039885 secs] 53457K->18161K(126720K), 0.0040977 secs] [Times: user=0.06 sys=0.02, real=0.00 secs] 
Heap after GC invocations=11 (full 0):
 par new generation   total 39296K, used 2786K [0x0000000081800000, 0x00000000842a0000, 0x00000000964c0000)
  eden space 34944K,   0% used [0x0000000081800000, 0x0000000081800000, 0x0000000083a20000)
  from space 4352K,  64% used [0x0000000083e60000, 0x0000000084118890, 0x00000000842a0000)
  to   space 4352K,   0% used [0x0000000083a20000, 0x0000000083a20000, 0x0000000083e60000)
 concurrent mark-sweep generation total 87424K, used 15374K [0x00000000964c0000, 0x000000009ba20000, 0x0000000100000000)
 Metaspace       used 13567K, capacity 13936K, committed 14080K, reserved 1060864K
  class space    used 1643K, capacity 1750K, committed 1792K, reserved 1048576K
}
2019-05-24T17:21:54.040+0800: 3.343: Application time: 0.1828357 seconds
{Heap before GC invocations=11 (full 0):
 par new generation   total 39296K, used 37730K [0x0000000081800000, 0x00000000842a0000, 0x00000000964c0000)
  eden space 34944K, 100% used [0x0000000081800000, 0x0000000083a20000, 0x0000000083a20000)
  from space 4352K,  64% used [0x0000000083e60000, 0x0000000084118890, 0x00000000842a0000)
  to   space 4352K,   0% used [0x0000000083a20000, 0x0000000083a20000, 0x0000000083e60000)
 concurrent mark-sweep generation total 87424K, used 15374K [0x00000000964c0000, 0x000000009ba20000, 0x0000000100000000)
 Metaspace       used 14464K, capacity 14942K, committed 15104K, reserved 1062912K
  class space    used 1806K, capacity 1959K, committed 2048K, reserved 1048576K
2019-05-24T17:21:54.040+0800: 3.343: [GC (Allocation Failure) 2019-05-24T17:21:54.040+0800: 3.343: [ParNew: 37730K->3020K(39296K), 0.0027881 secs] 53105K->18395K(126720K), 0.0029286 secs] [Times: user=0.06 sys=0.01, real=0.00 secs] 
Heap after GC invocations=12 (full 0):
 par new generation   total 39296K, used 3020K [0x0000000081800000, 0x00000000842a0000, 0x00000000964c0000)
  eden space 34944K,   0% used [0x0000000081800000, 0x0000000081800000, 0x0000000083a20000)
  from space 4352K,  69% used [0x0000000083a20000, 0x0000000083d13130, 0x0000000083e60000)
  to   space 4352K,   0% used [0x0000000083e60000, 0x0000000083e60000, 0x00000000842a0000)
 concurrent mark-sweep generation total 87424K, used 15374K [0x00000000964c0000, 0x000000009ba20000, 0x0000000100000000)
 Metaspace       used 14464K, capacity 14942K, committed 15104K, reserved 1062912K
  class space    used 1806K, capacity 1959K, committed 2048K, reserved 1048576K
}
2019-05-24T17:21:54.198+0800: 3.501: Application time: 0.1545290 seconds
{Heap before GC invocations=12 (full 0):
 par new generation   total 39296K, used 37964K [0x0000000081800000, 0x00000000842a0000, 0x00000000964c0000)
  eden space 34944K, 100% used [0x0000000081800000, 0x0000000083a20000, 0x0000000083a20000)
  from space 4352K,  69% used [0x0000000083a20000, 0x0000000083d13130, 0x0000000083e60000)
  to   space 4352K,   0% used [0x0000000083e60000, 0x0000000083e60000, 0x00000000842a0000)
 concurrent mark-sweep generation total 87424K, used 15374K [0x00000000964c0000, 0x000000009ba20000, 0x0000000100000000)
 Metaspace       used 15118K, capacity 15588K, committed 15744K, reserved 1062912K
  class space    used 1949K, capacity 2088K, committed 2176K, reserved 1048576K
2019-05-24T17:21:54.198+0800: 3.501: [GC (Allocation Failure) 2019-05-24T17:21:54.198+0800: 3.501: [ParNew: 37964K->3322K(39296K), 0.0033673 secs] 53339K->19214K(126720K), 0.0034873 secs] [Times: user=0.06 sys=0.00, real=0.00 secs] 
Heap after GC invocations=13 (full 0):
 par new generation   total 39296K, used 3322K [0x0000000081800000, 0x00000000842a0000, 0x00000000964c0000)
  eden space 34944K,   0% used [0x0000000081800000, 0x0000000081800000, 0x0000000083a20000)
  from space 4352K,  76% used [0x0000000083e60000, 0x000000008419e908, 0x00000000842a0000)
  to   space 4352K,   0% used [0x0000000083a20000, 0x0000000083a20000, 0x0000000083e60000)
 concurrent mark-sweep generation total 87424K, used 15892K [0x00000000964c0000, 0x000000009ba20000, 0x0000000100000000)
 Metaspace       used 15118K, capacity 15588K, committed 15744K, reserved 1062912K
  class space    used 1949K, capacity 2088K, committed 2176K, reserved 1048576K
}
2019-05-24T17:21:54.265+0800: 3.568: Application time: 0.0631734 seconds
{Heap before GC invocations=13 (full 0):
 par new generation   total 39296K, used 38266K [0x0000000081800000, 0x00000000842a0000, 0x00000000964c0000)
  eden space 34944K, 100% used [0x0000000081800000, 0x0000000083a20000, 0x0000000083a20000)
  from space 4352K,  76% used [0x0000000083e60000, 0x000000008419e908, 0x00000000842a0000)
  to   space 4352K,   0% used [0x0000000083a20000, 0x0000000083a20000, 0x0000000083e60000)
 concurrent mark-sweep generation total 87424K, used 15892K [0x00000000964c0000, 0x000000009ba20000, 0x0000000100000000)
 Metaspace       used 15537K, capacity 16046K, committed 16256K, reserved 1062912K
  class space    used 2005K, capacity 2149K, committed 2176K, reserved 1048576K
2019-05-24T17:21:54.265+0800: 3.568: [GC (Allocation Failure) 2019-05-24T17:21:54.265+0800: 3.568: [ParNew: 38266K->2551K(39296K), 0.0024969 secs] 54158K->18736K(126720K), 0.0026220 secs] [Times: user=0.00 sys=0.00, real=0.00 secs] 
Heap after GC invocations=14 (full 0):
 par new generation   total 39296K, used 2551K [0x0000000081800000, 0x00000000842a0000, 0x00000000964c0000)
  eden space 34944K,   0% used [0x0000000081800000, 0x0000000081800000, 0x0000000083a20000)
  from space 4352K,  58% used [0x0000000083a20000, 0x0000000083c9dd90, 0x0000000083e60000)
  to   space 4352K,   0% used [0x0000000083e60000, 0x0000000083e60000, 0x00000000842a0000)
 concurrent mark-sweep generation total 87424K, used 16184K [0x00000000964c0000, 0x000000009ba20000, 0x0000000100000000)
 Metaspace       used 15537K, capacity 16046K, committed 16256K, reserved 1062912K
  class space    used 2005K, capacity 2149K, committed 2176K, reserved 1048576K
}
2019-05-24T17:21:54.275+0800: 3.579: Application time: 0.0082802 seconds
2019-05-24T17:21:54.276+0800: 3.579: Application time: 0.0003447 seconds
2019-05-24T17:21:54.304+0800: 3.608: Application time: 0.0280849 seconds
{Heap before GC invocations=14 (full 0):
 par new generation   total 39296K, used 37495K [0x0000000081800000, 0x00000000842a0000, 0x00000000964c0000)
  eden space 34944K, 100% used [0x0000000081800000, 0x0000000083a20000, 0x0000000083a20000)
  from space 4352K,  58% used [0x0000000083a20000, 0x0000000083c9dd90, 0x0000000083e60000)
  to   space 4352K,   0% used [0x0000000083e60000, 0x0000000083e60000, 0x00000000842a0000)
 concurrent mark-sweep generation total 87424K, used 16184K [0x00000000964c0000, 0x000000009ba20000, 0x0000000100000000)
 Metaspace       used 16122K, capacity 16650K, committed 16896K, reserved 1064960K
  class space    used 2082K, capacity 2219K, committed 2304K, reserved 1048576K
2019-05-24T17:21:54.304+0800: 3.608: [GC (Allocation Failure) 2019-05-24T17:21:54.304+0800: 3.608: [ParNew: 37495K->2969K(39296K), 0.0019018 secs] 53680K->19269K(126720K), 0.0020105 secs] [Times: user=0.00 sys=0.00, real=0.00 secs] 
Heap after GC invocations=15 (full 0):
 par new generation   total 39296K, used 2969K [0x0000000081800000, 0x00000000842a0000, 0x00000000964c0000)
  eden space 34944K,   0% used [0x0000000081800000, 0x0000000081800000, 0x0000000083a20000)
  from space 4352K,  68% used [0x0000000083e60000, 0x0000000084146440, 0x00000000842a0000)
  to   space 4352K,   0% used [0x0000000083a20000, 0x0000000083a20000, 0x0000000083e60000)
 concurrent mark-sweep generation total 87424K, used 16299K [0x00000000964c0000, 0x000000009ba20000, 0x0000000100000000)
 Metaspace       used 16122K, capacity 16650K, committed 16896K, reserved 1064960K
  class space    used 2082K, capacity 2219K, committed 2304K, reserved 1048576K
}
2019-05-24T17:21:54.376+0800: 3.679: Application time: 0.0689266 seconds
{Heap before GC invocations=15 (full 0):
 par new generation   total 39296K, used 37913K [0x0000000081800000, 0x00000000842a0000, 0x00000000964c0000)
  eden space 34944K, 100% used [0x0000000081800000, 0x0000000083a20000, 0x0000000083a20000)
  from space 4352K,  68% used [0x0000000083e60000, 0x0000000084146440, 0x00000000842a0000)
  to   space 4352K,   0% used [0x0000000083a20000, 0x0000000083a20000, 0x0000000083e60000)
 concurrent mark-sweep generation total 87424K, used 16299K [0x00000000964c0000, 0x000000009ba20000, 0x0000000100000000)
 Metaspace       used 16959K, capacity 17490K, committed 17792K, reserved 1064960K
  class space    used 2185K, capacity 2351K, committed 2432K, reserved 1048576K
2019-05-24T17:21:54.376+0800: 3.679: [GC (Allocation Failure) 2019-05-24T17:21:54.376+0800: 3.679: [ParNew: 37913K->2592K(39296K), 0.0020241 secs] 54213K->18985K(126720K), 0.0021311 secs] [Times: user=0.00 sys=0.00, real=0.00 secs] 
Heap after GC invocations=16 (full 0):
 par new generation   total 39296K, used 2592K [0x0000000081800000, 0x00000000842a0000, 0x00000000964c0000)
  eden space 34944K,   0% used [0x0000000081800000, 0x0000000081800000, 0x0000000083a20000)
  from space 4352K,  59% used [0x0000000083a20000, 0x0000000083ca8118, 0x0000000083e60000)
  to   space 4352K,   0% used [0x0000000083e60000, 0x0000000083e60000, 0x00000000842a0000)
 concurrent mark-sweep generation total 87424K, used 16393K [0x00000000964c0000, 0x000000009ba20000, 0x0000000100000000)
 Metaspace       used 16959K, capacity 17490K, committed 17792K, reserved 1064960K
  class space    used 2185K, capacity 2351K, committed 2432K, reserved 1048576K
}
2019-05-24T17:21:54.402+0800: 3.706: Application time: 0.0242756 seconds
2019-05-24T17:21:54.422+0800: 3.725: Application time: 0.0192575 seconds
{Heap before GC invocations=16 (full 0):
 par new generation   total 39296K, used 37536K [0x0000000081800000, 0x00000000842a0000, 0x00000000964c0000)
  eden space 34944K, 100% used [0x0000000081800000, 0x0000000083a20000, 0x0000000083a20000)
  from space 4352K,  59% used [0x0000000083a20000, 0x0000000083ca8118, 0x0000000083e60000)
  to   space 4352K,   0% used [0x0000000083e60000, 0x0000000083e60000, 0x00000000842a0000)
 concurrent mark-sweep generation total 87424K, used 16393K [0x00000000964c0000, 0x000000009ba20000, 0x0000000100000000)
 Metaspace       used 17527K, capacity 18076K, committed 18304K, reserved 1064960K
  class space    used 2250K, capacity 2394K, committed 2432K, reserved 1048576K
2019-05-24T17:21:54.422+0800: 3.725: [GC (Allocation Failure) 2019-05-24T17:21:54.422+0800: 3.725: [ParNew: 37536K->2479K(39296K), 0.0023216 secs] 53929K->18986K(126720K), 0.0024263 secs] [Times: user=0.00 sys=0.00, real=0.00 secs] 
Heap after GC invocations=17 (full 0):
 par new generation   total 39296K, used 2479K [0x0000000081800000, 0x00000000842a0000, 0x00000000964c0000)
  eden space 34944K,   0% used [0x0000000081800000, 0x0000000081800000, 0x0000000083a20000)
  from space 4352K,  56% used [0x0000000083e60000, 0x00000000840cbd00, 0x00000000842a0000)
  to   space 4352K,   0% used [0x0000000083a20000, 0x0000000083a20000, 0x0000000083e60000)
 concurrent mark-sweep generation total 87424K, used 16507K [0x00000000964c0000, 0x000000009ba20000, 0x0000000100000000)
 Metaspace       used 17527K, capacity 18076K, committed 18304K, reserved 1064960K
  class space    used 2250K, capacity 2394K, committed 2432K, reserved 1048576K
}
2019-05-24T17:21:54.479+0800: 3.782: Application time: 0.0544574 seconds
{Heap before GC invocations=17 (full 0):
 par new generation   total 39296K, used 37423K [0x0000000081800000, 0x00000000842a0000, 0x00000000964c0000)
  eden space 34944K, 100% used [0x0000000081800000, 0x0000000083a20000, 0x0000000083a20000)
  from space 4352K,  56% used [0x0000000083e60000, 0x00000000840cbd00, 0x00000000842a0000)
  to   space 4352K,   0% used [0x0000000083a20000, 0x0000000083a20000, 0x0000000083e60000)
 concurrent mark-sweep generation total 87424K, used 16507K [0x00000000964c0000, 0x000000009ba20000, 0x0000000100000000)
 Metaspace       used 18340K, capacity 18910K, committed 19200K, reserved 1067008K
  class space    used 2328K, capacity 2499K, committed 2560K, reserved 1048576K
2019-05-24T17:21:54.479+0800: 3.782: [GC (Allocation Failure) 2019-05-24T17:21:54.479+0800: 3.782: [ParNew: 37423K->2742K(39296K), 0.0023649 secs] 53930K->19437K(126720K), 0.0024872 secs] [Times: user=0.06 sys=0.00, real=0.00 secs] 
Heap after GC invocations=18 (full 0):
 par new generation   total 39296K, used 2742K [0x0000000081800000, 0x00000000842a0000, 0x00000000964c0000)
  eden space 34944K,   0% used [0x0000000081800000, 0x0000000081800000, 0x0000000083a20000)
  from space 4352K,  63% used [0x0000000083a20000, 0x0000000083ccd820, 0x0000000083e60000)
  to   space 4352K,   0% used [0x0000000083e60000, 0x0000000083e60000, 0x00000000842a0000)
 concurrent mark-sweep generation total 87424K, used 16695K [0x00000000964c0000, 0x000000009ba20000, 0x0000000100000000)
 Metaspace       used 18340K, capacity 18910K, committed 19200K, reserved 1067008K
  class space    used 2328K, capacity 2499K, committed 2560K, reserved 1048576K
}
2019-05-24T17:21:54.535+0800: 3.838: Application time: 0.0536058 seconds
{Heap before GC invocations=18 (full 0):
 par new generation   total 39296K, used 37686K [0x0000000081800000, 0x00000000842a0000, 0x00000000964c0000)
  eden space 34944K, 100% used [0x0000000081800000, 0x0000000083a20000, 0x0000000083a20000)
  from space 4352K,  63% used [0x0000000083a20000, 0x0000000083ccd820, 0x0000000083e60000)
  to   space 4352K,   0% used [0x0000000083e60000, 0x0000000083e60000, 0x00000000842a0000)
 concurrent mark-sweep generation total 87424K, used 16695K [0x00000000964c0000, 0x000000009ba20000, 0x0000000100000000)
 Metaspace       used 19172K, capacity 19824K, committed 20096K, reserved 1067008K
  class space    used 2446K, capacity 2622K, committed 2688K, reserved 1048576K
2019-05-24T17:21:54.535+0800: 3.839: [GC (Allocation Failure) 2019-05-24T17:21:54.535+0800: 3.839: [ParNew: 37686K->2839K(39296K), 0.0018961 secs] 54381K->19651K(126720K), 0.0020912 secs] [Times: user=0.00 sys=0.00, real=0.00 secs] 
Heap after GC invocations=19 (full 0):
 par new generation   total 39296K, used 2839K [0x0000000081800000, 0x00000000842a0000, 0x00000000964c0000)
  eden space 34944K,   0% used [0x0000000081800000, 0x0000000081800000, 0x0000000083a20000)
  from space 4352K,  65% used [0x0000000083e60000, 0x0000000084125ee8, 0x00000000842a0000)
  to   space 4352K,   0% used [0x0000000083a20000, 0x0000000083a20000, 0x0000000083e60000)
 concurrent mark-sweep generation total 87424K, used 16812K [0x00000000964c0000, 0x000000009ba20000, 0x0000000100000000)
 Metaspace       used 19172K, capacity 19824K, committed 20096K, reserved 1067008K
  class space    used 2446K, capacity 2622K, committed 2688K, reserved 1048576K
}
2019-05-24T17:21:54.589+0800: 3.893: Application time: 0.0520948 seconds
{Heap before GC invocations=19 (full 0):
 par new generation   total 39296K, used 37783K [0x0000000081800000, 0x00000000842a0000, 0x00000000964c0000)
  eden space 34944K, 100% used [0x0000000081800000, 0x0000000083a20000, 0x0000000083a20000)
  from space 4352K,  65% used [0x0000000083e60000, 0x0000000084125ee8, 0x00000000842a0000)
  to   space 4352K,   0% used [0x0000000083a20000, 0x0000000083a20000, 0x0000000083e60000)
 concurrent mark-sweep generation total 87424K, used 16812K [0x00000000964c0000, 0x000000009ba20000, 0x0000000100000000)
 Metaspace       used 20037K, capacity 20688K, committed 20992K, reserved 1067008K
  class space    used 2555K, capacity 2718K, committed 2816K, reserved 1048576K
2019-05-24T17:21:54.589+0800: 3.893: [GC (Allocation Failure) 2019-05-24T17:21:54.590+0800: 3.893: [ParNew: 37783K->3123K(39296K), 0.0023927 secs] 54595K->20073K(126720K), 0.0025230 secs] [Times: user=0.00 sys=0.00, real=0.00 secs] 
Heap after GC invocations=20 (full 0):
 par new generation   total 39296K, used 3123K [0x0000000081800000, 0x00000000842a0000, 0x00000000964c0000)
  eden space 34944K,   0% used [0x0000000081800000, 0x0000000081800000, 0x0000000083a20000)
  from space 4352K,  71% used [0x0000000083a20000, 0x0000000083d2cf10, 0x0000000083e60000)
  to   space 4352K,   0% used [0x0000000083e60000, 0x0000000083e60000, 0x00000000842a0000)
 concurrent mark-sweep generation total 87424K, used 16950K [0x00000000964c0000, 0x000000009ba20000, 0x0000000100000000)
 Metaspace       used 20037K, capacity 20688K, committed 20992K, reserved 1067008K
  class space    used 2555K, capacity 2718K, committed 2816K, reserved 1048576K
}
2019-05-24T17:21:54.635+0800: 3.938: Application time: 0.0423452 seconds
{Heap before GC invocations=20 (full 0):
 par new generation   total 39296K, used 38067K [0x0000000081800000, 0x00000000842a0000, 0x00000000964c0000)
  eden space 34944K, 100% used [0x0000000081800000, 0x0000000083a20000, 0x0000000083a20000)
  from space 4352K,  71% used [0x0000000083a20000, 0x0000000083d2cf10, 0x0000000083e60000)
  to   space 4352K,   0% used [0x0000000083e60000, 0x0000000083e60000, 0x00000000842a0000)
 concurrent mark-sweep generation total 87424K, used 16950K [0x00000000964c0000, 0x000000009ba20000, 0x0000000100000000)
 Metaspace       used 20608K, capacity 21232K, committed 21248K, reserved 1067008K
  class space    used 2639K, capacity 2814K, committed 2816K, reserved 1048576K
2019-05-24T17:21:54.635+0800: 3.938: [GC (Allocation Failure) 2019-05-24T17:21:54.635+0800: 3.938: [ParNew: 38067K->2402K(39296K), 0.0022784 secs] 55017K->19660K(126720K), 0.0024485 secs] [Times: user=0.06 sys=0.00, real=0.00 secs] 
Heap after GC invocations=21 (full 0):
 par new generation   total 39296K, used 2402K [0x0000000081800000, 0x00000000842a0000, 0x00000000964c0000)
  eden space 34944K,   0% used [0x0000000081800000, 0x0000000081800000, 0x0000000083a20000)
  from space 4352K,  55% used [0x0000000083e60000, 0x00000000840b89e0, 0x00000000842a0000)
  to   space 4352K,   0% used [0x0000000083a20000, 0x0000000083a20000, 0x0000000083e60000)
 concurrent mark-sweep generation total 87424K, used 17258K [0x00000000964c0000, 0x000000009ba20000, 0x0000000100000000)
 Metaspace       used 20608K, capacity 21232K, committed 21248K, reserved 1067008K
  class space    used 2639K, capacity 2814K, committed 2816K, reserved 1048576K
}
2019-05-24T17:21:54.639+0800: 3.943: Application time: 0.0018142 seconds
2019-05-24T17:21:54.662+0800: 3.965: Application time: 0.0228022 seconds
2019-05-24T17:21:54.662+0800: 3.966: Application time: 0.0001126 seconds
2019-05-24T17:21:54.699+0800: 4.002: Application time: 0.0363895 seconds
2019-05-24T17:21:54.700+0800: 4.003: Application time: 0.0012544 seconds
{Heap before GC invocations=21 (full 0):
 par new generation   total 39296K, used 37346K [0x0000000081800000, 0x00000000842a0000, 0x00000000964c0000)
  eden space 34944K, 100% used [0x0000000081800000, 0x0000000083a20000, 0x0000000083a20000)
  from space 4352K,  55% used [0x0000000083e60000, 0x00000000840b89e0, 0x00000000842a0000)
  to   space 4352K,   0% used [0x0000000083a20000, 0x0000000083a20000, 0x0000000083e60000)
 concurrent mark-sweep generation total 87424K, used 17258K [0x00000000964c0000, 0x000000009ba20000, 0x0000000100000000)
 Metaspace       used 21275K, capacity 21956K, committed 22216K, reserved 1069056K
  class space    used 2749K, capacity 2910K, committed 2940K, reserved 1048576K
2019-05-24T17:21:54.700+0800: 4.003: [GC (Allocation Failure) 2019-05-24T17:21:54.700+0800: 4.004: [ParNew: 37346K->2060K(39296K), 0.0026613 secs] 54604K->19652K(126720K), 0.0027864 secs] [Times: user=0.00 sys=0.00, real=0.00 secs] 
Heap after GC invocations=22 (full 0):
 par new generation   total 39296K, used 2060K [0x0000000081800000, 0x00000000842a0000, 0x00000000964c0000)
  eden space 34944K,   0% used [0x0000000081800000, 0x0000000081800000, 0x0000000083a20000)
  from space 4352K,  47% used [0x0000000083a20000, 0x0000000083c232c8, 0x0000000083e60000)
  to   space 4352K,   0% used [0x0000000083e60000, 0x0000000083e60000, 0x00000000842a0000)
 concurrent mark-sweep generation total 87424K, used 17591K [0x00000000964c0000, 0x000000009ba20000, 0x0000000100000000)
 Metaspace       used 21275K, capacity 21956K, committed 22216K, reserved 1069056K
  class space    used 2749K, capacity 2910K, committed 2940K, reserved 1048576K
}
2019-05-24T17:21:54.703+0800: 4.006: Application time: 0.0000802 seconds
2019-05-24T17:21:54.703+0800: 4.007: [GC (CMS Initial Mark) [1 CMS-initial-mark: 17591K(87424K)] 20366K(126720K), 0.0008977 secs] [Times: user=0.00 sys=0.00, real=0.00 secs] 
2019-05-24T17:21:54.704+0800: 4.008: [CMS-concurrent-mark-start]
2019-05-24T17:21:54.736+0800: 4.039: [CMS-concurrent-mark: 0.032/0.032 secs] [Times: user=0.06 sys=0.01, real=0.03 secs] 
2019-05-24T17:21:54.736+0800: 4.039: [CMS-concurrent-preclean-start]
2019-05-24T17:21:54.737+0800: 4.040: [CMS-concurrent-preclean: 0.001/0.001 secs] [Times: user=0.00 sys=0.00, real=0.00 secs] 
2019-05-24T17:21:54.737+0800: 4.040: [CMS-concurrent-abortable-preclean-start]
2019-05-24T17:21:54.774+0800: 4.077: Application time: 0.0693117 seconds
2019-05-24T17:21:54.792+0800: 4.095: Application time: 0.0178199 seconds
{Heap before GC invocations=22 (full 1):
 par new generation   total 39296K, used 37004K [0x0000000081800000, 0x00000000842a0000, 0x00000000964c0000)
  eden space 34944K, 100% used [0x0000000081800000, 0x0000000083a20000, 0x0000000083a20000)
  from space 4352K,  47% used [0x0000000083a20000, 0x0000000083c232c8, 0x0000000083e60000)
  to   space 4352K,   0% used [0x0000000083e60000, 0x0000000083e60000, 0x00000000842a0000)
 concurrent mark-sweep generation total 87424K, used 17591K [0x00000000964c0000, 0x000000009ba20000, 0x0000000100000000)
 Metaspace       used 21830K, capacity 22580K, committed 22624K, reserved 1069056K
  class space    used 2817K, capacity 3012K, committed 3016K, reserved 1048576K
2019-05-24T17:21:54.792+0800: 4.095: [GC (Allocation Failure) 2019-05-24T17:21:54.792+0800: 4.095: [ParNew: 37004K->1788K(39296K), 0.0020486 secs] 54596K->19475K(126720K), 0.0021515 secs] [Times: user=0.06 sys=0.00, real=0.00 secs] 
Heap after GC invocations=23 (full 1):
 par new generation   total 39296K, used 1788K [0x0000000081800000, 0x00000000842a0000, 0x00000000964c0000)
  eden space 34944K,   0% used [0x0000000081800000, 0x0000000081800000, 0x0000000083a20000)
  from space 4352K,  41% used [0x0000000083e60000, 0x000000008401f078, 0x00000000842a0000)
  to   space 4352K,   0% used [0x0000000083a20000, 0x0000000083a20000, 0x0000000083e60000)
 concurrent mark-sweep generation total 87424K, used 17687K [0x00000000964c0000, 0x000000009ba20000, 0x0000000100000000)
 Metaspace       used 21830K, capacity 22580K, committed 22624K, reserved 1069056K
  class space    used 2817K, capacity 3012K, committed 3016K, reserved 1048576K
}
2019-05-24T17:21:54.801+0800: 4.105: Application time: 0.0073250 seconds
2019-05-24T17:21:54.838+0800: 4.141: Application time: 0.0367422 seconds
2019-05-24T17:21:54.847+0800: 4.150: [CMS-concurrent-abortable-preclean: 0.041/0.110 secs] [Times: user=0.19 sys=0.02, real=0.11 secs] 
2019-05-24T17:21:54.847+0800: 4.150: Application time: 0.0088997 seconds
2019-05-24T17:21:54.847+0800: 4.151: [GC (CMS Final Remark) [YG occupancy: 32719 K (39296 K)]2019-05-24T17:21:54.847+0800: 4.151: [Rescan (parallel) , 0.0028507 secs]2019-05-24T17:21:54.850+0800: 4.153: [weak refs processing, 0.0003237 secs]2019-05-24T17:21:54.850+0800: 4.154: [class unloading, 0.0027102 secs]2019-05-24T17:21:54.853+0800: 4.157: [scrub symbol table, 0.0021032 secs]2019-05-24T17:21:54.855+0800: 4.159: [scrub string table, 0.0002435 secs][1 CMS-remark: 17687K(87424K)] 50406K(126720K), 0.0086875 secs] [Times: user=0.02 sys=0.00, real=0.01 secs] 
2019-05-24T17:21:54.856+0800: 4.159: [CMS-concurrent-sweep-start]
2019-05-24T17:21:54.862+0800: 4.166: Application time: 0.0062145 seconds
{Heap before GC invocations=23 (full 1):
 par new generation   total 39296K, used 36732K [0x0000000081800000, 0x00000000842a0000, 0x00000000964c0000)
  eden space 34944K, 100% used [0x0000000081800000, 0x0000000083a20000, 0x0000000083a20000)
  from space 4352K,  41% used [0x0000000083e60000, 0x000000008401f078, 0x00000000842a0000)
  to   space 4352K,   0% used [0x0000000083a20000, 0x0000000083a20000, 0x0000000083e60000)
 concurrent mark-sweep generation total 87424K, used 17194K [0x00000000964c0000, 0x000000009ba20000, 0x0000000100000000)
 Metaspace       used 22253K, capacity 22974K, committed 23212K, reserved 1069056K
  class space    used 2873K, capacity 3079K, committed 3144K, reserved 1048576K
2019-05-24T17:21:54.862+0800: 4.166: [GC (Allocation Failure) 2019-05-24T17:21:54.863+0800: 4.166: [ParNew: 36732K->1610K(39296K), 0.0018597 secs] 53926K->18901K(126720K), 0.0019666 secs] [Times: user=0.00 sys=0.00, real=0.00 secs] 
Heap after GC invocations=24 (full 1):
 par new generation   total 39296K, used 1610K [0x0000000081800000, 0x00000000842a0000, 0x00000000964c0000)
  eden space 34944K,   0% used [0x0000000081800000, 0x0000000081800000, 0x0000000083a20000)
  from space 4352K,  37% used [0x0000000083a20000, 0x0000000083bb2b78, 0x0000000083e60000)
  to   space 4352K,   0% used [0x0000000083e60000, 0x0000000083e60000, 0x00000000842a0000)
 concurrent mark-sweep generation total 87424K, used 17290K [0x00000000964c0000, 0x000000009ba20000, 0x0000000100000000)
 Metaspace       used 22253K, capacity 22974K, committed 23212K, reserved 1069056K
  class space    used 2873K, capacity 3079K, committed 3144K, reserved 1048576K
}
2019-05-24T17:21:54.865+0800: 4.168: Application time: 0.0001889 seconds
2019-05-24T17:21:54.865+0800: 4.168: Application time: 0.0000307 seconds
2019-05-24T17:21:54.865+0800: 4.168: Application time: 0.0000427 seconds
2019-05-24T17:21:54.865+0800: 4.168: Application time: 0.0000279 seconds
2019-05-24T17:21:54.865+0800: 4.168: Application time: 0.0000284 seconds
2019-05-24T17:21:54.865+0800: 4.168: Application time: 0.0000273 seconds
2019-05-24T17:21:54.865+0800: 4.169: Application time: 0.0000273 seconds
2019-05-24T17:21:54.865+0800: 4.169: Application time: 0.0000273 seconds
2019-05-24T17:21:54.865+0800: 4.169: Application time: 0.0000336 seconds
2019-05-24T17:21:54.865+0800: 4.169: Application time: 0.0000330 seconds
2019-05-24T17:21:54.866+0800: 4.169: Application time: 0.0000296 seconds
2019-05-24T17:21:54.866+0800: 4.169: Application time: 0.0000296 seconds
2019-05-24T17:21:54.866+0800: 4.169: Application time: 0.0000296 seconds
2019-05-24T17:21:54.866+0800: 4.169: [CMS-concurrent-sweep: 0.006/0.010 secs] [Times: user=0.00 sys=0.00, real=0.01 secs] 
2019-05-24T17:21:54.866+0800: 4.169: [CMS-concurrent-reset-start]
2019-05-24T17:21:54.868+0800: 4.172: [CMS-concurrent-reset: 0.002/0.002 secs] [Times: user=0.00 sys=0.00, real=0.00 secs] 
2019-05-24T17:21:54.904+0800: 4.207: Application time: 0.0379984 seconds
2019-05-24T17:21:54.933+0800: 4.236: Application time: 0.0285411 seconds
2019-05-24T17:21:54.933+0800: 4.236: Application time: 0.0000358 seconds
2019-05-24T17:21:54.956+0800: 4.259: Application time: 0.0230912 seconds
{Heap before GC invocations=24 (full 1):
 par new generation   total 39296K, used 36554K [0x0000000081800000, 0x00000000842a0000, 0x00000000964c0000)
  eden space 34944K, 100% used [0x0000000081800000, 0x0000000083a20000, 0x0000000083a20000)
  from space 4352K,  37% used [0x0000000083a20000, 0x0000000083bb2b78, 0x0000000083e60000)
  to   space 4352K,   0% used [0x0000000083e60000, 0x0000000083e60000, 0x00000000842a0000)
 concurrent mark-sweep generation total 87424K, used 17288K [0x00000000964c0000, 0x000000009ba20000, 0x0000000100000000)
 Metaspace       used 23025K, capacity 23726K, committed 24008K, reserved 1071104K
  class space    used 2970K, capacity 3147K, committed 3272K, reserved 1048576K
2019-05-24T17:21:54.956+0800: 4.259: [GC (Allocation Failure) 2019-05-24T17:21:54.956+0800: 4.259: [ParNew: 36554K->2172K(39296K), 0.0025452 secs] 53843K->19560K(126720K), 0.0026840 secs] [Times: user=0.00 sys=0.00, real=0.00 secs] 
Heap after GC invocations=25 (full 1):
 par new generation   total 39296K, used 2172K [0x0000000081800000, 0x00000000842a0000, 0x00000000964c0000)
  eden space 34944K,   0% used [0x0000000081800000, 0x0000000081800000, 0x0000000083a20000)
  from space 4352K,  49% used [0x0000000083e60000, 0x000000008407f3c8, 0x00000000842a0000)
  to   space 4352K,   0% used [0x0000000083a20000, 0x0000000083a20000, 0x0000000083e60000)
 concurrent mark-sweep generation total 87424K, used 17387K [0x00000000964c0000, 0x000000009ba20000, 0x0000000100000000)
 Metaspace       used 23025K, capacity 23726K, committed 24008K, reserved 1071104K
  class space    used 2970K, capacity 3147K, committed 3272K, reserved 1048576K
}
2019-05-24T17:21:54.959+0800: 4.262: Application time: 0.0001331 seconds
2019-05-24T17:21:54.959+0800: 4.262: Application time: 0.0000393 seconds
2019-05-24T17:21:54.959+0800: 4.263: Application time: 0.0000393 seconds
2019-05-24T17:21:54.959+0800: 4.263: Application time: 0.0000393 seconds
2019-05-24T17:21:54.959+0800: 4.263: Application time: 0.0000364 seconds
2019-05-24T17:21:54.959+0800: 4.263: Application time: 0.0000353 seconds
2019-05-24T17:21:54.959+0800: 4.263: Application time: 0.0000410 seconds
2019-05-24T17:21:55.015+0800: 4.318: Application time: 0.0552926 seconds
2019-05-24T17:21:55.048+0800: 4.351: Application time: 0.0324710 seconds
{Heap before GC invocations=25 (full 1):
 par new generation   total 39296K, used 37116K [0x0000000081800000, 0x00000000842a0000, 0x00000000964c0000)
  eden space 34944K, 100% used [0x0000000081800000, 0x0000000083a20000, 0x0000000083a20000)
  from space 4352K,  49% used [0x0000000083e60000, 0x000000008407f3c8, 0x00000000842a0000)
  to   space 4352K,   0% used [0x0000000083a20000, 0x0000000083a20000, 0x0000000083e60000)
 concurrent mark-sweep generation total 87424K, used 17387K [0x00000000964c0000, 0x000000009ba20000, 0x0000000100000000)
 Metaspace       used 23771K, capacity 24514K, committed 24776K, reserved 1071104K
  class space    used 3055K, capacity 3253K, committed 3272K, reserved 1048576K
2019-05-24T17:21:55.048+0800: 4.351: [GC (Allocation Failure) 2019-05-24T17:21:55.048+0800: 4.352: [ParNew: 37116K->2403K(39296K), 0.0024627 secs] 54504K->19846K(126720K), 0.0026066 secs] [Times: user=0.00 sys=0.00, real=0.00 secs] 
Heap after GC invocations=26 (full 1):
 par new generation   total 39296K, used 2403K [0x0000000081800000, 0x00000000842a0000, 0x00000000964c0000)
  eden space 34944K,   0% used [0x0000000081800000, 0x0000000081800000, 0x0000000083a20000)
  from space 4352K,  55% used [0x0000000083a20000, 0x0000000083c78ec0, 0x0000000083e60000)
  to   space 4352K,   0% used [0x0000000083e60000, 0x0000000083e60000, 0x00000000842a0000)
 concurrent mark-sweep generation total 87424K, used 17442K [0x00000000964c0000, 0x000000009ba20000, 0x0000000100000000)
 Metaspace       used 23771K, capacity 24514K, committed 24776K, reserved 1071104K
  class space    used 3055K, capacity 3253K, committed 3272K, reserved 1048576K
}
2019-05-24T17:21:55.051+0800: 4.354: Application time: 0.0000774 seconds
2019-05-24T17:21:55.051+0800: 4.354: Application time: 0.0000455 seconds
2019-05-24T17:21:55.051+0800: 4.355: Application time: 0.0000375 seconds
2019-05-24T17:21:55.051+0800: 4.355: Application time: 0.0000336 seconds
2019-05-24T17:21:55.052+0800: 4.355: Application time: 0.0000370 seconds
2019-05-24T17:21:55.052+0800: 4.355: Application time: 0.0000353 seconds
2019-05-24T17:21:55.052+0800: 4.355: Application time: 0.0000358 seconds
2019-05-24T17:21:55.052+0800: 4.355: Application time: 0.0000341 seconds
2019-05-24T17:21:55.052+0800: 4.355: Application time: 0.0000324 seconds
2019-05-24T17:21:55.052+0800: 4.355: Application time: 0.0000353 seconds
2019-05-24T17:21:55.052+0800: 4.356: Application time: 0.0000330 seconds
2019-05-24T17:21:55.052+0800: 4.356: Application time: 0.0000319 seconds
2019-05-24T17:21:55.053+0800: 4.356: Application time: 0.0000336 seconds
2019-05-24T17:21:55.053+0800: 4.356: Application time: 0.0000307 seconds
2019-05-24T17:21:55.053+0800: 4.356: Application time: 0.0000330 seconds
2019-05-24T17:21:55.053+0800: 4.356: Application time: 0.0000319 seconds
2019-05-24T17:21:55.053+0800: 4.356: Application time: 0.0000330 seconds
2019-05-24T17:21:55.053+0800: 4.357: Application time: 0.0000353 seconds
2019-05-24T17:21:55.053+0800: 4.357: Application time: 0.0000330 seconds
2019-05-24T17:21:55.054+0800: 4.357: Application time: 0.0000375 seconds
2019-05-24T17:21:55.055+0800: 4.358: Application time: 0.0015866 seconds
2019-05-24T17:21:55.055+0800: 4.359: Application time: 0.0000347 seconds
2019-05-24T17:21:55.055+0800: 4.359: Application time: 0.0000688 seconds
2019-05-24T17:21:55.056+0800: 4.359: Application time: 0.0000814 seconds
2019-05-24T17:21:55.056+0800: 4.359: Application time: 0.0000284 seconds
2019-05-24T17:21:55.056+0800: 4.359: Application time: 0.0000563 seconds
2019-05-24T17:21:55.056+0800: 4.359: Application time: 0.0000768 seconds
2019-05-24T17:21:55.186+0800: 4.489: Application time: 0.1295991 seconds
{Heap before GC invocations=26 (full 1):
 par new generation   total 39296K, used 37347K [0x0000000081800000, 0x00000000842a0000, 0x00000000964c0000)
  eden space 34944K, 100% used [0x0000000081800000, 0x0000000083a20000, 0x0000000083a20000)
  from space 4352K,  55% used [0x0000000083a20000, 0x0000000083c78ec0, 0x0000000083e60000)
  to   space 4352K,   0% used [0x0000000083e60000, 0x0000000083e60000, 0x00000000842a0000)
 concurrent mark-sweep generation total 87424K, used 17442K [0x00000000964c0000, 0x000000009ba20000, 0x0000000100000000)
 Metaspace       used 24865K, capacity 25660K, committed 25800K, reserved 1071104K
  class space    used 3204K, capacity 3436K, committed 3528K, reserved 1048576K
2019-05-24T17:21:55.186+0800: 4.489: [GC (Allocation Failure) 2019-05-24T17:21:55.186+0800: 4.489: [ParNew: 37347K->2935K(39296K), 0.0024201 secs] 54790K->20570K(126720K), 0.0025481 secs] [Times: user=0.00 sys=0.00, real=0.00 secs] 
Heap after GC invocations=27 (full 1):
 par new generation   total 39296K, used 2935K [0x0000000081800000, 0x00000000842a0000, 0x00000000964c0000)
  eden space 34944K,   0% used [0x0000000081800000, 0x0000000081800000, 0x0000000083a20000)
  from space 4352K,  67% used [0x0000000083e60000, 0x000000008413dfe0, 0x00000000842a0000)
  to   space 4352K,   0% used [0x0000000083a20000, 0x0000000083a20000, 0x0000000083e60000)
 concurrent mark-sweep generation total 87424K, used 17634K [0x00000000964c0000, 0x000000009ba20000, 0x0000000100000000)
 Metaspace       used 24865K, capacity 25660K, committed 25800K, reserved 1071104K
  class space    used 3204K, capacity 3436K, committed 3528K, reserved 1048576K
}
2019-05-24T17:21:55.207+0800: 4.510: Application time: 0.0184075 seconds
2019-05-24T17:21:55.207+0800: 4.510: Application time: 0.0000683 seconds
2019-05-24T17:21:55.207+0800: 4.510: Application time: 0.0000677 seconds
2019-05-24T17:21:55.207+0800: 4.511: Application time: 0.0000796 seconds
2019-05-24T17:21:55.207+0800: 4.511: Application time: 0.0000819 seconds
2019-05-24T17:21:55.207+0800: 4.511: Application time: 0.0000711 seconds
2019-05-24T17:21:55.207+0800: 4.511: Application time: 0.0000700 seconds
2019-05-24T17:21:55.207+0800: 4.511: Application time: 0.0000774 seconds
2019-05-24T17:21:55.207+0800: 4.511: Application time: 0.0000654 seconds
2019-05-24T17:21:55.255+0800: 4.558: Application time: 0.0469686 seconds
{Heap before GC invocations=27 (full 1):
 par new generation   total 39296K, used 37879K [0x0000000081800000, 0x00000000842a0000, 0x00000000964c0000)
  eden space 34944K, 100% used [0x0000000081800000, 0x0000000083a20000, 0x0000000083a20000)
  from space 4352K,  67% used [0x0000000083e60000, 0x000000008413dfe0, 0x00000000842a0000)
  to   space 4352K,   0% used [0x0000000083a20000, 0x0000000083a20000, 0x0000000083e60000)
 concurrent mark-sweep generation total 87424K, used 17634K [0x00000000964c0000, 0x000000009ba20000, 0x0000000100000000)
 Metaspace       used 25182K, capacity 26022K, committed 26312K, reserved 1073152K
  class space    used 3251K, capacity 3469K, committed 3528K, reserved 1048576K
2019-05-24T17:21:55.255+0800: 4.558: [GC (Allocation Failure) 2019-05-24T17:21:55.255+0800: 4.558: [ParNew: 37879K->3323K(39296K), 0.0024183 secs] 55514K->21102K(126720K), 0.0025247 secs] [Times: user=0.00 sys=0.00, real=0.00 secs] 
Heap after GC invocations=28 (full 1):
 par new generation   total 39296K, used 3323K [0x0000000081800000, 0x00000000842a0000, 0x00000000964c0000)
  eden space 34944K,   0% used [0x0000000081800000, 0x0000000081800000, 0x0000000083a20000)
  from space 4352K,  76% used [0x0000000083a20000, 0x0000000083d5ee90, 0x0000000083e60000)
  to   space 4352K,   0% used [0x0000000083e60000, 0x0000000083e60000, 0x00000000842a0000)
 concurrent mark-sweep generation total 87424K, used 17778K [0x00000000964c0000, 0x000000009ba20000, 0x0000000100000000)
 Metaspace       used 25182K, capacity 26022K, committed 26312K, reserved 1073152K
  class space    used 3251K, capacity 3469K, committed 3528K, reserved 1048576K
}
2019-05-24T17:21:55.325+0800: 4.628: Application time: 0.0674309 seconds
{Heap before GC invocations=28 (full 1):
 par new generation   total 39296K, used 38267K [0x0000000081800000, 0x00000000842a0000, 0x00000000964c0000)
  eden space 34944K, 100% used [0x0000000081800000, 0x0000000083a20000, 0x0000000083a20000)
  from space 4352K,  76% used [0x0000000083a20000, 0x0000000083d5ee90, 0x0000000083e60000)
  to   space 4352K,   0% used [0x0000000083e60000, 0x0000000083e60000, 0x00000000842a0000)
 concurrent mark-sweep generation total 87424K, used 17778K [0x00000000964c0000, 0x000000009ba20000, 0x0000000100000000)
 Metaspace       used 25503K, capacity 26322K, committed 26568K, reserved 1073152K
  class space    used 3291K, capacity 3505K, committed 3528K, reserved 1048576K
2019-05-24T17:21:55.325+0800: 4.628: [GC (Allocation Failure) 2019-05-24T17:21:55.325+0800: 4.628: [ParNew: 38267K->2628K(39296K), 0.0022056 secs] 56046K->20473K(126720K), 0.0023273 secs] [Times: user=0.00 sys=0.00, real=0.00 secs] 
Heap after GC invocations=29 (full 1):
 par new generation   total 39296K, used 2628K [0x0000000081800000, 0x00000000842a0000, 0x00000000964c0000)
  eden space 34944K,   0% used [0x0000000081800000, 0x0000000081800000, 0x0000000083a20000)
  from space 4352K,  60% used [0x0000000083e60000, 0x00000000840f10b8, 0x00000000842a0000)
  to   space 4352K,   0% used [0x0000000083a20000, 0x0000000083a20000, 0x0000000083e60000)
 concurrent mark-sweep generation total 87424K, used 17845K [0x00000000964c0000, 0x000000009ba20000, 0x0000000100000000)
 Metaspace       used 25503K, capacity 26322K, committed 26568K, reserved 1073152K
  class space    used 3291K, capacity 3505K, committed 3528K, reserved 1048576K
}
2019-05-24T17:21:55.362+0800: 4.665: Application time: 0.0346994 seconds
{Heap before GC invocations=29 (full 1):
 par new generation   total 39296K, used 37572K [0x0000000081800000, 0x00000000842a0000, 0x00000000964c0000)
  eden space 34944K, 100% used [0x0000000081800000, 0x0000000083a20000, 0x0000000083a20000)
  from space 4352K,  60% used [0x0000000083e60000, 0x00000000840f10b8, 0x00000000842a0000)
  to   space 4352K,   0% used [0x0000000083a20000, 0x0000000083a20000, 0x0000000083e60000)
 concurrent mark-sweep generation total 87424K, used 17845K [0x00000000964c0000, 0x000000009ba20000, 0x0000000100000000)
 Metaspace       used 25570K, capacity 26414K, committed 26568K, reserved 1073152K
  class space    used 3301K, capacity 3511K, committed 3528K, reserved 1048576K
2019-05-24T17:21:55.362+0800: 4.665: [GC (Allocation Failure) 2019-05-24T17:21:55.362+0800: 4.666: [ParNew: 37572K->2431K(39296K), 0.0023797 secs] 55417K->20348K(126720K), 0.0024974 secs] [Times: user=0.00 sys=0.00, real=0.00 secs] 
Heap after GC invocations=30 (full 1):
 par new generation   total 39296K, used 2431K [0x0000000081800000, 0x00000000842a0000, 0x00000000964c0000)
  eden space 34944K,   0% used [0x0000000081800000, 0x0000000081800000, 0x0000000083a20000)
  from space 4352K,  55% used [0x0000000083a20000, 0x0000000083c7fce0, 0x0000000083e60000)
  to   space 4352K,   0% used [0x0000000083e60000, 0x0000000083e60000, 0x00000000842a0000)
 concurrent mark-sweep generation total 87424K, used 17917K [0x00000000964c0000, 0x000000009ba20000, 0x0000000100000000)
 Metaspace       used 25570K, capacity 26414K, committed 26568K, reserved 1073152K
  class space    used 3301K, capacity 3511K, committed 3528K, reserved 1048576K
}
2019-05-24T17:21:55.390+0800: 4.694: Application time: 0.0258196 seconds
{Heap before GC invocations=30 (full 1):
 par new generation   total 39296K, used 37375K [0x0000000081800000, 0x00000000842a0000, 0x00000000964c0000)
  eden space 34944K, 100% used [0x0000000081800000, 0x0000000083a20000, 0x0000000083a20000)
  from space 4352K,  55% used [0x0000000083a20000, 0x0000000083c7fce0, 0x0000000083e60000)
  to   space 4352K,   0% used [0x0000000083e60000, 0x0000000083e60000, 0x00000000842a0000)
 concurrent mark-sweep generation total 87424K, used 17917K [0x00000000964c0000, 0x000000009ba20000, 0x0000000100000000)
 Metaspace       used 25613K, capacity 26414K, committed 26568K, reserved 1073152K
  class space    used 3305K, capacity 3511K, committed 3528K, reserved 1048576K
2019-05-24T17:21:55.390+0800: 4.694: [GC (Allocation Failure) 2019-05-24T17:21:55.390+0800: 4.694: [ParNew: 37375K->2669K(39296K), 0.0023120 secs] 55292K->20711K(126720K), 0.0024292 secs] [Times: user=0.00 sys=0.00, real=0.00 secs] 
Heap after GC invocations=31 (full 1):
 par new generation   total 39296K, used 2669K [0x0000000081800000, 0x00000000842a0000, 0x00000000964c0000)
  eden space 34944K,   0% used [0x0000000081800000, 0x0000000081800000, 0x0000000083a20000)
  from space 4352K,  61% used [0x0000000083e60000, 0x00000000840fb4e8, 0x00000000842a0000)
  to   space 4352K,   0% used [0x0000000083a20000, 0x0000000083a20000, 0x0000000083e60000)
 concurrent mark-sweep generation total 87424K, used 18042K [0x00000000964c0000, 0x000000009ba20000, 0x0000000100000000)
 Metaspace       used 25613K, capacity 26414K, committed 26568K, reserved 1073152K
  class space    used 3305K, capacity 3511K, committed 3528K, reserved 1048576K
}
2019-05-24T17:21:55.441+0800: 4.744: Application time: 0.0472786 seconds
{Heap before GC invocations=31 (full 1):
 par new generation   total 39296K, used 37613K [0x0000000081800000, 0x00000000842a0000, 0x00000000964c0000)
  eden space 34944K, 100% used [0x0000000081800000, 0x0000000083a20000, 0x0000000083a20000)
  from space 4352K,  61% used [0x0000000083e60000, 0x00000000840fb4e8, 0x00000000842a0000)
  to   space 4352K,   0% used [0x0000000083a20000, 0x0000000083a20000, 0x0000000083e60000)
 concurrent mark-sweep generation total 87424K, used 18042K [0x00000000964c0000, 0x000000009ba20000, 0x0000000100000000)
 Metaspace       used 25757K, capacity 26638K, committed 26952K, reserved 1073152K
  class space    used 3327K, capacity 3557K, committed 3656K, reserved 1048576K
2019-05-24T17:21:55.441+0800: 4.744: [GC (Allocation Failure) 2019-05-24T17:21:55.441+0800: 4.744: [ParNew: 37613K->3150K(39296K), 0.0025128 secs] 55655K->21281K(126720K), 0.0026453 secs] [Times: user=0.00 sys=0.00, real=0.00 secs] 
Heap after GC invocations=32 (full 1):
 par new generation   total 39296K, used 3150K [0x0000000081800000, 0x00000000842a0000, 0x00000000964c0000)
  eden space 34944K,   0% used [0x0000000081800000, 0x0000000081800000, 0x0000000083a20000)
  from space 4352K,  72% used [0x0000000083a20000, 0x0000000083d33868, 0x0000000083e60000)
  to   space 4352K,   0% used [0x0000000083e60000, 0x0000000083e60000, 0x00000000842a0000)
 concurrent mark-sweep generation total 87424K, used 18131K [0x00000000964c0000, 0x000000009ba20000, 0x0000000100000000)
 Metaspace       used 25757K, capacity 26638K, committed 26952K, reserved 1073152K
  class space    used 3327K, capacity 3557K, committed 3656K, reserved 1048576K
}
2019-05-24T17:21:55.477+0800: 4.780: Application time: 0.0334615 seconds
{Heap before GC invocations=32 (full 1):
 par new generation   total 39296K, used 38094K [0x0000000081800000, 0x00000000842a0000, 0x00000000964c0000)
  eden space 34944K, 100% used [0x0000000081800000, 0x0000000083a20000, 0x0000000083a20000)
  from space 4352K,  72% used [0x0000000083a20000, 0x0000000083d33868, 0x0000000083e60000)
  to   space 4352K,   0% used [0x0000000083e60000, 0x0000000083e60000, 0x00000000842a0000)
 concurrent mark-sweep generation total 87424K, used 18131K [0x00000000964c0000, 0x000000009ba20000, 0x0000000100000000)
 Metaspace       used 25844K, capacity 26772K, committed 26952K, reserved 1073152K
  class space    used 3339K, capacity 3558K, committed 3656K, reserved 1048576K
2019-05-24T17:21:55.477+0800: 4.780: [GC (Allocation Failure) 2019-05-24T17:21:55.477+0800: 4.780: [ParNew: 38094K->2778K(39296K), 0.0021163 secs] 56225K->20973K(126720K), 0.0022357 secs] [Times: user=0.00 sys=0.00, real=0.00 secs] 
Heap after GC invocations=33 (full 1):
 par new generation   total 39296K, used 2778K [0x0000000081800000, 0x00000000842a0000, 0x00000000964c0000)
  eden space 34944K,   0% used [0x0000000081800000, 0x0000000081800000, 0x0000000083a20000)
  from space 4352K,  63% used [0x0000000083e60000, 0x0000000084116ac8, 0x00000000842a0000)
  to   space 4352K,   0% used [0x0000000083a20000, 0x0000000083a20000, 0x0000000083e60000)
 concurrent mark-sweep generation total 87424K, used 18194K [0x00000000964c0000, 0x000000009ba20000, 0x0000000100000000)
 Metaspace       used 25844K, capacity 26772K, committed 26952K, reserved 1073152K
  class space    used 3339K, capacity 3558K, committed 3656K, reserved 1048576K
}
2019-05-24T17:21:55.535+0800: 4.839: Application time: 0.0558609 seconds
{Heap before GC invocations=33 (full 1):
 par new generation   total 39296K, used 37722K [0x0000000081800000, 0x00000000842a0000, 0x00000000964c0000)
  eden space 34944K, 100% used [0x0000000081800000, 0x0000000083a20000, 0x0000000083a20000)
  from space 4352K,  63% used [0x0000000083e60000, 0x0000000084116ac8, 0x00000000842a0000)
  to   space 4352K,   0% used [0x0000000083a20000, 0x0000000083a20000, 0x0000000083e60000)
 concurrent mark-sweep generation total 87424K, used 18194K [0x00000000964c0000, 0x000000009ba20000, 0x0000000100000000)
 Metaspace       used 25957K, capacity 26860K, committed 26952K, reserved 1073152K
  class space    used 3355K, capacity 3564K, committed 3656K, reserved 1048576K
2019-05-24T17:21:55.535+0800: 4.839: [GC (Allocation Failure) 2019-05-24T17:21:55.535+0800: 4.839: [ParNew: 37722K->2311K(39296K), 0.0027625 secs] 55917K->20867K(126720K), 0.0028865 secs] [Times: user=0.00 sys=0.00, real=0.00 secs] 
Heap after GC invocations=34 (full 1):
 par new generation   total 39296K, used 2311K [0x0000000081800000, 0x00000000842a0000, 0x00000000964c0000)
  eden space 34944K,   0% used [0x0000000081800000, 0x0000000081800000, 0x0000000083a20000)
  from space 4352K,  53% used [0x0000000083a20000, 0x0000000083c61f20, 0x0000000083e60000)
  to   space 4352K,   0% used [0x0000000083e60000, 0x0000000083e60000, 0x00000000842a0000)
 concurrent mark-sweep generation total 87424K, used 18555K [0x00000000964c0000, 0x000000009ba20000, 0x0000000100000000)
 Metaspace       used 25957K, capacity 26860K, committed 26952K, reserved 1073152K
  class space    used 3355K, capacity 3564K, committed 3656K, reserved 1048576K
}
2019-05-24T17:21:55.911+0800: 5.215: Application time: 0.3729128 seconds
2019-05-24T17:21:55.919+0800: 5.223: Application time: 0.0079411 seconds
2019-05-24T17:21:55.950+0800: 5.253: Application time: 0.0302023 seconds
{Heap before GC invocations=34 (full 1):
 par new generation   total 39296K, used 37255K [0x0000000081800000, 0x00000000842a0000, 0x00000000964c0000)
  eden space 34944K, 100% used [0x0000000081800000, 0x0000000083a20000, 0x0000000083a20000)
  from space 4352K,  53% used [0x0000000083a20000, 0x0000000083c61f20, 0x0000000083e60000)
  to   space 4352K,   0% used [0x0000000083e60000, 0x0000000083e60000, 0x00000000842a0000)
 concurrent mark-sweep generation total 87424K, used 18555K [0x00000000964c0000, 0x000000009ba20000, 0x0000000100000000)
 Metaspace       used 26331K, capacity 27296K, committed 27464K, reserved 1073152K
  class space    used 3403K, capacity 3628K, committed 3656K, reserved 1048576K
2019-05-24T17:21:55.950+0800: 5.253: [GC (Allocation Failure) 2019-05-24T17:21:55.950+0800: 5.253: [ParNew: 37255K->1834K(39296K), 0.0032865 secs] 55811K->20861K(126720K), 0.0034094 secs] [Times: user=0.00 sys=0.00, real=0.00 secs] 
Heap after GC invocations=35 (full 1):
 par new generation   total 39296K, used 1834K [0x0000000081800000, 0x00000000842a0000, 0x00000000964c0000)
  eden space 34944K,   0% used [0x0000000081800000, 0x0000000081800000, 0x0000000083a20000)
  from space 4352K,  42% used [0x0000000083e60000, 0x000000008402ab28, 0x00000000842a0000)
  to   space 4352K,   0% used [0x0000000083a20000, 0x0000000083a20000, 0x0000000083e60000)
 concurrent mark-sweep generation total 87424K, used 19027K [0x00000000964c0000, 0x000000009ba20000, 0x0000000100000000)
 Metaspace       used 26331K, capacity 27296K, committed 27464K, reserved 1073152K
  class space    used 3403K, capacity 3628K, committed 3656K, reserved 1048576K
}
2019-05-24T17:21:55.954+0800: 5.258: Application time: 0.0007885 seconds
2019-05-24T17:21:56.057+0800: 5.361: Application time: 0.1029381 seconds
{Heap before GC invocations=35 (full 1):
 par new generation   total 39296K, used 36778K [0x0000000081800000, 0x00000000842a0000, 0x00000000964c0000)
  eden space 34944K, 100% used [0x0000000081800000, 0x0000000083a20000, 0x0000000083a20000)
  from space 4352K,  42% used [0x0000000083e60000, 0x000000008402ab28, 0x00000000842a0000)
  to   space 4352K,   0% used [0x0000000083a20000, 0x0000000083a20000, 0x0000000083e60000)
 concurrent mark-sweep generation total 87424K, used 19027K [0x00000000964c0000, 0x000000009ba20000, 0x0000000100000000)
 Metaspace       used 26541K, capacity 27462K, committed 27592K, reserved 1073152K
  class space    used 3435K, capacity 3661K, committed 3784K, reserved 1048576K
2019-05-24T17:21:56.058+0800: 5.361: [GC (Allocation Failure) 2019-05-24T17:21:56.058+0800: 5.361: [ParNew: 36778K->2023K(39296K), 0.0036204 secs] 55805K->21465K(126720K), 0.0037934 secs] [Times: user=0.06 sys=0.00, real=0.00 secs] 
Heap after GC invocations=36 (full 1):
 par new generation   total 39296K, used 2023K [0x0000000081800000, 0x00000000842a0000, 0x00000000964c0000)
  eden space 34944K,   0% used [0x0000000081800000, 0x0000000081800000, 0x0000000083a20000)
  from space 4352K,  46% used [0x0000000083a20000, 0x0000000083c19d08, 0x0000000083e60000)
  to   space 4352K,   0% used [0x0000000083e60000, 0x0000000083e60000, 0x00000000842a0000)
 concurrent mark-sweep generation total 87424K, used 19441K [0x00000000964c0000, 0x000000009ba20000, 0x0000000100000000)
 Metaspace       used 26541K, capacity 27462K, committed 27592K, reserved 1073152K
  class space    used 3435K, capacity 3661K, committed 3784K, reserved 1048576K
}
2019-05-24T17:21:56.097+0800: 5.400: Application time: 0.0354668 seconds
2019-05-24T17:21:56.180+0800: 5.484: Application time: 0.0832199 seconds
2019-05-24T17:21:56.198+0800: 5.502: Application time: 0.0178887 seconds
{Heap before GC invocations=36 (full 1):
 par new generation   total 39296K, used 36956K [0x0000000081800000, 0x00000000842a0000, 0x00000000964c0000)
  eden space 34944K,  99% used [0x0000000081800000, 0x0000000083a1d450, 0x0000000083a20000)
  from space 4352K,  46% used [0x0000000083a20000, 0x0000000083c19d08, 0x0000000083e60000)
  to   space 4352K,   0% used [0x0000000083e60000, 0x0000000083e60000, 0x00000000842a0000)
 concurrent mark-sweep generation total 87424K, used 19441K [0x00000000964c0000, 0x000000009ba20000, 0x0000000100000000)
 Metaspace       used 26778K, capacity 27730K, committed 27848K, reserved 1073152K
  class space    used 3474K, capacity 3727K, committed 3784K, reserved 1048576K
2019-05-24T17:21:56.198+0800: 5.502: [GC (Allocation Failure) 2019-05-24T17:21:56.198+0800: 5.502: [ParNew: 36956K->1741K(39296K), 0.0027739 secs] 56398K->21297K(126720K), 0.0029110 secs] [Times: user=0.09 sys=0.00, real=0.00 secs] 
Heap after GC invocations=37 (full 1):
 par new generation   total 39296K, used 1741K [0x0000000081800000, 0x00000000842a0000, 0x00000000964c0000)
  eden space 34944K,   0% used [0x0000000081800000, 0x0000000081800000, 0x0000000083a20000)
  from space 4352K,  40% used [0x0000000083e60000, 0x00000000840136c8, 0x00000000842a0000)
  to   space 4352K,   0% used [0x0000000083a20000, 0x0000000083a20000, 0x0000000083e60000)
 concurrent mark-sweep generation total 87424K, used 19555K [0x00000000964c0000, 0x000000009ba20000, 0x0000000100000000)
 Metaspace       used 26778K, capacity 27730K, committed 27848K, reserved 1073152K
  class space    used 3474K, capacity 3727K, committed 3784K, reserved 1048576K
}
2019-05-24T17:21:56.201+0800: 5.505: Application time: 0.0001485 seconds
2019-05-24T17:21:56.513+0800: 5.816: Application time: 0.3105256 seconds
{Heap before GC invocations=37 (full 1):
 par new generation   total 39296K, used 36685K [0x0000000081800000, 0x00000000842a0000, 0x00000000964c0000)
  eden space 34944K, 100% used [0x0000000081800000, 0x0000000083a20000, 0x0000000083a20000)
  from space 4352K,  40% used [0x0000000083e60000, 0x00000000840136c8, 0x00000000842a0000)
  to   space 4352K,   0% used [0x0000000083a20000, 0x0000000083a20000, 0x0000000083e60000)
 concurrent mark-sweep generation total 87424K, used 19555K [0x00000000964c0000, 0x000000009ba20000, 0x0000000100000000)
 Metaspace       used 27243K, capacity 28252K, committed 28488K, reserved 1073152K
  class space    used 3526K, capacity 3792K, committed 3912K, reserved 1048576K
2019-05-24T17:21:56.513+0800: 5.817: [GC (Allocation Failure) 2019-05-24T17:21:56.513+0800: 5.817: [ParNew: 36685K->2960K(39296K), 0.0037899 secs] 56241K->22595K(126720K), 0.0039896 secs] [Times: user=0.00 sys=0.00, real=0.00 secs] 
Heap after GC invocations=38 (full 1):
 par new generation   total 39296K, used 2960K [0x0000000081800000, 0x00000000842a0000, 0x00000000964c0000)
  eden space 34944K,   0% used [0x0000000081800000, 0x0000000081800000, 0x0000000083a20000)
  from space 4352K,  68% used [0x0000000083a20000, 0x0000000083d040f0, 0x0000000083e60000)
  to   space 4352K,   0% used [0x0000000083e60000, 0x0000000083e60000, 0x00000000842a0000)
 concurrent mark-sweep generation total 87424K, used 19635K [0x00000000964c0000, 0x000000009ba20000, 0x0000000100000000)
 Metaspace       used 27243K, capacity 28252K, committed 28488K, reserved 1073152K
  class space    used 3526K, capacity 3792K, committed 3912K, reserved 1048576K
}
2019-05-24T17:21:56.855+0800: 6.158: Application time: 0.3376042 seconds
{Heap before GC invocations=38 (full 1):
 par new generation   total 39296K, used 37904K [0x0000000081800000, 0x00000000842a0000, 0x00000000964c0000)
  eden space 34944K, 100% used [0x0000000081800000, 0x0000000083a20000, 0x0000000083a20000)
  from space 4352K,  68% used [0x0000000083a20000, 0x0000000083d040f0, 0x0000000083e60000)
  to   space 4352K,   0% used [0x0000000083e60000, 0x0000000083e60000, 0x00000000842a0000)
 concurrent mark-sweep generation total 87424K, used 19635K [0x00000000964c0000, 0x000000009ba20000, 0x0000000100000000)
 Metaspace       used 27451K, capacity 28472K, committed 28744K, reserved 1075200K
  class space    used 3545K, capacity 3798K, committed 3912K, reserved 1048576K
2019-05-24T17:21:56.855+0800: 6.159: [GC (Allocation Failure) 2019-05-24T17:21:56.855+0800: 6.159: [ParNew: 37904K->3421K(39296K), 0.0046103 secs] 57539K->23448K(126720K), 0.0048065 secs] [Times: user=0.00 sys=0.00, real=0.00 secs] 
Heap after GC invocations=39 (full 1):
 par new generation   total 39296K, used 3421K [0x0000000081800000, 0x00000000842a0000, 0x00000000964c0000)
  eden space 34944K,   0% used [0x0000000081800000, 0x0000000081800000, 0x0000000083a20000)
  from space 4352K,  78% used [0x0000000083e60000, 0x00000000841b7440, 0x00000000842a0000)
  to   space 4352K,   0% used [0x0000000083a20000, 0x0000000083a20000, 0x0000000083e60000)
 concurrent mark-sweep generation total 87424K, used 20027K [0x00000000964c0000, 0x000000009ba20000, 0x0000000100000000)
 Metaspace       used 27451K, capacity 28472K, committed 28744K, reserved 1075200K
  class space    used 3545K, capacity 3798K, committed 3912K, reserved 1048576K
}
2019-05-24T17:21:56.920+0800: 6.223: Application time: 0.0597083 seconds
2019-05-24T17:21:56.923+0800: 6.226: Application time: 0.0027392 seconds
2019-05-24T17:21:56.923+0800: 6.226: Application time: 0.0000307 seconds
2019-05-24T17:21:56.923+0800: 6.226: Application time: 0.0000262 seconds
2019-05-24T17:21:56.923+0800: 6.227: Application time: 0.0000205 seconds
2019-05-24T17:21:56.924+0800: 6.227: Application time: 0.0005632 seconds
2019-05-24T17:21:56.924+0800: 6.227: Application time: 0.0000319 seconds
2019-05-24T17:21:56.925+0800: 6.228: Application time: 0.0004449 seconds
2019-05-24T17:21:56.925+0800: 6.228: Application time: 0.0000290 seconds
2019-05-24T17:21:56.926+0800: 6.229: Application time: 0.0011975 seconds
2019-05-24T17:21:56.926+0800: 6.229: Application time: 0.0000393 seconds
2019-05-24T17:21:56.927+0800: 6.230: Application time: 0.0006610 seconds
2019-05-24T17:21:56.928+0800: 6.231: Application time: 0.0007100 seconds
{Heap before GC invocations=39 (full 1):
 par new generation   total 39296K, used 38365K [0x0000000081800000, 0x00000000842a0000, 0x00000000964c0000)
  eden space 34944K, 100% used [0x0000000081800000, 0x0000000083a20000, 0x0000000083a20000)
  from space 4352K,  78% used [0x0000000083e60000, 0x00000000841b7440, 0x00000000842a0000)
  to   space 4352K,   0% used [0x0000000083a20000, 0x0000000083a20000, 0x0000000083e60000)
 concurrent mark-sweep generation total 87424K, used 20027K [0x00000000964c0000, 0x000000009ba20000, 0x0000000100000000)
 Metaspace       used 27486K, capacity 28550K, committed 28744K, reserved 1075200K
  class space    used 3553K, capacity 3803K, committed 3912K, reserved 1048576K
2019-05-24T17:21:56.928+0800: 6.231: [GC (Allocation Failure) 2019-05-24T17:21:56.928+0800: 6.231: [ParNew: 38365K->1984K(39296K), 0.0048816 secs] 58392K->23283K(126720K), 0.0051274 secs] [Times: user=0.03 sys=0.03, real=0.01 secs] 
Heap after GC invocations=40 (full 1):
 par new generation   total 39296K, used 1984K [0x0000000081800000, 0x00000000842a0000, 0x00000000964c0000)
  eden space 34944K,   0% used [0x0000000081800000, 0x0000000081800000, 0x0000000083a20000)
  from space 4352K,  45% used [0x0000000083a20000, 0x0000000083c10148, 0x0000000083e60000)
  to   space 4352K,   0% used [0x0000000083e60000, 0x0000000083e60000, 0x00000000842a0000)
 concurrent mark-sweep generation total 87424K, used 21299K [0x00000000964c0000, 0x000000009ba20000, 0x0000000100000000)
 Metaspace       used 27486K, capacity 28550K, committed 28744K, reserved 1075200K
  class space    used 3553K, capacity 3803K, committed 3912K, reserved 1048576K
}
2019-05-24T17:21:56.934+0800: 6.238: Application time: 0.0011713 seconds
2019-05-24T17:21:57.185+0800: 6.488: Application time: 0.2502906 seconds
2019-05-24T17:21:57.196+0800: 6.499: Application time: 0.0105227 seconds
{Heap before GC invocations=40 (full 1):
 par new generation   total 39296K, used 36928K [0x0000000081800000, 0x00000000842a0000, 0x00000000964c0000)
  eden space 34944K, 100% used [0x0000000081800000, 0x0000000083a20000, 0x0000000083a20000)
  from space 4352K,  45% used [0x0000000083a20000, 0x0000000083c10148, 0x0000000083e60000)
  to   space 4352K,   0% used [0x0000000083e60000, 0x0000000083e60000, 0x00000000842a0000)
 concurrent mark-sweep generation total 87424K, used 21299K [0x00000000964c0000, 0x000000009ba20000, 0x0000000100000000)
 Metaspace       used 27624K, capacity 28646K, committed 29000K, reserved 1075200K
  class space    used 3568K, capacity 3835K, committed 3912K, reserved 1048576K
2019-05-24T17:21:57.239+0800: 6.542: [GC (Allocation Failure) 2019-05-24T17:21:57.239+0800: 6.542: [ParNew: 36928K->1301K(39296K), 0.0015912 secs] 58227K->22600K(126720K), 0.0017596 secs] [Times: user=0.00 sys=0.00, real=0.00 secs] 
Heap after GC invocations=41 (full 1):
 par new generation   total 39296K, used 1301K [0x0000000081800000, 0x00000000842a0000, 0x00000000964c0000)
  eden space 34944K,   0% used [0x0000000081800000, 0x0000000081800000, 0x0000000083a20000)
  from space 4352K,  29% used [0x0000000083e60000, 0x0000000083fa5638, 0x00000000842a0000)
  to   space 4352K,   0% used [0x0000000083a20000, 0x0000000083a20000, 0x0000000083e60000)
 concurrent mark-sweep generation total 87424K, used 21299K [0x00000000964c0000, 0x000000009ba20000, 0x0000000100000000)
 Metaspace       used 27624K, capacity 28646K, committed 29000K, reserved 1075200K
  class space    used 3568K, capacity 3835K, committed 3912K, reserved 1048576K
}
2019-05-24T17:21:57.269+0800: 6.573: Application time: 0.0284717 seconds
2019-05-24T17:21:57.269+0800: 6.573: Application time: 0.0000495 seconds
2019-05-24T17:21:57.271+0800: 6.575: Application time: 0.0018916 seconds
2019-05-24T17:21:57.276+0800: 6.579: Application time: 0.0041353 seconds
2019-05-24T17:21:57.276+0800: 6.579: Application time: 0.0000478 seconds
2019-05-24T17:21:57.276+0800: 6.580: Application time: 0.0000478 seconds
2019-05-24T17:21:57.276+0800: 6.580: Application time: 0.0000466 seconds
2019-05-24T17:21:57.276+0800: 6.580: Application time: 0.0000370 seconds
2019-05-24T17:21:57.277+0800: 6.580: Application time: 0.0000404 seconds
2019-05-24T17:21:57.278+0800: 6.581: Application time: 0.0009466 seconds
2019-05-24T17:21:57.282+0800: 6.586: Application time: 0.0044584 seconds
2019-05-24T17:21:57.283+0800: 6.587: Application time: 0.0007913 seconds
2019-05-24T17:21:57.284+0800: 6.587: Application time: 0.0000455 seconds
2019-05-24T17:21:57.286+0800: 6.589: Application time: 0.0017658 seconds
2019-05-24T17:21:57.286+0800: 6.589: Application time: 0.0000319 seconds
2019-05-24T17:21:57.287+0800: 6.590: Application time: 0.0011082 seconds
2019-05-24T17:21:57.287+0800: 6.591: Application time: 0.0000950 seconds
2019-05-24T17:21:57.294+0800: 6.597: Application time: 0.0061104 seconds
2019-05-24T17:21:57.294+0800: 6.597: Application time: 0.0000341 seconds
2019-05-24T17:21:57.294+0800: 6.597: Application time: 0.0000455 seconds
2019-05-24T17:21:57.294+0800: 6.597: Application time: 0.0001229 seconds
2019-05-24T17:21:57.294+0800: 6.597: Application time: 0.0000387 seconds
2019-05-24T17:21:57.294+0800: 6.598: Application time: 0.0000387 seconds
2019-05-24T17:21:57.295+0800: 6.598: Application time: 0.0000842 seconds
2019-05-24T17:21:57.346+0800: 6.649: Application time: 0.0509861 seconds
{Heap before GC invocations=41 (full 1):
 par new generation   total 39296K, used 36245K [0x0000000081800000, 0x00000000842a0000, 0x00000000964c0000)
  eden space 34944K, 100% used [0x0000000081800000, 0x0000000083a20000, 0x0000000083a20000)
  from space 4352K,  29% used [0x0000000083e60000, 0x0000000083fa5638, 0x00000000842a0000)
  to   space 4352K,   0% used [0x0000000083a20000, 0x0000000083a20000, 0x0000000083e60000)
 concurrent mark-sweep generation total 87424K, used 21299K [0x00000000964c0000, 0x000000009ba20000, 0x0000000100000000)
 Metaspace       used 27969K, capacity 28966K, committed 29256K, reserved 1075200K
  class space    used 3596K, capacity 3835K, committed 3912K, reserved 1048576K
2019-05-24T17:21:57.346+0800: 6.649: [GC (Allocation Failure) 2019-05-24T17:21:57.346+0800: 6.649: [ParNew: 36245K->1515K(39296K), 0.0018682 secs] 57544K->22814K(126720K), 0.0020486 secs] [Times: user=0.00 sys=0.00, real=0.00 secs] 
Heap after GC invocations=42 (full 1):
 par new generation   total 39296K, used 1515K [0x0000000081800000, 0x00000000842a0000, 0x00000000964c0000)
  eden space 34944K,   0% used [0x0000000081800000, 0x0000000081800000, 0x0000000083a20000)
  from space 4352K,  34% used [0x0000000083a20000, 0x0000000083b9ad98, 0x0000000083e60000)
  to   space 4352K,   0% used [0x0000000083e60000, 0x0000000083e60000, 0x00000000842a0000)
 concurrent mark-sweep generation total 87424K, used 21299K [0x00000000964c0000, 0x000000009ba20000, 0x0000000100000000)
 Metaspace       used 27969K, capacity 28966K, committed 29256K, reserved 1075200K
  class space    used 3596K, capacity 3835K, committed 3912K, reserved 1048576K
}
2019-05-24T17:21:57.352+0800: 6.655: Application time: 0.0035328 seconds
2019-05-24T17:21:57.357+0800: 6.661: Application time: 0.0055518 seconds
2019-05-24T17:21:57.401+0800: 6.704: Application time: 0.0431519 seconds
2019-05-24T17:21:57.447+0800: 6.751: Application time: 0.0467348 seconds
{Heap before GC invocations=42 (full 1):
 par new generation   total 39296K, used 36459K [0x0000000081800000, 0x00000000842a0000, 0x00000000964c0000)
  eden space 34944K, 100% used [0x0000000081800000, 0x0000000083a20000, 0x0000000083a20000)
  from space 4352K,  34% used [0x0000000083a20000, 0x0000000083b9ad98, 0x0000000083e60000)
  to   space 4352K,   0% used [0x0000000083e60000, 0x0000000083e60000, 0x00000000842a0000)
 concurrent mark-sweep generation total 87424K, used 21299K [0x00000000964c0000, 0x000000009ba20000, 0x0000000100000000)
 Metaspace       used 28047K, capacity 29062K, committed 29256K, reserved 1075200K
  class space    used 3607K, capacity 3867K, committed 3912K, reserved 1048576K
2019-05-24T17:21:57.448+0800: 6.751: [GC (Allocation Failure) 2019-05-24T17:21:57.448+0800: 6.751: [ParNew: 36459K->1346K(39296K), 0.0016714 secs] 57758K->22645K(126720K), 0.0018557 secs] [Times: user=0.06 sys=0.00, real=0.00 secs] 
Heap after GC invocations=43 (full 1):
 par new generation   total 39296K, used 1346K [0x0000000081800000, 0x00000000842a0000, 0x00000000964c0000)
  eden space 34944K,   0% used [0x0000000081800000, 0x0000000081800000, 0x0000000083a20000)
  from space 4352K,  30% used [0x0000000083e60000, 0x0000000083fb0958, 0x00000000842a0000)
  to   space 4352K,   0% used [0x0000000083a20000, 0x0000000083a20000, 0x0000000083e60000)
 concurrent mark-sweep generation total 87424K, used 21299K [0x00000000964c0000, 0x000000009ba20000, 0x0000000100000000)
 Metaspace       used 28047K, capacity 29062K, committed 29256K, reserved 1075200K
  class space    used 3607K, capacity 3867K, committed 3912K, reserved 1048576K
}
2019-05-24T17:21:57.540+0800: 6.843: Application time: 0.0897854 seconds
2019-05-24T17:21:57.575+0800: 6.879: Application time: 0.0357757 seconds
2019-05-24T17:21:57.576+0800: 6.879: Application time: 0.0000444 seconds
2019-05-24T17:21:57.576+0800: 6.880: Application time: 0.0008158 seconds
2019-05-24T17:21:57.577+0800: 6.880: Application time: 0.0004881 seconds
2019-05-24T17:21:57.577+0800: 6.881: Application time: 0.0000637 seconds
2019-05-24T17:21:57.577+0800: 6.881: Application time: 0.0000375 seconds
2019-05-24T17:21:57.578+0800: 6.882: Application time: 0.0006104 seconds
{Heap before GC invocations=43 (full 1):
 par new generation   total 39296K, used 36290K [0x0000000081800000, 0x00000000842a0000, 0x00000000964c0000)
  eden space 34944K, 100% used [0x0000000081800000, 0x0000000083a20000, 0x0000000083a20000)
  from space 4352K,  30% used [0x0000000083e60000, 0x0000000083fb0958, 0x00000000842a0000)
  to   space 4352K,   0% used [0x0000000083a20000, 0x0000000083a20000, 0x0000000083e60000)
 concurrent mark-sweep generation total 87424K, used 21299K [0x00000000964c0000, 0x000000009ba20000, 0x0000000100000000)
 Metaspace       used 28094K, capacity 29126K, committed 29256K, reserved 1075200K
  class space    used 3616K, capacity 3867K, committed 3912K, reserved 1048576K
2019-05-24T17:21:57.578+0800: 6.882: [GC (Allocation Failure) 2019-05-24T17:21:57.578+0800: 6.882: [ParNew: 36290K->1636K(39296K), 0.0017215 secs] 57589K->22935K(126720K), 0.0018813 secs] [Times: user=0.00 sys=0.00, real=0.00 secs] 
Heap after GC invocations=44 (full 1):
 par new generation   total 39296K, used 1636K [0x0000000081800000, 0x00000000842a0000, 0x00000000964c0000)
  eden space 34944K,   0% used [0x0000000081800000, 0x0000000081800000, 0x0000000083a20000)
  from space 4352K,  37% used [0x0000000083a20000, 0x0000000083bb9038, 0x0000000083e60000)
  to   space 4352K,   0% used [0x0000000083e60000, 0x0000000083e60000, 0x00000000842a0000)
 concurrent mark-sweep generation total 87424K, used 21299K [0x00000000964c0000, 0x000000009ba20000, 0x0000000100000000)
 Metaspace       used 28094K, capacity 29126K, committed 29256K, reserved 1075200K
  class space    used 3616K, capacity 3867K, committed 3912K, reserved 1048576K
}
2019-05-24T17:21:57.581+0800: 6.884: Application time: 0.0001610 seconds
2019-05-24T17:21:57.584+0800: 6.887: Application time: 0.0027648 seconds
2019-05-24T17:21:57.584+0800: 6.887: Application time: 0.0000546 seconds
2019-05-24T17:21:57.585+0800: 6.889: Application time: 0.0007851 seconds
2019-05-24T17:21:57.603+0800: 6.906: Application time: 0.0175917 seconds
2019-05-24T17:21:57.605+0800: 6.908: Application time: 0.0017658 seconds
{Heap before GC invocations=44 (full 1):
 par new generation   total 39296K, used 36580K [0x0000000081800000, 0x00000000842a0000, 0x00000000964c0000)
  eden space 34944K, 100% used [0x0000000081800000, 0x0000000083a20000, 0x0000000083a20000)
  from space 4352K,  37% used [0x0000000083a20000, 0x0000000083bb9038, 0x0000000083e60000)
  to   space 4352K,   0% used [0x0000000083e60000, 0x0000000083e60000, 0x00000000842a0000)
 concurrent mark-sweep generation total 87424K, used 21299K [0x00000000964c0000, 0x000000009ba20000, 0x0000000100000000)
 Metaspace       used 28097K, capacity 29126K, committed 29256K, reserved 1075200K
  class space    used 3616K, capacity 3867K, committed 3912K, reserved 1048576K
2019-05-24T17:21:57.605+0800: 6.908: [GC (Allocation Failure) 2019-05-24T17:21:57.605+0800: 6.909: [ParNew: 36580K->1204K(39296K), 0.0016378 secs] 57879K->22504K(126720K), 0.0018233 secs] [Times: user=0.00 sys=0.00, real=0.00 secs] 
Heap after GC invocations=45 (full 1):
 par new generation   total 39296K, used 1204K [0x0000000081800000, 0x00000000842a0000, 0x00000000964c0000)
  eden space 34944K,   0% used [0x0000000081800000, 0x0000000081800000, 0x0000000083a20000)
  from space 4352K,  27% used [0x0000000083e60000, 0x0000000083f8d338, 0x00000000842a0000)
  to   space 4352K,   0% used [0x0000000083a20000, 0x0000000083a20000, 0x0000000083e60000)
 concurrent mark-sweep generation total 87424K, used 21299K [0x00000000964c0000, 0x000000009ba20000, 0x0000000100000000)
 Metaspace       used 28097K, capacity 29126K, committed 29256K, reserved 1075200K
  class space    used 3616K, capacity 3867K, committed 3912K, reserved 1048576K
}
2019-05-24T17:21:57.618+0800: 6.922: Application time: 0.0110620 seconds
2019-05-24T17:21:57.648+0800: 6.951: Application time: 0.0296971 seconds
{Heap before GC invocations=45 (full 1):
 par new generation   total 39296K, used 36148K [0x0000000081800000, 0x00000000842a0000, 0x00000000964c0000)
  eden space 34944K, 100% used [0x0000000081800000, 0x0000000083a20000, 0x0000000083a20000)
  from space 4352K,  27% used [0x0000000083e60000, 0x0000000083f8d338, 0x00000000842a0000)
  to   space 4352K,   0% used [0x0000000083a20000, 0x0000000083a20000, 0x0000000083e60000)
 concurrent mark-sweep generation total 87424K, used 21299K [0x00000000964c0000, 0x000000009ba20000, 0x0000000100000000)
 Metaspace       used 28098K, capacity 29126K, committed 29256K, reserved 1075200K
  class space    used 3616K, capacity 3867K, committed 3912K, reserved 1048576K
2019-05-24T17:21:57.648+0800: 6.952: [GC (Allocation Failure) 2019-05-24T17:21:57.648+0800: 6.952: [ParNew: 36148K->1457K(39296K), 0.0015349 secs] 57448K->22757K(126720K), 0.0016998 secs] [Times: user=0.00 sys=0.00, real=0.00 secs] 
Heap after GC invocations=46 (full 1):
 par new generation   total 39296K, used 1457K [0x0000000081800000, 0x00000000842a0000, 0x00000000964c0000)
  eden space 34944K,   0% used [0x0000000081800000, 0x0000000081800000, 0x0000000083a20000)
  from space 4352K,  33% used [0x0000000083a20000, 0x0000000083b8c7d0, 0x0000000083e60000)
  to   space 4352K,   0% used [0x0000000083e60000, 0x0000000083e60000, 0x00000000842a0000)
 concurrent mark-sweep generation total 87424K, used 21299K [0x00000000964c0000, 0x000000009ba20000, 0x0000000100000000)
 Metaspace       used 28098K, capacity 29126K, committed 29256K, reserved 1075200K
  class space    used 3616K, capacity 3867K, committed 3912K, reserved 1048576K
}
2019-05-24T17:21:57.775+0800: 7.078: Application time: 0.1249957 seconds
{Heap before GC invocations=46 (full 1):
 par new generation   total 39296K, used 36401K [0x0000000081800000, 0x00000000842a0000, 0x00000000964c0000)
  eden space 34944K, 100% used [0x0000000081800000, 0x0000000083a20000, 0x0000000083a20000)
  from space 4352K,  33% used [0x0000000083a20000, 0x0000000083b8c7d0, 0x0000000083e60000)
  to   space 4352K,   0% used [0x0000000083e60000, 0x0000000083e60000, 0x00000000842a0000)
 concurrent mark-sweep generation total 87424K, used 21299K [0x00000000964c0000, 0x000000009ba20000, 0x0000000100000000)
 Metaspace       used 28106K, capacity 29126K, committed 29256K, reserved 1075200K
  class space    used 3616K, capacity 3867K, committed 3912K, reserved 1048576K
2019-05-24T17:21:57.775+0800: 7.079: [GC (Allocation Failure) 2019-05-24T17:21:57.775+0800: 7.079: [ParNew: 36401K->1005K(39296K), 0.0016737 secs] 57701K->22305K(126720K), 0.0018961 secs] [Times: user=0.06 sys=0.00, real=0.00 secs] 
Heap after GC invocations=47 (full 1):
 par new generation   total 39296K, used 1005K [0x0000000081800000, 0x00000000842a0000, 0x00000000964c0000)
  eden space 34944K,   0% used [0x0000000081800000, 0x0000000081800000, 0x0000000083a20000)
  from space 4352K,  23% used [0x0000000083e60000, 0x0000000083f5b708, 0x00000000842a0000)
  to   space 4352K,   0% used [0x0000000083a20000, 0x0000000083a20000, 0x0000000083e60000)
 concurrent mark-sweep generation total 87424K, used 21299K [0x00000000964c0000, 0x000000009ba20000, 0x0000000100000000)
 Metaspace       used 28106K, capacity 29126K, committed 29256K, reserved 1075200K
  class space    used 3616K, capacity 3867K, committed 3912K, reserved 1048576K
}
2019-05-24T17:21:57.798+0800: 7.101: Application time: 0.0205022 seconds
2019-05-24T17:21:57.820+0800: 7.123: Application time: 0.0217321 seconds
{Heap before GC invocations=47 (full 1):
 par new generation   total 39296K, used 35949K [0x0000000081800000, 0x00000000842a0000, 0x00000000964c0000)
  eden space 34944K, 100% used [0x0000000081800000, 0x0000000083a20000, 0x0000000083a20000)
  from space 4352K,  23% used [0x0000000083e60000, 0x0000000083f5b708, 0x00000000842a0000)
  to   space 4352K,   0% used [0x0000000083a20000, 0x0000000083a20000, 0x0000000083e60000)
 concurrent mark-sweep generation total 87424K, used 21299K [0x00000000964c0000, 0x000000009ba20000, 0x0000000100000000)
 Metaspace       used 28107K, capacity 29126K, committed 29256K, reserved 1075200K
  class space    used 3616K, capacity 3867K, committed 3912K, reserved 1048576K
2019-05-24T17:21:57.820+0800: 7.124: [GC (Allocation Failure) 2019-05-24T17:21:57.820+0800: 7.124: [ParNew: 35949K->996K(39296K), 0.0030071 secs] 57249K->22691K(126720K), 0.0032097 secs] [Times: user=0.00 sys=0.00, real=0.00 secs] 
Heap after GC invocations=48 (full 1):
 par new generation   total 39296K, used 996K [0x0000000081800000, 0x00000000842a0000, 0x00000000964c0000)
  eden space 34944K,   0% used [0x0000000081800000, 0x0000000081800000, 0x0000000083a20000)
  from space 4352K,  22% used [0x0000000083a20000, 0x0000000083b190f8, 0x0000000083e60000)
  to   space 4352K,   0% used [0x0000000083e60000, 0x0000000083e60000, 0x00000000842a0000)
 concurrent mark-sweep generation total 87424K, used 21695K [0x00000000964c0000, 0x000000009ba20000, 0x0000000100000000)
 Metaspace       used 28107K, capacity 29126K, committed 29256K, reserved 1075200K
  class space    used 3616K, capacity 3867K, committed 3912K, reserved 1048576K
}
2019-05-24T17:21:57.846+0800: 7.149: Application time: 0.0222509 seconds
2019-05-24T17:21:57.856+0800: 7.159: Application time: 0.0094481 seconds
{Heap before GC invocations=48 (full 1):
 par new generation   total 39296K, used 35940K [0x0000000081800000, 0x00000000842a0000, 0x00000000964c0000)
  eden space 34944K, 100% used [0x0000000081800000, 0x0000000083a20000, 0x0000000083a20000)
  from space 4352K,  22% used [0x0000000083a20000, 0x0000000083b190f8, 0x0000000083e60000)
  to   space 4352K,   0% used [0x0000000083e60000, 0x0000000083e60000, 0x00000000842a0000)
 concurrent mark-sweep generation total 87424K, used 21695K [0x00000000964c0000, 0x000000009ba20000, 0x0000000100000000)
 Metaspace       used 28107K, capacity 29126K, committed 29256K, reserved 1075200K
  class space    used 3616K, capacity 3867K, committed 3912K, reserved 1048576K
2019-05-24T17:21:57.856+0800: 7.159: [GC (Allocation Failure) 2019-05-24T17:21:57.856+0800: 7.159: [ParNew: 35940K->834K(39296K), 0.0013921 secs] 57635K->22575K(126720K), 0.0015616 secs] [Times: user=0.00 sys=0.00, real=0.00 secs] 
Heap after GC invocations=49 (full 1):
 par new generation   total 39296K, used 834K [0x0000000081800000, 0x00000000842a0000, 0x00000000964c0000)
  eden space 34944K,   0% used [0x0000000081800000, 0x0000000081800000, 0x0000000083a20000)
  from space 4352K,  19% used [0x0000000083e60000, 0x0000000083f30bd8, 0x00000000842a0000)
  to   space 4352K,   0% used [0x0000000083a20000, 0x0000000083a20000, 0x0000000083e60000)
 concurrent mark-sweep generation total 87424K, used 21740K [0x00000000964c0000, 0x000000009ba20000, 0x0000000100000000)
 Metaspace       used 28107K, capacity 29126K, committed 29256K, reserved 1075200K
  class space    used 3616K, capacity 3867K, committed 3912K, reserved 1048576K
}
2019-05-24T17:21:57.925+0800: 7.228: Application time: 0.0668154 seconds
{Heap before GC invocations=49 (full 1):
 par new generation   total 39296K, used 35778K [0x0000000081800000, 0x00000000842a0000, 0x00000000964c0000)
  eden space 34944K, 100% used [0x0000000081800000, 0x0000000083a20000, 0x0000000083a20000)
  from space 4352K,  19% used [0x0000000083e60000, 0x0000000083f30bd8, 0x00000000842a0000)
  to   space 4352K,   0% used [0x0000000083a20000, 0x0000000083a20000, 0x0000000083e60000)
 concurrent mark-sweep generation total 87424K, used 21740K [0x00000000964c0000, 0x000000009ba20000, 0x0000000100000000)
 Metaspace       used 28113K, capacity 29126K, committed 29256K, reserved 1075200K
  class space    used 3616K, capacity 3867K, committed 3912K, reserved 1048576K
2019-05-24T17:21:57.925+0800: 7.228: [GC (Allocation Failure) 2019-05-24T17:21:57.925+0800: 7.228: [ParNew: 35778K->900K(39296K), 0.0014495 secs] 57519K->22663K(126720K), 0.0020821 secs] [Times: user=0.00 sys=0.00, real=0.00 secs] 
Heap after GC invocations=50 (full 1):
 par new generation   total 39296K, used 900K [0x0000000081800000, 0x00000000842a0000, 0x00000000964c0000)
  eden space 34944K,   0% used [0x0000000081800000, 0x0000000081800000, 0x0000000083a20000)
  from space 4352K,  20% used [0x0000000083a20000, 0x0000000083b01240, 0x0000000083e60000)
  to   space 4352K,   0% used [0x0000000083e60000, 0x0000000083e60000, 0x00000000842a0000)
 concurrent mark-sweep generation total 87424K, used 21762K [0x00000000964c0000, 0x000000009ba20000, 0x0000000100000000)
 Metaspace       used 28113K, capacity 29126K, committed 29256K, reserved 1075200K
  class space    used 3616K, capacity 3867K, committed 3912K, reserved 1048576K
}
2019-05-24T17:21:58.016+0800: 7.320: Application time: 0.0897490 seconds
{Heap before GC invocations=50 (full 1):
 par new generation   total 39296K, used 35844K [0x0000000081800000, 0x00000000842a0000, 0x00000000964c0000)
  eden space 34944K, 100% used [0x0000000081800000, 0x0000000083a20000, 0x0000000083a20000)
  from space 4352K,  20% used [0x0000000083a20000, 0x0000000083b01240, 0x0000000083e60000)
  to   space 4352K,   0% used [0x0000000083e60000, 0x0000000083e60000, 0x00000000842a0000)
 concurrent mark-sweep generation total 87424K, used 21762K [0x00000000964c0000, 0x000000009ba20000, 0x0000000100000000)
 Metaspace       used 28117K, capacity 29126K, committed 29256K, reserved 1075200K
  class space    used 3616K, capacity 3867K, committed 3912K, reserved 1048576K
2019-05-24T17:21:58.026+0800: 7.329: [GC (Allocation Failure) 2019-05-24T17:21:58.026+0800: 7.329: [ParNew: 35844K->801K(39296K), 0.0014603 secs] 57607K->22624K(126720K), 0.0016418 secs] [Times: user=0.06 sys=0.00, real=0.00 secs] 
Heap after GC invocations=51 (full 1):
 par new generation   total 39296K, used 801K [0x0000000081800000, 0x00000000842a0000, 0x00000000964c0000)
  eden space 34944K,   0% used [0x0000000081800000, 0x0000000081800000, 0x0000000083a20000)
  from space 4352K,  18% used [0x0000000083e60000, 0x0000000083f284a8, 0x00000000842a0000)
  to   space 4352K,   0% used [0x0000000083a20000, 0x0000000083a20000, 0x0000000083e60000)
 concurrent mark-sweep generation total 87424K, used 21822K [0x00000000964c0000, 0x000000009ba20000, 0x0000000100000000)
 Metaspace       used 28117K, capacity 29126K, committed 29256K, reserved 1075200K
  class space    used 3616K, capacity 3867K, committed 3912K, reserved 1048576K
}
2019-05-24T17:21:58.028+0800: 7.331: Application time: 0.0001303 seconds
2019-05-24T17:21:58.049+0800: 7.352: Application time: 0.0211388 seconds
{Heap before GC invocations=51 (full 1):
 par new generation   total 39296K, used 35745K [0x0000000081800000, 0x00000000842a0000, 0x00000000964c0000)
  eden space 34944K, 100% used [0x0000000081800000, 0x0000000083a20000, 0x0000000083a20000)
  from space 4352K,  18% used [0x0000000083e60000, 0x0000000083f284a8, 0x00000000842a0000)
  to   space 4352K,   0% used [0x0000000083a20000, 0x0000000083a20000, 0x0000000083e60000)
 concurrent mark-sweep generation total 87424K, used 21822K [0x00000000964c0000, 0x000000009ba20000, 0x0000000100000000)
 Metaspace       used 28118K, capacity 29126K, committed 29256K, reserved 1075200K
  class space    used 3616K, capacity 3867K, committed 3912K, reserved 1048576K
2019-05-24T17:21:58.049+0800: 7.352: [GC (Allocation Failure) 2019-05-24T17:21:58.049+0800: 7.352: [ParNew: 35745K->789K(39296K), 0.0012436 secs] 57568K->22640K(126720K), 0.0014336 secs] [Times: user=0.00 sys=0.00, real=0.00 secs] 
Heap after GC invocations=52 (full 1):
 par new generation   total 39296K, used 789K [0x0000000081800000, 0x00000000842a0000, 0x00000000964c0000)
  eden space 34944K,   0% used [0x0000000081800000, 0x0000000081800000, 0x0000000083a20000)
  from space 4352K,  18% used [0x0000000083a20000, 0x0000000083ae5790, 0x0000000083e60000)
  to   space 4352K,   0% used [0x0000000083e60000, 0x0000000083e60000, 0x00000000842a0000)
 concurrent mark-sweep generation total 87424K, used 21850K [0x00000000964c0000, 0x000000009ba20000, 0x0000000100000000)
 Metaspace       used 28118K, capacity 29126K, committed 29256K, reserved 1075200K
  class space    used 3616K, capacity 3867K, committed 3912K, reserved 1048576K
}
2019-05-24T17:21:58.078+0800: 7.382: Application time: 0.0278812 seconds
{Heap before GC invocations=52 (full 1):
 par new generation   total 39296K, used 35733K [0x0000000081800000, 0x00000000842a0000, 0x00000000964c0000)
  eden space 34944K, 100% used [0x0000000081800000, 0x0000000083a20000, 0x0000000083a20000)
  from space 4352K,  18% used [0x0000000083a20000, 0x0000000083ae5790, 0x0000000083e60000)
  to   space 4352K,   0% used [0x0000000083e60000, 0x0000000083e60000, 0x00000000842a0000)
 concurrent mark-sweep generation total 87424K, used 21850K [0x00000000964c0000, 0x000000009ba20000, 0x0000000100000000)
 Metaspace       used 28118K, capacity 29126K, committed 29256K, reserved 1075200K
  class space    used 3616K, capacity 3867K, committed 3912K, reserved 1048576K
2019-05-24T17:21:58.081+0800: 7.385: [GC (Allocation Failure) 2019-05-24T17:21:58.081+0800: 7.385: [ParNew: 35733K->612K(39296K), 0.0012220 secs] 57584K->22509K(126720K), 0.0014120 secs] [Times: user=0.00 sys=0.00, real=0.00 secs] 
Heap after GC invocations=53 (full 1):
 par new generation   total 39296K, used 612K [0x0000000081800000, 0x00000000842a0000, 0x00000000964c0000)
  eden space 34944K,   0% used [0x0000000081800000, 0x0000000081800000, 0x0000000083a20000)
  from space 4352K,  14% used [0x0000000083e60000, 0x0000000083ef9040, 0x00000000842a0000)
  to   space 4352K,   0% used [0x0000000083a20000, 0x0000000083a20000, 0x0000000083e60000)
 concurrent mark-sweep generation total 87424K, used 21897K [0x00000000964c0000, 0x000000009ba20000, 0x0000000100000000)
 Metaspace       used 28118K, capacity 29126K, committed 29256K, reserved 1075200K
  class space    used 3616K, capacity 3867K, committed 3912K, reserved 1048576K
}
2019-05-24T17:21:58.085+0800: 7.389: Application time: 0.0025816 seconds
2019-05-24T17:21:58.124+0800: 7.427: Application time: 0.0385132 seconds
{Heap before GC invocations=53 (full 1):
 par new generation   total 39296K, used 35556K [0x0000000081800000, 0x00000000842a0000, 0x00000000964c0000)
  eden space 34944K, 100% used [0x0000000081800000, 0x0000000083a20000, 0x0000000083a20000)
  from space 4352K,  14% used [0x0000000083e60000, 0x0000000083ef9040, 0x00000000842a0000)
  to   space 4352K,   0% used [0x0000000083a20000, 0x0000000083a20000, 0x0000000083e60000)
 concurrent mark-sweep generation total 87424K, used 21897K [0x00000000964c0000, 0x000000009ba20000, 0x0000000100000000)
 Metaspace       used 28118K, capacity 29126K, committed 29256K, reserved 1075200K
  class space    used 3616K, capacity 3867K, committed 3912K, reserved 1048576K
2019-05-24T17:21:58.124+0800: 7.428: [GC (Allocation Failure) 2019-05-24T17:21:58.124+0800: 7.428: [ParNew: 35556K->597K(39296K), 0.0009688 secs] 57453K->22498K(126720K), 0.0011156 secs] [Times: user=0.00 sys=0.00, real=0.00 secs] 
Heap after GC invocations=54 (full 1):
 par new generation   total 39296K, used 597K [0x0000000081800000, 0x00000000842a0000, 0x00000000964c0000)
  eden space 34944K,   0% used [0x0000000081800000, 0x0000000081800000, 0x0000000083a20000)
  from space 4352K,  13% used [0x0000000083a20000, 0x0000000083ab57f0, 0x0000000083e60000)
  to   space 4352K,   0% used [0x0000000083e60000, 0x0000000083e60000, 0x00000000842a0000)
 concurrent mark-sweep generation total 87424K, used 21900K [0x00000000964c0000, 0x000000009ba20000, 0x0000000100000000)
 Metaspace       used 28118K, capacity 29126K, committed 29256K, reserved 1075200K
  class space    used 3616K, capacity 3867K, committed 3912K, reserved 1048576K
}
2019-05-24T17:21:58.286+0800: 7.589: Application time: 0.1601917 seconds
{Heap before GC invocations=54 (full 1):
 par new generation   total 39296K, used 35541K [0x0000000081800000, 0x00000000842a0000, 0x00000000964c0000)
  eden space 34944K, 100% used [0x0000000081800000, 0x0000000083a20000, 0x0000000083a20000)
  from space 4352K,  13% used [0x0000000083a20000, 0x0000000083ab57f0, 0x0000000083e60000)
  to   space 4352K,   0% used [0x0000000083e60000, 0x0000000083e60000, 0x00000000842a0000)
 concurrent mark-sweep generation total 87424K, used 21900K [0x00000000964c0000, 0x000000009ba20000, 0x0000000100000000)
 Metaspace       used 28212K, capacity 29234K, committed 29512K, reserved 1075200K
  class space    used 3631K, capacity 3875K, committed 3912K, reserved 1048576K
2019-05-24T17:21:58.286+0800: 7.589: [GC (Allocation Failure) 2019-05-24T17:21:58.286+0800: 7.589: [ParNew: 35541K->729K(39296K), 0.0013710 secs] 57442K->22631K(126720K), 0.0015479 secs] [Times: user=0.00 sys=0.00, real=0.00 secs] 
Heap after GC invocations=55 (full 1):
 par new generation   total 39296K, used 729K [0x0000000081800000, 0x00000000842a0000, 0x00000000964c0000)
  eden space 34944K,   0% used [0x0000000081800000, 0x0000000081800000, 0x0000000083a20000)
  from space 4352K,  16% used [0x0000000083e60000, 0x0000000083f16568, 0x00000000842a0000)
  to   space 4352K,   0% used [0x0000000083a20000, 0x0000000083a20000, 0x0000000083e60000)
 concurrent mark-sweep generation total 87424K, used 21902K [0x00000000964c0000, 0x000000009ba20000, 0x0000000100000000)
 Metaspace       used 28212K, capacity 29234K, committed 29512K, reserved 1075200K
  class space    used 3631K, capacity 3875K, committed 3912K, reserved 1048576K
}
2019-05-24T17:21:58.401+0800: 7.704: Application time: 0.1130132 seconds
2019-05-24T17:21:58.408+0800: 7.711: Application time: 0.0073210 seconds
{Heap before GC invocations=55 (full 1):
 par new generation   total 39296K, used 35673K [0x0000000081800000, 0x00000000842a0000, 0x00000000964c0000)
  eden space 34944K, 100% used [0x0000000081800000, 0x0000000083a20000, 0x0000000083a20000)
  from space 4352K,  16% used [0x0000000083e60000, 0x0000000083f16568, 0x00000000842a0000)
  to   space 4352K,   0% used [0x0000000083a20000, 0x0000000083a20000, 0x0000000083e60000)
 concurrent mark-sweep generation total 87424K, used 21902K [0x00000000964c0000, 0x000000009ba20000, 0x0000000100000000)
 Metaspace       used 28649K, capacity 29694K, committed 29896K, reserved 1075200K
  class space    used 3678K, capacity 3941K, committed 4040K, reserved 1048576K
2019-05-24T17:21:58.408+0800: 7.711: [GC (Allocation Failure) 2019-05-24T17:21:58.408+0800: 7.711: [ParNew: 35673K->1115K(39296K), 0.0016310 secs] 57575K->23017K(126720K), 0.0018096 secs] [Times: user=0.00 sys=0.00, real=0.00 secs] 
Heap after GC invocations=56 (full 1):
 par new generation   total 39296K, used 1115K [0x0000000081800000, 0x00000000842a0000, 0x00000000964c0000)
  eden space 34944K,   0% used [0x0000000081800000, 0x0000000081800000, 0x0000000083a20000)
  from space 4352K,  25% used [0x0000000083a20000, 0x0000000083b36e58, 0x0000000083e60000)
  to   space 4352K,   0% used [0x0000000083e60000, 0x0000000083e60000, 0x00000000842a0000)
 concurrent mark-sweep generation total 87424K, used 21902K [0x00000000964c0000, 0x000000009ba20000, 0x0000000100000000)
 Metaspace       used 28649K, capacity 29694K, committed 29896K, reserved 1075200K
  class space    used 3678K, capacity 3941K, committed 4040K, reserved 1048576K
}
2019-05-24T17:21:58.490+0800: 7.794: Application time: 0.0805177 seconds
{Heap before GC invocations=56 (full 1):
 par new generation   total 39296K, used 36059K [0x0000000081800000, 0x00000000842a0000, 0x00000000964c0000)
  eden space 34944K, 100% used [0x0000000081800000, 0x0000000083a20000, 0x0000000083a20000)
  from space 4352K,  25% used [0x0000000083a20000, 0x0000000083b36e58, 0x0000000083e60000)
  to   space 4352K,   0% used [0x0000000083e60000, 0x0000000083e60000, 0x00000000842a0000)
 concurrent mark-sweep generation total 87424K, used 21902K [0x00000000964c0000, 0x000000009ba20000, 0x0000000100000000)
 Metaspace       used 28702K, capacity 29758K, committed 29896K, reserved 1075200K
  class space    used 3688K, capacity 3941K, committed 4040K, reserved 1048576K
2019-05-24T17:21:58.491+0800: 7.794: [GC (Allocation Failure) 2019-05-24T17:21:58.491+0800: 7.794: [ParNew: 36059K->1030K(39296K), 0.0016725 secs] 57961K->22932K(126720K), 0.0018233 secs] [Times: user=0.00 sys=0.00, real=0.00 secs] 
Heap after GC invocations=57 (full 1):
 par new generation   total 39296K, used 1030K [0x0000000081800000, 0x00000000842a0000, 0x00000000964c0000)
  eden space 34944K,   0% used [0x0000000081800000, 0x0000000081800000, 0x0000000083a20000)
  from space 4352K,  23% used [0x0000000083e60000, 0x0000000083f61a58, 0x00000000842a0000)
  to   space 4352K,   0% used [0x0000000083a20000, 0x0000000083a20000, 0x0000000083e60000)
 concurrent mark-sweep generation total 87424K, used 21902K [0x00000000964c0000, 0x000000009ba20000, 0x0000000100000000)
 Metaspace       used 28702K, capacity 29758K, committed 29896K, reserved 1075200K
  class space    used 3688K, capacity 3941K, committed 4040K, reserved 1048576K
}
2019-05-24T17:21:58.642+0800: 7.946: Application time: 0.1495591 seconds
{Heap before GC invocations=57 (full 1):
 par new generation   total 39296K, used 35974K [0x0000000081800000, 0x00000000842a0000, 0x00000000964c0000)
  eden space 34944K, 100% used [0x0000000081800000, 0x0000000083a20000, 0x0000000083a20000)
  from space 4352K,  23% used [0x0000000083e60000, 0x0000000083f61a58, 0x00000000842a0000)
  to   space 4352K,   0% used [0x0000000083a20000, 0x0000000083a20000, 0x0000000083e60000)
 concurrent mark-sweep generation total 87424K, used 21902K [0x00000000964c0000, 0x000000009ba20000, 0x0000000100000000)
 Metaspace       used 28861K, capacity 29962K, committed 30152K, reserved 1075200K
  class space    used 3706K, capacity 3981K, committed 4040K, reserved 1048576K
2019-05-24T17:21:58.642+0800: 7.946: [GC (Allocation Failure) 2019-05-24T17:21:58.643+0800: 7.946: [ParNew: 35974K->1322K(39296K), 0.0019792 secs] 57876K->23224K(126720K), 0.0021396 secs] [Times: user=0.00 sys=0.00, real=0.00 secs] 
Heap after GC invocations=58 (full 1):
 par new generation   total 39296K, used 1322K [0x0000000081800000, 0x00000000842a0000, 0x00000000964c0000)
  eden space 34944K,   0% used [0x0000000081800000, 0x0000000081800000, 0x0000000083a20000)
  from space 4352K,  30% used [0x0000000083a20000, 0x0000000083b6a8c8, 0x0000000083e60000)
  to   space 4352K,   0% used [0x0000000083e60000, 0x0000000083e60000, 0x00000000842a0000)
 concurrent mark-sweep generation total 87424K, used 21902K [0x00000000964c0000, 0x000000009ba20000, 0x0000000100000000)
 Metaspace       used 28861K, capacity 29962K, committed 30152K, reserved 1075200K
  class space    used 3706K, capacity 3981K, committed 4040K, reserved 1048576K
}
2019-05-24T17:21:58.678+0800: 7.982: Application time: 0.0338830 seconds
2019-05-24T17:21:58.688+0800: 7.991: Application time: 0.0091142 seconds
2019-05-24T17:21:58.784+0800: 8.087: Application time: 0.0955904 seconds
2019-05-24T17:21:58.784+0800: 8.087: Application time: 0.0000466 seconds
2019-05-24T17:21:58.832+0800: 8.135: Application time: 0.0481917 seconds
2019-05-24T17:21:58.874+0800: 8.177: Application time: 0.0418958 seconds
2019-05-24T17:21:58.910+0800: 8.213: Application time: 0.0356244 seconds
{Heap before GC invocations=58 (full 1):
 par new generation   total 39296K, used 36235K [0x0000000081800000, 0x00000000842a0000, 0x00000000964c0000)
  eden space 34944K,  99% used [0x0000000081800000, 0x0000000083a18670, 0x0000000083a20000)
  from space 4352K,  30% used [0x0000000083a20000, 0x0000000083b6a8c8, 0x0000000083e60000)
  to   space 4352K,   0% used [0x0000000083e60000, 0x0000000083e60000, 0x00000000842a0000)
 concurrent mark-sweep generation total 87424K, used 21902K [0x00000000964c0000, 0x000000009ba20000, 0x0000000100000000)
 Metaspace       used 28921K, capacity 29986K, committed 30152K, reserved 1075200K
  class space    used 3714K, capacity 3985K, committed 4040K, reserved 1048576K
2019-05-24T17:21:58.910+0800: 8.213: [GC (Allocation Failure) 2019-05-24T17:21:58.910+0800: 8.213: [ParNew: 36235K->2052K(39296K), 0.0028422 secs] 58138K->23954K(126720K), 0.0030396 secs] [Times: user=0.00 sys=0.00, real=0.00 secs] 
Heap after GC invocations=59 (full 1):
 par new generation   total 39296K, used 2052K [0x0000000081800000, 0x00000000842a0000, 0x00000000964c0000)
  eden space 34944K,   0% used [0x0000000081800000, 0x0000000081800000, 0x0000000083a20000)
  from space 4352K,  47% used [0x0000000083e60000, 0x0000000084061008, 0x00000000842a0000)
  to   space 4352K,   0% used [0x0000000083a20000, 0x0000000083a20000, 0x0000000083e60000)
 concurrent mark-sweep generation total 87424K, used 21902K [0x00000000964c0000, 0x000000009ba20000, 0x0000000100000000)
 Metaspace       used 28921K, capacity 29986K, committed 30152K, reserved 1075200K
  class space    used 3714K, capacity 3985K, committed 4040K, reserved 1048576K
}
2019-05-24T17:21:59.033+0800: 8.337: Application time: 0.1201009 seconds
{Heap before GC invocations=59 (full 1):
 par new generation   total 39296K, used 36996K [0x0000000081800000, 0x00000000842a0000, 0x00000000964c0000)
  eden space 34944K, 100% used [0x0000000081800000, 0x0000000083a20000, 0x0000000083a20000)
  from space 4352K,  47% used [0x0000000083e60000, 0x0000000084061008, 0x00000000842a0000)
  to   space 4352K,   0% used [0x0000000083a20000, 0x0000000083a20000, 0x0000000083e60000)
 concurrent mark-sweep generation total 87424K, used 21902K [0x00000000964c0000, 0x000000009ba20000, 0x0000000100000000)
 Metaspace       used 28988K, capacity 30050K, committed 30152K, reserved 1075200K
  class space    used 3722K, capacity 3985K, committed 4040K, reserved 1048576K
2019-05-24T17:21:59.034+0800: 8.337: [GC (Allocation Failure) 2019-05-24T17:21:59.034+0800: 8.337: [ParNew: 36996K->1940K(39296K), 0.0020873 secs] 58898K->23858K(126720K), 0.0022238 secs] [Times: user=0.00 sys=0.00, real=0.00 secs] 
Heap after GC invocations=60 (full 1):
 par new generation   total 39296K, used 1940K [0x0000000081800000, 0x00000000842a0000, 0x00000000964c0000)
  eden space 34944K,   0% used [0x0000000081800000, 0x0000000081800000, 0x0000000083a20000)
  from space 4352K,  44% used [0x0000000083a20000, 0x0000000083c05350, 0x0000000083e60000)
  to   space 4352K,   0% used [0x0000000083e60000, 0x0000000083e60000, 0x00000000842a0000)
 concurrent mark-sweep generation total 87424K, used 21918K [0x00000000964c0000, 0x000000009ba20000, 0x0000000100000000)
 Metaspace       used 28988K, capacity 30050K, committed 30152K, reserved 1075200K
  class space    used 3722K, capacity 3985K, committed 4040K, reserved 1048576K
}
2019-05-24T17:21:59.164+0800: 8.468: Application time: 0.1284147 seconds
{Heap before GC invocations=60 (full 1):
 par new generation   total 39296K, used 36884K [0x0000000081800000, 0x00000000842a0000, 0x00000000964c0000)
  eden space 34944K, 100% used [0x0000000081800000, 0x0000000083a20000, 0x0000000083a20000)
  from space 4352K,  44% used [0x0000000083a20000, 0x0000000083c05350, 0x0000000083e60000)
  to   space 4352K,   0% used [0x0000000083e60000, 0x0000000083e60000, 0x00000000842a0000)
 concurrent mark-sweep generation total 87424K, used 21918K [0x00000000964c0000, 0x000000009ba20000, 0x0000000100000000)
 Metaspace       used 29063K, capacity 30126K, committed 30408K, reserved 1075200K
  class space    used 3733K, capacity 3987K, committed 4040K, reserved 1048576K
2019-05-24T17:21:59.165+0800: 8.468: [GC (Allocation Failure) 2019-05-24T17:21:59.165+0800: 8.468: [ParNew: 36884K->2046K(39296K), 0.0025566 secs] 58802K->23964K(126720K), 0.0027614 secs] [Times: user=0.00 sys=0.00, real=0.00 secs] 
Heap after GC invocations=61 (full 1):
 par new generation   total 39296K, used 2046K [0x0000000081800000, 0x00000000842a0000, 0x00000000964c0000)
  eden space 34944K,   0% used [0x0000000081800000, 0x0000000081800000, 0x0000000083a20000)
  from space 4352K,  47% used [0x0000000083e60000, 0x000000008405fb18, 0x00000000842a0000)
  to   space 4352K,   0% used [0x0000000083a20000, 0x0000000083a20000, 0x0000000083e60000)
 concurrent mark-sweep generation total 87424K, used 21918K [0x00000000964c0000, 0x000000009ba20000, 0x0000000100000000)
 Metaspace       used 29063K, capacity 30126K, committed 30408K, reserved 1075200K
  class space    used 3733K, capacity 3987K, committed 4040K, reserved 1048576K
}
2019-05-24T17:21:59.337+0800: 8.640: Application time: 0.1697979 seconds
{Heap before GC invocations=61 (full 1):
 par new generation   total 39296K, used 36990K [0x0000000081800000, 0x00000000842a0000, 0x00000000964c0000)
  eden space 34944K, 100% used [0x0000000081800000, 0x0000000083a20000, 0x0000000083a20000)
  from space 4352K,  47% used [0x0000000083e60000, 0x000000008405fb18, 0x00000000842a0000)
  to   space 4352K,   0% used [0x0000000083a20000, 0x0000000083a20000, 0x0000000083e60000)
 concurrent mark-sweep generation total 87424K, used 21918K [0x00000000964c0000, 0x000000009ba20000, 0x0000000100000000)
 Metaspace       used 29159K, capacity 30250K, committed 30408K, reserved 1075200K
  class space    used 3749K, capacity 4027K, committed 4040K, reserved 1048576K
2019-05-24T17:21:59.337+0800: 8.641: [GC (Allocation Failure) 2019-05-24T17:21:59.337+0800: 8.641: [ParNew: 36990K->2884K(39296K), 0.0030140 secs] 58908K->24803K(126720K), 0.0031829 secs] [Times: user=0.06 sys=0.00, real=0.00 secs] 
Heap after GC invocations=62 (full 1):
 par new generation   total 39296K, used 2884K [0x0000000081800000, 0x00000000842a0000, 0x00000000964c0000)
  eden space 34944K,   0% used [0x0000000081800000, 0x0000000081800000, 0x0000000083a20000)
  from space 4352K,  66% used [0x0000000083a20000, 0x0000000083cf13c8, 0x0000000083e60000)
  to   space 4352K,   0% used [0x0000000083e60000, 0x0000000083e60000, 0x00000000842a0000)
 concurrent mark-sweep generation total 87424K, used 21918K [0x00000000964c0000, 0x000000009ba20000, 0x0000000100000000)
 Metaspace       used 29159K, capacity 30250K, committed 30408K, reserved 1075200K
  class space    used 3749K, capacity 4027K, committed 4040K, reserved 1048576K
}
2019-05-24T17:21:59.448+0800: 8.751: Application time: 0.1072725 seconds
{Heap before GC invocations=62 (full 1):
 par new generation   total 39296K, used 37828K [0x0000000081800000, 0x00000000842a0000, 0x00000000964c0000)
  eden space 34944K, 100% used [0x0000000081800000, 0x0000000083a20000, 0x0000000083a20000)
  from space 4352K,  66% used [0x0000000083a20000, 0x0000000083cf13c8, 0x0000000083e60000)
  to   space 4352K,   0% used [0x0000000083e60000, 0x0000000083e60000, 0x00000000842a0000)
 concurrent mark-sweep generation total 87424K, used 21918K [0x00000000964c0000, 0x000000009ba20000, 0x0000000100000000)
 Metaspace       used 29179K, capacity 30326K, committed 30408K, reserved 1075200K
  class space    used 3752K, capacity 4029K, committed 4040K, reserved 1048576K
2019-05-24T17:21:59.448+0800: 8.751: [GC (Allocation Failure) 2019-05-24T17:21:59.448+0800: 8.751: [ParNew: 37828K->3376K(39296K), 0.0029338 secs] 59747K->25294K(126720K), 0.0030885 secs] [Times: user=0.06 sys=0.00, real=0.00 secs] 
Heap after GC invocations=63 (full 1):
 par new generation   total 39296K, used 3376K [0x0000000081800000, 0x00000000842a0000, 0x00000000964c0000)
  eden space 34944K,   0% used [0x0000000081800000, 0x0000000081800000, 0x0000000083a20000)
  from space 4352K,  77% used [0x0000000083e60000, 0x00000000841ac1b8, 0x00000000842a0000)
  to   space 4352K,   0% used [0x0000000083a20000, 0x0000000083a20000, 0x0000000083e60000)
 concurrent mark-sweep generation total 87424K, used 21918K [0x00000000964c0000, 0x000000009ba20000, 0x0000000100000000)
 Metaspace       used 29179K, capacity 30326K, committed 30408K, reserved 1075200K
  class space    used 3752K, capacity 4029K, committed 4040K, reserved 1048576K
}
2019-05-24T17:21:59.598+0800: 8.901: Application time: 0.1463506 seconds
{Heap before GC invocations=63 (full 1):
 par new generation   total 39296K, used 38320K [0x0000000081800000, 0x00000000842a0000, 0x00000000964c0000)
  eden space 34944K, 100% used [0x0000000081800000, 0x0000000083a20000, 0x0000000083a20000)
  from space 4352K,  77% used [0x0000000083e60000, 0x00000000841ac1b8, 0x00000000842a0000)
  to   space 4352K,   0% used [0x0000000083a20000, 0x0000000083a20000, 0x0000000083e60000)
 concurrent mark-sweep generation total 87424K, used 21918K [0x00000000964c0000, 0x000000009ba20000, 0x0000000100000000)
 Metaspace       used 29269K, capacity 30396K, committed 30408K, reserved 1075200K
  class space    used 3762K, capacity 4030K, committed 4040K, reserved 1048576K
2019-05-24T17:21:59.598+0800: 8.901: [GC (Allocation Failure) 2019-05-24T17:21:59.599+0800: 8.902: [ParNew: 38320K->3994K(39296K), 0.0039231 secs] 60238K->26002K(126720K), 0.0045289 secs] [Times: user=0.00 sys=0.00, real=0.00 secs] 
Heap after GC invocations=64 (full 1):
 par new generation   total 39296K, used 3994K [0x0000000081800000, 0x00000000842a0000, 0x00000000964c0000)
  eden space 34944K,   0% used [0x0000000081800000, 0x0000000081800000, 0x0000000083a20000)
  from space 4352K,  91% used [0x0000000083a20000, 0x0000000083e06ba0, 0x0000000083e60000)
  to   space 4352K,   0% used [0x0000000083e60000, 0x0000000083e60000, 0x00000000842a0000)
 concurrent mark-sweep generation total 87424K, used 22007K [0x00000000964c0000, 0x000000009ba20000, 0x0000000100000000)
 Metaspace       used 29269K, capacity 30396K, committed 30408K, reserved 1075200K
  class space    used 3762K, capacity 4030K, committed 4040K, reserved 1048576K
}
2019-05-24T17:21:59.935+0800: 9.238: Application time: 0.3320336 seconds
{Heap before GC invocations=64 (full 1):
 par new generation   total 39296K, used 38938K [0x0000000081800000, 0x00000000842a0000, 0x00000000964c0000)
  eden space 34944K, 100% used [0x0000000081800000, 0x0000000083a20000, 0x0000000083a20000)
  from space 4352K,  91% used [0x0000000083a20000, 0x0000000083e06ba0, 0x0000000083e60000)
  to   space 4352K,   0% used [0x0000000083e60000, 0x0000000083e60000, 0x00000000842a0000)
 concurrent mark-sweep generation total 87424K, used 22007K [0x00000000964c0000, 0x000000009ba20000, 0x0000000100000000)
 Metaspace       used 29667K, capacity 30808K, committed 31048K, reserved 1077248K
  class space    used 3828K, capacity 4098K, committed 4168K, reserved 1048576K
2019-05-24T17:21:59.935+0800: 9.238: [GC (Allocation Failure) 2019-05-24T17:21:59.935+0800: 9.238: [ParNew: 38938K->3413K(39296K), 0.0053453 secs] 60946K->25766K(126720K), 0.0055922 secs] [Times: user=0.00 sys=0.00, real=0.01 secs] 
Heap after GC invocations=65 (full 1):
 par new generation   total 39296K, used 3413K [0x0000000081800000, 0x00000000842a0000, 0x00000000964c0000)
  eden space 34944K,   0% used [0x0000000081800000, 0x0000000081800000, 0x0000000083a20000)
  from space 4352K,  78% used [0x0000000083e60000, 0x00000000841b56b8, 0x00000000842a0000)
  to   space 4352K,   0% used [0x0000000083a20000, 0x0000000083a20000, 0x0000000083e60000)
 concurrent mark-sweep generation total 87424K, used 22352K [0x00000000964c0000, 0x000000009ba20000, 0x0000000100000000)
 Metaspace       used 29667K, capacity 30808K, committed 31048K, reserved 1077248K
  class space    used 3828K, capacity 4098K, committed 4168K, reserved 1048576K
}
2019-05-24T17:22:00.149+0800: 9.452: Application time: 0.2081245 seconds
{Heap before GC invocations=65 (full 1):
 par new generation   total 39296K, used 38357K [0x0000000081800000, 0x00000000842a0000, 0x00000000964c0000)
  eden space 34944K, 100% used [0x0000000081800000, 0x0000000083a20000, 0x0000000083a20000)
  from space 4352K,  78% used [0x0000000083e60000, 0x00000000841b56b8, 0x00000000842a0000)
  to   space 4352K,   0% used [0x0000000083a20000, 0x0000000083a20000, 0x0000000083e60000)
 concurrent mark-sweep generation total 87424K, used 22352K [0x00000000964c0000, 0x000000009ba20000, 0x0000000100000000)
 Metaspace       used 29930K, capacity 31096K, committed 31304K, reserved 1077248K
  class space    used 3872K, capacity 4130K, committed 4168K, reserved 1048576K
2019-05-24T17:22:00.149+0800: 9.452: [GC (Allocation Failure) 2019-05-24T17:22:00.149+0800: 9.453: [ParNew: 38357K->2731K(39296K), 0.0048492 secs] 60710K->25709K(126720K), 0.0050284 secs] [Times: user=0.11 sys=0.00, real=0.01 secs] 
Heap after GC invocations=66 (full 1):
 par new generation   total 39296K, used 2731K [0x0000000081800000, 0x00000000842a0000, 0x00000000964c0000)
  eden space 34944K,   0% used [0x0000000081800000, 0x0000000081800000, 0x0000000083a20000)
  from space 4352K,  62% used [0x0000000083a20000, 0x0000000083ccada8, 0x0000000083e60000)
  to   space 4352K,   0% used [0x0000000083e60000, 0x0000000083e60000, 0x00000000842a0000)
 concurrent mark-sweep generation total 87424K, used 22977K [0x00000000964c0000, 0x000000009ba20000, 0x0000000100000000)
 Metaspace       used 29930K, capacity 31096K, committed 31304K, reserved 1077248K
  class space    used 3872K, capacity 4130K, committed 4168K, reserved 1048576K
}
2019-05-24T17:22:00.428+0800: 9.732: Application time: 0.2742106 seconds
{Heap before GC invocations=66 (full 1):
 par new generation   total 39296K, used 37675K [0x0000000081800000, 0x00000000842a0000, 0x00000000964c0000)
  eden space 34944K, 100% used [0x0000000081800000, 0x0000000083a20000, 0x0000000083a20000)
  from space 4352K,  62% used [0x0000000083a20000, 0x0000000083ccada8, 0x0000000083e60000)
  to   space 4352K,   0% used [0x0000000083e60000, 0x0000000083e60000, 0x00000000842a0000)
 concurrent mark-sweep generation total 87424K, used 22977K [0x00000000964c0000, 0x000000009ba20000, 0x0000000100000000)
 Metaspace       used 30534K, capacity 31670K, committed 31944K, reserved 1077248K
  class space    used 3967K, capacity 4231K, committed 4296K, reserved 1048576K
2019-05-24T17:22:00.429+0800: 9.732: [GC (Allocation Failure) 2019-05-24T17:22:00.429+0800: 9.732: [ParNew: 37675K->3521K(39296K), 0.0032614 secs] 60653K->26499K(126720K), 0.0034401 secs] [Times: user=0.00 sys=0.00, real=0.00 secs] 
Heap after GC invocations=67 (full 1):
 par new generation   total 39296K, used 3521K [0x0000000081800000, 0x00000000842a0000, 0x00000000964c0000)
  eden space 34944K,   0% used [0x0000000081800000, 0x0000000081800000, 0x0000000083a20000)
  from space 4352K,  80% used [0x0000000083e60000, 0x00000000841d07b0, 0x00000000842a0000)
  to   space 4352K,   0% used [0x0000000083a20000, 0x0000000083a20000, 0x0000000083e60000)
 concurrent mark-sweep generation total 87424K, used 22977K [0x00000000964c0000, 0x000000009ba20000, 0x0000000100000000)
 Metaspace       used 30534K, capacity 31670K, committed 31944K, reserved 1077248K
  class space    used 3967K, capacity 4231K, committed 4296K, reserved 1048576K
}
2019-05-24T17:22:00.767+0800: 10.070: Application time: 0.3342762 seconds
{Heap before GC invocations=67 (full 1):
 par new generation   total 39296K, used 38460K [0x0000000081800000, 0x00000000842a0000, 0x00000000964c0000)
  eden space 34944K,  99% used [0x0000000081800000, 0x0000000083a1ebf0, 0x0000000083a20000)
  from space 4352K,  80% used [0x0000000083e60000, 0x00000000841d07b0, 0x00000000842a0000)
  to   space 4352K,   0% used [0x0000000083a20000, 0x0000000083a20000, 0x0000000083e60000)
 concurrent mark-sweep generation total 87424K, used 22977K [0x00000000964c0000, 0x000000009ba20000, 0x0000000100000000)
 Metaspace       used 30974K, capacity 32098K, committed 32328K, reserved 1077248K
  class space    used 4037K, capacity 4301K, committed 4424K, reserved 1048576K
2019-05-24T17:22:00.767+0800: 10.070: [GC (Allocation Failure) 2019-05-24T17:22:00.768+0800: 10.071: [ParNew: 38460K->3128K(39296K), 0.0044624 secs] 61438K->26663K(126720K), 0.0052361 secs] [Times: user=0.00 sys=0.00, real=0.01 secs] 
Heap after GC invocations=68 (full 1):
 par new generation   total 39296K, used 3128K [0x0000000081800000, 0x00000000842a0000, 0x00000000964c0000)
  eden space 34944K,   0% used [0x0000000081800000, 0x0000000081800000, 0x0000000083a20000)
  from space 4352K,  71% used [0x0000000083a20000, 0x0000000083d2e2f0, 0x0000000083e60000)
  to   space 4352K,   0% used [0x0000000083e60000, 0x0000000083e60000, 0x00000000842a0000)
 concurrent mark-sweep generation total 87424K, used 23534K [0x00000000964c0000, 0x000000009ba20000, 0x0000000100000000)
 Metaspace       used 30974K, capacity 32098K, committed 32328K, reserved 1077248K
  class space    used 4037K, capacity 4301K, committed 4424K, reserved 1048576K
}
2019-05-24T17:22:00.900+0800: 10.203: Application time: 0.1272405 seconds
{Heap before GC invocations=68 (full 1):
 par new generation   total 39296K, used 38072K [0x0000000081800000, 0x00000000842a0000, 0x00000000964c0000)
  eden space 34944K, 100% used [0x0000000081800000, 0x0000000083a20000, 0x0000000083a20000)
  from space 4352K,  71% used [0x0000000083a20000, 0x0000000083d2e2f0, 0x0000000083e60000)
  to   space 4352K,   0% used [0x0000000083e60000, 0x0000000083e60000, 0x00000000842a0000)
 concurrent mark-sweep generation total 87424K, used 23534K [0x00000000964c0000, 0x000000009ba20000, 0x0000000100000000)
 Metaspace       used 31078K, capacity 32258K, committed 32584K, reserved 1077248K
  class space    used 4053K, capacity 4333K, committed 4424K, reserved 1048576K
2019-05-24T17:22:00.900+0800: 10.203: [GC (Allocation Failure) 2019-05-24T17:22:00.900+0800: 10.203: [ParNew: 38072K->2758K(39296K), 0.0029537 secs] 61607K->26293K(126720K), 0.0031420 secs] [Times: user=0.08 sys=0.00, real=0.00 secs] 
Heap after GC invocations=69 (full 1):
 par new generation   total 39296K, used 2758K [0x0000000081800000, 0x00000000842a0000, 0x00000000964c0000)
  eden space 34944K,   0% used [0x0000000081800000, 0x0000000081800000, 0x0000000083a20000)
  from space 4352K,  63% used [0x0000000083e60000, 0x00000000841119e8, 0x00000000842a0000)
  to   space 4352K,   0% used [0x0000000083a20000, 0x0000000083a20000, 0x0000000083e60000)
 concurrent mark-sweep generation total 87424K, used 23534K [0x00000000964c0000, 0x000000009ba20000, 0x0000000100000000)
 Metaspace       used 31078K, capacity 32258K, committed 32584K, reserved 1077248K
  class space    used 4053K, capacity 4333K, committed 4424K, reserved 1048576K
}
2019-05-24T17:22:01.107+0800: 10.410: Application time: 0.2037828 seconds
2019-05-24T17:22:01.163+0800: 10.467: Application time: 0.0559798 seconds
{Heap before GC invocations=69 (full 1):
 par new generation   total 39296K, used 37702K [0x0000000081800000, 0x00000000842a0000, 0x00000000964c0000)
  eden space 34944K, 100% used [0x0000000081800000, 0x0000000083a20000, 0x0000000083a20000)
  from space 4352K,  63% used [0x0000000083e60000, 0x00000000841119e8, 0x00000000842a0000)
  to   space 4352K,   0% used [0x0000000083a20000, 0x0000000083a20000, 0x0000000083e60000)
 concurrent mark-sweep generation total 87424K, used 23534K [0x00000000964c0000, 0x000000009ba20000, 0x0000000100000000)
 Metaspace       used 31524K, capacity 32696K, committed 32840K, reserved 1077248K
  class space    used 4114K, capacity 4406K, committed 4424K, reserved 1048576K
2019-05-24T17:22:01.163+0800: 10.467: [GC (Allocation Failure) 2019-05-24T17:22:01.163+0800: 10.467: [ParNew: 37702K->4190K(39296K), 0.0038076 secs] 61237K->27724K(126720K), 0.0039555 secs] [Times: user=0.02 sys=0.00, real=0.00 secs] 
Heap after GC invocations=70 (full 1):
 par new generation   total 39296K, used 4190K [0x0000000081800000, 0x00000000842a0000, 0x00000000964c0000)
  eden space 34944K,   0% used [0x0000000081800000, 0x0000000081800000, 0x0000000083a20000)
  from space 4352K,  96% used [0x0000000083a20000, 0x0000000083e37830, 0x0000000083e60000)
  to   space 4352K,   0% used [0x0000000083e60000, 0x0000000083e60000, 0x00000000842a0000)
 concurrent mark-sweep generation total 87424K, used 23534K [0x00000000964c0000, 0x000000009ba20000, 0x0000000100000000)
 Metaspace       used 31524K, capacity 32696K, committed 32840K, reserved 1077248K
  class space    used 4114K, capacity 4406K, committed 4424K, reserved 1048576K
}
2019-05-24T17:22:01.195+0800: 10.499: Application time: 0.0275877 seconds
2019-05-24T17:22:01.265+0800: 10.569: Application time: 0.0694966 seconds
{Heap before GC invocations=70 (full 1):
 par new generation   total 39296K, used 39134K [0x0000000081800000, 0x00000000842a0000, 0x00000000964c0000)
  eden space 34944K, 100% used [0x0000000081800000, 0x0000000083a20000, 0x0000000083a20000)
  from space 4352K,  96% used [0x0000000083a20000, 0x0000000083e37830, 0x0000000083e60000)
  to   space 4352K,   0% used [0x0000000083e60000, 0x0000000083e60000, 0x00000000842a0000)
 concurrent mark-sweep generation total 87424K, used 23534K [0x00000000964c0000, 0x000000009ba20000, 0x0000000100000000)
 Metaspace       used 31667K, capacity 32970K, committed 33224K, reserved 1077248K
  class space    used 4138K, capacity 4425K, committed 4552K, reserved 1048576K
2019-05-24T17:22:01.266+0800: 10.569: [GC (Allocation Failure) 2019-05-24T17:22:01.266+0800: 10.569: [ParNew: 39134K->2681K(39296K), 0.0044123 secs] 62668K->26826K(126720K), 0.0046979 secs] [Times: user=0.00 sys=0.00, real=0.00 secs] 
Heap after GC invocations=71 (full 1):
 par new generation   total 39296K, used 2681K [0x0000000081800000, 0x00000000842a0000, 0x00000000964c0000)
  eden space 34944K,   0% used [0x0000000081800000, 0x0000000081800000, 0x0000000083a20000)
  from space 4352K,  61% used [0x0000000083e60000, 0x00000000840fe750, 0x00000000842a0000)
  to   space 4352K,   0% used [0x0000000083a20000, 0x0000000083a20000, 0x0000000083e60000)
 concurrent mark-sweep generation total 87424K, used 24144K [0x00000000964c0000, 0x000000009ba20000, 0x0000000100000000)
 Metaspace       used 31667K, capacity 32970K, committed 33224K, reserved 1077248K
  class space    used 4138K, capacity 4425K, committed 4552K, reserved 1048576K
}
2019-05-24T17:22:01.392+0800: 10.695: Application time: 0.1217729 seconds
{Heap before GC invocations=71 (full 1):
 par new generation   total 39296K, used 37625K [0x0000000081800000, 0x00000000842a0000, 0x00000000964c0000)
  eden space 34944K, 100% used [0x0000000081800000, 0x0000000083a20000, 0x0000000083a20000)
  from space 4352K,  61% used [0x0000000083e60000, 0x00000000840fe750, 0x00000000842a0000)
  to   space 4352K,   0% used [0x0000000083a20000, 0x0000000083a20000, 0x0000000083e60000)
 concurrent mark-sweep generation total 87424K, used 24144K [0x00000000964c0000, 0x000000009ba20000, 0x0000000100000000)
 Metaspace       used 32006K, capacity 33304K, committed 33480K, reserved 1079296K
  class space    used 4171K, capacity 4468K, committed 4552K, reserved 1048576K
2019-05-24T17:22:01.392+0800: 10.696: [GC (Allocation Failure) 2019-05-24T17:22:01.393+0800: 10.696: [ParNew: 37625K->2319K(39296K), 0.0030999 secs] 61770K->26464K(126720K), 0.0033098 secs] [Times: user=0.00 sys=0.00, real=0.00 secs] 
Heap after GC invocations=72 (full 1):
 par new generation   total 39296K, used 2319K [0x0000000081800000, 0x00000000842a0000, 0x00000000964c0000)
  eden space 34944K,   0% used [0x0000000081800000, 0x0000000081800000, 0x0000000083a20000)
  from space 4352K,  53% used [0x0000000083a20000, 0x0000000083c63e98, 0x0000000083e60000)
  to   space 4352K,   0% used [0x0000000083e60000, 0x0000000083e60000, 0x00000000842a0000)
 concurrent mark-sweep generation total 87424K, used 24144K [0x00000000964c0000, 0x000000009ba20000, 0x0000000100000000)
 Metaspace       used 32006K, capacity 33304K, committed 33480K, reserved 1079296K
  class space    used 4171K, capacity 4468K, committed 4552K, reserved 1048576K
}
2019-05-24T17:22:01.465+0800: 10.769: Application time: 0.0699551 seconds
{Heap before GC invocations=72 (full 1):
 par new generation   total 39296K, used 37263K [0x0000000081800000, 0x00000000842a0000, 0x00000000964c0000)
  eden space 34944K, 100% used [0x0000000081800000, 0x0000000083a20000, 0x0000000083a20000)
  from space 4352K,  53% used [0x0000000083a20000, 0x0000000083c63e98, 0x0000000083e60000)
  to   space 4352K,   0% used [0x0000000083e60000, 0x0000000083e60000, 0x00000000842a0000)
 concurrent mark-sweep generation total 87424K, used 24144K [0x00000000964c0000, 0x000000009ba20000, 0x0000000100000000)
 Metaspace       used 32060K, capacity 33320K, committed 33480K, reserved 1079296K
  class space    used 4180K, capacity 4468K, committed 4552K, reserved 1048576K
2019-05-24T17:22:01.466+0800: 10.769: [GC (Allocation Failure) 2019-05-24T17:22:01.466+0800: 10.769: [ParNew: 37263K->2262K(39296K), 0.0030447 secs] 61408K->26407K(126720K), 0.0033143 secs] [Times: user=0.00 sys=0.00, real=0.00 secs] 
Heap after GC invocations=73 (full 1):
 par new generation   total 39296K, used 2262K [0x0000000081800000, 0x00000000842a0000, 0x00000000964c0000)
  eden space 34944K,   0% used [0x0000000081800000, 0x0000000081800000, 0x0000000083a20000)
  from space 4352K,  51% used [0x0000000083e60000, 0x0000000084095ad0, 0x00000000842a0000)
  to   space 4352K,   0% used [0x0000000083a20000, 0x0000000083a20000, 0x0000000083e60000)
 concurrent mark-sweep generation total 87424K, used 24144K [0x00000000964c0000, 0x000000009ba20000, 0x0000000100000000)
 Metaspace       used 32060K, capacity 33320K, committed 33480K, reserved 1079296K
  class space    used 4180K, capacity 4468K, committed 4552K, reserved 1048576K
}
2019-05-24T17:22:01.545+0800: 10.848: Application time: 0.0751741 seconds
2019-05-24T17:22:01.611+0800: 10.914: Application time: 0.0653545 seconds
{Heap before GC invocations=73 (full 1):
 par new generation   total 39296K, used 37206K [0x0000000081800000, 0x00000000842a0000, 0x00000000964c0000)
  eden space 34944K, 100% used [0x0000000081800000, 0x0000000083a20000, 0x0000000083a20000)
  from space 4352K,  51% used [0x0000000083e60000, 0x0000000084095ad0, 0x00000000842a0000)
  to   space 4352K,   0% used [0x0000000083a20000, 0x0000000083a20000, 0x0000000083e60000)
 concurrent mark-sweep generation total 87424K, used 24144K [0x00000000964c0000, 0x000000009ba20000, 0x0000000100000000)
 Metaspace       used 32258K, capacity 33644K, committed 33736K, reserved 1079296K
  class space    used 4216K, capacity 4494K, committed 4552K, reserved 1048576K
2019-05-24T17:22:01.611+0800: 10.914: [GC (Allocation Failure) 2019-05-24T17:22:01.611+0800: 10.914: [ParNew: 37206K->2062K(39296K), 0.0040107 secs] 61351K->26495K(126720K), 0.0041643 secs] [Times: user=0.00 sys=0.00, real=0.00 secs] 
Heap after GC invocations=74 (full 1):
 par new generation   total 39296K, used 2062K [0x0000000081800000, 0x00000000842a0000, 0x00000000964c0000)
  eden space 34944K,   0% used [0x0000000081800000, 0x0000000081800000, 0x0000000083a20000)
  from space 4352K,  47% used [0x0000000083a20000, 0x0000000083c23a70, 0x0000000083e60000)
  to   space 4352K,   0% used [0x0000000083e60000, 0x0000000083e60000, 0x00000000842a0000)
 concurrent mark-sweep generation total 87424K, used 24433K [0x00000000964c0000, 0x000000009ba20000, 0x0000000100000000)
 Metaspace       used 32258K, capacity 33644K, committed 33736K, reserved 1079296K
  class space    used 4216K, capacity 4494K, committed 4552K, reserved 1048576K
}
2019-05-24T17:22:02.615+0800: 11.919: Application time: 1.0001081 seconds
2019-05-24T17:22:02.697+0800: 12.000: Application time: 0.0811355 seconds
{Heap before GC invocations=74 (full 1):
 par new generation   total 39296K, used 37006K [0x0000000081800000, 0x00000000842a0000, 0x00000000964c0000)
  eden space 34944K, 100% used [0x0000000081800000, 0x0000000083a20000, 0x0000000083a20000)
  from space 4352K,  47% used [0x0000000083a20000, 0x0000000083c23a70, 0x0000000083e60000)
  to   space 4352K,   0% used [0x0000000083e60000, 0x0000000083e60000, 0x00000000842a0000)
 concurrent mark-sweep generation total 87424K, used 24433K [0x00000000964c0000, 0x000000009ba20000, 0x0000000100000000)
 Metaspace       used 32469K, capacity 33842K, committed 34120K, reserved 1079296K
  class space    used 4255K, capacity 4559K, committed 4680K, reserved 1048576K
2019-05-24T17:22:02.697+0800: 12.000: [GC (Allocation Failure) 2019-05-24T17:22:02.697+0800: 12.000: [ParNew: 37006K->2493K(39296K), 0.0023228 secs] 61439K->27047K(126720K), 0.0025173 secs] [Times: user=0.06 sys=0.00, real=0.00 secs] 
Heap after GC invocations=75 (full 1):
 par new generation   total 39296K, used 2493K [0x0000000081800000, 0x00000000842a0000, 0x00000000964c0000)
  eden space 34944K,   0% used [0x0000000081800000, 0x0000000081800000, 0x0000000083a20000)
  from space 4352K,  57% used [0x0000000083e60000, 0x00000000840cf600, 0x00000000842a0000)
  to   space 4352K,   0% used [0x0000000083a20000, 0x0000000083a20000, 0x0000000083e60000)
 concurrent mark-sweep generation total 87424K, used 24554K [0x00000000964c0000, 0x000000009ba20000, 0x0000000100000000)
 Metaspace       used 32469K, capacity 33842K, committed 34120K, reserved 1079296K
  class space    used 4255K, capacity 4559K, committed 4680K, reserved 1048576K
}
2019-05-24T17:22:02.854+0800: 12.157: Application time: 0.1544288 seconds
{Heap before GC invocations=75 (full 1):
 par new generation   total 39296K, used 37437K [0x0000000081800000, 0x00000000842a0000, 0x00000000964c0000)
  eden space 34944K, 100% used [0x0000000081800000, 0x0000000083a20000, 0x0000000083a20000)
  from space 4352K,  57% used [0x0000000083e60000, 0x00000000840cf600, 0x00000000842a0000)
  to   space 4352K,   0% used [0x0000000083a20000, 0x0000000083a20000, 0x0000000083e60000)
 concurrent mark-sweep generation total 87424K, used 24554K [0x00000000964c0000, 0x000000009ba20000, 0x0000000100000000)
 Metaspace       used 32675K, capacity 34072K, committed 34376K, reserved 1079296K
  class space    used 4296K, capacity 4592K, committed 4680K, reserved 1048576K
2019-05-24T17:22:02.854+0800: 12.157: [GC (Allocation Failure) 2019-05-24T17:22:02.854+0800: 12.157: [ParNew: 37437K->2480K(39296K), 0.0039794 secs] 61991K->27321K(126720K), 0.0041711 secs] [Times: user=0.08 sys=0.00, real=0.00 secs] 
Heap after GC invocations=76 (full 1):
 par new generation   total 39296K, used 2480K [0x0000000081800000, 0x00000000842a0000, 0x00000000964c0000)
  eden space 34944K,   0% used [0x0000000081800000, 0x0000000081800000, 0x0000000083a20000)
  from space 4352K,  57% used [0x0000000083a20000, 0x0000000083c8c398, 0x0000000083e60000)
  to   space 4352K,   0% used [0x0000000083e60000, 0x0000000083e60000, 0x00000000842a0000)
 concurrent mark-sweep generation total 87424K, used 24840K [0x00000000964c0000, 0x000000009ba20000, 0x0000000100000000)
 Metaspace       used 32675K, capacity 34072K, committed 34376K, reserved 1079296K
  class space    used 4296K, capacity 4592K, committed 4680K, reserved 1048576K
}
2019-05-24T17:22:03.086+0800: 12.389: Application time: 0.2278570 seconds
{Heap before GC invocations=76 (full 1):
 par new generation   total 39296K, used 37424K [0x0000000081800000, 0x00000000842a0000, 0x00000000964c0000)
  eden space 34944K, 100% used [0x0000000081800000, 0x0000000083a20000, 0x0000000083a20000)
  from space 4352K,  57% used [0x0000000083a20000, 0x0000000083c8c398, 0x0000000083e60000)
  to   space 4352K,   0% used [0x0000000083e60000, 0x0000000083e60000, 0x00000000842a0000)
 concurrent mark-sweep generation total 87424K, used 24840K [0x00000000964c0000, 0x000000009ba20000, 0x0000000100000000)
 Metaspace       used 33034K, capacity 34468K, committed 34632K, reserved 1079296K
  class space    used 4350K, capacity 4658K, committed 4680K, reserved 1048576K
2019-05-24T17:22:03.086+0800: 12.390: [GC (Allocation Failure) 2019-05-24T17:22:03.086+0800: 12.390: [ParNew: 37424K->2908K(39296K), 0.0039202 secs] 62265K->28089K(126720K), 0.0041865 secs] [Times: user=0.09 sys=0.00, real=0.00 secs] 
Heap after GC invocations=77 (full 1):
 par new generation   total 39296K, used 2908K [0x0000000081800000, 0x00000000842a0000, 0x00000000964c0000)
  eden space 34944K,   0% used [0x0000000081800000, 0x0000000081800000, 0x0000000083a20000)
  from space 4352K,  66% used [0x0000000083e60000, 0x0000000084137158, 0x00000000842a0000)
  to   space 4352K,   0% used [0x0000000083a20000, 0x0000000083a20000, 0x0000000083e60000)
 concurrent mark-sweep generation total 87424K, used 25181K [0x00000000964c0000, 0x000000009ba20000, 0x0000000100000000)
 Metaspace       used 33034K, capacity 34468K, committed 34632K, reserved 1079296K
  class space    used 4350K, capacity 4658K, committed 4680K, reserved 1048576K
}
2019-05-24T17:22:03.443+0800: 12.747: Application time: 0.3527525 seconds
{Heap before GC invocations=77 (full 1):
 par new generation   total 39296K, used 37852K [0x0000000081800000, 0x00000000842a0000, 0x00000000964c0000)
  eden space 34944K, 100% used [0x0000000081800000, 0x0000000083a20000, 0x0000000083a20000)
  from space 4352K,  66% used [0x0000000083e60000, 0x0000000084137158, 0x00000000842a0000)
  to   space 4352K,   0% used [0x0000000083a20000, 0x0000000083a20000, 0x0000000083e60000)
 concurrent mark-sweep generation total 87424K, used 25181K [0x00000000964c0000, 0x000000009ba20000, 0x0000000100000000)
 Metaspace       used 33705K, capacity 35044K, committed 35272K, reserved 1079296K
  class space    used 4412K, capacity 4694K, committed 4808K, reserved 1048576K
2019-05-24T17:22:03.444+0800: 12.747: [GC (Allocation Failure) 2019-05-24T17:22:03.444+0800: 12.747: [ParNew: 37852K->2617K(39296K), 0.0041506 secs] 63033K->27885K(126720K), 0.0043298 secs] [Times: user=0.00 sys=0.00, real=0.00 secs] 
Heap after GC invocations=78 (full 1):
 par new generation   total 39296K, used 2617K [0x0000000081800000, 0x00000000842a0000, 0x00000000964c0000)
  eden space 34944K,   0% used [0x0000000081800000, 0x0000000081800000, 0x0000000083a20000)
  from space 4352K,  60% used [0x0000000083a20000, 0x0000000083cae478, 0x0000000083e60000)
  to   space 4352K,   0% used [0x0000000083e60000, 0x0000000083e60000, 0x00000000842a0000)
 concurrent mark-sweep generation total 87424K, used 25268K [0x00000000964c0000, 0x000000009ba20000, 0x0000000100000000)
 Metaspace       used 33705K, capacity 35044K, committed 35272K, reserved 1079296K
  class space    used 4412K, capacity 4694K, committed 4808K, reserved 1048576K
}
2019-05-24T17:22:04.107+0800: 13.411: Application time: 0.6592937 seconds
2019-05-24T17:22:04.124+0800: 13.427: Application time: 0.0159380 seconds
{Heap before GC invocations=78 (full 1):
 par new generation   total 39296K, used 37561K [0x0000000081800000, 0x00000000842a0000, 0x00000000964c0000)
  eden space 34944K, 100% used [0x0000000081800000, 0x0000000083a20000, 0x0000000083a20000)
  from space 4352K,  60% used [0x0000000083a20000, 0x0000000083cae478, 0x0000000083e60000)
  to   space 4352K,   0% used [0x0000000083e60000, 0x0000000083e60000, 0x00000000842a0000)
 concurrent mark-sweep generation total 87424K, used 25268K [0x00000000964c0000, 0x000000009ba20000, 0x0000000100000000)
 Metaspace       used 34825K, capacity 36266K, committed 36424K, reserved 1081344K
  class space    used 4524K, capacity 4837K, committed 4936K, reserved 1048576K
2019-05-24T17:22:04.124+0800: 13.428: [GC (Allocation Failure) 2019-05-24T17:22:04.124+0800: 13.428: [ParNew: 37561K->3702K(39296K), 0.0049732 secs] 62829K->29216K(126720K), 0.0051541 secs] [Times: user=0.00 sys=0.00, real=0.01 secs] 
Heap after GC invocations=79 (full 1):
 par new generation   total 39296K, used 3702K [0x0000000081800000, 0x00000000842a0000, 0x00000000964c0000)
  eden space 34944K,   0% used [0x0000000081800000, 0x0000000081800000, 0x0000000083a20000)
  from space 4352K,  85% used [0x0000000083e60000, 0x00000000841fd818, 0x00000000842a0000)
  to   space 4352K,   0% used [0x0000000083a20000, 0x0000000083a20000, 0x0000000083e60000)
 concurrent mark-sweep generation total 87424K, used 25514K [0x00000000964c0000, 0x000000009ba20000, 0x0000000100000000)
 Metaspace       used 34825K, capacity 36266K, committed 36424K, reserved 1081344K
  class space    used 4524K, capacity 4837K, committed 4936K, reserved 1048576K
}
2019-05-24T17:22:04.163+0800: 13.467: Application time: 0.0336617 seconds
2019-05-24T17:22:04.165+0800: 13.469: Application time: 0.0013255 seconds
2019-05-24T17:22:04.310+0800: 13.613: Application time: 0.1437343 seconds
{Heap before GC invocations=79 (full 1):
 par new generation   total 39296K, used 38646K [0x0000000081800000, 0x00000000842a0000, 0x00000000964c0000)
  eden space 34944K, 100% used [0x0000000081800000, 0x0000000083a20000, 0x0000000083a20000)
  from space 4352K,  85% used [0x0000000083e60000, 0x00000000841fd818, 0x00000000842a0000)
  to   space 4352K,   0% used [0x0000000083a20000, 0x0000000083a20000, 0x0000000083e60000)
 concurrent mark-sweep generation total 87424K, used 25514K [0x00000000964c0000, 0x000000009ba20000, 0x0000000100000000)
 Metaspace       used 35137K, capacity 36624K, committed 36936K, reserved 1081344K
  class space    used 4556K, capacity 4870K, committed 4936K, reserved 1048576K
2019-05-24T17:22:04.310+0800: 13.613: [GC (Allocation Failure) 2019-05-24T17:22:04.310+0800: 13.613: [ParNew: 38646K->2892K(39296K), 0.0055871 secs] 64160K->29171K(126720K), 0.0058908 secs] [Times: user=0.00 sys=0.00, real=0.01 secs] 
Heap after GC invocations=80 (full 1):
 par new generation   total 39296K, used 2892K [0x0000000081800000, 0x00000000842a0000, 0x00000000964c0000)
  eden space 34944K,   0% used [0x0000000081800000, 0x0000000081800000, 0x0000000083a20000)
  from space 4352K,  66% used [0x0000000083a20000, 0x0000000083cf3350, 0x0000000083e60000)
  to   space 4352K,   0% used [0x0000000083e60000, 0x0000000083e60000, 0x00000000842a0000)
 concurrent mark-sweep generation total 87424K, used 26278K [0x00000000964c0000, 0x000000009ba20000, 0x0000000100000000)
 Metaspace       used 35137K, capacity 36624K, committed 36936K, reserved 1081344K
  class space    used 4556K, capacity 4870K, committed 4936K, reserved 1048576K
}
2019-05-24T17:22:04.430+0800: 13.733: Application time: 0.1141606 seconds
{Heap before GC invocations=80 (full 1):
 par new generation   total 39296K, used 37836K [0x0000000081800000, 0x00000000842a0000, 0x00000000964c0000)
  eden space 34944K, 100% used [0x0000000081800000, 0x0000000083a20000, 0x0000000083a20000)
  from space 4352K,  66% used [0x0000000083a20000, 0x0000000083cf3350, 0x0000000083e60000)
  to   space 4352K,   0% used [0x0000000083e60000, 0x0000000083e60000, 0x00000000842a0000)
 concurrent mark-sweep generation total 87424K, used 26278K [0x00000000964c0000, 0x000000009ba20000, 0x0000000100000000)
 Metaspace       used 35175K, capacity 36632K, committed 36936K, reserved 1081344K
  class space    used 4561K, capacity 4872K, committed 4936K, reserved 1048576K
2019-05-24T17:22:04.430+0800: 13.734: [GC (Allocation Failure) 2019-05-24T17:22:04.430+0800: 13.734: [ParNew: 37836K->3268K(39296K), 0.0042166 secs] 64115K->29547K(126720K), 0.0044282 secs] [Times: user=0.11 sys=0.00, real=0.00 secs] 
Heap after GC invocations=81 (full 1):
 par new generation   total 39296K, used 3268K [0x0000000081800000, 0x00000000842a0000, 0x00000000964c0000)
  eden space 34944K,   0% used [0x0000000081800000, 0x0000000081800000, 0x0000000083a20000)
  from space 4352K,  75% used [0x0000000083e60000, 0x0000000084191238, 0x00000000842a0000)
  to   space 4352K,   0% used [0x0000000083a20000, 0x0000000083a20000, 0x0000000083e60000)
 concurrent mark-sweep generation total 87424K, used 26278K [0x00000000964c0000, 0x000000009ba20000, 0x0000000100000000)
 Metaspace       used 35175K, capacity 36632K, committed 36936K, reserved 1081344K
  class space    used 4561K, capacity 4872K, committed 4936K, reserved 1048576K
}
2019-05-24T17:22:04.513+0800: 13.816: Application time: 0.0778422 seconds
{Heap before GC invocations=81 (full 1):
 par new generation   total 39296K, used 38212K [0x0000000081800000, 0x00000000842a0000, 0x00000000964c0000)
  eden space 34944K, 100% used [0x0000000081800000, 0x0000000083a20000, 0x0000000083a20000)
  from space 4352K,  75% used [0x0000000083e60000, 0x0000000084191238, 0x00000000842a0000)
  to   space 4352K,   0% used [0x0000000083a20000, 0x0000000083a20000, 0x0000000083e60000)
 concurrent mark-sweep generation total 87424K, used 26278K [0x00000000964c0000, 0x000000009ba20000, 0x0000000100000000)
 Metaspace       used 35196K, capacity 36632K, committed 36936K, reserved 1081344K
  class space    used 4564K, capacity 4872K, committed 4936K, reserved 1048576K
2019-05-24T17:22:04.513+0800: 13.816: [GC (Allocation Failure) 2019-05-24T17:22:04.513+0800: 13.816: [ParNew: 38212K->2672K(39296K), 0.0052787 secs] 64491K->29599K(126720K), 0.0054539 secs] [Times: user=0.00 sys=0.00, real=0.00 secs] 
Heap after GC invocations=82 (full 1):
 par new generation   total 39296K, used 2672K [0x0000000081800000, 0x00000000842a0000, 0x00000000964c0000)
  eden space 34944K,   0% used [0x0000000081800000, 0x0000000081800000, 0x0000000083a20000)
  from space 4352K,  61% used [0x0000000083a20000, 0x0000000083cbc2b8, 0x0000000083e60000)
  to   space 4352K,   0% used [0x0000000083e60000, 0x0000000083e60000, 0x00000000842a0000)
 concurrent mark-sweep generation total 87424K, used 26926K [0x00000000964c0000, 0x000000009ba20000, 0x0000000100000000)
 Metaspace       used 35196K, capacity 36632K, committed 36936K, reserved 1081344K
  class space    used 4564K, capacity 4872K, committed 4936K, reserved 1048576K
}
2019-05-24T17:22:04.670+0800: 13.973: Application time: 0.1510826 seconds
{Heap before GC invocations=82 (full 1):
 par new generation   total 39296K, used 37616K [0x0000000081800000, 0x00000000842a0000, 0x00000000964c0000)
  eden space 34944K, 100% used [0x0000000081800000, 0x0000000083a20000, 0x0000000083a20000)
  from space 4352K,  61% used [0x0000000083a20000, 0x0000000083cbc2b8, 0x0000000083e60000)
  to   space 4352K,   0% used [0x0000000083e60000, 0x0000000083e60000, 0x00000000842a0000)
 concurrent mark-sweep generation total 87424K, used 26926K [0x00000000964c0000, 0x000000009ba20000, 0x0000000100000000)
 Metaspace       used 35414K, capacity 36884K, committed 36936K, reserved 1081344K
  class space    used 4603K, capacity 4914K, committed 4936K, reserved 1048576K
2019-05-24T17:22:04.670+0800: 13.973: [GC (Allocation Failure) 2019-05-24T17:22:04.670+0800: 13.973: [ParNew: 37616K->2915K(39296K), 0.0032142 secs] 64543K->29842K(126720K), 0.0034025 secs] [Times: user=0.00 sys=0.00, real=0.00 secs] 
Heap after GC invocations=83 (full 1):
 par new generation   total 39296K, used 2915K [0x0000000081800000, 0x00000000842a0000, 0x00000000964c0000)
  eden space 34944K,   0% used [0x0000000081800000, 0x0000000081800000, 0x0000000083a20000)
  from space 4352K,  66% used [0x0000000083e60000, 0x0000000084138e80, 0x00000000842a0000)
  to   space 4352K,   0% used [0x0000000083a20000, 0x0000000083a20000, 0x0000000083e60000)
 concurrent mark-sweep generation total 87424K, used 26926K [0x00000000964c0000, 0x000000009ba20000, 0x0000000100000000)
 Metaspace       used 35414K, capacity 36884K, committed 36936K, reserved 1081344K
  class space    used 4603K, capacity 4914K, committed 4936K, reserved 1048576K
}
2019-05-24T17:22:04.733+0800: 14.036: Application time: 0.0597276 seconds
{Heap before GC invocations=83 (full 1):
 par new generation   total 39296K, used 37859K [0x0000000081800000, 0x00000000842a0000, 0x00000000964c0000)
  eden space 34944K, 100% used [0x0000000081800000, 0x0000000083a20000, 0x0000000083a20000)
  from space 4352K,  66% used [0x0000000083e60000, 0x0000000084138e80, 0x00000000842a0000)
  to   space 4352K,   0% used [0x0000000083a20000, 0x0000000083a20000, 0x0000000083e60000)
 concurrent mark-sweep generation total 87424K, used 26926K [0x00000000964c0000, 0x000000009ba20000, 0x0000000100000000)
 Metaspace       used 35456K, capacity 36890K, committed 36936K, reserved 1081344K
  class space    used 4610K, capacity 4915K, committed 4936K, reserved 1048576K
2019-05-24T17:22:04.733+0800: 14.037: [GC (Allocation Failure) 2019-05-24T17:22:04.733+0800: 14.037: [ParNew: 37859K->2926K(39296K), 0.0031238 secs] 64786K->29852K(126720K), 0.0032922 secs] [Times: user=0.00 sys=0.00, real=0.00 secs] 
Heap after GC invocations=84 (full 1):
 par new generation   total 39296K, used 2926K [0x0000000081800000, 0x00000000842a0000, 0x00000000964c0000)
  eden space 34944K,   0% used [0x0000000081800000, 0x0000000081800000, 0x0000000083a20000)
  from space 4352K,  67% used [0x0000000083a20000, 0x0000000083cfb810, 0x0000000083e60000)
  to   space 4352K,   0% used [0x0000000083e60000, 0x0000000083e60000, 0x00000000842a0000)
 concurrent mark-sweep generation total 87424K, used 26926K [0x00000000964c0000, 0x000000009ba20000, 0x0000000100000000)
 Metaspace       used 35456K, capacity 36890K, committed 36936K, reserved 1081344K
  class space    used 4610K, capacity 4915K, committed 4936K, reserved 1048576K
}
2019-05-24T17:22:05.126+0800: 14.429: Application time: 0.3891267 seconds
{Heap before GC invocations=84 (full 1):
 par new generation   total 39296K, used 37870K [0x0000000081800000, 0x00000000842a0000, 0x00000000964c0000)
  eden space 34944K, 100% used [0x0000000081800000, 0x0000000083a20000, 0x0000000083a20000)
  from space 4352K,  67% used [0x0000000083a20000, 0x0000000083cfb810, 0x0000000083e60000)
  to   space 4352K,   0% used [0x0000000083e60000, 0x0000000083e60000, 0x00000000842a0000)
 concurrent mark-sweep generation total 87424K, used 26926K [0x00000000964c0000, 0x000000009ba20000, 0x0000000100000000)
 Metaspace       used 35712K, capacity 37134K, committed 37320K, reserved 1081344K
  class space    used 4643K, capacity 4951K, committed 5064K, reserved 1048576K
2019-05-24T17:22:05.126+0800: 14.429: [GC (Allocation Failure) 2019-05-24T17:22:05.126+0800: 14.429: [ParNew: 37870K->3585K(39296K), 0.0025139 secs] 64796K->30512K(126720K), 0.0026368 secs] [Times: user=0.00 sys=0.00, real=0.00 secs] 
Heap after GC invocations=85 (full 1):
 par new generation   total 39296K, used 3585K [0x0000000081800000, 0x00000000842a0000, 0x00000000964c0000)
  eden space 34944K,   0% used [0x0000000081800000, 0x0000000081800000, 0x0000000083a20000)
  from space 4352K,  82% used [0x0000000083e60000, 0x00000000841e0770, 0x00000000842a0000)
  to   space 4352K,   0% used [0x0000000083a20000, 0x0000000083a20000, 0x0000000083e60000)
 concurrent mark-sweep generation total 87424K, used 26926K [0x00000000964c0000, 0x000000009ba20000, 0x0000000100000000)
 Metaspace       used 35712K, capacity 37134K, committed 37320K, reserved 1081344K
  class space    used 4643K, capacity 4951K, committed 5064K, reserved 1048576K
}
2019-05-24T17:22:06.129+0800: 15.432: Application time: 1.0002020 seconds
2019-05-24T17:22:06.617+0800: 15.920: Application time: 0.4877089 seconds
2019-05-24T17:22:06.619+0800: 15.922: Application time: 0.0023012 seconds
2019-05-24T17:22:06.622+0800: 15.925: Application time: 0.0018955 seconds
2019-05-24T17:22:06.624+0800: 15.927: Application time: 0.0018967 seconds
{Heap before GC invocations=85 (full 1):
 par new generation   total 39296K, used 38529K [0x0000000081800000, 0x00000000842a0000, 0x00000000964c0000)
  eden space 34944K, 100% used [0x0000000081800000, 0x0000000083a20000, 0x0000000083a20000)
  from space 4352K,  82% used [0x0000000083e60000, 0x00000000841e0770, 0x00000000842a0000)
  to   space 4352K,   0% used [0x0000000083a20000, 0x0000000083a20000, 0x0000000083e60000)
 concurrent mark-sweep generation total 87424K, used 26926K [0x00000000964c0000, 0x000000009ba20000, 0x0000000100000000)
 Metaspace       used 36950K, capacity 38410K, committed 38688K, reserved 1083392K
  class space    used 4779K, capacity 5089K, committed 5192K, reserved 1048576K
2019-05-24T17:22:06.624+0800: 15.927: [GC (Allocation Failure) 2019-05-24T17:22:06.624+0800: 15.927: [ParNew: 38529K->3671K(39296K), 0.0037615 secs] 65456K->31297K(126720K), 0.0038741 secs] [Times: user=0.00 sys=0.00, real=0.00 secs] 
Heap after GC invocations=86 (full 1):
 par new generation   total 39296K, used 3671K [0x0000000081800000, 0x00000000842a0000, 0x00000000964c0000)
  eden space 34944K,   0% used [0x0000000081800000, 0x0000000081800000, 0x0000000083a20000)
  from space 4352K,  84% used [0x0000000083a20000, 0x0000000083db5fa8, 0x0000000083e60000)
  to   space 4352K,   0% used [0x0000000083e60000, 0x0000000083e60000, 0x00000000842a0000)
 concurrent mark-sweep generation total 87424K, used 27625K [0x00000000964c0000, 0x000000009ba20000, 0x0000000100000000)
 Metaspace       used 36950K, capacity 38410K, committed 38688K, reserved 1083392K
  class space    used 4779K, capacity 5089K, committed 5192K, reserved 1048576K
}
2019-05-24T17:22:06.656+0800: 15.959: Application time: 0.0278909 seconds
2019-05-24T17:22:06.700+0800: 16.003: Application time: 0.0439870 seconds
2019-05-24T17:22:06.722+0800: 16.025: Application time: 0.0219102 seconds
{Heap before GC invocations=86 (full 1):
 par new generation   total 39296K, used 38615K [0x0000000081800000, 0x00000000842a0000, 0x00000000964c0000)
  eden space 34944K, 100% used [0x0000000081800000, 0x0000000083a20000, 0x0000000083a20000)
  from space 4352K,  84% used [0x0000000083a20000, 0x0000000083db5fa8, 0x0000000083e60000)
  to   space 4352K,   0% used [0x0000000083e60000, 0x0000000083e60000, 0x00000000842a0000)
 concurrent mark-sweep generation total 87424K, used 27625K [0x00000000964c0000, 0x000000009ba20000, 0x0000000100000000)
 Metaspace       used 37478K, capacity 38992K, committed 39276K, reserved 1083392K
  class space    used 4848K, capacity 5154K, committed 5192K, reserved 1048576K
2019-05-24T17:22:06.722+0800: 16.025: [GC (Allocation Failure) 2019-05-24T17:22:06.722+0800: 16.025: [ParNew: 38615K->2382K(39296K), 0.0043025 secs] 66241K->30983K(126720K), 0.0044032 secs] [Times: user=0.00 sys=0.00, real=0.00 secs] 
Heap after GC invocations=87 (full 1):
 par new generation   total 39296K, used 2382K [0x0000000081800000, 0x00000000842a0000, 0x00000000964c0000)
  eden space 34944K,   0% used [0x0000000081800000, 0x0000000081800000, 0x0000000083a20000)
  from space 4352K,  54% used [0x0000000083e60000, 0x00000000840b3950, 0x00000000842a0000)
  to   space 4352K,   0% used [0x0000000083a20000, 0x0000000083a20000, 0x0000000083e60000)
 concurrent mark-sweep generation total 87424K, used 28600K [0x00000000964c0000, 0x000000009ba20000, 0x0000000100000000)
 Metaspace       used 37478K, capacity 38992K, committed 39276K, reserved 1083392K
  class space    used 4848K, capacity 5154K, committed 5192K, reserved 1048576K
}
2019-05-24T17:22:06.727+0800: 16.030: Application time: 0.0000887 seconds
2019-05-24T17:22:06.727+0800: 16.030: [GC (CMS Initial Mark) [1 CMS-initial-mark: 28600K(87424K)] 31681K(126720K), 0.0009529 secs] [Times: user=0.00 sys=0.00, real=0.00 secs] 
2019-05-24T17:22:06.728+0800: 16.031: [CMS-concurrent-mark-start]
2019-05-24T17:22:06.763+0800: 16.066: [CMS-concurrent-mark: 0.035/0.035 secs] [Times: user=0.08 sys=0.00, real=0.04 secs] 
2019-05-24T17:22:06.763+0800: 16.066: [CMS-concurrent-preclean-start]
2019-05-24T17:22:06.763+0800: 16.067: [CMS-concurrent-preclean: 0.001/0.001 secs] [Times: user=0.00 sys=0.00, real=0.00 secs] 
2019-05-24T17:22:06.764+0800: 16.067: [CMS-concurrent-abortable-preclean-start]
2019-05-24T17:22:06.856+0800: 16.159: Application time: 0.1278617 seconds
{Heap before GC invocations=87 (full 2):
 par new generation   total 39296K, used 37326K [0x0000000081800000, 0x00000000842a0000, 0x00000000964c0000)
  eden space 34944K, 100% used [0x0000000081800000, 0x0000000083a20000, 0x0000000083a20000)
  from space 4352K,  54% used [0x0000000083e60000, 0x00000000840b3950, 0x00000000842a0000)
  to   space 4352K,   0% used [0x0000000083a20000, 0x0000000083a20000, 0x0000000083e60000)
 concurrent mark-sweep generation total 87424K, used 28600K [0x00000000964c0000, 0x000000009ba20000, 0x0000000100000000)
 Metaspace       used 37587K, capacity 39094K, committed 39276K, reserved 1083392K
  class space    used 4864K, capacity 5187K, committed 5192K, reserved 1048576K
2019-05-24T17:22:06.856+0800: 16.159: [GC (Allocation Failure) 2019-05-24T17:22:06.856+0800: 16.159: [ParNew: 37326K->1675K(39296K), 0.0024656 secs] 65927K->30276K(126720K), 0.0025919 secs] [Times: user=0.00 sys=0.00, real=0.00 secs] 
Heap after GC invocations=88 (full 2):
 par new generation   total 39296K, used 1675K [0x0000000081800000, 0x00000000842a0000, 0x00000000964c0000)
  eden space 34944K,   0% used [0x0000000081800000, 0x0000000081800000, 0x0000000083a20000)
  from space 4352K,  38% used [0x0000000083a20000, 0x0000000083bc2de0, 0x0000000083e60000)
  to   space 4352K,   0% used [0x0000000083e60000, 0x0000000083e60000, 0x00000000842a0000)
 concurrent mark-sweep generation total 87424K, used 28600K [0x00000000964c0000, 0x000000009ba20000, 0x0000000100000000)
 Metaspace       used 37587K, capacity 39094K, committed 39276K, reserved 1083392K
  class space    used 4864K, capacity 5187K, committed 5192K, reserved 1048576K
}
2019-05-24T17:22:06.909+0800: 16.213: Application time: 0.0509446 seconds
{Heap before GC invocations=88 (full 2):
 par new generation   total 39296K, used 36619K [0x0000000081800000, 0x00000000842a0000, 0x00000000964c0000)
  eden space 34944K, 100% used [0x0000000081800000, 0x0000000083a20000, 0x0000000083a20000)
  from space 4352K,  38% used [0x0000000083a20000, 0x0000000083bc2de0, 0x0000000083e60000)
  to   space 4352K,   0% used [0x0000000083e60000, 0x0000000083e60000, 0x00000000842a0000)
 concurrent mark-sweep generation total 87424K, used 28600K [0x00000000964c0000, 0x000000009ba20000, 0x0000000100000000)
 Metaspace       used 37642K, capacity 39094K, committed 39276K, reserved 1083392K
  class space    used 4870K, capacity 5187K, committed 5192K, reserved 1048576K
2019-05-24T17:22:06.909+0800: 16.213: [GC (Allocation Failure) 2019-05-24T17:22:06.910+0800: 16.213: [ParNew: 36619K->2036K(39296K), 0.0023518 secs] 65220K->30637K(126720K), 0.0024889 secs] [Times: user=0.00 sys=0.00, real=0.00 secs] 
Heap after GC invocations=89 (full 2):
 par new generation   total 39296K, used 2036K [0x0000000081800000, 0x00000000842a0000, 0x00000000964c0000)
  eden space 34944K,   0% used [0x0000000081800000, 0x0000000081800000, 0x0000000083a20000)
  from space 4352K,  46% used [0x0000000083e60000, 0x000000008405d150, 0x00000000842a0000)
  to   space 4352K,   0% used [0x0000000083a20000, 0x0000000083a20000, 0x0000000083e60000)
 concurrent mark-sweep generation total 87424K, used 28600K [0x00000000964c0000, 0x000000009ba20000, 0x0000000100000000)
 Metaspace       used 37642K, capacity 39094K, committed 39276K, reserved 1083392K
  class space    used 4870K, capacity 5187K, committed 5192K, reserved 1048576K
}
2019-05-24T17:22:07.283+0800: 16.586: Application time: 0.3709246 seconds
{Heap before GC invocations=89 (full 2):
 par new generation   total 39296K, used 36980K [0x0000000081800000, 0x00000000842a0000, 0x00000000964c0000)
  eden space 34944K, 100% used [0x0000000081800000, 0x0000000083a20000, 0x0000000083a20000)
  from space 4352K,  46% used [0x0000000083e60000, 0x000000008405d150, 0x00000000842a0000)
  to   space 4352K,   0% used [0x0000000083a20000, 0x0000000083a20000, 0x0000000083e60000)
 concurrent mark-sweep generation total 87424K, used 28600K [0x00000000964c0000, 0x000000009ba20000, 0x0000000100000000)
 Metaspace       used 37728K, capacity 39222K, committed 39276K, reserved 1083392K
  class space    used 4884K, capacity 5187K, committed 5192K, reserved 1048576K
2019-05-24T17:22:07.283+0800: 16.586: [GC (Allocation Failure) 2019-05-24T17:22:07.283+0800: 16.587: [ParNew: 36980K->2289K(39296K), 0.0024889 secs] 65581K->30890K(126720K), 0.0026066 secs] [Times: user=0.00 sys=0.00, real=0.00 secs] 
Heap after GC invocations=90 (full 2):
 par new generation   total 39296K, used 2289K [0x0000000081800000, 0x00000000842a0000, 0x00000000964c0000)
  eden space 34944K,   0% used [0x0000000081800000, 0x0000000081800000, 0x0000000083a20000)
  from space 4352K,  52% used [0x0000000083a20000, 0x0000000083c5c478, 0x0000000083e60000)
  to   space 4352K,   0% used [0x0000000083e60000, 0x0000000083e60000, 0x00000000842a0000)
 concurrent mark-sweep generation total 87424K, used 28600K [0x00000000964c0000, 0x000000009ba20000, 0x0000000100000000)
 Metaspace       used 37728K, capacity 39222K, committed 39276K, reserved 1083392K
  class space    used 4884K, capacity 5187K, committed 5192K, reserved 1048576K
}
2019-05-24T17:22:07.286+0800: 16.589: [CMS-concurrent-abortable-preclean: 0.085/0.522 secs] [Times: user=0.45 sys=0.03, real=0.52 secs] 
2019-05-24T17:22:07.286+0800: 16.589: Application time: 0.0001041 seconds
2019-05-24T17:22:07.286+0800: 16.589: [GC (CMS Final Remark) [YG occupancy: 2987 K (39296 K)]2019-05-24T17:22:07.286+0800: 16.589: [Rescan (parallel) , 0.0013830 secs]2019-05-24T17:22:07.288+0800: 16.591: [weak refs processing, 0.0000836 secs]2019-05-24T17:22:07.288+0800: 16.591: [class unloading, 0.0076516 secs]2019-05-24T17:22:07.295+0800: 16.599: [scrub symbol table, 0.0052406 secs]2019-05-24T17:22:07.301+0800: 16.604: [scrub string table, 0.0004574 secs][1 CMS-remark: 28600K(87424K)] 31588K(126720K), 0.0178574 secs] [Times: user=0.01 sys=0.00, real=0.02 secs] 
2019-05-24T17:22:07.304+0800: 16.607: [CMS-concurrent-sweep-start]
2019-05-24T17:22:07.316+0800: 16.619: [CMS-concurrent-sweep: 0.012/0.012 secs] [Times: user=0.03 sys=0.00, real=0.01 secs] 
2019-05-24T17:22:07.316+0800: 16.620: [CMS-concurrent-reset-start]
2019-05-24T17:22:07.318+0800: 16.622: [CMS-concurrent-reset: 0.002/0.002 secs] [Times: user=0.00 sys=0.00, real=0.00 secs] 
2019-05-24T17:22:07.847+0800: 17.150: Application time: 0.5430885 seconds
2019-05-24T17:22:07.848+0800: 17.151: Application time: 0.0001820 seconds
2019-05-24T17:22:08.263+0800: 17.566: Application time: 0.4146966 seconds
{Heap before GC invocations=90 (full 2):
 par new generation   total 39296K, used 37233K [0x0000000081800000, 0x00000000842a0000, 0x00000000964c0000)
  eden space 34944K, 100% used [0x0000000081800000, 0x0000000083a20000, 0x0000000083a20000)
  from space 4352K,  52% used [0x0000000083a20000, 0x0000000083c5c478, 0x0000000083e60000)
  to   space 4352K,   0% used [0x0000000083e60000, 0x0000000083e60000, 0x00000000842a0000)
 concurrent mark-sweep generation total 87424K, used 27083K [0x00000000964c0000, 0x000000009ba20000, 0x0000000100000000)
 Metaspace       used 37945K, capacity 39312K, committed 39660K, reserved 1083392K
  class space    used 4901K, capacity 5212K, committed 5320K, reserved 1048576K
2019-05-24T17:22:08.263+0800: 17.566: [GC (Allocation Failure) 2019-05-24T17:22:08.263+0800: 17.566: [ParNew: 37233K->2590K(39296K), 0.0033781 secs] 64316K->29745K(126720K), 0.0038514 secs] [Times: user=0.00 sys=0.00, real=0.00 secs] 
Heap after GC invocations=91 (full 2):
 par new generation   total 39296K, used 2590K [0x0000000081800000, 0x00000000842a0000, 0x00000000964c0000)
  eden space 34944K,   0% used [0x0000000081800000, 0x0000000081800000, 0x0000000083a20000)
  from space 4352K,  59% used [0x0000000083e60000, 0x00000000840e7830, 0x00000000842a0000)
  to   space 4352K,   0% used [0x0000000083a20000, 0x0000000083a20000, 0x0000000083e60000)
 concurrent mark-sweep generation total 87424K, used 27155K [0x00000000964c0000, 0x000000009ba20000, 0x0000000100000000)
 Metaspace       used 37945K, capacity 39312K, committed 39660K, reserved 1083392K
  class space    used 4901K, capacity 5212K, committed 5320K, reserved 1048576K
}
2019-05-24T17:22:08.337+0800: 17.640: Application time: 0.0701901 seconds
{Heap before GC invocations=91 (full 2):
 par new generation   total 39296K, used 37534K [0x0000000081800000, 0x00000000842a0000, 0x00000000964c0000)
  eden space 34944K, 100% used [0x0000000081800000, 0x0000000083a20000, 0x0000000083a20000)
  from space 4352K,  59% used [0x0000000083e60000, 0x00000000840e7830, 0x00000000842a0000)
  to   space 4352K,   0% used [0x0000000083a20000, 0x0000000083a20000, 0x0000000083e60000)
 concurrent mark-sweep generation total 87424K, used 27155K [0x00000000964c0000, 0x000000009ba20000, 0x0000000100000000)
 Metaspace       used 37977K, capacity 39382K, committed 39916K, reserved 1083392K
  class space    used 4903K, capacity 5213K, committed 5320K, reserved 1048576K
2019-05-24T17:22:08.337+0800: 17.640: [GC (Allocation Failure) 2019-05-24T17:22:08.337+0800: 17.640: [ParNew: 37534K->2319K(39296K), 0.0032796 secs] 64689K->29623K(126720K), 0.0034532 secs] [Times: user=0.06 sys=0.00, real=0.00 secs] 
Heap after GC invocations=92 (full 2):
 par new generation   total 39296K, used 2319K [0x0000000081800000, 0x00000000842a0000, 0x00000000964c0000)
  eden space 34944K,   0% used [0x0000000081800000, 0x0000000081800000, 0x0000000083a20000)
  from space 4352K,  53% used [0x0000000083a20000, 0x0000000083c63f60, 0x0000000083e60000)
  to   space 4352K,   0% used [0x0000000083e60000, 0x0000000083e60000, 0x00000000842a0000)
 concurrent mark-sweep generation total 87424K, used 27303K [0x00000000964c0000, 0x000000009ba20000, 0x0000000100000000)
 Metaspace       used 37977K, capacity 39382K, committed 39916K, reserved 1083392K
  class space    used 4903K, capacity 5213K, committed 5320K, reserved 1048576K
}
2019-05-24T17:22:08.454+0800: 17.758: Application time: 0.1134927 seconds
{Heap before GC invocations=92 (full 2):
 par new generation   total 39296K, used 37263K [0x0000000081800000, 0x00000000842a0000, 0x00000000964c0000)
  eden space 34944K, 100% used [0x0000000081800000, 0x0000000083a20000, 0x0000000083a20000)
  from space 4352K,  53% used [0x0000000083a20000, 0x0000000083c63f60, 0x0000000083e60000)
  to   space 4352K,   0% used [0x0000000083e60000, 0x0000000083e60000, 0x00000000842a0000)
 concurrent mark-sweep generation total 87424K, used 27303K [0x00000000964c0000, 0x000000009ba20000, 0x0000000100000000)
 Metaspace       used 38063K, capacity 39466K, committed 39916K, reserved 1083392K
  class space    used 4912K, capacity 5215K, committed 5320K, reserved 1048576K
2019-05-24T17:22:08.455+0800: 17.758: [GC (Allocation Failure) 2019-05-24T17:22:08.455+0800: 17.758: [ParNew: 37263K->2815K(39296K), 0.0034839 secs] 64567K->30193K(126720K), 0.0036500 secs] [Times: user=0.00 sys=0.00, real=0.00 secs] 
Heap after GC invocations=93 (full 2):
 par new generation   total 39296K, used 2815K [0x0000000081800000, 0x00000000842a0000, 0x00000000964c0000)
  eden space 34944K,   0% used [0x0000000081800000, 0x0000000081800000, 0x0000000083a20000)
  from space 4352K,  64% used [0x0000000083e60000, 0x000000008411fd80, 0x00000000842a0000)
  to   space 4352K,   0% used [0x0000000083a20000, 0x0000000083a20000, 0x0000000083e60000)
 concurrent mark-sweep generation total 87424K, used 27377K [0x00000000964c0000, 0x000000009ba20000, 0x0000000100000000)
 Metaspace       used 38063K, capacity 39466K, committed 39916K, reserved 1083392K
  class space    used 4912K, capacity 5215K, committed 5320K, reserved 1048576K
}
2019-05-24T17:22:08.555+0800: 17.859: Application time: 0.0969580 seconds
{Heap before GC invocations=93 (full 2):
 par new generation   total 39296K, used 37759K [0x0000000081800000, 0x00000000842a0000, 0x00000000964c0000)
  eden space 34944K, 100% used [0x0000000081800000, 0x0000000083a20000, 0x0000000083a20000)
  from space 4352K,  64% used [0x0000000083e60000, 0x000000008411fd80, 0x00000000842a0000)
  to   space 4352K,   0% used [0x0000000083a20000, 0x0000000083a20000, 0x0000000083e60000)
 concurrent mark-sweep generation total 87424K, used 27377K [0x00000000964c0000, 0x000000009ba20000, 0x0000000100000000)
 Metaspace       used 38117K, capacity 39482K, committed 39916K, reserved 1083392K
  class space    used 4917K, capacity 5217K, committed 5320K, reserved 1048576K
2019-05-24T17:22:08.555+0800: 17.859: [GC (Allocation Failure) 2019-05-24T17:22:08.555+0800: 17.859: [ParNew: 37759K->2583K(39296K), 0.0032791 secs] 65137K->30163K(126720K), 0.0034497 secs] [Times: user=0.11 sys=0.00, real=0.00 secs] 
Heap after GC invocations=94 (full 2):
 par new generation   total 39296K, used 2583K [0x0000000081800000, 0x00000000842a0000, 0x00000000964c0000)
  eden space 34944K,   0% used [0x0000000081800000, 0x0000000081800000, 0x0000000083a20000)
  from space 4352K,  59% used [0x0000000083a20000, 0x0000000083ca5fb0, 0x0000000083e60000)
  to   space 4352K,   0% used [0x0000000083e60000, 0x0000000083e60000, 0x00000000842a0000)
 concurrent mark-sweep generation total 87424K, used 27579K [0x00000000964c0000, 0x000000009ba20000, 0x0000000100000000)
 Metaspace       used 38117K, capacity 39482K, committed 39916K, reserved 1083392K
  class space    used 4917K, capacity 5217K, committed 5320K, reserved 1048576K
}
2019-05-24T17:22:08.809+0800: 18.112: Application time: 0.2498855 seconds
{Heap before GC invocations=94 (full 2):
 par new generation   total 39296K, used 37527K [0x0000000081800000, 0x00000000842a0000, 0x00000000964c0000)
  eden space 34944K, 100% used [0x0000000081800000, 0x0000000083a20000, 0x0000000083a20000)
  from space 4352K,  59% used [0x0000000083a20000, 0x0000000083ca5fb0, 0x0000000083e60000)
  to   space 4352K,   0% used [0x0000000083e60000, 0x0000000083e60000, 0x00000000842a0000)
 concurrent mark-sweep generation total 87424K, used 27579K [0x00000000964c0000, 0x000000009ba20000, 0x0000000100000000)
 Metaspace       used 38358K, capacity 40038K, committed 40136K, reserved 1083392K
  class space    used 4973K, capacity 5299K, committed 5320K, reserved 1048576K
2019-05-24T17:22:08.809+0800: 18.112: [GC (Allocation Failure) 2019-05-24T17:22:08.809+0800: 18.112: [ParNew: 37527K->2977K(39296K), 0.0040585 secs] 65107K->30982K(126720K), 0.0041990 secs] [Times: user=0.00 sys=0.00, real=0.00 secs] 
Heap after GC invocations=95 (full 2):
 par new generation   total 39296K, used 2977K [0x0000000081800000, 0x00000000842a0000, 0x00000000964c0000)
  eden space 34944K,   0% used [0x0000000081800000, 0x0000000081800000, 0x0000000083a20000)
  from space 4352K,  68% used [0x0000000083e60000, 0x0000000084148798, 0x00000000842a0000)
  to   space 4352K,   0% used [0x0000000083a20000, 0x0000000083a20000, 0x0000000083e60000)
 concurrent mark-sweep generation total 87424K, used 28004K [0x00000000964c0000, 0x000000009ba20000, 0x0000000100000000)
 Metaspace       used 38358K, capacity 40038K, committed 40136K, reserved 1083392K
  class space    used 4973K, capacity 5299K, committed 5320K, reserved 1048576K
}
2019-05-24T17:22:08.955+0800: 18.258: Application time: 0.1413051 seconds
{Heap before GC invocations=95 (full 2):
 par new generation   total 39296K, used 37921K [0x0000000081800000, 0x00000000842a0000, 0x00000000964c0000)
  eden space 34944K, 100% used [0x0000000081800000, 0x0000000083a20000, 0x0000000083a20000)
  from space 4352K,  68% used [0x0000000083e60000, 0x0000000084148798, 0x00000000842a0000)
  to   space 4352K,   0% used [0x0000000083a20000, 0x0000000083a20000, 0x0000000083e60000)
 concurrent mark-sweep generation total 87424K, used 28004K [0x00000000964c0000, 0x000000009ba20000, 0x0000000100000000)
 Metaspace       used 38499K, capacity 40140K, committed 40264K, reserved 1083392K
  class space    used 4999K, capacity 5332K, committed 5448K, reserved 1048576K
2019-05-24T17:22:08.955+0800: 18.258: [GC (Allocation Failure) 2019-05-24T17:22:08.955+0800: 18.258: [ParNew: 37921K->2092K(39296K), 0.0024161 secs] 65926K->30227K(126720K), 0.0028433 secs] [Times: user=0.00 sys=0.00, real=0.00 secs] 
Heap after GC invocations=96 (full 2):
 par new generation   total 39296K, used 2092K [0x0000000081800000, 0x00000000842a0000, 0x00000000964c0000)
  eden space 34944K,   0% used [0x0000000081800000, 0x0000000081800000, 0x0000000083a20000)
  from space 4352K,  48% used [0x0000000083a20000, 0x0000000083c2b010, 0x0000000083e60000)
  to   space 4352K,   0% used [0x0000000083e60000, 0x0000000083e60000, 0x00000000842a0000)
 concurrent mark-sweep generation total 87424K, used 28135K [0x00000000964c0000, 0x000000009ba20000, 0x0000000100000000)
 Metaspace       used 38499K, capacity 40140K, committed 40264K, reserved 1083392K
  class space    used 4999K, capacity 5332K, committed 5448K, reserved 1048576K
}
2019-05-24T17:22:09.013+0800: 18.317: Application time: 0.0555235 seconds
{Heap before GC invocations=96 (full 2):
 par new generation   total 39296K, used 37035K [0x0000000081800000, 0x00000000842a0000, 0x00000000964c0000)
  eden space 34944K,  99% used [0x0000000081800000, 0x0000000083a1ffe8, 0x0000000083a20000)
  from space 4352K,  48% used [0x0000000083a20000, 0x0000000083c2b010, 0x0000000083e60000)
  to   space 4352K,   0% used [0x0000000083e60000, 0x0000000083e60000, 0x00000000842a0000)
 concurrent mark-sweep generation total 87424K, used 28135K [0x00000000964c0000, 0x000000009ba20000, 0x0000000100000000)
 Metaspace       used 38526K, capacity 40272K, committed 40520K, reserved 1085440K
  class space    used 5001K, capacity 5332K, committed 5448K, reserved 1048576K
2019-05-24T17:22:09.014+0800: 18.317: [GC (Allocation Failure) 2019-05-24T17:22:09.014+0800: 18.317: [ParNew: 37035K->2424K(39296K), 0.0031198 secs] 65171K->30696K(126720K), 0.0032876 secs] [Times: user=0.00 sys=0.00, real=0.00 secs] 
Heap after GC invocations=97 (full 2):
 par new generation   total 39296K, used 2424K [0x0000000081800000, 0x00000000842a0000, 0x00000000964c0000)
  eden space 34944K,   0% used [0x0000000081800000, 0x0000000081800000, 0x0000000083a20000)
  from space 4352K,  55% used [0x0000000083e60000, 0x00000000840be230, 0x00000000842a0000)
  to   space 4352K,   0% used [0x0000000083a20000, 0x0000000083a20000, 0x0000000083e60000)
 concurrent mark-sweep generation total 87424K, used 28271K [0x00000000964c0000, 0x000000009ba20000, 0x0000000100000000)
 Metaspace       used 38526K, capacity 40272K, committed 40520K, reserved 1085440K
  class space    used 5001K, capacity 5332K, committed 5448K, reserved 1048576K
}
2019-05-24T17:22:09.075+0800: 18.378: Application time: 0.0579419 seconds
{Heap before GC invocations=97 (full 2):
 par new generation   total 39296K, used 37368K [0x0000000081800000, 0x00000000842a0000, 0x00000000964c0000)
  eden space 34944K, 100% used [0x0000000081800000, 0x0000000083a20000, 0x0000000083a20000)
  from space 4352K,  55% used [0x0000000083e60000, 0x00000000840be230, 0x00000000842a0000)
  to   space 4352K,   0% used [0x0000000083a20000, 0x0000000083a20000, 0x0000000083e60000)
 concurrent mark-sweep generation total 87424K, used 28271K [0x00000000964c0000, 0x000000009ba20000, 0x0000000100000000)
 Metaspace       used 38623K, capacity 40352K, committed 40520K, reserved 1085440K
  class space    used 5012K, capacity 5336K, committed 5448K, reserved 1048576K
2019-05-24T17:22:09.075+0800: 18.378: [GC (Allocation Failure) 2019-05-24T17:22:09.075+0800: 18.378: [ParNew: 37368K->2304K(39296K), 0.0026044 secs] 65640K->30673K(126720K), 0.0027443 secs] [Times: user=0.00 sys=0.00, real=0.00 secs] 
Heap after GC invocations=98 (full 2):
 par new generation   total 39296K, used 2304K [0x0000000081800000, 0x00000000842a0000, 0x00000000964c0000)
  eden space 34944K,   0% used [0x0000000081800000, 0x0000000081800000, 0x0000000083a20000)
  from space 4352K,  52% used [0x0000000083a20000, 0x0000000083c60108, 0x0000000083e60000)
  to   space 4352K,   0% used [0x0000000083e60000, 0x0000000083e60000, 0x00000000842a0000)
 concurrent mark-sweep generation total 87424K, used 28369K [0x00000000964c0000, 0x000000009ba20000, 0x0000000100000000)
 Metaspace       used 38623K, capacity 40352K, committed 40520K, reserved 1085440K
  class space    used 5012K, capacity 5336K, committed 5448K, reserved 1048576K
}
2019-05-24T17:22:09.095+0800: 18.399: Application time: 0.0178637 seconds
2019-05-24T17:22:09.377+0800: 18.680: Application time: 0.2808331 seconds
2019-05-24T17:22:09.612+0800: 18.915: Application time: 0.2349960 seconds
2019-05-24T17:22:09.848+0800: 19.151: Application time: 0.2359631 seconds
2019-05-24T17:22:10.104+0800: 19.407: Application time: 0.2557855 seconds
2019-05-24T17:22:10.364+0800: 19.667: Application time: 0.2529990 seconds
2019-05-24T17:22:10.605+0800: 19.908: Application time: 0.2404226 seconds
2019-05-24T17:22:10.854+0800: 20.157: Application time: 0.2494167 seconds
2019-05-24T17:22:11.105+0800: 20.408: Application time: 0.2508623 seconds
2019-05-24T17:22:11.359+0800: 20.662: Application time: 0.2533665 seconds
2019-05-24T17:22:11.624+0800: 20.927: Application time: 0.2647528 seconds
2019-05-24T17:22:11.893+0800: 21.196: Application time: 0.2695531 seconds
2019-05-24T17:22:12.188+0800: 21.491: Application time: 0.2941524 seconds
2019-05-24T17:22:12.397+0800: 21.700: Application time: 0.2088510 seconds
2019-05-24T17:22:12.628+0800: 21.931: Application time: 0.2310934 seconds
2019-05-24T17:22:12.878+0800: 22.182: Application time: 0.2503344 seconds
2019-05-24T17:22:13.452+0800: 22.756: Application time: 0.5734194 seconds
2019-05-24T17:22:13.684+0800: 22.987: Application time: 0.2316100 seconds
2019-05-24T17:22:13.920+0800: 23.223: Application time: 0.2352366 seconds
2019-05-24T17:22:14.159+0800: 23.463: Application time: 0.2397729 seconds
2019-05-24T17:22:14.391+0800: 23.694: Application time: 0.2317368 seconds
{Heap before GC invocations=98 (full 2):
 par new generation   total 39296K, used 37248K [0x0000000081800000, 0x00000000842a0000, 0x00000000964c0000)
  eden space 34944K, 100% used [0x0000000081800000, 0x0000000083a20000, 0x0000000083a20000)
  from space 4352K,  52% used [0x0000000083a20000, 0x0000000083c60108, 0x0000000083e60000)
  to   space 4352K,   0% used [0x0000000083e60000, 0x0000000083e60000, 0x00000000842a0000)
 concurrent mark-sweep generation total 87424K, used 28369K [0x00000000964c0000, 0x000000009ba20000, 0x0000000100000000)
 Metaspace       used 39152K, capacity 40870K, committed 41032K, reserved 1085440K
  class space    used 5068K, capacity 5401K, committed 5448K, reserved 1048576K
2019-05-24T17:22:14.458+0800: 23.761: [GC (Allocation Failure) 2019-05-24T17:22:14.458+0800: 23.761: [ParNew: 37248K->2604K(39296K), 0.0037848 secs] 65617K->31073K(126720K), 0.0039999 secs] [Times: user=0.00 sys=0.00, real=0.00 secs] 
Heap after GC invocations=99 (full 2):
 par new generation   total 39296K, used 2604K [0x0000000081800000, 0x00000000842a0000, 0x00000000964c0000)
  eden space 34944K,   0% used [0x0000000081800000, 0x0000000081800000, 0x0000000083a20000)
  from space 4352K,  59% used [0x0000000083e60000, 0x00000000840eb268, 0x00000000842a0000)
  to   space 4352K,   0% used [0x0000000083a20000, 0x0000000083a20000, 0x0000000083e60000)
 concurrent mark-sweep generation total 87424K, used 28469K [0x00000000964c0000, 0x000000009ba20000, 0x0000000100000000)
 Metaspace       used 39152K, capacity 40870K, committed 41032K, reserved 1085440K
  class space    used 5068K, capacity 5401K, committed 5448K, reserved 1048576K
}
2019-05-24T17:22:14.463+0800: 23.766: Application time: 0.0004995 seconds
2019-05-24T17:22:14.587+0800: 23.890: Application time: 0.1238721 seconds
2019-05-24T17:22:15.381+0800: 24.685: Application time: 0.3758477 seconds
2019-05-24T17:22:15.408+0800: 24.711: Application time: 0.0259692 seconds
2019-05-24T17:22:15.716+0800: 25.019: Application time: 0.3072136 seconds
{Heap before GC invocations=99 (full 2):
 par new generation   total 39296K, used 37548K [0x0000000081800000, 0x00000000842a0000, 0x00000000964c0000)
  eden space 34944K, 100% used [0x0000000081800000, 0x0000000083a20000, 0x0000000083a20000)
  from space 4352K,  59% used [0x0000000083e60000, 0x00000000840eb268, 0x00000000842a0000)
  to   space 4352K,   0% used [0x0000000083a20000, 0x0000000083a20000, 0x0000000083e60000)
 concurrent mark-sweep generation total 87424K, used 28469K [0x00000000964c0000, 0x000000009ba20000, 0x0000000100000000)
 Metaspace       used 40295K, capacity 42054K, committed 42184K, reserved 1085440K
  class space    used 5229K, capacity 5561K, committed 5576K, reserved 1048576K
2019-05-24T17:22:15.716+0800: 25.019: [GC (Allocation Failure) 2019-05-24T17:22:15.716+0800: 25.020: [ParNew: 37548K->4352K(39296K), 0.0071014 secs] 66017K->34245K(126720K), 0.0073068 secs] [Times: user=0.00 sys=0.00, real=0.01 secs] 
Heap after GC invocations=100 (full 2):
 par new generation   total 39296K, used 4352K [0x0000000081800000, 0x00000000842a0000, 0x00000000964c0000)
  eden space 34944K,   0% used [0x0000000081800000, 0x0000000081800000, 0x0000000083a20000)
  from space 4352K, 100% used [0x0000000083a20000, 0x0000000083e60000, 0x0000000083e60000)
  to   space 4352K,   0% used [0x0000000083e60000, 0x0000000083e60000, 0x00000000842a0000)
 concurrent mark-sweep generation total 87424K, used 29893K [0x00000000964c0000, 0x000000009ba20000, 0x0000000100000000)
 Metaspace       used 40295K, capacity 42054K, committed 42184K, reserved 1085440K
  class space    used 5229K, capacity 5561K, committed 5576K, reserved 1048576K
}
2019-05-24T17:22:16.152+0800: 25.455: Application time: 0.4278459 seconds
2019-05-24T17:22:16.423+0800: 25.726: Application time: 0.1242726 seconds
2019-05-24T17:22:16.527+0800: 25.830: Application time: 0.0027301 seconds
2019-05-24T17:22:16.569+0800: 25.872: Application time: 0.0419732 seconds
2019-05-24T17:22:16.869+0800: 26.173: Application time: 0.1653737 seconds
2019-05-24T17:22:16.940+0800: 26.244: Application time: 0.0002953 seconds
2019-05-24T17:22:16.941+0800: 26.244: Application time: 0.0000996 seconds
2019-05-24T17:22:16.989+0800: 26.292: Application time: 0.0483186 seconds
2019-05-24T17:22:17.018+0800: 26.321: Application time: 0.0286458 seconds
{Heap before GC invocations=100 (full 2):
 par new generation   total 39296K, used 39296K [0x0000000081800000, 0x00000000842a0000, 0x00000000964c0000)
  eden space 34944K, 100% used [0x0000000081800000, 0x0000000083a20000, 0x0000000083a20000)
  from space 4352K, 100% used [0x0000000083a20000, 0x0000000083e60000, 0x0000000083e60000)
  to   space 4352K,   0% used [0x0000000083e60000, 0x0000000083e60000, 0x00000000842a0000)
 concurrent mark-sweep generation total 87424K, used 29893K [0x00000000964c0000, 0x000000009ba20000, 0x0000000100000000)
 Metaspace       used 41000K, capacity 42716K, committed 43080K, reserved 1087488K
  class space    used 5302K, capacity 5630K, committed 5704K, reserved 1048576K
2019-05-24T17:22:17.018+0800: 26.321: [GC (Allocation Failure) 2019-05-24T17:22:17.018+0800: 26.321: [ParNew: 39296K->3931K(39296K), 0.0101188 secs] 69189K->38080K(126720K), 0.0103202 secs] [Times: user=0.02 sys=0.00, real=0.01 secs] 
Heap after GC invocations=101 (full 2):
 par new generation   total 39296K, used 3931K [0x0000000081800000, 0x00000000842a0000, 0x00000000964c0000)
  eden space 34944K,   0% used [0x0000000081800000, 0x0000000081800000, 0x0000000083a20000)
  from space 4352K,  90% used [0x0000000083e60000, 0x0000000084236c88, 0x00000000842a0000)
  to   space 4352K,   0% used [0x0000000083a20000, 0x0000000083a20000, 0x0000000083e60000)
 concurrent mark-sweep generation total 87424K, used 34149K [0x00000000964c0000, 0x000000009ba20000, 0x0000000100000000)
 Metaspace       used 41000K, capacity 42716K, committed 43080K, reserved 1087488K
  class space    used 5302K, capacity 5630K, committed 5704K, reserved 1048576K
}
2019-05-24T17:22:17.142+0800: 26.445: Application time: 0.1134211 seconds
2019-05-24T17:22:17.173+0800: 26.477: Application time: 0.0164892 seconds
2019-05-24T17:22:17.177+0800: 26.480: Application time: 0.0010018 seconds
2019-05-24T17:22:17.196+0800: 26.499: Application time: 0.0182454 seconds
2019-05-24T17:22:17.223+0800: 26.527: Application time: 0.0276161 seconds
2019-05-24T17:22:17.224+0800: 26.528: Application time: 0.0002941 seconds
2019-05-24T17:22:17.224+0800: 26.528: Application time: 0.0001252 seconds
2019-05-24T17:22:17.225+0800: 26.528: Application time: 0.0001388 seconds
2019-05-24T17:22:17.226+0800: 26.530: Application time: 0.0007504 seconds
2019-05-24T17:22:17.227+0800: 26.530: Application time: 0.0001934 seconds
2019-05-24T17:22:17.232+0800: 26.536: Application time: 0.0054767 seconds
2019-05-24T17:22:17.242+0800: 26.545: Application time: 0.0003044 seconds
2019-05-24T17:22:17.252+0800: 26.556: Application time: 0.0103549 seconds
2019-05-24T17:22:17.333+0800: 26.636: Application time: 0.0097650 seconds
2019-05-24T17:22:17.755+0800: 27.059: Application time: 0.1813128 seconds
2019-05-24T17:22:17.932+0800: 27.235: Application time: 0.0315420 seconds
2019-05-24T17:22:18.007+0800: 27.310: Application time: 0.0145567 seconds
2019-05-24T17:22:18.174+0800: 27.478: Application time: 0.0671437 seconds
2019-05-24T17:22:18.670+0800: 27.973: Application time: 0.2424530 seconds
2019-05-24T17:22:19.256+0800: 28.560: Application time: 0.5126529 seconds
2019-05-24T17:22:19.265+0800: 28.569: Application time: 0.0000631 seconds
2019-05-24T17:22:19.265+0800: 28.569: Application time: 0.0000393 seconds
2019-05-24T17:22:19.561+0800: 28.865: Application time: 0.2955690 seconds
{Heap before GC invocations=101 (full 2):
 par new generation   total 39296K, used 38875K [0x0000000081800000, 0x00000000842a0000, 0x00000000964c0000)
  eden space 34944K, 100% used [0x0000000081800000, 0x0000000083a20000, 0x0000000083a20000)
  from space 4352K,  90% used [0x0000000083e60000, 0x0000000084236c88, 0x00000000842a0000)
  to   space 4352K,   0% used [0x0000000083a20000, 0x0000000083a20000, 0x0000000083e60000)
 concurrent mark-sweep generation total 87424K, used 34149K [0x00000000964c0000, 0x000000009ba20000, 0x0000000100000000)
 Metaspace       used 41492K, capacity 43228K, committed 43336K, reserved 1087488K
  class space    used 5353K, capacity 5694K, committed 5704K, reserved 1048576K
2019-05-24T17:22:20.245+0800: 29.549: [GC (Allocation Failure) 2019-05-24T17:22:20.246+0800: 29.549: [ParNew: 38875K->1172K(39296K), 0.0024064 secs] 73024K->35321K(126720K), 0.0026522 secs] [Times: user=0.00 sys=0.01, real=0.00 secs] 
Heap after GC invocations=102 (full 2):
 par new generation   total 39296K, used 1172K [0x0000000081800000, 0x00000000842a0000, 0x00000000964c0000)
  eden space 34944K,   0% used [0x0000000081800000, 0x0000000081800000, 0x0000000083a20000)
  from space 4352K,  26% used [0x0000000083a20000, 0x0000000083b45048, 0x0000000083e60000)
  to   space 4352K,   0% used [0x0000000083e60000, 0x0000000083e60000, 0x00000000842a0000)
 concurrent mark-sweep generation total 87424K, used 34149K [0x00000000964c0000, 0x000000009ba20000, 0x0000000100000000)
 Metaspace       used 41492K, capacity 43228K, committed 43336K, reserved 1087488K
  class space    used 5353K, capacity 5694K, committed 5704K, reserved 1048576K
}
2019-05-24T17:22:20.483+0800: 29.786: Application time: 0.2349317 seconds
2019-05-24T17:22:20.708+0800: 30.012: Application time: 0.1863378 seconds
2019-05-24T17:22:20.819+0800: 30.122: Application time: 0.1106005 seconds
2019-05-24T17:22:20.876+0800: 30.180: Application time: 0.0000848 seconds
2019-05-24T17:22:20.993+0800: 30.297: Application time: 0.0374590 seconds
2019-05-24T17:22:21.008+0800: 30.311: Application time: 0.0138376 seconds
2019-05-24T17:22:21.010+0800: 30.313: Application time: 0.0015360 seconds
2019-05-24T17:22:21.039+0800: 30.342: Application time: 0.0235600 seconds
2019-05-24T17:22:22.229+0800: 31.532: Application time: 0.1404399 seconds
2019-05-24T17:22:22.382+0800: 31.685: Application time: 0.0002702 seconds
2019-05-24T17:22:22.384+0800: 31.688: Application time: 0.0021976 seconds
2019-05-24T17:22:22.385+0800: 31.688: Application time: 0.0000592 seconds
2019-05-24T17:22:22.385+0800: 31.688: Application time: 0.0000398 seconds
2019-05-24T17:22:22.385+0800: 31.688: Application time: 0.0000341 seconds
2019-05-24T17:22:22.385+0800: 31.688: Application time: 0.0000319 seconds
2019-05-24T17:22:22.385+0800: 31.688: Application time: 0.0000319 seconds
2019-05-24T17:22:22.385+0800: 31.688: Application time: 0.0000347 seconds
2019-05-24T17:22:22.385+0800: 31.689: Application time: 0.0000569 seconds
2019-05-24T17:22:22.385+0800: 31.689: Application time: 0.0000393 seconds
2019-05-24T17:22:22.385+0800: 31.689: Application time: 0.0000358 seconds
2019-05-24T17:22:22.386+0800: 31.689: Application time: 0.0001377 seconds
2019-05-24T17:22:22.386+0800: 31.689: Application time: 0.0000381 seconds
2019-05-24T17:22:22.386+0800: 31.689: Application time: 0.0000455 seconds
2019-05-24T17:22:22.386+0800: 31.690: Application time: 0.0002839 seconds
2019-05-24T17:22:22.387+0800: 31.690: Application time: 0.0002389 seconds
2019-05-24T17:22:22.387+0800: 31.690: Application time: 0.0000711 seconds
2019-05-24T17:22:22.387+0800: 31.690: Application time: 0.0001968 seconds
2019-05-24T17:22:22.394+0800: 31.697: Application time: 0.0066395 seconds
2019-05-24T17:22:22.468+0800: 31.771: Application time: 0.0738338 seconds
2019-05-24T17:22:22.468+0800: 31.771: Application time: 0.0001331 seconds
2019-05-24T17:22:22.469+0800: 31.772: Application time: 0.0004398 seconds
2019-05-24T17:22:22.493+0800: 31.796: Application time: 0.0242938 seconds
2019-05-24T17:22:22.493+0800: 31.796: Application time: 0.0000546 seconds
2019-05-24T17:22:22.493+0800: 31.797: Application time: 0.0001161 seconds
2019-05-24T17:22:22.549+0800: 31.853: Application time: 0.0561533 seconds
2019-05-24T17:22:22.585+0800: 31.888: Application time: 0.0348951 seconds
{Heap before GC invocations=102 (full 2):
 par new generation   total 39296K, used 36116K [0x0000000081800000, 0x00000000842a0000, 0x00000000964c0000)
  eden space 34944K, 100% used [0x0000000081800000, 0x0000000083a20000, 0x0000000083a20000)
  from space 4352K,  26% used [0x0000000083a20000, 0x0000000083b45048, 0x0000000083e60000)
  to   space 4352K,   0% used [0x0000000083e60000, 0x0000000083e60000, 0x00000000842a0000)
 concurrent mark-sweep generation total 87424K, used 34149K [0x00000000964c0000, 0x000000009ba20000, 0x0000000100000000)
 Metaspace       used 41856K, capacity 43568K, committed 43720K, reserved 1087488K
  class space    used 5400K, capacity 5764K, committed 5832K, reserved 1048576K
2019-05-24T17:22:22.585+0800: 31.888: [GC (Allocation Failure) 2019-05-24T17:22:22.585+0800: 31.888: [ParNew: 36116K->1596K(39296K), 0.0027574 secs] 70265K->35745K(126720K), 0.0030629 secs] [Times: user=0.00 sys=0.00, real=0.00 secs] 
Heap after GC invocations=103 (full 2):
 par new generation   total 39296K, used 1596K [0x0000000081800000, 0x00000000842a0000, 0x00000000964c0000)
  eden space 34944K,   0% used [0x0000000081800000, 0x0000000081800000, 0x0000000083a20000)
  from space 4352K,  36% used [0x0000000083e60000, 0x0000000083fef078, 0x00000000842a0000)
  to   space 4352K,   0% used [0x0000000083a20000, 0x0000000083a20000, 0x0000000083e60000)
 concurrent mark-sweep generation total 87424K, used 34149K [0x00000000964c0000, 0x000000009ba20000, 0x0000000100000000)
 Metaspace       used 41856K, capacity 43568K, committed 43720K, reserved 1087488K
  class space    used 5400K, capacity 5764K, committed 5832K, reserved 1048576K
}
2019-05-24T17:22:22.609+0800: 31.912: Application time: 0.0205283 seconds
2019-05-24T17:22:22.626+0800: 31.930: Application time: 0.0171935 seconds
2019-05-24T17:22:22.702+0800: 32.006: Application time: 0.0758124 seconds
2019-05-24T17:22:22.766+0800: 32.069: Application time: 0.0000717 seconds
2019-05-24T17:22:22.842+0800: 32.145: Application time: 0.0754699 seconds
2019-05-24T17:22:22.842+0800: 32.145: Application time: 0.0002350 seconds
2019-05-24T17:22:22.923+0800: 32.227: Application time: 0.0816623 seconds
2019-05-24T17:22:22.955+0800: 32.258: Application time: 0.0091580 seconds
2019-05-24T17:22:22.963+0800: 32.266: Application time: 0.0074974 seconds
2019-05-24T17:22:23.683+0800: 32.987: Application time: 0.0005837 seconds
2019-05-24T17:22:24.183+0800: 33.487: Application time: 0.4998404 seconds
2019-05-24T17:22:24.276+0800: 33.579: Application time: 0.0018682 seconds
2019-05-24T17:22:24.699+0800: 34.002: Application time: 0.0001280 seconds
2019-05-24T17:22:24.759+0800: 34.063: Application time: 0.0603136 seconds
2019-05-24T17:22:24.836+0800: 34.140: Application time: 0.0193240 seconds
{Heap before GC invocations=103 (full 2):
 par new generation   total 39296K, used 36540K [0x0000000081800000, 0x00000000842a0000, 0x00000000964c0000)
  eden space 34944K, 100% used [0x0000000081800000, 0x0000000083a20000, 0x0000000083a20000)
  from space 4352K,  36% used [0x0000000083e60000, 0x0000000083fef078, 0x00000000842a0000)
  to   space 4352K,   0% used [0x0000000083a20000, 0x0000000083a20000, 0x0000000083e60000)
 concurrent mark-sweep generation total 87424K, used 34149K [0x00000000964c0000, 0x000000009ba20000, 0x0000000100000000)
 Metaspace       used 41866K, capacity 43632K, committed 43976K, reserved 1087488K
  class space    used 5402K, capacity 5764K, committed 5832K, reserved 1048576K
2019-05-24T17:22:24.836+0800: 34.140: [GC (Allocation Failure) 2019-05-24T17:22:24.837+0800: 34.140: [ParNew: 36540K->1213K(39296K), 0.0025293 secs] 70689K->35363K(126720K), 0.0027489 secs] [Times: user=0.03 sys=0.00, real=0.00 secs] 
Heap after GC invocations=104 (full 2):
 par new generation   total 39296K, used 1213K [0x0000000081800000, 0x00000000842a0000, 0x00000000964c0000)
  eden space 34944K,   0% used [0x0000000081800000, 0x0000000081800000, 0x0000000083a20000)
  from space 4352K,  27% used [0x0000000083a20000, 0x0000000083b4f600, 0x0000000083e60000)
  to   space 4352K,   0% used [0x0000000083e60000, 0x0000000083e60000, 0x00000000842a0000)
 concurrent mark-sweep generation total 87424K, used 34149K [0x00000000964c0000, 0x000000009ba20000, 0x0000000100000000)
 Metaspace       used 41866K, capacity 43632K, committed 43976K, reserved 1087488K
  class space    used 5402K, capacity 5764K, committed 5832K, reserved 1048576K
}
2019-05-24T17:22:24.998+0800: 34.301: Application time: 0.1578006 seconds
2019-05-24T17:22:25.003+0800: 34.306: Application time: 0.0009062 seconds
2019-05-24T17:22:25.003+0800: 34.306: Application time: 0.0000922 seconds
2019-05-24T17:22:25.003+0800: 34.306: Application time: 0.0000512 seconds
2019-05-24T17:22:25.040+0800: 34.344: Application time: 0.0369391 seconds
2019-05-24T17:22:25.157+0800: 34.461: Application time: 0.1162718 seconds
{Heap before GC invocations=104 (full 2):
 par new generation   total 39296K, used 36157K [0x0000000081800000, 0x00000000842a0000, 0x00000000964c0000)
  eden space 34944K, 100% used [0x0000000081800000, 0x0000000083a20000, 0x0000000083a20000)
  from space 4352K,  27% used [0x0000000083a20000, 0x0000000083b4f600, 0x0000000083e60000)
  to   space 4352K,   0% used [0x0000000083e60000, 0x0000000083e60000, 0x00000000842a0000)
 concurrent mark-sweep generation total 87424K, used 34149K [0x00000000964c0000, 0x000000009ba20000, 0x0000000100000000)
 Metaspace       used 42104K, capacity 43864K, committed 43976K, reserved 1087488K
  class space    used 5430K, capacity 5800K, committed 5832K, reserved 1048576K
2019-05-24T17:22:25.158+0800: 34.461: [GC (Allocation Failure) 2019-05-24T17:22:25.158+0800: 34.461: [ParNew: 36157K->1917K(39296K), 0.0032916 secs] 70307K->36067K(126720K), 0.0034816 secs] [Times: user=0.00 sys=0.00, real=0.00 secs] 
Heap after GC invocations=105 (full 2):
 par new generation   total 39296K, used 1917K [0x0000000081800000, 0x00000000842a0000, 0x00000000964c0000)
  eden space 34944K,   0% used [0x0000000081800000, 0x0000000081800000, 0x0000000083a20000)
  from space 4352K,  44% used [0x0000000083e60000, 0x000000008403f6a0, 0x00000000842a0000)
  to   space 4352K,   0% used [0x0000000083a20000, 0x0000000083a20000, 0x0000000083e60000)
 concurrent mark-sweep generation total 87424K, used 34149K [0x00000000964c0000, 0x000000009ba20000, 0x0000000100000000)
 Metaspace       used 42104K, capacity 43864K, committed 43976K, reserved 1087488K
  class space    used 5430K, capacity 5800K, committed 5832K, reserved 1048576K
}
2019-05-24T17:22:25.208+0800: 34.511: Application time: 0.0466654 seconds
2019-05-24T17:22:25.576+0800: 34.879: Application time: 0.3671670 seconds
{Heap before GC invocations=105 (full 2):
 par new generation   total 39296K, used 36861K [0x0000000081800000, 0x00000000842a0000, 0x00000000964c0000)
  eden space 34944K, 100% used [0x0000000081800000, 0x0000000083a20000, 0x0000000083a20000)
  from space 4352K,  44% used [0x0000000083e60000, 0x000000008403f6a0, 0x00000000842a0000)
  to   space 4352K,   0% used [0x0000000083a20000, 0x0000000083a20000, 0x0000000083e60000)
 concurrent mark-sweep generation total 87424K, used 34149K [0x00000000964c0000, 0x000000009ba20000, 0x0000000100000000)
 Metaspace       used 42156K, capacity 43870K, committed 43976K, reserved 1087488K
  class space    used 5435K, capacity 5801K, committed 5832K, reserved 1048576K
2019-05-24T17:22:25.576+0800: 34.879: [GC (Allocation Failure) 2019-05-24T17:22:25.576+0800: 34.879: [ParNew: 36861K->2187K(39296K), 0.0031676 secs] 71011K->36336K(126720K), 0.0034025 secs] [Times: user=0.00 sys=0.00, real=0.00 secs] 
Heap after GC invocations=106 (full 2):
 par new generation   total 39296K, used 2187K [0x0000000081800000, 0x00000000842a0000, 0x00000000964c0000)
  eden space 34944K,   0% used [0x0000000081800000, 0x0000000081800000, 0x0000000083a20000)
  from space 4352K,  50% used [0x0000000083a20000, 0x0000000083c42c80, 0x0000000083e60000)
  to   space 4352K,   0% used [0x0000000083e60000, 0x0000000083e60000, 0x00000000842a0000)
 concurrent mark-sweep generation total 87424K, used 34149K [0x00000000964c0000, 0x000000009ba20000, 0x0000000100000000)
 Metaspace       used 42156K, capacity 43870K, committed 43976K, reserved 1087488K
  class space    used 5435K, capacity 5801K, committed 5832K, reserved 1048576K
}
2019-05-24T17:22:25.707+0800: 35.011: Application time: 0.1281996 seconds
2019-05-24T17:22:26.007+0800: 35.310: Application time: 0.2992520 seconds
{Heap before GC invocations=106 (full 2):
 par new generation   total 39296K, used 37131K [0x0000000081800000, 0x00000000842a0000, 0x00000000964c0000)
  eden space 34944K, 100% used [0x0000000081800000, 0x0000000083a20000, 0x0000000083a20000)
  from space 4352K,  50% used [0x0000000083a20000, 0x0000000083c42c80, 0x0000000083e60000)
  to   space 4352K,   0% used [0x0000000083e60000, 0x0000000083e60000, 0x00000000842a0000)
 concurrent mark-sweep generation total 87424K, used 34149K [0x00000000964c0000, 0x000000009ba20000, 0x0000000100000000)
 Metaspace       used 42237K, capacity 43998K, committed 44232K, reserved 1087488K
  class space    used 5439K, capacity 5801K, committed 5832K, reserved 1048576K
2019-05-24T17:22:26.007+0800: 35.310: [GC (Allocation Failure) 2019-05-24T17:22:26.007+0800: 35.310: [ParNew: 37131K->2729K(39296K), 0.0032705 secs] 71280K->36878K(126720K), 0.0034742 secs] [Times: user=0.00 sys=0.00, real=0.00 secs] 
Heap after GC invocations=107 (full 2):
 par new generation   total 39296K, used 2729K [0x0000000081800000, 0x00000000842a0000, 0x00000000964c0000)
  eden space 34944K,   0% used [0x0000000081800000, 0x0000000081800000, 0x0000000083a20000)
  from space 4352K,  62% used [0x0000000083e60000, 0x000000008410a4b0, 0x00000000842a0000)
  to   space 4352K,   0% used [0x0000000083a20000, 0x0000000083a20000, 0x0000000083e60000)
 concurrent mark-sweep generation total 87424K, used 34149K [0x00000000964c0000, 0x000000009ba20000, 0x0000000100000000)
 Metaspace       used 42237K, capacity 43998K, committed 44232K, reserved 1087488K
  class space    used 5439K, capacity 5801K, committed 5832K, reserved 1048576K
}
2019-05-24T17:22:26.047+0800: 35.350: Application time: 0.0358326 seconds
2019-05-24T17:22:26.047+0800: 35.350: Application time: 0.0000438 seconds
2019-05-24T17:22:26.049+0800: 35.352: Application time: 0.0022096 seconds
2019-05-24T17:22:26.131+0800: 35.434: Application time: 0.0813226 seconds
2019-05-24T17:22:26.447+0800: 35.751: Application time: 0.3161042 seconds
2019-05-24T17:22:26.447+0800: 35.751: Application time: 0.0000523 seconds
2019-05-24T17:22:26.597+0800: 35.901: Application time: 0.1498356 seconds
{Heap before GC invocations=107 (full 2):
 par new generation   total 39296K, used 37673K [0x0000000081800000, 0x00000000842a0000, 0x00000000964c0000)
  eden space 34944K, 100% used [0x0000000081800000, 0x0000000083a20000, 0x0000000083a20000)
  from space 4352K,  62% used [0x0000000083e60000, 0x000000008410a4b0, 0x00000000842a0000)
  to   space 4352K,   0% used [0x0000000083a20000, 0x0000000083a20000, 0x0000000083e60000)
 concurrent mark-sweep generation total 87424K, used 34149K [0x00000000964c0000, 0x000000009ba20000, 0x0000000100000000)
 Metaspace       used 42818K, capacity 44766K, committed 44872K, reserved 1087488K
  class space    used 5557K, capacity 5919K, committed 5960K, reserved 1048576K
2019-05-24T17:22:26.598+0800: 35.901: [GC (Allocation Failure) 2019-05-24T17:22:26.598+0800: 35.901: [ParNew: 37673K->2571K(39296K), 0.0038753 secs] 71822K->36721K(126720K), 0.0040892 secs] [Times: user=0.00 sys=0.00, real=0.00 secs] 
Heap after GC invocations=108 (full 2):
 par new generation   total 39296K, used 2571K [0x0000000081800000, 0x00000000842a0000, 0x00000000964c0000)
  eden space 34944K,   0% used [0x0000000081800000, 0x0000000081800000, 0x0000000083a20000)
  from space 4352K,  59% used [0x0000000083a20000, 0x0000000083ca2fc8, 0x0000000083e60000)
  to   space 4352K,   0% used [0x0000000083e60000, 0x0000000083e60000, 0x00000000842a0000)
 concurrent mark-sweep generation total 87424K, used 34149K [0x00000000964c0000, 0x000000009ba20000, 0x0000000100000000)
 Metaspace       used 42818K, capacity 44766K, committed 44872K, reserved 1087488K
  class space    used 5557K, capacity 5919K, committed 5960K, reserved 1048576K
}
2019-05-24T17:22:26.986+0800: 36.289: Application time: 0.3839237 seconds
2019-05-24T17:22:26.986+0800: 36.289: Application time: 0.0000558 seconds
2019-05-24T17:22:26.986+0800: 36.290: Application time: 0.0003174 seconds
2019-05-24T17:22:26.991+0800: 36.295: Application time: 0.0046785 seconds
{Heap before GC invocations=108 (full 2):
 par new generation   total 39296K, used 37515K [0x0000000081800000, 0x00000000842a0000, 0x00000000964c0000)
  eden space 34944K, 100% used [0x0000000081800000, 0x0000000083a20000, 0x0000000083a20000)
  from space 4352K,  59% used [0x0000000083a20000, 0x0000000083ca2fc8, 0x0000000083e60000)
  to   space 4352K,   0% used [0x0000000083e60000, 0x0000000083e60000, 0x00000000842a0000)
 concurrent mark-sweep generation total 87424K, used 34149K [0x00000000964c0000, 0x000000009ba20000, 0x0000000100000000)
 Metaspace       used 43380K, capacity 45336K, committed 45512K, reserved 1089536K
  class space    used 5643K, capacity 6034K, committed 6088K, reserved 1048576K
2019-05-24T17:22:26.991+0800: 36.295: [GC (Allocation Failure) 2019-05-24T17:22:26.992+0800: 36.295: [ParNew: 37515K->3625K(39296K), 0.0041478 secs] 71665K->37775K(126720K), 0.0043810 secs] [Times: user=0.05 sys=0.00, real=0.01 secs] 
Heap after GC invocations=109 (full 2):
 par new generation   total 39296K, used 3625K [0x0000000081800000, 0x00000000842a0000, 0x00000000964c0000)
  eden space 34944K,   0% used [0x0000000081800000, 0x0000000081800000, 0x0000000083a20000)
  from space 4352K,  83% used [0x0000000083e60000, 0x00000000841ea678, 0x00000000842a0000)
  to   space 4352K,   0% used [0x0000000083a20000, 0x0000000083a20000, 0x0000000083e60000)
 concurrent mark-sweep generation total 87424K, used 34149K [0x00000000964c0000, 0x000000009ba20000, 0x0000000100000000)
 Metaspace       used 43380K, capacity 45336K, committed 45512K, reserved 1089536K
  class space    used 5643K, capacity 6034K, committed 6088K, reserved 1048576K
}
2019-05-24T17:22:26.998+0800: 36.301: Application time: 0.0020901 seconds
2019-05-24T17:22:27.267+0800: 36.570: Application time: 0.2680245 seconds
2019-05-24T17:22:27.281+0800: 36.584: Application time: 0.0136664 seconds
{Heap before GC invocations=109 (full 2):
 par new generation   total 39296K, used 38569K [0x0000000081800000, 0x00000000842a0000, 0x00000000964c0000)
  eden space 34944K, 100% used [0x0000000081800000, 0x0000000083a20000, 0x0000000083a20000)
  from space 4352K,  83% used [0x0000000083e60000, 0x00000000841ea678, 0x00000000842a0000)
  to   space 4352K,   0% used [0x0000000083a20000, 0x0000000083a20000, 0x0000000083e60000)
 concurrent mark-sweep generation total 87424K, used 34149K [0x00000000964c0000, 0x000000009ba20000, 0x0000000100000000)
 Metaspace       used 43431K, capacity 45420K, committed 45512K, reserved 1089536K
  class space    used 5651K, capacity 6038K, committed 6088K, reserved 1048576K
2019-05-24T17:22:27.281+0800: 36.584: [GC (Allocation Failure) 2019-05-24T17:22:27.281+0800: 36.584: [ParNew: 38569K->3418K(39296K), 0.0047189 secs] 72719K->37793K(126720K), 0.0049340 secs] [Times: user=0.00 sys=0.00, real=0.01 secs] 
Heap after GC invocations=110 (full 2):
 par new generation   total 39296K, used 3418K [0x0000000081800000, 0x00000000842a0000, 0x00000000964c0000)
  eden space 34944K,   0% used [0x0000000081800000, 0x0000000081800000, 0x0000000083a20000)
  from space 4352K,  78% used [0x0000000083a20000, 0x0000000083d76b28, 0x0000000083e60000)
  to   space 4352K,   0% used [0x0000000083e60000, 0x0000000083e60000, 0x00000000842a0000)
 concurrent mark-sweep generation total 87424K, used 34374K [0x00000000964c0000, 0x000000009ba20000, 0x0000000100000000)
 Metaspace       used 43431K, capacity 45420K, committed 45512K, reserved 1089536K
  class space    used 5651K, capacity 6038K, committed 6088K, reserved 1048576K
}
2019-05-24T17:22:27.371+0800: 36.674: Application time: 0.0851029 seconds
2019-05-24T17:22:27.406+0800: 36.709: Application time: 0.0346823 seconds
2019-05-24T17:22:27.447+0800: 36.751: Application time: 0.0405788 seconds
2019-05-24T17:22:27.454+0800: 36.757: Application time: 0.0059756 seconds
2019-05-24T17:22:27.585+0800: 36.889: Application time: 0.1312677 seconds
2019-05-24T17:22:27.586+0800: 36.890: Application time: 0.0003038 seconds
2019-05-24T17:22:27.586+0800: 36.890: Application time: 0.0000410 seconds
2019-05-24T17:22:27.670+0800: 36.973: Application time: 0.0833069 seconds
{Heap before GC invocations=110 (full 2):
 par new generation   total 39296K, used 38362K [0x0000000081800000, 0x00000000842a0000, 0x00000000964c0000)
  eden space 34944K, 100% used [0x0000000081800000, 0x0000000083a20000, 0x0000000083a20000)
  from space 4352K,  78% used [0x0000000083a20000, 0x0000000083d76b28, 0x0000000083e60000)
  to   space 4352K,   0% used [0x0000000083e60000, 0x0000000083e60000, 0x00000000842a0000)
 concurrent mark-sweep generation total 87424K, used 34374K [0x00000000964c0000, 0x000000009ba20000, 0x0000000100000000)
 Metaspace       used 43654K, capacity 45720K, committed 45768K, reserved 1089536K
  class space    used 5685K, capacity 6072K, committed 6088K, reserved 1048576K
2019-05-24T17:22:27.670+0800: 36.973: [GC (Allocation Failure) 2019-05-24T17:22:27.670+0800: 36.973: [ParNew: 38362K->3263K(39296K), 0.0049488 secs] 72737K->37931K(126720K), 0.0051575 secs] [Times: user=0.00 sys=0.00, real=0.00 secs] 
Heap after GC invocations=111 (full 2):
 par new generation   total 39296K, used 3263K [0x0000000081800000, 0x00000000842a0000, 0x00000000964c0000)
  eden space 34944K,   0% used [0x0000000081800000, 0x0000000081800000, 0x0000000083a20000)
  from space 4352K,  74% used [0x0000000083e60000, 0x000000008418ff90, 0x00000000842a0000)
  to   space 4352K,   0% used [0x0000000083a20000, 0x0000000083a20000, 0x0000000083e60000)
 concurrent mark-sweep generation total 87424K, used 34668K [0x00000000964c0000, 0x000000009ba20000, 0x0000000100000000)
 Metaspace       used 43654K, capacity 45720K, committed 45768K, reserved 1089536K
  class space    used 5685K, capacity 6072K, committed 6088K, reserved 1048576K
}
2019-05-24T17:22:27.994+0800: 37.297: Application time: 0.3187967 seconds
2019-05-24T17:22:28.022+0800: 37.325: Application time: 0.0275490 seconds
{Heap before GC invocations=111 (full 2):
 par new generation   total 39296K, used 38207K [0x0000000081800000, 0x00000000842a0000, 0x00000000964c0000)
  eden space 34944K, 100% used [0x0000000081800000, 0x0000000083a20000, 0x0000000083a20000)
  from space 4352K,  74% used [0x0000000083e60000, 0x000000008418ff90, 0x00000000842a0000)
  to   space 4352K,   0% used [0x0000000083a20000, 0x0000000083a20000, 0x0000000083e60000)
 concurrent mark-sweep generation total 87424K, used 34668K [0x00000000964c0000, 0x000000009ba20000, 0x0000000100000000)
 Metaspace       used 43716K, capacity 45736K, committed 45768K, reserved 1089536K
  class space    used 5691K, capacity 6076K, committed 6088K, reserved 1048576K
2019-05-24T17:22:28.022+0800: 37.325: [GC (Allocation Failure) 2019-05-24T17:22:28.022+0800: 37.326: [ParNew: 38207K->2992K(39296K), 0.0042689 secs] 72875K->37888K(126720K), 0.0044954 secs] [Times: user=0.05 sys=0.01, real=0.00 secs] 
Heap after GC invocations=112 (full 2):
 par new generation   total 39296K, used 2992K [0x0000000081800000, 0x00000000842a0000, 0x00000000964c0000)
  eden space 34944K,   0% used [0x0000000081800000, 0x0000000081800000, 0x0000000083a20000)
  from space 4352K,  68% used [0x0000000083a20000, 0x0000000083d0c388, 0x0000000083e60000)
  to   space 4352K,   0% used [0x0000000083e60000, 0x0000000083e60000, 0x00000000842a0000)
 concurrent mark-sweep generation total 87424K, used 34895K [0x00000000964c0000, 0x000000009ba20000, 0x0000000100000000)
 Metaspace       used 43716K, capacity 45736K, committed 45768K, reserved 1089536K
  class space    used 5691K, capacity 6076K, committed 6088K, reserved 1048576K
}
2019-05-24T17:22:28.488+0800: 37.792: Application time: 0.4615013 seconds
2019-05-24T17:22:28.829+0800: 38.133: Application time: 0.3405089 seconds
{Heap before GC invocations=112 (full 2):
 par new generation   total 39296K, used 37936K [0x0000000081800000, 0x00000000842a0000, 0x00000000964c0000)
  eden space 34944K, 100% used [0x0000000081800000, 0x0000000083a20000, 0x0000000083a20000)
  from space 4352K,  68% used [0x0000000083a20000, 0x0000000083d0c388, 0x0000000083e60000)
  to   space 4352K,   0% used [0x0000000083e60000, 0x0000000083e60000, 0x00000000842a0000)
 concurrent mark-sweep generation total 87424K, used 34895K [0x00000000964c0000, 0x000000009ba20000, 0x0000000100000000)
 Metaspace       used 43798K, capacity 45846K, committed 46152K, reserved 1089536K
  class space    used 5704K, capacity 6111K, committed 6216K, reserved 1048576K
2019-05-24T17:22:28.830+0800: 38.133: [GC (Allocation Failure) 2019-05-24T17:22:28.830+0800: 38.133: [ParNew: 37936K->3269K(39296K), 0.0046404 secs] 72832K->38321K(126720K), 0.0048731 secs] [Times: user=0.00 sys=0.00, real=0.01 secs] 
Heap after GC invocations=113 (full 2):
 par new generation   total 39296K, used 3269K [0x0000000081800000, 0x00000000842a0000, 0x00000000964c0000)
  eden space 34944K,   0% used [0x0000000081800000, 0x0000000081800000, 0x0000000083a20000)
  from space 4352K,  75% used [0x0000000083e60000, 0x00000000841917b8, 0x00000000842a0000)
  to   space 4352K,   0% used [0x0000000083a20000, 0x0000000083a20000, 0x0000000083e60000)
 concurrent mark-sweep generation total 87424K, used 35051K [0x00000000964c0000, 0x000000009ba20000, 0x0000000100000000)
 Metaspace       used 43798K, capacity 45846K, committed 46152K, reserved 1089536K
  class space    used 5704K, capacity 6111K, committed 6216K, reserved 1048576K
}
2019-05-24T17:22:29.386+0800: 38.689: Application time: 0.5512731 seconds
{Heap before GC invocations=113 (full 2):
 par new generation   total 39296K, used 38213K [0x0000000081800000, 0x00000000842a0000, 0x00000000964c0000)
  eden space 34944K, 100% used [0x0000000081800000, 0x0000000083a20000, 0x0000000083a20000)
  from space 4352K,  75% used [0x0000000083e60000, 0x00000000841917b8, 0x00000000842a0000)
  to   space 4352K,   0% used [0x0000000083a20000, 0x0000000083a20000, 0x0000000083e60000)
 concurrent mark-sweep generation total 87424K, used 35051K [0x00000000964c0000, 0x000000009ba20000, 0x0000000100000000)
 Metaspace       used 44124K, capacity 46216K, committed 46408K, reserved 1089536K
  class space    used 5740K, capacity 6124K, committed 6216K, reserved 1048576K
2019-05-24T17:22:29.386+0800: 38.690: [GC (Allocation Failure) 2019-05-24T17:22:29.387+0800: 38.690: [ParNew: 38213K->2741K(39296K), 0.0051649 secs] 73265K->38115K(126720K), 0.0053800 secs] [Times: user=0.00 sys=0.00, real=0.01 secs] 
Heap after GC invocations=114 (full 2):
 par new generation   total 39296K, used 2741K [0x0000000081800000, 0x00000000842a0000, 0x00000000964c0000)
  eden space 34944K,   0% used [0x0000000081800000, 0x0000000081800000, 0x0000000083a20000)
  from space 4352K,  62% used [0x0000000083a20000, 0x0000000083ccd408, 0x0000000083e60000)
  to   space 4352K,   0% used [0x0000000083e60000, 0x0000000083e60000, 0x00000000842a0000)
 concurrent mark-sweep generation total 87424K, used 35374K [0x00000000964c0000, 0x000000009ba20000, 0x0000000100000000)
 Metaspace       used 44124K, capacity 46216K, committed 46408K, reserved 1089536K
  class space    used 5740K, capacity 6124K, committed 6216K, reserved 1048576K
}
2019-05-24T17:22:29.477+0800: 38.780: Application time: 0.0844168 seconds
2019-05-24T17:22:29.948+0800: 39.251: Application time: 0.4715018 seconds
{Heap before GC invocations=114 (full 2):
 par new generation   total 39296K, used 37685K [0x0000000081800000, 0x00000000842a0000, 0x00000000964c0000)
  eden space 34944K, 100% used [0x0000000081800000, 0x0000000083a20000, 0x0000000083a20000)
  from space 4352K,  62% used [0x0000000083a20000, 0x0000000083ccd408, 0x0000000083e60000)
  to   space 4352K,   0% used [0x0000000083e60000, 0x0000000083e60000, 0x00000000842a0000)
 concurrent mark-sweep generation total 87424K, used 35374K [0x00000000964c0000, 0x000000009ba20000, 0x0000000100000000)
 Metaspace       used 44275K, capacity 46402K, committed 46664K, reserved 1089536K
  class space    used 5753K, capacity 6161K, committed 6216K, reserved 1048576K
2019-05-24T17:22:29.948+0800: 39.252: [GC (Allocation Failure) 2019-05-24T17:22:29.949+0800: 39.252: [ParNew: 37685K->3288K(39296K), 0.0055939 secs] 73059K->38798K(126720K), 0.0058476 secs] [Times: user=0.01 sys=0.02, real=0.01 secs] 
Heap after GC invocations=115 (full 2):
 par new generation   total 39296K, used 3288K [0x0000000081800000, 0x00000000842a0000, 0x00000000964c0000)
  eden space 34944K,   0% used [0x0000000081800000, 0x0000000081800000, 0x0000000083a20000)
  from space 4352K,  75% used [0x0000000083e60000, 0x00000000841962f0, 0x00000000842a0000)
  to   space 4352K,   0% used [0x0000000083a20000, 0x0000000083a20000, 0x0000000083e60000)
 concurrent mark-sweep generation total 87424K, used 35509K [0x00000000964c0000, 0x000000009ba20000, 0x0000000100000000)
 Metaspace       used 44275K, capacity 46402K, committed 46664K, reserved 1089536K
  class space    used 5753K, capacity 6161K, committed 6216K, reserved 1048576K
}
2019-05-24T17:22:30.402+0800: 39.705: Application time: 0.4474384 seconds
{Heap before GC invocations=115 (full 2):
 par new generation   total 39296K, used 38232K [0x0000000081800000, 0x00000000842a0000, 0x00000000964c0000)
  eden space 34944K, 100% used [0x0000000081800000, 0x0000000083a20000, 0x0000000083a20000)
  from space 4352K,  75% used [0x0000000083e60000, 0x00000000841962f0, 0x00000000842a0000)
  to   space 4352K,   0% used [0x0000000083a20000, 0x0000000083a20000, 0x0000000083e60000)
 concurrent mark-sweep generation total 87424K, used 35509K [0x00000000964c0000, 0x000000009ba20000, 0x0000000100000000)
 Metaspace       used 44332K, capacity 46408K, committed 46664K, reserved 1089536K
  class space    used 5763K, capacity 6164K, committed 6216K, reserved 1048576K
2019-05-24T17:22:30.402+0800: 39.705: [GC (Allocation Failure) 2019-05-24T17:22:30.402+0800: 39.706: [ParNew: 38232K->3095K(39296K), 0.0079070 secs] 73742K->38754K(126720K), 0.0081061 secs] [Times: user=0.00 sys=0.00, real=0.01 secs] 
Heap after GC invocations=116 (full 2):
 par new generation   total 39296K, used 3095K [0x0000000081800000, 0x00000000842a0000, 0x00000000964c0000)
  eden space 34944K,   0% used [0x0000000081800000, 0x0000000081800000, 0x0000000083a20000)
  from space 4352K,  71% used [0x0000000083a20000, 0x0000000083d25f50, 0x0000000083e60000)
  to   space 4352K,   0% used [0x0000000083e60000, 0x0000000083e60000, 0x00000000842a0000)
 concurrent mark-sweep generation total 87424K, used 35658K [0x00000000964c0000, 0x000000009ba20000, 0x0000000100000000)
 Metaspace       used 44332K, capacity 46408K, committed 46664K, reserved 1089536K
  class space    used 5763K, capacity 6164K, committed 6216K, reserved 1048576K
}
2019-05-24T17:22:30.954+0800: 40.257: Application time: 0.5436904 seconds
{Heap before GC invocations=116 (full 2):
 par new generation   total 39296K, used 38039K [0x0000000081800000, 0x00000000842a0000, 0x00000000964c0000)
  eden space 34944K, 100% used [0x0000000081800000, 0x0000000083a20000, 0x0000000083a20000)
  from space 4352K,  71% used [0x0000000083a20000, 0x0000000083d25f50, 0x0000000083e60000)
  to   space 4352K,   0% used [0x0000000083e60000, 0x0000000083e60000, 0x00000000842a0000)
 concurrent mark-sweep generation total 87424K, used 35658K [0x00000000964c0000, 0x000000009ba20000, 0x0000000100000000)
 Metaspace       used 44612K, capacity 46696K, committed 46920K, reserved 1089536K
  class space    used 5795K, capacity 6196K, committed 6216K, reserved 1048576K
2019-05-24T17:22:30.955+0800: 40.258: [GC (Allocation Failure) 2019-05-24T17:22:30.955+0800: 40.258: [ParNew: 38039K->2778K(39296K), 0.0066981 secs] 73698K->38807K(126720K), 0.0069899 secs] [Times: user=0.00 sys=0.00, real=0.01 secs] 
Heap after GC invocations=117 (full 2):
 par new generation   total 39296K, used 2778K [0x0000000081800000, 0x00000000842a0000, 0x00000000964c0000)
  eden space 34944K,   0% used [0x0000000081800000, 0x0000000081800000, 0x0000000083a20000)
  from space 4352K,  63% used [0x0000000083e60000, 0x00000000841168a0, 0x00000000842a0000)
  to   space 4352K,   0% used [0x0000000083a20000, 0x0000000083a20000, 0x0000000083e60000)
 concurrent mark-sweep generation total 87424K, used 36029K [0x00000000964c0000, 0x000000009ba20000, 0x0000000100000000)
 Metaspace       used 44612K, capacity 46696K, committed 46920K, reserved 1089536K
  class space    used 5795K, capacity 6196K, committed 6216K, reserved 1048576K
}
2019-05-24T17:22:31.016+0800: 40.319: Application time: 0.0539454 seconds
2019-05-24T17:22:31.016+0800: 40.319: Application time: 0.0000415 seconds
2019-05-24T17:22:31.090+0800: 40.393: Application time: 0.0731545 seconds
2019-05-24T17:22:32.090+0800: 41.394: Application time: 1.0007344 seconds
2019-05-24T17:22:32.097+0800: 41.401: Application time: 0.0072880 seconds
2019-05-24T17:22:32.475+0800: 41.779: Application time: 0.3769531 seconds
2019-05-24T17:22:32.507+0800: 41.810: Application time: 0.0311757 seconds
{Heap before GC invocations=117 (full 2):
 par new generation   total 39296K, used 37722K [0x0000000081800000, 0x00000000842a0000, 0x00000000964c0000)
  eden space 34944K, 100% used [0x0000000081800000, 0x0000000083a20000, 0x0000000083a20000)
  from space 4352K,  63% used [0x0000000083e60000, 0x00000000841168a0, 0x00000000842a0000)
  to   space 4352K,   0% used [0x0000000083a20000, 0x0000000083a20000, 0x0000000083e60000)
 concurrent mark-sweep generation total 87424K, used 36029K [0x00000000964c0000, 0x000000009ba20000, 0x0000000100000000)
 Metaspace       used 47030K, capacity 49066K, committed 49224K, reserved 1091584K
  class space    used 6029K, capacity 6433K, committed 6472K, reserved 1048576K
2019-05-24T17:22:32.507+0800: 41.810: [GC (Allocation Failure) 2019-05-24T17:22:32.507+0800: 41.811: [ParNew: 37722K->4169K(39296K), 0.0055029 secs] 73751K->40373K(126720K), 0.0057372 secs] [Times: user=0.06 sys=0.00, real=0.01 secs] 
Heap after GC invocations=118 (full 2):
 par new generation   total 39296K, used 4169K [0x0000000081800000, 0x00000000842a0000, 0x00000000964c0000)
  eden space 34944K,   0% used [0x0000000081800000, 0x0000000081800000, 0x0000000083a20000)
  from space 4352K,  95% used [0x0000000083a20000, 0x0000000083e327d0, 0x0000000083e60000)
  to   space 4352K,   0% used [0x0000000083e60000, 0x0000000083e60000, 0x00000000842a0000)
 concurrent mark-sweep generation total 87424K, used 36203K [0x00000000964c0000, 0x000000009ba20000, 0x0000000100000000)
 Metaspace       used 47030K, capacity 49066K, committed 49224K, reserved 1091584K
  class space    used 6029K, capacity 6433K, committed 6472K, reserved 1048576K
}
2019-05-24T17:22:32.600+0800: 41.904: Application time: 0.0875065 seconds
2019-05-24T17:22:32.630+0800: 41.933: Application time: 0.0071196 seconds
{Heap before GC invocations=118 (full 2):
 par new generation   total 39296K, used 39099K [0x0000000081800000, 0x00000000842a0000, 0x00000000964c0000)
  eden space 34944K,  99% used [0x0000000081800000, 0x0000000083a1c5c0, 0x0000000083a20000)
  from space 4352K,  95% used [0x0000000083a20000, 0x0000000083e327d0, 0x0000000083e60000)
  to   space 4352K,   0% used [0x0000000083e60000, 0x0000000083e60000, 0x00000000842a0000)
 concurrent mark-sweep generation total 87424K, used 36203K [0x00000000964c0000, 0x000000009ba20000, 0x0000000100000000)
 Metaspace       used 47117K, capacity 49238K, committed 49480K, reserved 1091584K
  class space    used 6041K, capacity 6467K, committed 6472K, reserved 1048576K
2019-05-24T17:22:32.630+0800: 41.933: [GC (Allocation Failure) 2019-05-24T17:22:32.630+0800: 41.933: [ParNew: 39099K->2778K(39296K), 0.0089219 secs] 75303K->40046K(126720K), 0.0091688 secs] [Times: user=0.08 sys=0.00, real=0.01 secs] 
Heap after GC invocations=119 (full 2):
 par new generation   total 39296K, used 2778K [0x0000000081800000, 0x00000000842a0000, 0x00000000964c0000)
  eden space 34944K,   0% used [0x0000000081800000, 0x0000000081800000, 0x0000000083a20000)
  from space 4352K,  63% used [0x0000000083e60000, 0x0000000084116890, 0x00000000842a0000)
  to   space 4352K,   0% used [0x0000000083a20000, 0x0000000083a20000, 0x0000000083e60000)
 concurrent mark-sweep generation total 87424K, used 37268K [0x00000000964c0000, 0x000000009ba20000, 0x0000000100000000)
 Metaspace       used 47117K, capacity 49238K, committed 49480K, reserved 1091584K
  class space    used 6041K, capacity 6467K, committed 6472K, reserved 1048576K
}
2019-05-24T17:22:32.663+0800: 41.967: Application time: 0.0245800 seconds
2019-05-24T17:22:32.705+0800: 42.008: Application time: 0.0406755 seconds
2019-05-24T17:22:32.921+0800: 42.224: Application time: 0.2161322 seconds
{Heap before GC invocations=119 (full 2):
 par new generation   total 39296K, used 37722K [0x0000000081800000, 0x00000000842a0000, 0x00000000964c0000)
  eden space 34944K, 100% used [0x0000000081800000, 0x0000000083a20000, 0x0000000083a20000)
  from space 4352K,  63% used [0x0000000083e60000, 0x0000000084116890, 0x00000000842a0000)
  to   space 4352K,   0% used [0x0000000083a20000, 0x0000000083a20000, 0x0000000083e60000)
 concurrent mark-sweep generation total 87424K, used 37268K [0x00000000964c0000, 0x000000009ba20000, 0x0000000100000000)
 Metaspace       used 47270K, capacity 49384K, committed 49480K, reserved 1091584K
  class space    used 6055K, capacity 6470K, committed 6472K, reserved 1048576K
2019-05-24T17:22:32.921+0800: 42.225: [GC (Allocation Failure) 2019-05-24T17:22:32.921+0800: 42.225: [ParNew: 37722K->2799K(39296K), 0.0033792 secs] 74990K->40067K(126720K), 0.0035834 secs] [Times: user=0.00 sys=0.00, real=0.00 secs] 
Heap after GC invocations=120 (full 2):
 par new generation   total 39296K, used 2799K [0x0000000081800000, 0x00000000842a0000, 0x00000000964c0000)
  eden space 34944K,   0% used [0x0000000081800000, 0x0000000081800000, 0x0000000083a20000)
  from space 4352K,  64% used [0x0000000083a20000, 0x0000000083cdbc70, 0x0000000083e60000)
  to   space 4352K,   0% used [0x0000000083e60000, 0x0000000083e60000, 0x00000000842a0000)
 concurrent mark-sweep generation total 87424K, used 37268K [0x00000000964c0000, 0x000000009ba20000, 0x0000000100000000)
 Metaspace       used 47270K, capacity 49384K, committed 49480K, reserved 1091584K
  class space    used 6055K, capacity 6470K, committed 6472K, reserved 1048576K
}
2019-05-24T17:22:33.316+0800: 42.619: Application time: 0.3908613 seconds
{Heap before GC invocations=120 (full 2):
 par new generation   total 39296K, used 37743K [0x0000000081800000, 0x00000000842a0000, 0x00000000964c0000)
  eden space 34944K, 100% used [0x0000000081800000, 0x0000000083a20000, 0x0000000083a20000)
  from space 4352K,  64% used [0x0000000083a20000, 0x0000000083cdbc70, 0x0000000083e60000)
  to   space 4352K,   0% used [0x0000000083e60000, 0x0000000083e60000, 0x00000000842a0000)
 concurrent mark-sweep generation total 87424K, used 37268K [0x00000000964c0000, 0x000000009ba20000, 0x0000000100000000)
 Metaspace       used 48349K, capacity 50484K, committed 50760K, reserved 1093632K
  class space    used 6184K, capacity 6602K, committed 6728K, reserved 1048576K
2019-05-24T17:22:33.316+0800: 42.619: [GC (Allocation Failure) 2019-05-24T17:22:33.316+0800: 42.620: [ParNew: 37743K->3352K(39296K), 0.0047593 secs] 75011K->40806K(126720K), 0.0049556 secs] [Times: user=0.00 sys=0.00, real=0.01 secs] 
Heap after GC invocations=121 (full 2):
 par new generation   total 39296K, used 3352K [0x0000000081800000, 0x00000000842a0000, 0x00000000964c0000)
  eden space 34944K,   0% used [0x0000000081800000, 0x0000000081800000, 0x0000000083a20000)
  from space 4352K,  77% used [0x0000000083e60000, 0x00000000841a6038, 0x00000000842a0000)
  to   space 4352K,   0% used [0x0000000083a20000, 0x0000000083a20000, 0x0000000083e60000)
 concurrent mark-sweep generation total 87424K, used 37454K [0x00000000964c0000, 0x000000009ba20000, 0x0000000100000000)
 Metaspace       used 48349K, capacity 50484K, committed 50760K, reserved 1093632K
  class space    used 6184K, capacity 6602K, committed 6728K, reserved 1048576K
}
2019-05-24T17:22:33.526+0800: 42.830: Application time: 0.2053404 seconds
{Heap before GC invocations=121 (full 2):
 par new generation   total 39296K, used 38296K [0x0000000081800000, 0x00000000842a0000, 0x00000000964c0000)
  eden space 34944K, 100% used [0x0000000081800000, 0x0000000083a20000, 0x0000000083a20000)
  from space 4352K,  77% used [0x0000000083e60000, 0x00000000841a6038, 0x00000000842a0000)
  to   space 4352K,   0% used [0x0000000083a20000, 0x0000000083a20000, 0x0000000083e60000)
 concurrent mark-sweep generation total 87424K, used 37454K [0x00000000964c0000, 0x000000009ba20000, 0x0000000100000000)
 Metaspace       used 48848K, capacity 50996K, committed 51400K, reserved 1093632K
  class space    used 6298K, capacity 6730K, committed 6856K, reserved 1048576K
2019-05-24T17:22:33.527+0800: 42.830: [GC (Allocation Failure) 2019-05-24T17:22:33.527+0800: 42.830: [ParNew: 38296K->3123K(39296K), 0.0057173 secs] 75750K->41584K(126720K), 0.0058743 secs] [Times: user=0.00 sys=0.00, real=0.01 secs] 
Heap after GC invocations=122 (full 2):
 par new generation   total 39296K, used 3123K [0x0000000081800000, 0x00000000842a0000, 0x00000000964c0000)
  eden space 34944K,   0% used [0x0000000081800000, 0x0000000081800000, 0x0000000083a20000)
  from space 4352K,  71% used [0x0000000083a20000, 0x0000000083d2cd38, 0x0000000083e60000)
  to   space 4352K,   0% used [0x0000000083e60000, 0x0000000083e60000, 0x00000000842a0000)
 concurrent mark-sweep generation total 87424K, used 38460K [0x00000000964c0000, 0x000000009ba20000, 0x0000000100000000)
 Metaspace       used 48848K, capacity 50996K, committed 51400K, reserved 1093632K
  class space    used 6298K, capacity 6730K, committed 6856K, reserved 1048576K
}
2019-05-24T17:22:33.853+0800: 43.157: Application time: 0.3204186 seconds
{Heap before GC invocations=122 (full 2):
 par new generation   total 39296K, used 38067K [0x0000000081800000, 0x00000000842a0000, 0x00000000964c0000)
  eden space 34944K, 100% used [0x0000000081800000, 0x0000000083a20000, 0x0000000083a20000)
  from space 4352K,  71% used [0x0000000083a20000, 0x0000000083d2cd38, 0x0000000083e60000)
  to   space 4352K,   0% used [0x0000000083e60000, 0x0000000083e60000, 0x00000000842a0000)
 concurrent mark-sweep generation total 87424K, used 38460K [0x00000000964c0000, 0x000000009ba20000, 0x0000000100000000)
 Metaspace       used 49320K, capacity 51464K, committed 51656K, reserved 1093632K
  class space    used 6380K, capacity 6798K, committed 6856K, reserved 1048576K
2019-05-24T17:22:33.853+0800: 43.157: [GC (Allocation Failure) 2019-05-24T17:22:33.853+0800: 43.157: [ParNew: 38067K->1883K(39296K), 0.0030174 secs] 76528K->40344K(126720K), 0.0032165 secs] [Times: user=0.06 sys=0.00, real=0.00 secs] 
Heap after GC invocations=123 (full 2):
 par new generation   total 39296K, used 1883K [0x0000000081800000, 0x00000000842a0000, 0x00000000964c0000)
  eden space 34944K,   0% used [0x0000000081800000, 0x0000000081800000, 0x0000000083a20000)
  from space 4352K,  43% used [0x0000000083e60000, 0x0000000084036ec0, 0x00000000842a0000)
  to   space 4352K,   0% used [0x0000000083a20000, 0x0000000083a20000, 0x0000000083e60000)
 concurrent mark-sweep generation total 87424K, used 38460K [0x00000000964c0000, 0x000000009ba20000, 0x0000000100000000)
 Metaspace       used 49320K, capacity 51464K, committed 51656K, reserved 1093632K
  class space    used 6380K, capacity 6798K, committed 6856K, reserved 1048576K
}
2019-05-24T17:22:34.365+0800: 43.668: Application time: 0.5076678 seconds
{Heap before GC invocations=123 (full 2):
 par new generation   total 39296K, used 36827K [0x0000000081800000, 0x00000000842a0000, 0x00000000964c0000)
  eden space 34944K, 100% used [0x0000000081800000, 0x0000000083a20000, 0x0000000083a20000)
  from space 4352K,  43% used [0x0000000083e60000, 0x0000000084036ec0, 0x00000000842a0000)
  to   space 4352K,   0% used [0x0000000083a20000, 0x0000000083a20000, 0x0000000083e60000)
 concurrent mark-sweep generation total 87424K, used 38460K [0x00000000964c0000, 0x000000009ba20000, 0x0000000100000000)
 Metaspace       used 49787K, capacity 51912K, committed 52296K, reserved 1095680K
  class space    used 6442K, capacity 6862K, committed 6984K, reserved 1048576K
2019-05-24T17:22:34.365+0800: 43.668: [GC (Allocation Failure) 2019-05-24T17:22:34.365+0800: 43.668: [ParNew: 36827K->2459K(39296K), 0.0036540 secs] 75288K->40919K(126720K), 0.0038576 secs] [Times: user=0.00 sys=0.00, real=0.00 secs] 
Heap after GC invocations=124 (full 2):
 par new generation   total 39296K, used 2459K [0x0000000081800000, 0x00000000842a0000, 0x00000000964c0000)
  eden space 34944K,   0% used [0x0000000081800000, 0x0000000081800000, 0x0000000083a20000)
  from space 4352K,  56% used [0x0000000083a20000, 0x0000000083c86cc8, 0x0000000083e60000)
  to   space 4352K,   0% used [0x0000000083e60000, 0x0000000083e60000, 0x00000000842a0000)
 concurrent mark-sweep generation total 87424K, used 38460K [0x00000000964c0000, 0x000000009ba20000, 0x0000000100000000)
 Metaspace       used 49787K, capacity 51912K, committed 52296K, reserved 1095680K
  class space    used 6442K, capacity 6862K, committed 6984K, reserved 1048576K
}
2019-05-24T17:22:35.370+0800: 44.673: Application time: 1.0005837 seconds
2019-05-24T17:22:35.964+0800: 45.267: Application time: 0.5944108 seconds
{Heap before GC invocations=124 (full 2):
 par new generation   total 39296K, used 37403K [0x0000000081800000, 0x00000000842a0000, 0x00000000964c0000)
  eden space 34944K, 100% used [0x0000000081800000, 0x0000000083a20000, 0x0000000083a20000)
  from space 4352K,  56% used [0x0000000083a20000, 0x0000000083c86cc8, 0x0000000083e60000)
  to   space 4352K,   0% used [0x0000000083e60000, 0x0000000083e60000, 0x00000000842a0000)
 concurrent mark-sweep generation total 87424K, used 38460K [0x00000000964c0000, 0x000000009ba20000, 0x0000000100000000)
 Metaspace       used 49892K, capacity 52044K, committed 52296K, reserved 1095680K
  class space    used 6455K, capacity 6862K, committed 6984K, reserved 1048576K
2019-05-24T17:22:35.964+0800: 45.267: [GC (Allocation Failure) 2019-05-24T17:22:35.964+0800: 45.268: [ParNew: 37403K->2245K(39296K), 0.0092746 secs] 75863K->40706K(126720K), 0.0094965 secs] [Times: user=0.00 sys=0.00, real=0.01 secs] 
Heap after GC invocations=125 (full 2):
 par new generation   total 39296K, used 2245K [0x0000000081800000, 0x00000000842a0000, 0x00000000964c0000)
  eden space 34944K,   0% used [0x0000000081800000, 0x0000000081800000, 0x0000000083a20000)
  from space 4352K,  51% used [0x0000000083e60000, 0x00000000840915c8, 0x00000000842a0000)
  to   space 4352K,   0% used [0x0000000083a20000, 0x0000000083a20000, 0x0000000083e60000)
 concurrent mark-sweep generation total 87424K, used 38460K [0x00000000964c0000, 0x000000009ba20000, 0x0000000100000000)
 Metaspace       used 49892K, capacity 52044K, committed 52296K, reserved 1095680K
  class space    used 6455K, capacity 6862K, committed 6984K, reserved 1048576K
}
2019-05-24T17:22:36.979+0800: 46.282: Application time: 1.0051081 seconds
2019-05-24T17:22:37.851+0800: 47.154: Application time: 0.8717014 seconds
{Heap before GC invocations=125 (full 2):
 par new generation   total 39296K, used 36888K [0x0000000081800000, 0x00000000842a0000, 0x00000000964c0000)
  eden space 34944K,  99% used [0x0000000081800000, 0x00000000839d4d38, 0x0000000083a20000)
  from space 4352K,  51% used [0x0000000083e60000, 0x00000000840915c8, 0x00000000842a0000)
  to   space 4352K,   0% used [0x0000000083a20000, 0x0000000083a20000, 0x0000000083e60000)
 concurrent mark-sweep generation total 87424K, used 38460K [0x00000000964c0000, 0x000000009ba20000, 0x0000000100000000)
 Metaspace       used 49895K, capacity 52048K, committed 52296K, reserved 1095680K
  class space    used 6455K, capacity 6862K, committed 6984K, reserved 1048576K
2019-05-24T17:22:37.851+0800: 47.154: [GC (Allocation Failure) 2019-05-24T17:22:37.851+0800: 47.154: [ParNew: 36888K->2451K(39296K), 0.0027716 secs] 75349K->40911K(126720K), 0.0030049 secs] [Times: user=0.00 sys=0.00, real=0.00 secs] 
Heap after GC invocations=126 (full 2):
 par new generation   total 39296K, used 2451K [0x0000000081800000, 0x00000000842a0000, 0x00000000964c0000)
  eden space 34944K,   0% used [0x0000000081800000, 0x0000000081800000, 0x0000000083a20000)
  from space 4352K,  56% used [0x0000000083a20000, 0x0000000083c84cf8, 0x0000000083e60000)
  to   space 4352K,   0% used [0x0000000083e60000, 0x0000000083e60000, 0x00000000842a0000)
 concurrent mark-sweep generation total 87424K, used 38460K [0x00000000964c0000, 0x000000009ba20000, 0x0000000100000000)
 Metaspace       used 49895K, capacity 52048K, committed 52296K, reserved 1095680K
  class space    used 6455K, capacity 6862K, committed 6984K, reserved 1048576K
}
2019-05-24T17:22:41.384+0800: 50.687: Application time: 3.5290904 seconds
{Heap before GC invocations=126 (full 2):
 par new generation   total 39296K, used 37093K [0x0000000081800000, 0x00000000842a0000, 0x00000000964c0000)
  eden space 34944K,  99% used [0x0000000081800000, 0x00000000839d4990, 0x0000000083a20000)
  from space 4352K,  56% used [0x0000000083a20000, 0x0000000083c84cf8, 0x0000000083e60000)
  to   space 4352K,   0% used [0x0000000083e60000, 0x0000000083e60000, 0x00000000842a0000)
 concurrent mark-sweep generation total 87424K, used 38460K [0x00000000964c0000, 0x000000009ba20000, 0x0000000100000000)
 Metaspace       used 49899K, capacity 52048K, committed 52296K, reserved 1095680K
  class space    used 6455K, capacity 6862K, committed 6984K, reserved 1048576K
2019-05-24T17:22:41.384+0800: 50.687: [GC (Allocation Failure) 2019-05-24T17:22:41.384+0800: 50.687: [ParNew: 37093K->4352K(39296K), 0.0056917 secs] 75554K->44201K(126720K), 0.0058732 secs] [Times: user=0.06 sys=0.00, real=0.00 secs] 
Heap after GC invocations=127 (full 2):
 par new generation   total 39296K, used 4352K [0x0000000081800000, 0x00000000842a0000, 0x00000000964c0000)
  eden space 34944K,   0% used [0x0000000081800000, 0x0000000081800000, 0x0000000083a20000)
  from space 4352K, 100% used [0x0000000083e60000, 0x00000000842a0000, 0x00000000842a0000)
  to   space 4352K,   0% used [0x0000000083a20000, 0x0000000083a20000, 0x0000000083e60000)
 concurrent mark-sweep generation total 87424K, used 39849K [0x00000000964c0000, 0x000000009ba20000, 0x0000000100000000)
 Metaspace       used 49899K, capacity 52048K, committed 52296K, reserved 1095680K
  class space    used 6455K, capacity 6862K, committed 6984K, reserved 1048576K
}
2019-05-24T17:22:42.341+0800: 51.645: Application time: 0.9517548 seconds
{Heap before GC invocations=127 (full 2):
 par new generation   total 39296K, used 39292K [0x0000000081800000, 0x00000000842a0000, 0x00000000964c0000)
  eden space 34944K,  99% used [0x0000000081800000, 0x0000000083a1f048, 0x0000000083a20000)
  from space 4352K, 100% used [0x0000000083e60000, 0x00000000842a0000, 0x00000000842a0000)
  to   space 4352K,   0% used [0x0000000083a20000, 0x0000000083a20000, 0x0000000083e60000)
 concurrent mark-sweep generation total 87424K, used 39849K [0x00000000964c0000, 0x000000009ba20000, 0x0000000100000000)
 Metaspace       used 49917K, capacity 52048K, committed 52296K, reserved 1095680K
  class space    used 6456K, capacity 6862K, committed 6984K, reserved 1048576K
2019-05-24T17:22:42.341+0800: 51.645: [GC (Allocation Failure) 2019-05-24T17:22:42.342+0800: 51.645: [ParNew: 39292K->3600K(39296K), 0.0077784 secs] 79141K->47413K(126720K), 0.0080060 secs] [Times: user=0.00 sys=0.00, real=0.01 secs] 
Heap after GC invocations=128 (full 2):
 par new generation   total 39296K, used 3600K [0x0000000081800000, 0x00000000842a0000, 0x00000000964c0000)
  eden space 34944K,   0% used [0x0000000081800000, 0x0000000081800000, 0x0000000083a20000)
  from space 4352K,  82% used [0x0000000083a20000, 0x0000000083da41a0, 0x0000000083e60000)
  to   space 4352K,   0% used [0x0000000083e60000, 0x0000000083e60000, 0x00000000842a0000)
 concurrent mark-sweep generation total 87424K, used 43813K [0x00000000964c0000, 0x000000009ba20000, 0x0000000100000000)
 Metaspace       used 49917K, capacity 52048K, committed 52296K, reserved 1095680K
  class space    used 6456K, capacity 6862K, committed 6984K, reserved 1048576K
}
2019-05-24T17:22:42.570+0800: 51.874: Application time: 0.2209308 seconds
{Heap before GC invocations=128 (full 2):
 par new generation   total 39296K, used 38544K [0x0000000081800000, 0x00000000842a0000, 0x00000000964c0000)
  eden space 34944K, 100% used [0x0000000081800000, 0x0000000083a20000, 0x0000000083a20000)
  from space 4352K,  82% used [0x0000000083a20000, 0x0000000083da41a0, 0x0000000083e60000)
  to   space 4352K,   0% used [0x0000000083e60000, 0x0000000083e60000, 0x00000000842a0000)
 concurrent mark-sweep generation total 87424K, used 43813K [0x00000000964c0000, 0x000000009ba20000, 0x0000000100000000)
 Metaspace       used 50315K, capacity 52464K, committed 52552K, reserved 1095680K
  class space    used 6556K, capacity 6958K, committed 6984K, reserved 1048576K
2019-05-24T17:22:42.571+0800: 51.874: [GC (Allocation Failure) 2019-05-24T17:22:42.571+0800: 51.874: [ParNew: 38544K->1097K(39296K), 0.0015440 secs] 82357K->44910K(126720K), 0.0017271 secs] [Times: user=0.00 sys=0.00, real=0.00 secs] 
Heap after GC invocations=129 (full 2):
 par new generation   total 39296K, used 1097K [0x0000000081800000, 0x00000000842a0000, 0x00000000964c0000)
  eden space 34944K,   0% used [0x0000000081800000, 0x0000000081800000, 0x0000000083a20000)
  from space 4352K,  25% used [0x0000000083e60000, 0x0000000083f724c8, 0x00000000842a0000)
  to   space 4352K,   0% used [0x0000000083a20000, 0x0000000083a20000, 0x0000000083e60000)
 concurrent mark-sweep generation total 87424K, used 43813K [0x00000000964c0000, 0x000000009ba20000, 0x0000000100000000)
 Metaspace       used 50315K, capacity 52464K, committed 52552K, reserved 1095680K
  class space    used 6556K, capacity 6958K, committed 6984K, reserved 1048576K
}
2019-05-24T17:22:43.039+0800: 52.342: Application time: 0.4656707 seconds
{Heap before GC invocations=129 (full 2):
 par new generation   total 39296K, used 36041K [0x0000000081800000, 0x00000000842a0000, 0x00000000964c0000)
  eden space 34944K, 100% used [0x0000000081800000, 0x0000000083a20000, 0x0000000083a20000)
  from space 4352K,  25% used [0x0000000083e60000, 0x0000000083f724c8, 0x00000000842a0000)
  to   space 4352K,   0% used [0x0000000083a20000, 0x0000000083a20000, 0x0000000083e60000)
 concurrent mark-sweep generation total 87424K, used 43813K [0x00000000964c0000, 0x000000009ba20000, 0x0000000100000000)
 Metaspace       used 51036K, capacity 53152K, committed 53576K, reserved 1095680K
  class space    used 6704K, capacity 7126K, committed 7240K, reserved 1048576K
2019-05-24T17:22:43.039+0800: 52.342: [GC (Allocation Failure) 2019-05-24T17:22:43.039+0800: 52.342: [ParNew: 36041K->956K(39296K), 0.0024804 secs] 79854K->44769K(126720K), 0.0026891 secs] [Times: user=0.00 sys=0.00, real=0.00 secs] 
Heap after GC invocations=130 (full 2):
 par new generation   total 39296K, used 956K [0x0000000081800000, 0x00000000842a0000, 0x00000000964c0000)
  eden space 34944K,   0% used [0x0000000081800000, 0x0000000081800000, 0x0000000083a20000)
  from space 4352K,  21% used [0x0000000083a20000, 0x0000000083b0f138, 0x0000000083e60000)
  to   space 4352K,   0% used [0x0000000083e60000, 0x0000000083e60000, 0x00000000842a0000)
 concurrent mark-sweep generation total 87424K, used 43813K [0x00000000964c0000, 0x000000009ba20000, 0x0000000100000000)
 Metaspace       used 51036K, capacity 53152K, committed 53576K, reserved 1095680K
  class space    used 6704K, capacity 7126K, committed 7240K, reserved 1048576K
}
2019-05-24T17:22:43.190+0800: 52.493: Application time: 0.1483827 seconds
2019-05-24T17:22:43.626+0800: 52.930: Application time: 0.4355560 seconds
{Heap before GC invocations=130 (full 2):
 par new generation   total 39296K, used 35900K [0x0000000081800000, 0x00000000842a0000, 0x00000000964c0000)
  eden space 34944K, 100% used [0x0000000081800000, 0x0000000083a20000, 0x0000000083a20000)
  from space 4352K,  21% used [0x0000000083a20000, 0x0000000083b0f138, 0x0000000083e60000)
  to   space 4352K,   0% used [0x0000000083e60000, 0x0000000083e60000, 0x00000000842a0000)
 concurrent mark-sweep generation total 87424K, used 43813K [0x00000000964c0000, 0x000000009ba20000, 0x0000000100000000)
 Metaspace       used 52119K, capacity 54240K, committed 54472K, reserved 1095680K
  class space    used 6860K, capacity 7254K, committed 7368K, reserved 1048576K
2019-05-24T17:22:43.626+0800: 52.930: [GC (Allocation Failure) 2019-05-24T17:22:43.627+0800: 52.930: [ParNew: 35900K->1347K(39296K), 0.0027386 secs] 79713K->45160K(126720K), 0.0029537 secs] [Times: user=0.00 sys=0.00, real=0.00 secs] 
Heap after GC invocations=131 (full 2):
 par new generation   total 39296K, used 1347K [0x0000000081800000, 0x00000000842a0000, 0x00000000964c0000)
  eden space 34944K,   0% used [0x0000000081800000, 0x0000000081800000, 0x0000000083a20000)
  from space 4352K,  30% used [0x0000000083e60000, 0x0000000083fb0d10, 0x00000000842a0000)
  to   space 4352K,   0% used [0x0000000083a20000, 0x0000000083a20000, 0x0000000083e60000)
 concurrent mark-sweep generation total 87424K, used 43813K [0x00000000964c0000, 0x000000009ba20000, 0x0000000100000000)
 Metaspace       used 52119K, capacity 54240K, committed 54472K, reserved 1095680K
  class space    used 6860K, capacity 7254K, committed 7368K, reserved 1048576K
}
2019-05-24T17:22:43.757+0800: 53.061: Application time: 0.1273639 seconds
2019-05-24T17:22:44.015+0800: 53.318: Application time: 0.2560796 seconds
2019-05-24T17:22:44.045+0800: 53.348: Application time: 0.0285656 seconds
{Heap before GC invocations=131 (full 2):
 par new generation   total 39296K, used 36291K [0x0000000081800000, 0x00000000842a0000, 0x00000000964c0000)
  eden space 34944K, 100% used [0x0000000081800000, 0x0000000083a20000, 0x0000000083a20000)
  from space 4352K,  30% used [0x0000000083e60000, 0x0000000083fb0d10, 0x00000000842a0000)
  to   space 4352K,   0% used [0x0000000083a20000, 0x0000000083a20000, 0x0000000083e60000)
 concurrent mark-sweep generation total 87424K, used 43813K [0x00000000964c0000, 0x000000009ba20000, 0x0000000100000000)
 Metaspace       used 52846K, capacity 54994K, committed 55240K, reserved 1097728K
  class space    used 6953K, capacity 7353K, committed 7368K, reserved 1048576K
2019-05-24T17:22:44.045+0800: 53.348: [GC (Allocation Failure) 2019-05-24T17:22:44.045+0800: 53.348: [ParNew: 36291K->1310K(39296K), 0.0029969 secs] 80104K->45123K(126720K), 0.0032279 secs] [Times: user=0.00 sys=0.00, real=0.00 secs] 
Heap after GC invocations=132 (full 2):
 par new generation   total 39296K, used 1310K [0x0000000081800000, 0x00000000842a0000, 0x00000000964c0000)
  eden space 34944K,   0% used [0x0000000081800000, 0x0000000081800000, 0x0000000083a20000)
  from space 4352K,  30% used [0x0000000083a20000, 0x0000000083b67b90, 0x0000000083e60000)
  to   space 4352K,   0% used [0x0000000083e60000, 0x0000000083e60000, 0x00000000842a0000)
 concurrent mark-sweep generation total 87424K, used 43813K [0x00000000964c0000, 0x000000009ba20000, 0x0000000100000000)
 Metaspace       used 52846K, capacity 54994K, committed 55240K, reserved 1097728K
  class space    used 6953K, capacity 7353K, committed 7368K, reserved 1048576K
}
2019-05-24T17:22:44.062+0800: 53.366: Application time: 0.0141613 seconds
2019-05-24T17:22:44.675+0800: 53.978: Application time: 0.6114609 seconds
{Heap before GC invocations=132 (full 2):
 par new generation   total 39296K, used 36254K [0x0000000081800000, 0x00000000842a0000, 0x00000000964c0000)
  eden space 34944K, 100% used [0x0000000081800000, 0x0000000083a20000, 0x0000000083a20000)
  from space 4352K,  30% used [0x0000000083a20000, 0x0000000083b67b90, 0x0000000083e60000)
  to   space 4352K,   0% used [0x0000000083e60000, 0x0000000083e60000, 0x00000000842a0000)
 concurrent mark-sweep generation total 87424K, used 43813K [0x00000000964c0000, 0x000000009ba20000, 0x0000000100000000)
 Metaspace       used 53662K, capacity 55812K, committed 56136K, reserved 1097728K
  class space    used 7053K, capacity 7452K, committed 7496K, reserved 1048576K
2019-05-24T17:22:44.675+0800: 53.979: [GC (Allocation Failure) 2019-05-24T17:22:44.675+0800: 53.979: [ParNew: 36254K->1967K(39296K), 0.0031858 secs] 80067K->45780K(126720K), 0.0034054 secs] [Times: user=0.00 sys=0.00, real=0.00 secs] 
Heap after GC invocations=133 (full 2):
 par new generation   total 39296K, used 1967K [0x0000000081800000, 0x00000000842a0000, 0x00000000964c0000)
  eden space 34944K,   0% used [0x0000000081800000, 0x0000000081800000, 0x0000000083a20000)
  from space 4352K,  45% used [0x0000000083e60000, 0x000000008404bd50, 0x00000000842a0000)
  to   space 4352K,   0% used [0x0000000083a20000, 0x0000000083a20000, 0x0000000083e60000)
 concurrent mark-sweep generation total 87424K, used 43813K [0x00000000964c0000, 0x000000009ba20000, 0x0000000100000000)
 Metaspace       used 53662K, capacity 55812K, committed 56136K, reserved 1097728K
  class space    used 7053K, capacity 7452K, committed 7496K, reserved 1048576K
}
2019-05-24T17:22:45.168+0800: 54.471: Application time: 0.4890003 seconds
{Heap before GC invocations=133 (full 2):
 par new generation   total 39296K, used 36911K [0x0000000081800000, 0x00000000842a0000, 0x00000000964c0000)
  eden space 34944K, 100% used [0x0000000081800000, 0x0000000083a20000, 0x0000000083a20000)
  from space 4352K,  45% used [0x0000000083e60000, 0x000000008404bd50, 0x00000000842a0000)
  to   space 4352K,   0% used [0x0000000083a20000, 0x0000000083a20000, 0x0000000083e60000)
 concurrent mark-sweep generation total 87424K, used 43813K [0x00000000964c0000, 0x000000009ba20000, 0x0000000100000000)
 Metaspace       used 54035K, capacity 56196K, committed 56520K, reserved 1097728K
  class space    used 7102K, capacity 7516K, committed 7624K, reserved 1048576K
2019-05-24T17:22:45.168+0800: 54.471: [GC (Allocation Failure) 2019-05-24T17:22:45.168+0800: 54.471: [ParNew: 36911K->1522K(39296K), 0.0032745 secs] 80724K->45335K(126720K), 0.0034702 secs] [Times: user=0.00 sys=0.00, real=0.00 secs] 
Heap after GC invocations=134 (full 2):
 par new generation   total 39296K, used 1522K [0x0000000081800000, 0x00000000842a0000, 0x00000000964c0000)
  eden space 34944K,   0% used [0x0000000081800000, 0x0000000081800000, 0x0000000083a20000)
  from space 4352K,  34% used [0x0000000083a20000, 0x0000000083b9c848, 0x0000000083e60000)
  to   space 4352K,   0% used [0x0000000083e60000, 0x0000000083e60000, 0x00000000842a0000)
 concurrent mark-sweep generation total 87424K, used 43813K [0x00000000964c0000, 0x000000009ba20000, 0x0000000100000000)
 Metaspace       used 54035K, capacity 56196K, committed 56520K, reserved 1097728K
  class space    used 7102K, capacity 7516K, committed 7624K, reserved 1048576K
}
2019-05-24T17:22:45.684+0800: 54.988: Application time: 0.5126558 seconds
{Heap before GC invocations=134 (full 2):
 par new generation   total 39296K, used 36466K [0x0000000081800000, 0x00000000842a0000, 0x00000000964c0000)
  eden space 34944K, 100% used [0x0000000081800000, 0x0000000083a20000, 0x0000000083a20000)
  from space 4352K,  34% used [0x0000000083a20000, 0x0000000083b9c848, 0x0000000083e60000)
  to   space 4352K,   0% used [0x0000000083e60000, 0x0000000083e60000, 0x00000000842a0000)
 concurrent mark-sweep generation total 87424K, used 43813K [0x00000000964c0000, 0x000000009ba20000, 0x0000000100000000)
 Metaspace       used 54610K, capacity 56764K, committed 57032K, reserved 1099776K
  class space    used 7174K, capacity 7596K, committed 7624K, reserved 1048576K
2019-05-24T17:22:45.685+0800: 54.988: [GC (Allocation Failure) 2019-05-24T17:22:45.685+0800: 54.988: [ParNew: 36466K->2524K(39296K), 0.0041421 secs] 80279K->46337K(126720K), 0.0044959 secs] [Times: user=0.00 sys=0.00, real=0.00 secs] 
Heap after GC invocations=135 (full 2):
 par new generation   total 39296K, used 2524K [0x0000000081800000, 0x00000000842a0000, 0x00000000964c0000)
  eden space 34944K,   0% used [0x0000000081800000, 0x0000000081800000, 0x0000000083a20000)
  from space 4352K,  58% used [0x0000000083e60000, 0x00000000840d7340, 0x00000000842a0000)
  to   space 4352K,   0% used [0x0000000083a20000, 0x0000000083a20000, 0x0000000083e60000)
 concurrent mark-sweep generation total 87424K, used 43813K [0x00000000964c0000, 0x000000009ba20000, 0x0000000100000000)
 Metaspace       used 54610K, capacity 56764K, committed 57032K, reserved 1099776K
  class space    used 7174K, capacity 7596K, committed 7624K, reserved 1048576K
}
2019-05-24T17:22:46.185+0800: 55.488: Application time: 0.4958229 seconds
2019-05-24T17:22:46.228+0800: 55.532: Application time: 0.0424044 seconds
{Heap before GC invocations=135 (full 2):
 par new generation   total 39296K, used 37468K [0x0000000081800000, 0x00000000842a0000, 0x00000000964c0000)
  eden space 34944K, 100% used [0x0000000081800000, 0x0000000083a20000, 0x0000000083a20000)
  from space 4352K,  58% used [0x0000000083e60000, 0x00000000840d7340, 0x00000000842a0000)
  to   space 4352K,   0% used [0x0000000083a20000, 0x0000000083a20000, 0x0000000083e60000)
 concurrent mark-sweep generation total 87424K, used 43813K [0x00000000964c0000, 0x000000009ba20000, 0x0000000100000000)
 Metaspace       used 55218K, capacity 57432K, committed 57672K, reserved 1099776K
  class space    used 7266K, capacity 7676K, committed 7752K, reserved 1048576K
2019-05-24T17:22:46.229+0800: 55.532: [GC (Allocation Failure) 2019-05-24T17:22:46.229+0800: 55.532: [ParNew: 37468K->2698K(39296K), 0.0038554 secs] 81281K->46511K(126720K), 0.0040875 secs] [Times: user=0.09 sys=0.00, real=0.00 secs] 
Heap after GC invocations=136 (full 2):
 par new generation   total 39296K, used 2698K [0x0000000081800000, 0x00000000842a0000, 0x00000000964c0000)
  eden space 34944K,   0% used [0x0000000081800000, 0x0000000081800000, 0x0000000083a20000)
  from space 4352K,  62% used [0x0000000083a20000, 0x0000000083cc2a08, 0x0000000083e60000)
  to   space 4352K,   0% used [0x0000000083e60000, 0x0000000083e60000, 0x00000000842a0000)
 concurrent mark-sweep generation total 87424K, used 43813K [0x00000000964c0000, 0x000000009ba20000, 0x0000000100000000)
 Metaspace       used 55218K, capacity 57432K, committed 57672K, reserved 1099776K
  class space    used 7266K, capacity 7676K, committed 7752K, reserved 1048576K
}
2019-05-24T17:22:46.479+0800: 55.783: Application time: 0.2463664 seconds
{Heap before GC invocations=136 (full 2):
 par new generation   total 39296K, used 37642K [0x0000000081800000, 0x00000000842a0000, 0x00000000964c0000)
  eden space 34944K, 100% used [0x0000000081800000, 0x0000000083a20000, 0x0000000083a20000)
  from space 4352K,  62% used [0x0000000083a20000, 0x0000000083cc2a08, 0x0000000083e60000)
  to   space 4352K,   0% used [0x0000000083e60000, 0x0000000083e60000, 0x00000000842a0000)
 concurrent mark-sweep generation total 87424K, used 43813K [0x00000000964c0000, 0x000000009ba20000, 0x0000000100000000)
 Metaspace       used 55994K, capacity 58234K, committed 58568K, reserved 1099776K
  class space    used 7381K, capacity 7837K, committed 7880K, reserved 1048576K
2019-05-24T17:22:46.480+0800: 55.783: [GC (Allocation Failure) 2019-05-24T17:22:46.480+0800: 55.783: [ParNew: 37642K->2220K(39296K), 0.0048088 secs] 81455K->46068K(126720K), 0.0049886 secs] [Times: user=0.00 sys=0.00, real=0.00 secs] 
Heap after GC invocations=137 (full 2):
 par new generation   total 39296K, used 2220K [0x0000000081800000, 0x00000000842a0000, 0x00000000964c0000)
  eden space 34944K,   0% used [0x0000000081800000, 0x0000000081800000, 0x0000000083a20000)
  from space 4352K,  51% used [0x0000000083e60000, 0x000000008408b0b0, 0x00000000842a0000)
  to   space 4352K,   0% used [0x0000000083a20000, 0x0000000083a20000, 0x0000000083e60000)
 concurrent mark-sweep generation total 87424K, used 43848K [0x00000000964c0000, 0x000000009ba20000, 0x0000000100000000)
 Metaspace       used 55994K, capacity 58234K, committed 58568K, reserved 1099776K
  class space    used 7381K, capacity 7837K, committed 7880K, reserved 1048576K
}
2019-05-24T17:22:46.809+0800: 56.112: Application time: 0.3237620 seconds
{Heap before GC invocations=137 (full 2):
 par new generation   total 39296K, used 37164K [0x0000000081800000, 0x00000000842a0000, 0x00000000964c0000)
  eden space 34944K, 100% used [0x0000000081800000, 0x0000000083a20000, 0x0000000083a20000)
  from space 4352K,  51% used [0x0000000083e60000, 0x000000008408b0b0, 0x00000000842a0000)
  to   space 4352K,   0% used [0x0000000083a20000, 0x0000000083a20000, 0x0000000083e60000)
 concurrent mark-sweep generation total 87424K, used 43848K [0x00000000964c0000, 0x000000009ba20000, 0x0000000100000000)
 Metaspace       used 56806K, capacity 59092K, committed 59208K, reserved 1099776K
  class space    used 7469K, capacity 7930K, committed 8008K, reserved 1048576K
2019-05-24T17:22:46.809+0800: 56.112: [GC (Allocation Failure) 2019-05-24T17:22:46.809+0800: 56.112: [ParNew: 37164K->3331K(39296K), 0.0050620 secs] 81012K->47342K(126720K), 0.0053595 secs] [Times: user=0.00 sys=0.00, real=0.00 secs] 
Heap after GC invocations=138 (full 2):
 par new generation   total 39296K, used 3331K [0x0000000081800000, 0x00000000842a0000, 0x00000000964c0000)
  eden space 34944K,   0% used [0x0000000081800000, 0x0000000081800000, 0x0000000083a20000)
  from space 4352K,  76% used [0x0000000083a20000, 0x0000000083d60c98, 0x0000000083e60000)
  to   space 4352K,   0% used [0x0000000083e60000, 0x0000000083e60000, 0x00000000842a0000)
 concurrent mark-sweep generation total 87424K, used 44011K [0x00000000964c0000, 0x000000009ba20000, 0x0000000100000000)
 Metaspace       used 56806K, capacity 59092K, committed 59208K, reserved 1099776K
  class space    used 7469K, capacity 7930K, committed 8008K, reserved 1048576K
}
2019-05-24T17:22:47.050+0800: 56.353: Application time: 0.2351570 seconds
{Heap before GC invocations=138 (full 2):
 par new generation   total 39296K, used 38275K [0x0000000081800000, 0x00000000842a0000, 0x00000000964c0000)
  eden space 34944K, 100% used [0x0000000081800000, 0x0000000083a20000, 0x0000000083a20000)
  from space 4352K,  76% used [0x0000000083a20000, 0x0000000083d60c98, 0x0000000083e60000)
  to   space 4352K,   0% used [0x0000000083e60000, 0x0000000083e60000, 0x00000000842a0000)
 concurrent mark-sweep generation total 87424K, used 44011K [0x00000000964c0000, 0x000000009ba20000, 0x0000000100000000)
 Metaspace       used 57400K, capacity 59670K, committed 59720K, reserved 1101824K
  class space    used 7547K, capacity 7995K, committed 8008K, reserved 1048576K
2019-05-24T17:22:47.050+0800: 56.353: [GC (Allocation Failure) 2019-05-24T17:22:47.050+0800: 56.353: [ParNew: 38275K->3980K(39296K), 0.0060063 secs] 82286K->48457K(126720K), 0.0061872 secs] [Times: user=0.00 sys=0.00, real=0.01 secs] 
Heap after GC invocations=139 (full 2):
 par new generation   total 39296K, used 3980K [0x0000000081800000, 0x00000000842a0000, 0x00000000964c0000)
  eden space 34944K,   0% used [0x0000000081800000, 0x0000000081800000, 0x0000000083a20000)
  from space 4352K,  91% used [0x0000000083e60000, 0x0000000084243218, 0x00000000842a0000)
  to   space 4352K,   0% used [0x0000000083a20000, 0x0000000083a20000, 0x0000000083e60000)
 concurrent mark-sweep generation total 87424K, used 44477K [0x00000000964c0000, 0x000000009ba20000, 0x0000000100000000)
 Metaspace       used 57400K, capacity 59670K, committed 59720K, reserved 1101824K
  class space    used 7547K, capacity 7995K, committed 8008K, reserved 1048576K
}
2019-05-24T17:22:47.159+0800: 56.463: Application time: 0.1031168 seconds
{Heap before GC invocations=139 (full 2):
 par new generation   total 39296K, used 38924K [0x0000000081800000, 0x00000000842a0000, 0x00000000964c0000)
  eden space 34944K, 100% used [0x0000000081800000, 0x0000000083a20000, 0x0000000083a20000)
  from space 4352K,  91% used [0x0000000083e60000, 0x0000000084243218, 0x00000000842a0000)
  to   space 4352K,   0% used [0x0000000083a20000, 0x0000000083a20000, 0x0000000083e60000)
 concurrent mark-sweep generation total 87424K, used 44477K [0x00000000964c0000, 0x000000009ba20000, 0x0000000100000000)
 Metaspace       used 57563K, capacity 59850K, committed 60104K, reserved 1101824K
  class space    used 7577K, capacity 8031K, committed 8136K, reserved 1048576K
2019-05-24T17:22:47.159+0800: 56.463: [GC (Allocation Failure) 2019-05-24T17:22:47.160+0800: 56.463: [ParNew: 38924K->2973K(39296K), 0.0057225 secs] 83401K->48083K(126720K), 0.0060143 secs] [Times: user=0.00 sys=0.00, real=0.01 secs] 
Heap after GC invocations=140 (full 2):
 par new generation   total 39296K, used 2973K [0x0000000081800000, 0x00000000842a0000, 0x00000000964c0000)
  eden space 34944K,   0% used [0x0000000081800000, 0x0000000081800000, 0x0000000083a20000)
  from space 4352K,  68% used [0x0000000083a20000, 0x0000000083d074e0, 0x0000000083e60000)
  to   space 4352K,   0% used [0x0000000083e60000, 0x0000000083e60000, 0x00000000842a0000)
 concurrent mark-sweep generation total 87424K, used 45110K [0x00000000964c0000, 0x000000009ba20000, 0x0000000100000000)
 Metaspace       used 57563K, capacity 59850K, committed 60104K, reserved 1101824K
  class space    used 7577K, capacity 8031K, committed 8136K, reserved 1048576K
}
2019-05-24T17:22:47.291+0800: 56.595: Application time: 0.1255663 seconds
2019-05-24T17:22:47.324+0800: 56.627: Application time: 0.0321655 seconds
{Heap before GC invocations=140 (full 2):
 par new generation   total 39296K, used 37917K [0x0000000081800000, 0x00000000842a0000, 0x00000000964c0000)
  eden space 34944K, 100% used [0x0000000081800000, 0x0000000083a20000, 0x0000000083a20000)
  from space 4352K,  68% used [0x0000000083a20000, 0x0000000083d074e0, 0x0000000083e60000)
  to   space 4352K,   0% used [0x0000000083e60000, 0x0000000083e60000, 0x00000000842a0000)
 concurrent mark-sweep generation total 87424K, used 45110K [0x00000000964c0000, 0x000000009ba20000, 0x0000000100000000)
 Metaspace       used 58172K, capacity 60454K, committed 60616K, reserved 1101824K
  class space    used 7646K, capacity 8103K, committed 8136K, reserved 1048576K
2019-05-24T17:22:47.324+0800: 56.627: [GC (Allocation Failure) 2019-05-24T17:22:47.324+0800: 56.627: [ParNew: 37917K->3799K(39296K), 0.0042502 secs] 83027K->48909K(126720K), 0.0044425 secs] [Times: user=0.00 sys=0.00, real=0.01 secs] 
Heap after GC invocations=141 (full 2):
 par new generation   total 39296K, used 3799K [0x0000000081800000, 0x00000000842a0000, 0x00000000964c0000)
  eden space 34944K,   0% used [0x0000000081800000, 0x0000000081800000, 0x0000000083a20000)
  from space 4352K,  87% used [0x0000000083e60000, 0x0000000084215dc8, 0x00000000842a0000)
  to   space 4352K,   0% used [0x0000000083a20000, 0x0000000083a20000, 0x0000000083e60000)
 concurrent mark-sweep generation total 87424K, used 45110K [0x00000000964c0000, 0x000000009ba20000, 0x0000000100000000)
 Metaspace       used 58172K, capacity 60454K, committed 60616K, reserved 1101824K
  class space    used 7646K, capacity 8103K, committed 8136K, reserved 1048576K
}
2019-05-24T17:22:47.376+0800: 56.679: Application time: 0.0472559 seconds
2019-05-24T17:22:47.560+0800: 56.863: Application time: 0.1836765 seconds
{Heap before GC invocations=141 (full 2):
 par new generation   total 39296K, used 38743K [0x0000000081800000, 0x00000000842a0000, 0x00000000964c0000)
  eden space 34944K, 100% used [0x0000000081800000, 0x0000000083a20000, 0x0000000083a20000)
  from space 4352K,  87% used [0x0000000083e60000, 0x0000000084215dc8, 0x00000000842a0000)
  to   space 4352K,   0% used [0x0000000083a20000, 0x0000000083a20000, 0x0000000083e60000)
 concurrent mark-sweep generation total 87424K, used 45110K [0x00000000964c0000, 0x000000009ba20000, 0x0000000100000000)
 Metaspace       used 58800K, capacity 61116K, committed 61256K, reserved 1101824K
  class space    used 7712K, capacity 8174K, committed 8264K, reserved 1048576K
2019-05-24T17:22:47.560+0800: 56.863: [GC (Allocation Failure) 2019-05-24T17:22:47.560+0800: 56.863: [ParNew: 38743K->2599K(39296K), 0.0059944 secs] 83853K->48733K(126720K), 0.0062731 secs] [Times: user=0.00 sys=0.00, real=0.01 secs] 
Heap after GC invocations=142 (full 2):
 par new generation   total 39296K, used 2599K [0x0000000081800000, 0x00000000842a0000, 0x00000000964c0000)
  eden space 34944K,   0% used [0x0000000081800000, 0x0000000081800000, 0x0000000083a20000)
  from space 4352K,  59% used [0x0000000083a20000, 0x0000000083ca9d38, 0x0000000083e60000)
  to   space 4352K,   0% used [0x0000000083e60000, 0x0000000083e60000, 0x00000000842a0000)
 concurrent mark-sweep generation total 87424K, used 46134K [0x00000000964c0000, 0x000000009ba20000, 0x0000000100000000)
 Metaspace       used 58800K, capacity 61116K, committed 61256K, reserved 1101824K
  class space    used 7712K, capacity 8174K, committed 8264K, reserved 1048576K
}
2019-05-24T17:22:47.896+0800: 57.200: Application time: 0.3301187 seconds
2019-05-24T17:22:47.986+0800: 57.290: Application time: 0.0890129 seconds
{Heap before GC invocations=142 (full 2):
 par new generation   total 39296K, used 37543K [0x0000000081800000, 0x00000000842a0000, 0x00000000964c0000)
  eden space 34944K, 100% used [0x0000000081800000, 0x0000000083a20000, 0x0000000083a20000)
  from space 4352K,  59% used [0x0000000083a20000, 0x0000000083ca9d38, 0x0000000083e60000)
  to   space 4352K,   0% used [0x0000000083e60000, 0x0000000083e60000, 0x00000000842a0000)
 concurrent mark-sweep generation total 87424K, used 46134K [0x00000000964c0000, 0x000000009ba20000, 0x0000000100000000)
 Metaspace       used 59675K, capacity 62254K, committed 62408K, reserved 1103872K
  class space    used 7857K, capacity 8345K, committed 8392K, reserved 1048576K
2019-05-24T17:22:47.987+0800: 57.290: [GC (Allocation Failure) 2019-05-24T17:22:47.987+0800: 57.290: [ParNew: 37543K->2407K(39296K), 0.0038434 secs] 83677K->48541K(126720K), 0.0040351 secs] [Times: user=0.00 sys=0.00, real=0.00 secs] 
Heap after GC invocations=143 (full 2):
 par new generation   total 39296K, used 2407K [0x0000000081800000, 0x00000000842a0000, 0x00000000964c0000)
  eden space 34944K,   0% used [0x0000000081800000, 0x0000000081800000, 0x0000000083a20000)
  from space 4352K,  55% used [0x0000000083e60000, 0x00000000840b9e68, 0x00000000842a0000)
  to   space 4352K,   0% used [0x0000000083a20000, 0x0000000083a20000, 0x0000000083e60000)
 concurrent mark-sweep generation total 87424K, used 46134K [0x00000000964c0000, 0x000000009ba20000, 0x0000000100000000)
 Metaspace       used 59675K, capacity 62254K, committed 62408K, reserved 1103872K
  class space    used 7857K, capacity 8345K, committed 8392K, reserved 1048576K
}
2019-05-24T17:22:48.296+0800: 57.599: Application time: 0.3050012 seconds
2019-05-24T17:22:48.305+0800: 57.608: Application time: 0.0086454 seconds
2019-05-24T17:22:48.470+0800: 57.774: Application time: 0.1654903 seconds
{Heap before GC invocations=143 (full 2):
 par new generation   total 39296K, used 37351K [0x0000000081800000, 0x00000000842a0000, 0x00000000964c0000)
  eden space 34944K, 100% used [0x0000000081800000, 0x0000000083a20000, 0x0000000083a20000)
  from space 4352K,  55% used [0x0000000083e60000, 0x00000000840b9e68, 0x00000000842a0000)
  to   space 4352K,   0% used [0x0000000083a20000, 0x0000000083a20000, 0x0000000083e60000)
 concurrent mark-sweep generation total 87424K, used 46134K [0x00000000964c0000, 0x000000009ba20000, 0x0000000100000000)
 Metaspace       used 61247K, capacity 64036K, committed 64200K, reserved 1105920K
  class space    used 8112K, capacity 8614K, committed 8648K, reserved 1048576K
2019-05-24T17:22:48.471+0800: 57.774: [GC (Allocation Failure) 2019-05-24T17:22:48.471+0800: 57.774: [ParNew: 37351K->4011K(39296K), 0.0056303 secs] 83485K->50145K(126720K), 0.0058470 secs] [Times: user=0.00 sys=0.00, real=0.01 secs] 
Heap after GC invocations=144 (full 2):
 par new generation   total 39296K, used 4011K [0x0000000081800000, 0x00000000842a0000, 0x00000000964c0000)
  eden space 34944K,   0% used [0x0000000081800000, 0x0000000081800000, 0x0000000083a20000)
  from space 4352K,  92% used [0x0000000083a20000, 0x0000000083e0adb8, 0x0000000083e60000)
  to   space 4352K,   0% used [0x0000000083e60000, 0x0000000083e60000, 0x00000000842a0000)
 concurrent mark-sweep generation total 87424K, used 46134K [0x00000000964c0000, 0x000000009ba20000, 0x0000000100000000)
 Metaspace       used 61247K, capacity 64036K, committed 64200K, reserved 1105920K
  class space    used 8112K, capacity 8614K, committed 8648K, reserved 1048576K
}
2019-05-24T17:22:48.506+0800: 57.809: Application time: 0.0286106 seconds
2019-05-24T17:22:48.683+0800: 57.986: Application time: 0.1768459 seconds
{Heap before GC invocations=144 (full 2):
 par new generation   total 39296K, used 38955K [0x0000000081800000, 0x00000000842a0000, 0x00000000964c0000)
  eden space 34944K, 100% used [0x0000000081800000, 0x0000000083a20000, 0x0000000083a20000)
  from space 4352K,  92% used [0x0000000083a20000, 0x0000000083e0adb8, 0x0000000083e60000)
  to   space 4352K,   0% used [0x0000000083e60000, 0x0000000083e60000, 0x00000000842a0000)
 concurrent mark-sweep generation total 87424K, used 46134K [0x00000000964c0000, 0x000000009ba20000, 0x0000000100000000)
 Metaspace       used 61734K, capacity 64546K, committed 64840K, reserved 1105920K
  class space    used 8183K, capacity 8689K, committed 8776K, reserved 1048576K
2019-05-24T17:22:48.683+0800: 57.986: [GC (Allocation Failure) 2019-05-24T17:22:48.683+0800: 57.986: [ParNew: 38955K->2578K(39296K), 0.0064996 secs] 85089K->49592K(126720K), 0.0066918 secs] [Times: user=0.09 sys=0.00, real=0.01 secs] 
Heap after GC invocations=145 (full 2):
 par new generation   total 39296K, used 2578K [0x0000000081800000, 0x00000000842a0000, 0x00000000964c0000)
  eden space 34944K,   0% used [0x0000000081800000, 0x0000000081800000, 0x0000000083a20000)
  from space 4352K,  59% used [0x0000000083e60000, 0x00000000840e4aa0, 0x00000000842a0000)
  to   space 4352K,   0% used [0x0000000083a20000, 0x0000000083a20000, 0x0000000083e60000)
 concurrent mark-sweep generation total 87424K, used 47013K [0x00000000964c0000, 0x000000009ba20000, 0x0000000100000000)
 Metaspace       used 61734K, capacity 64546K, committed 64840K, reserved 1105920K
  class space    used 8183K, capacity 8689K, committed 8776K, reserved 1048576K
}
2019-05-24T17:22:48.773+0800: 58.077: Application time: 0.0836881 seconds
2019-05-24T17:22:48.791+0800: 58.095: Application time: 0.0178836 seconds
2019-05-24T17:22:48.926+0800: 58.230: Application time: 0.1338715 seconds
{Heap before GC invocations=145 (full 2):
 par new generation   total 39296K, used 37522K [0x0000000081800000, 0x00000000842a0000, 0x00000000964c0000)
  eden space 34944K, 100% used [0x0000000081800000, 0x0000000083a20000, 0x0000000083a20000)
  from space 4352K,  59% used [0x0000000083e60000, 0x00000000840e4aa0, 0x00000000842a0000)
  to   space 4352K,   0% used [0x0000000083a20000, 0x0000000083a20000, 0x0000000083e60000)
 concurrent mark-sweep generation total 87424K, used 47013K [0x00000000964c0000, 0x000000009ba20000, 0x0000000100000000)
 Metaspace       used 62525K, capacity 65294K, committed 65460K, reserved 1105920K
  class space    used 8267K, capacity 8787K, committed 8884K, reserved 1048576K
2019-05-24T17:22:48.926+0800: 58.230: [GC (Allocation Failure) 2019-05-24T17:22:48.927+0800: 58.230: [ParNew: 37522K->2370K(39296K), 0.0050381 secs] 84536K->49383K(126720K), 0.0052645 secs] [Times: user=0.00 sys=0.00, real=0.01 secs] 
Heap after GC invocations=146 (full 2):
 par new generation   total 39296K, used 2370K [0x0000000081800000, 0x00000000842a0000, 0x00000000964c0000)
  eden space 34944K,   0% used [0x0000000081800000, 0x0000000081800000, 0x0000000083a20000)
  from space 4352K,  54% used [0x0000000083a20000, 0x0000000083c70858, 0x0000000083e60000)
  to   space 4352K,   0% used [0x0000000083e60000, 0x0000000083e60000, 0x00000000842a0000)
 concurrent mark-sweep generation total 87424K, used 47013K [0x00000000964c0000, 0x000000009ba20000, 0x0000000100000000)
 Metaspace       used 62525K, capacity 65294K, committed 65460K, reserved 1105920K
  class space    used 8267K, capacity 8787K, committed 8884K, reserved 1048576K
}
2019-05-24T17:22:48.959+0800: 58.263: Application time: 0.0275126 seconds
2019-05-24T17:22:49.043+0800: 58.347: Application time: 0.0838940 seconds
2019-05-24T17:22:49.086+0800: 58.390: Application time: 0.0429949 seconds
2019-05-24T17:22:49.188+0800: 58.492: Application time: 0.1016126 seconds
{Heap before GC invocations=146 (full 2):
 par new generation   total 39296K, used 37314K [0x0000000081800000, 0x00000000842a0000, 0x00000000964c0000)
  eden space 34944K, 100% used [0x0000000081800000, 0x0000000083a20000, 0x0000000083a20000)
  from space 4352K,  54% used [0x0000000083a20000, 0x0000000083c70858, 0x0000000083e60000)
  to   space 4352K,   0% used [0x0000000083e60000, 0x0000000083e60000, 0x00000000842a0000)
 concurrent mark-sweep generation total 87424K, used 47013K [0x00000000964c0000, 0x000000009ba20000, 0x0000000100000000)
 Metaspace       used 63428K, capacity 66200K, committed 66356K, reserved 1105920K
  class space    used 8380K, capacity 8892K, committed 9012K, reserved 1048576K
2019-05-24T17:22:49.189+0800: 58.492: [GC (Allocation Failure) 2019-05-24T17:22:49.189+0800: 58.492: [ParNew: 37314K->3040K(39296K), 0.0050637 secs] 84327K->50054K(126720K), 0.0053783 secs] [Times: user=0.00 sys=0.00, real=0.01 secs] 
Heap after GC invocations=147 (full 2):
 par new generation   total 39296K, used 3040K [0x0000000081800000, 0x00000000842a0000, 0x00000000964c0000)
  eden space 34944K,   0% used [0x0000000081800000, 0x0000000081800000, 0x0000000083a20000)
  from space 4352K,  69% used [0x0000000083e60000, 0x00000000841582e8, 0x00000000842a0000)
  to   space 4352K,   0% used [0x0000000083a20000, 0x0000000083a20000, 0x0000000083e60000)
 concurrent mark-sweep generation total 87424K, used 47013K [0x00000000964c0000, 0x000000009ba20000, 0x0000000100000000)
 Metaspace       used 63428K, capacity 66200K, committed 66356K, reserved 1105920K
  class space    used 8380K, capacity 8892K, committed 9012K, reserved 1048576K
}
2019-05-24T17:22:49.194+0800: 58.498: Application time: 0.0001217 seconds
2019-05-24T17:22:49.195+0800: 58.498: [GC (CMS Initial Mark) [1 CMS-initial-mark: 47013K(87424K)] 50756K(126720K), 0.0030498 secs] [Times: user=0.00 sys=0.00, real=0.00 secs] 
2019-05-24T17:22:49.198+0800: 58.501: [CMS-concurrent-mark-start]
2019-05-24T17:22:49.310+0800: 58.614: [CMS-concurrent-mark: 0.113/0.113 secs] [Times: user=0.41 sys=0.06, real=0.11 secs] 
2019-05-24T17:22:49.310+0800: 58.614: Application time: 0.1127321 seconds
2019-05-24T17:22:49.311+0800: 58.614: [CMS-concurrent-preclean-start]
2019-05-24T17:22:49.314+0800: 58.617: [CMS-concurrent-preclean: 0.003/0.003 secs] [Times: user=0.00 sys=0.00, real=0.00 secs] 
2019-05-24T17:22:49.314+0800: 58.617: [CMS-concurrent-abortable-preclean-start]
2019-05-24T17:22:49.772+0800: 59.075: Application time: 0.4616088 seconds
{Heap before GC invocations=147 (full 3):
 par new generation   total 39296K, used 37984K [0x0000000081800000, 0x00000000842a0000, 0x00000000964c0000)
  eden space 34944K, 100% used [0x0000000081800000, 0x0000000083a20000, 0x0000000083a20000)
  from space 4352K,  69% used [0x0000000083e60000, 0x00000000841582e8, 0x00000000842a0000)
  to   space 4352K,   0% used [0x0000000083a20000, 0x0000000083a20000, 0x0000000083e60000)
 concurrent mark-sweep generation total 87424K, used 47013K [0x00000000964c0000, 0x000000009ba20000, 0x0000000100000000)
 Metaspace       used 63631K, capacity 66436K, committed 66712K, reserved 1107968K
  class space    used 8405K, capacity 8926K, committed 9012K, reserved 1048576K
2019-05-24T17:22:49.772+0800: 59.076: [GC (Allocation Failure) 2019-05-24T17:22:49.772+0800: 59.076: [ParNew: 37984K->4352K(39296K), 0.0069103 secs] 84998K->51811K(126720K), 0.0070827 secs] [Times: user=0.09 sys=0.00, real=0.01 secs] 
Heap after GC invocations=148 (full 3):
 par new generation   total 39296K, used 4352K [0x0000000081800000, 0x00000000842a0000, 0x00000000964c0000)
  eden space 34944K,   0% used [0x0000000081800000, 0x0000000081800000, 0x0000000083a20000)
  from space 4352K, 100% used [0x0000000083a20000, 0x0000000083e60000, 0x0000000083e60000)
  to   space 4352K,   0% used [0x0000000083e60000, 0x0000000083e60000, 0x00000000842a0000)
 concurrent mark-sweep generation total 87424K, used 47459K [0x00000000964c0000, 0x000000009ba20000, 0x0000000100000000)
 Metaspace       used 63631K, capacity 66436K, committed 66712K, reserved 1107968K
  class space    used 8405K, capacity 8926K, committed 9012K, reserved 1048576K
}
2019-05-24T17:22:50.060+0800: 59.364: Application time: 0.2804599 seconds
{Heap before GC invocations=148 (full 3):
 par new generation   total 39296K, used 39296K [0x0000000081800000, 0x00000000842a0000, 0x00000000964c0000)
  eden space 34944K, 100% used [0x0000000081800000, 0x0000000083a20000, 0x0000000083a20000)
  from space 4352K, 100% used [0x0000000083a20000, 0x0000000083e60000, 0x0000000083e60000)
  to   space 4352K,   0% used [0x0000000083e60000, 0x0000000083e60000, 0x00000000842a0000)
 concurrent mark-sweep generation total 87424K, used 47459K [0x00000000964c0000, 0x000000009ba20000, 0x0000000100000000)
 Metaspace       used 63761K, capacity 66550K, committed 66712K, reserved 1107968K
  class space    used 8426K, capacity 8961K, committed 9012K, reserved 1048576K
2019-05-24T17:22:50.061+0800: 59.364: [GC (Allocation Failure) 2019-05-24T17:22:50.061+0800: 59.364: [ParNew: 39296K->3376K(39296K), 0.0081960 secs] 86755K->52106K(126720K), 0.0083746 secs] [Times: user=0.00 sys=0.00, real=0.01 secs] 
Heap after GC invocations=149 (full 3):
 par new generation   total 39296K, used 3376K [0x0000000081800000, 0x00000000842a0000, 0x00000000964c0000)
  eden space 34944K,   0% used [0x0000000081800000, 0x0000000081800000, 0x0000000083a20000)
  from space 4352K,  77% used [0x0000000083e60000, 0x00000000841ac018, 0x00000000842a0000)
  to   space 4352K,   0% used [0x0000000083a20000, 0x0000000083a20000, 0x0000000083e60000)
 concurrent mark-sweep generation total 87424K, used 48730K [0x00000000964c0000, 0x000000009ba20000, 0x0000000100000000)
 Metaspace       used 63761K, capacity 66550K, committed 66712K, reserved 1107968K
  class space    used 8426K, capacity 8961K, committed 9012K, reserved 1048576K
}
2019-05-24T17:22:50.171+0800: 59.475: Application time: 0.1023710 seconds
{Heap before GC invocations=149 (full 3):
 par new generation   total 39296K, used 38320K [0x0000000081800000, 0x00000000842a0000, 0x00000000964c0000)
  eden space 34944K, 100% used [0x0000000081800000, 0x0000000083a20000, 0x0000000083a20000)
  from space 4352K,  77% used [0x0000000083e60000, 0x00000000841ac018, 0x00000000842a0000)
  to   space 4352K,   0% used [0x0000000083a20000, 0x0000000083a20000, 0x0000000083e60000)
 concurrent mark-sweep generation total 87424K, used 48730K [0x00000000964c0000, 0x000000009ba20000, 0x0000000100000000)
 Metaspace       used 63802K, capacity 66614K, committed 66712K, reserved 1107968K
  class space    used 8432K, capacity 8961K, committed 9012K, reserved 1048576K
2019-05-24T17:22:50.172+0800: 59.475: [GC (Allocation Failure) 2019-05-24T17:22:50.172+0800: 59.475: [ParNew: 38320K->1697K(39296K), 0.0038884 secs] 87050K->50701K(126720K), 0.0040437 secs] [Times: user=0.00 sys=0.00, real=0.00 secs] 
Heap after GC invocations=150 (full 3):
 par new generation   total 39296K, used 1697K [0x0000000081800000, 0x00000000842a0000, 0x00000000964c0000)
  eden space 34944K,   0% used [0x0000000081800000, 0x0000000081800000, 0x0000000083a20000)
  from space 4352K,  39% used [0x0000000083a20000, 0x0000000083bc8668, 0x0000000083e60000)
  to   space 4352K,   0% used [0x0000000083e60000, 0x0000000083e60000, 0x00000000842a0000)
 concurrent mark-sweep generation total 87424K, used 49004K [0x00000000964c0000, 0x000000009ba20000, 0x0000000100000000)
 Metaspace       used 63802K, capacity 66614K, committed 66712K, reserved 1107968K
  class space    used 8432K, capacity 8961K, committed 9012K, reserved 1048576K
}
2019-05-24T17:22:50.266+0800: 59.569: Application time: 0.0904032 seconds
{Heap before GC invocations=150 (full 3):
 par new generation   total 39296K, used 36641K [0x0000000081800000, 0x00000000842a0000, 0x00000000964c0000)
  eden space 34944K, 100% used [0x0000000081800000, 0x0000000083a20000, 0x0000000083a20000)
  from space 4352K,  39% used [0x0000000083a20000, 0x0000000083bc8668, 0x0000000083e60000)
  to   space 4352K,   0% used [0x0000000083e60000, 0x0000000083e60000, 0x00000000842a0000)
 concurrent mark-sweep generation total 87424K, used 49004K [0x00000000964c0000, 0x000000009ba20000, 0x0000000100000000)
 Metaspace       used 63810K, capacity 66678K, committed 66788K, reserved 1107968K
  class space    used 8432K, capacity 8961K, committed 9012K, reserved 1048576K
2019-05-24T17:22:50.266+0800: 59.570: [GC (Allocation Failure) 2019-05-24T17:22:50.266+0800: 59.570: [ParNew: 36641K->1727K(39296K), 0.0036124 secs] 85645K->50731K(126720K), 0.0037729 secs] [Times: user=0.00 sys=0.00, real=0.00 secs] 
Heap after GC invocations=151 (full 3):
 par new generation   total 39296K, used 1727K [0x0000000081800000, 0x00000000842a0000, 0x00000000964c0000)
  eden space 34944K,   0% used [0x0000000081800000, 0x0000000081800000, 0x0000000083a20000)
  from space 4352K,  39% used [0x0000000083e60000, 0x000000008400feb8, 0x00000000842a0000)
  to   space 4352K,   0% used [0x0000000083a20000, 0x0000000083a20000, 0x0000000083e60000)
 concurrent mark-sweep generation total 87424K, used 49004K [0x00000000964c0000, 0x000000009ba20000, 0x0000000100000000)
 Metaspace       used 63810K, capacity 66678K, committed 66788K, reserved 1107968K
  class space    used 8432K, capacity 8961K, committed 9012K, reserved 1048576K
}
2019-05-24T17:22:50.325+0800: 59.628: Application time: 0.0546588 seconds
2019-05-24T17:22:50.455+0800: 59.758: [CMS-concurrent-abortable-preclean: 0.382/1.141 secs] [Times: user=3.72 sys=0.22, real=1.14 secs] 
2019-05-24T17:22:50.462+0800: 59.765: Application time: 0.1369639 seconds
2019-05-24T17:22:50.462+0800: 59.765: [GC (CMS Final Remark) [YG occupancy: 24101 K (39296 K)]2019-05-24T17:22:50.462+0800: 59.766: [Rescan (parallel) , 0.0061360 secs]2019-05-24T17:22:50.468+0800: 59.772: [weak refs processing, 0.0011184 secs]2019-05-24T17:22:50.470+0800: 59.773: [class unloading, 0.0285980 secs]2019-05-24T17:22:50.499+0800: 59.802: [scrub symbol table, 0.0318851 secs]2019-05-24T17:22:50.530+0800: 59.834: [scrub string table, 0.0015172 secs][1 CMS-remark: 49004K(87424K)] 73105K(126720K), 0.0703533 secs] [Times: user=0.25 sys=0.02, real=0.07 secs] 
2019-05-24T17:22:50.546+0800: 59.849: [CMS-concurrent-sweep-start]
2019-05-24T17:22:50.573+0800: 59.877: [CMS-concurrent-sweep: 0.027/0.027 secs] [Times: user=0.08 sys=0.00, real=0.03 secs] 
2019-05-24T17:22:50.573+0800: 59.877: [CMS-concurrent-reset-start]
2019-05-24T17:22:50.577+0800: 59.880: [CMS-concurrent-reset: 0.003/0.003 secs] [Times: user=0.09 sys=0.00, real=0.00 secs] 
2019-05-24T17:22:50.618+0800: 59.921: Application time: 0.0855119 seconds
{Heap before GC invocations=151 (full 3):
 par new generation   total 39296K, used 36671K [0x0000000081800000, 0x00000000842a0000, 0x00000000964c0000)
  eden space 34944K, 100% used [0x0000000081800000, 0x0000000083a20000, 0x0000000083a20000)
  from space 4352K,  39% used [0x0000000083e60000, 0x000000008400feb8, 0x00000000842a0000)
  to   space 4352K,   0% used [0x0000000083a20000, 0x0000000083a20000, 0x0000000083e60000)
 concurrent mark-sweep generation total 87424K, used 43548K [0x00000000964c0000, 0x000000009ba20000, 0x0000000100000000)
 Metaspace       used 63747K, capacity 66512K, committed 67044K, reserved 1107968K
  class space    used 8423K, capacity 8920K, committed 9012K, reserved 1048576K
2019-05-24T17:22:50.619+0800: 59.922: [GC (Allocation Failure) 2019-05-24T17:22:50.619+0800: 59.922: [ParNew: 36671K->1941K(39296K), 0.0039890 secs] 80220K->45490K(126720K), 0.0042285 secs] [Times: user=0.11 sys=0.00, real=0.00 secs] 
Heap after GC invocations=152 (full 3):
 par new generation   total 39296K, used 1941K [0x0000000081800000, 0x00000000842a0000, 0x00000000964c0000)
  eden space 34944K,   0% used [0x0000000081800000, 0x0000000081800000, 0x0000000083a20000)
  from space 4352K,  44% used [0x0000000083a20000, 0x0000000083c057a8, 0x0000000083e60000)
  to   space 4352K,   0% used [0x0000000083e60000, 0x0000000083e60000, 0x00000000842a0000)
 concurrent mark-sweep generation total 87424K, used 43548K [0x00000000964c0000, 0x000000009ba20000, 0x0000000100000000)
 Metaspace       used 63747K, capacity 66512K, committed 67044K, reserved 1107968K
  class space    used 8423K, capacity 8920K, committed 9012K, reserved 1048576K
}
2019-05-24T17:22:50.726+0800: 60.029: Application time: 0.1024614 seconds
{Heap before GC invocations=152 (full 3):
 par new generation   total 39296K, used 36885K [0x0000000081800000, 0x00000000842a0000, 0x00000000964c0000)
  eden space 34944K, 100% used [0x0000000081800000, 0x0000000083a20000, 0x0000000083a20000)
  from space 4352K,  44% used [0x0000000083a20000, 0x0000000083c057a8, 0x0000000083e60000)
  to   space 4352K,   0% used [0x0000000083e60000, 0x0000000083e60000, 0x00000000842a0000)
 concurrent mark-sweep generation total 87424K, used 43548K [0x00000000964c0000, 0x000000009ba20000, 0x0000000100000000)
 Metaspace       used 63765K, capacity 66528K, committed 67044K, reserved 1107968K
  class space    used 8430K, capacity 8924K, committed 9012K, reserved 1048576K
2019-05-24T17:22:50.726+0800: 60.029: [GC (Allocation Failure) 2019-05-24T17:22:50.726+0800: 60.029: [ParNew: 36885K->2108K(39296K), 0.0035891 secs] 80434K->45656K(126720K), 0.0037621 secs] [Times: user=0.00 sys=0.00, real=0.00 secs] 
Heap after GC invocations=153 (full 3):
 par new generation   total 39296K, used 2108K [0x0000000081800000, 0x00000000842a0000, 0x00000000964c0000)
  eden space 34944K,   0% used [0x0000000081800000, 0x0000000081800000, 0x0000000083a20000)
  from space 4352K,  48% used [0x0000000083e60000, 0x000000008406f0c8, 0x00000000842a0000)
  to   space 4352K,   0% used [0x0000000083a20000, 0x0000000083a20000, 0x0000000083e60000)
 concurrent mark-sweep generation total 87424K, used 43548K [0x00000000964c0000, 0x000000009ba20000, 0x0000000100000000)
 Metaspace       used 63765K, capacity 66528K, committed 67044K, reserved 1107968K
  class space    used 8430K, capacity 8924K, committed 9012K, reserved 1048576K
}
2019-05-24T17:22:50.821+0800: 60.125: Application time: 0.0916127 seconds
{Heap before GC invocations=153 (full 3):
 par new generation   total 39296K, used 37052K [0x0000000081800000, 0x00000000842a0000, 0x00000000964c0000)
  eden space 34944K, 100% used [0x0000000081800000, 0x0000000083a20000, 0x0000000083a20000)
  from space 4352K,  48% used [0x0000000083e60000, 0x000000008406f0c8, 0x00000000842a0000)
  to   space 4352K,   0% used [0x0000000083a20000, 0x0000000083a20000, 0x0000000083e60000)
 concurrent mark-sweep generation total 87424K, used 43548K [0x00000000964c0000, 0x000000009ba20000, 0x0000000100000000)
 Metaspace       used 63797K, capacity 66594K, committed 67044K, reserved 1107968K
  class space    used 8439K, capacity 8961K, committed 9012K, reserved 1048576K
2019-05-24T17:22:50.821+0800: 60.125: [GC (Allocation Failure) 2019-05-24T17:22:50.821+0800: 60.125: [ParNew: 37052K->2587K(39296K), 0.0029412 secs] 80600K->46135K(126720K), 0.0030766 secs] [Times: user=0.08 sys=0.00, real=0.00 secs] 
Heap after GC invocations=154 (full 3):
 par new generation   total 39296K, used 2587K [0x0000000081800000, 0x00000000842a0000, 0x00000000964c0000)
  eden space 34944K,   0% used [0x0000000081800000, 0x0000000081800000, 0x0000000083a20000)
  from space 4352K,  59% used [0x0000000083a20000, 0x0000000083ca6ca8, 0x0000000083e60000)
  to   space 4352K,   0% used [0x0000000083e60000, 0x0000000083e60000, 0x00000000842a0000)
 concurrent mark-sweep generation total 87424K, used 43548K [0x00000000964c0000, 0x000000009ba20000, 0x0000000100000000)
 Metaspace       used 63797K, capacity 66594K, committed 67044K, reserved 1107968K
  class space    used 8439K, capacity 8961K, committed 9012K, reserved 1048576K
}
2019-05-24T17:22:51.009+0800: 60.312: Application time: 0.1842716 seconds
2019-05-24T17:22:51.038+0800: 60.342: Application time: 0.0290702 seconds
{Heap before GC invocations=154 (full 3):
 par new generation   total 39296K, used 37531K [0x0000000081800000, 0x00000000842a0000, 0x00000000964c0000)
  eden space 34944K, 100% used [0x0000000081800000, 0x0000000083a20000, 0x0000000083a20000)
  from space 4352K,  59% used [0x0000000083a20000, 0x0000000083ca6ca8, 0x0000000083e60000)
  to   space 4352K,   0% used [0x0000000083e60000, 0x0000000083e60000, 0x00000000842a0000)
 concurrent mark-sweep generation total 87424K, used 43548K [0x00000000964c0000, 0x000000009ba20000, 0x0000000100000000)
 Metaspace       used 63993K, capacity 66814K, committed 67044K, reserved 1107968K
  class space    used 8472K, capacity 8977K, committed 9012K, reserved 1048576K
2019-05-24T17:22:51.039+0800: 60.342: [GC (Allocation Failure) 2019-05-24T17:22:51.039+0800: 60.342: [ParNew: 37531K->3375K(39296K), 0.0050301 secs] 81079K->46924K(126720K), 0.0052224 secs] [Times: user=0.11 sys=0.00, real=0.00 secs] 
Heap after GC invocations=155 (full 3):
 par new generation   total 39296K, used 3375K [0x0000000081800000, 0x00000000842a0000, 0x00000000964c0000)
  eden space 34944K,   0% used [0x0000000081800000, 0x0000000081800000, 0x0000000083a20000)
  from space 4352K,  77% used [0x0000000083e60000, 0x00000000841abf20, 0x00000000842a0000)
  to   space 4352K,   0% used [0x0000000083a20000, 0x0000000083a20000, 0x0000000083e60000)
 concurrent mark-sweep generation total 87424K, used 43548K [0x00000000964c0000, 0x000000009ba20000, 0x0000000100000000)
 Metaspace       used 63993K, capacity 66814K, committed 67044K, reserved 1107968K
  class space    used 8472K, capacity 8977K, committed 9012K, reserved 1048576K
}
2019-05-24T17:22:51.174+0800: 60.477: Application time: 0.1299421 seconds
{Heap before GC invocations=155 (full 3):
 par new generation   total 39296K, used 38319K [0x0000000081800000, 0x00000000842a0000, 0x00000000964c0000)
  eden space 34944K, 100% used [0x0000000081800000, 0x0000000083a20000, 0x0000000083a20000)
  from space 4352K,  77% used [0x0000000083e60000, 0x00000000841abf20, 0x00000000842a0000)
  to   space 4352K,   0% used [0x0000000083a20000, 0x0000000083a20000, 0x0000000083e60000)
 concurrent mark-sweep generation total 87424K, used 43548K [0x00000000964c0000, 0x000000009ba20000, 0x0000000100000000)
 Metaspace       used 64024K, capacity 66828K, committed 67044K, reserved 1107968K
  class space    used 8477K, capacity 8980K, committed 9012K, reserved 1048576K
2019-05-24T17:22:51.174+0800: 60.478: [GC (Allocation Failure) 2019-05-24T17:22:51.174+0800: 60.478: [ParNew: 38319K->2370K(39296K), 0.0067880 secs] 81868K->46568K(126720K), 0.0069769 secs] [Times: user=0.00 sys=0.00, real=0.01 secs] 
Heap after GC invocations=156 (full 3):
 par new generation   total 39296K, used 2370K [0x0000000081800000, 0x00000000842a0000, 0x00000000964c0000)
  eden space 34944K,   0% used [0x0000000081800000, 0x0000000081800000, 0x0000000083a20000)
  from space 4352K,  54% used [0x0000000083a20000, 0x0000000083c70970, 0x0000000083e60000)
  to   space 4352K,   0% used [0x0000000083e60000, 0x0000000083e60000, 0x00000000842a0000)
 concurrent mark-sweep generation total 87424K, used 44197K [0x00000000964c0000, 0x000000009ba20000, 0x0000000100000000)
 Metaspace       used 64024K, capacity 66828K, committed 67044K, reserved 1107968K
  class space    used 8477K, capacity 8980K, committed 9012K, reserved 1048576K
}
2019-05-24T17:22:51.296+0800: 60.600: Application time: 0.1148677 seconds
{Heap before GC invocations=156 (full 3):
 par new generation   total 39296K, used 37314K [0x0000000081800000, 0x00000000842a0000, 0x00000000964c0000)
  eden space 34944K, 100% used [0x0000000081800000, 0x0000000083a20000, 0x0000000083a20000)
  from space 4352K,  54% used [0x0000000083a20000, 0x0000000083c70970, 0x0000000083e60000)
  to   space 4352K,   0% used [0x0000000083e60000, 0x0000000083e60000, 0x00000000842a0000)
 concurrent mark-sweep generation total 87424K, used 44197K [0x00000000964c0000, 0x000000009ba20000, 0x0000000100000000)
 Metaspace       used 64036K, capacity 66892K, committed 67044K, reserved 1107968K
  class space    used 8478K, capacity 8980K, committed 9012K, reserved 1048576K
2019-05-24T17:22:51.297+0800: 60.600: [GC (Allocation Failure) 2019-05-24T17:22:51.297+0800: 60.600: [ParNew: 37314K->2419K(39296K), 0.0048606 secs] 81512K->46617K(126720K), 0.0050751 secs] [Times: user=0.00 sys=0.00, real=0.01 secs] 
Heap after GC invocations=157 (full 3):
 par new generation   total 39296K, used 2419K [0x0000000081800000, 0x00000000842a0000, 0x00000000964c0000)
  eden space 34944K,   0% used [0x0000000081800000, 0x0000000081800000, 0x0000000083a20000)
  from space 4352K,  55% used [0x0000000083e60000, 0x00000000840bce20, 0x00000000842a0000)
  to   space 4352K,   0% used [0x0000000083a20000, 0x0000000083a20000, 0x0000000083e60000)
 concurrent mark-sweep generation total 87424K, used 44197K [0x00000000964c0000, 0x000000009ba20000, 0x0000000100000000)
 Metaspace       used 64036K, capacity 66892K, committed 67044K, reserved 1107968K
  class space    used 8478K, capacity 8980K, committed 9012K, reserved 1048576K
}
2019-05-24T17:22:51.961+0800: 61.265: Application time: 0.6597238 seconds
{Heap before GC invocations=157 (full 3):
 par new generation   total 39296K, used 37363K [0x0000000081800000, 0x00000000842a0000, 0x00000000964c0000)
  eden space 34944K, 100% used [0x0000000081800000, 0x0000000083a20000, 0x0000000083a20000)
  from space 4352K,  55% used [0x0000000083e60000, 0x00000000840bce20, 0x00000000842a0000)
  to   space 4352K,   0% used [0x0000000083a20000, 0x0000000083a20000, 0x0000000083e60000)
 concurrent mark-sweep generation total 87424K, used 44197K [0x00000000964c0000, 0x000000009ba20000, 0x0000000100000000)
 Metaspace       used 64080K, capacity 66924K, committed 67172K, reserved 1107968K
  class space    used 8483K, capacity 9012K, committed 9140K, reserved 1048576K
2019-05-24T17:22:51.962+0800: 61.265: [GC (Allocation Failure) 2019-05-24T17:22:51.962+0800: 61.265: [ParNew: 37363K->2784K(39296K), 0.0049408 secs] 81561K->47188K(126720K), 0.0051388 secs] [Times: user=0.08 sys=0.00, real=0.01 secs] 
Heap after GC invocations=158 (full 3):
 par new generation   total 39296K, used 2784K [0x0000000081800000, 0x00000000842a0000, 0x00000000964c0000)
  eden space 34944K,   0% used [0x0000000081800000, 0x0000000081800000, 0x0000000083a20000)
  from space 4352K,  63% used [0x0000000083a20000, 0x0000000083cd8260, 0x0000000083e60000)
  to   space 4352K,   0% used [0x0000000083e60000, 0x0000000083e60000, 0x00000000842a0000)
 concurrent mark-sweep generation total 87424K, used 44404K [0x00000000964c0000, 0x000000009ba20000, 0x0000000100000000)
 Metaspace       used 64080K, capacity 66924K, committed 67172K, reserved 1107968K
  class space    used 8483K, capacity 9012K, committed 9140K, reserved 1048576K
}
2019-05-24T17:22:51.972+0800: 61.276: Application time: 0.0052719 seconds
2019-05-24T17:22:52.121+0800: 61.425: Application time: 0.1486216 seconds
{Heap before GC invocations=158 (full 3):
 par new generation   total 39296K, used 37728K [0x0000000081800000, 0x00000000842a0000, 0x00000000964c0000)
  eden space 34944K, 100% used [0x0000000081800000, 0x0000000083a20000, 0x0000000083a20000)
  from space 4352K,  63% used [0x0000000083a20000, 0x0000000083cd8260, 0x0000000083e60000)
  to   space 4352K,   0% used [0x0000000083e60000, 0x0000000083e60000, 0x00000000842a0000)
 concurrent mark-sweep generation total 87424K, used 44404K [0x00000000964c0000, 0x000000009ba20000, 0x0000000100000000)
 Metaspace       used 64106K, capacity 66928K, committed 67172K, reserved 1107968K
  class space    used 8486K, capacity 9012K, committed 9140K, reserved 1048576K
2019-05-24T17:22:52.122+0800: 61.425: [GC (Allocation Failure) 2019-05-24T17:22:52.122+0800: 61.425: [ParNew: 37728K->3323K(39296K), 0.0048930 secs] 82132K->47865K(126720K), 0.0050756 secs] [Times: user=0.00 sys=0.00, real=0.01 secs] 
Heap after GC invocations=159 (full 3):
 par new generation   total 39296K, used 3323K [0x0000000081800000, 0x00000000842a0000, 0x00000000964c0000)
  eden space 34944K,   0% used [0x0000000081800000, 0x0000000081800000, 0x0000000083a20000)
  from space 4352K,  76% used [0x0000000083e60000, 0x000000008419ede0, 0x00000000842a0000)
  to   space 4352K,   0% used [0x0000000083a20000, 0x0000000083a20000, 0x0000000083e60000)
 concurrent mark-sweep generation total 87424K, used 44542K [0x00000000964c0000, 0x000000009ba20000, 0x0000000100000000)
 Metaspace       used 64106K, capacity 66928K, committed 67172K, reserved 1107968K
  class space    used 8486K, capacity 9012K, committed 9140K, reserved 1048576K
}
2019-05-24T17:22:53.085+0800: 62.388: Application time: 0.9579455 seconds
{Heap before GC invocations=159 (full 3):
 par new generation   total 39296K, used 38267K [0x0000000081800000, 0x00000000842a0000, 0x00000000964c0000)
  eden space 34944K, 100% used [0x0000000081800000, 0x0000000083a20000, 0x0000000083a20000)
  from space 4352K,  76% used [0x0000000083e60000, 0x000000008419ede0, 0x00000000842a0000)
  to   space 4352K,   0% used [0x0000000083a20000, 0x0000000083a20000, 0x0000000083e60000)
 concurrent mark-sweep generation total 87424K, used 44542K [0x00000000964c0000, 0x000000009ba20000, 0x0000000100000000)
 Metaspace       used 64155K, capacity 66992K, committed 67428K, reserved 1107968K
  class space    used 8492K, capacity 9012K, committed 9140K, reserved 1048576K
2019-05-24T17:22:53.086+0800: 62.389: [GC (Allocation Failure) 2019-05-24T17:22:53.086+0800: 62.389: [ParNew: 38267K->3483K(39296K), 0.0049414 secs] 82809K->48161K(126720K), 0.0051354 secs] [Times: user=0.08 sys=0.00, real=0.01 secs] 
Heap after GC invocations=160 (full 3):
 par new generation   total 39296K, used 3483K [0x0000000081800000, 0x00000000842a0000, 0x00000000964c0000)
  eden space 34944K,   0% used [0x0000000081800000, 0x0000000081800000, 0x0000000083a20000)
  from space 4352K,  80% used [0x0000000083a20000, 0x0000000083d86d10, 0x0000000083e60000)
  to   space 4352K,   0% used [0x0000000083e60000, 0x0000000083e60000, 0x00000000842a0000)
 concurrent mark-sweep generation total 87424K, used 44678K [0x00000000964c0000, 0x000000009ba20000, 0x0000000100000000)
 Metaspace       used 64155K, capacity 66992K, committed 67428K, reserved 1107968K
  class space    used 8492K, capacity 9012K, committed 9140K, reserved 1048576K
}
2019-05-24T17:22:53.219+0800: 62.522: Application time: 0.1278777 seconds
{Heap before GC invocations=160 (full 3):
 par new generation   total 39296K, used 38427K [0x0000000081800000, 0x00000000842a0000, 0x00000000964c0000)
  eden space 34944K, 100% used [0x0000000081800000, 0x0000000083a20000, 0x0000000083a20000)
  from space 4352K,  80% used [0x0000000083a20000, 0x0000000083d86d10, 0x0000000083e60000)
  to   space 4352K,   0% used [0x0000000083e60000, 0x0000000083e60000, 0x00000000842a0000)
 concurrent mark-sweep generation total 87424K, used 44678K [0x00000000964c0000, 0x000000009ba20000, 0x0000000100000000)
 Metaspace       used 64181K, capacity 66992K, committed 67428K, reserved 1107968K
  class space    used 8496K, capacity 9012K, committed 9140K, reserved 1048576K
2019-05-24T17:22:53.219+0800: 62.522: [GC (Allocation Failure) 2019-05-24T17:22:53.219+0800: 62.522: [ParNew: 38427K->2529K(39296K), 0.0047673 secs] 83105K->47402K(126720K), 0.0049539 secs] [Times: user=0.00 sys=0.00, real=0.00 secs] 
Heap after GC invocations=161 (full 3):
 par new generation   total 39296K, used 2529K [0x0000000081800000, 0x00000000842a0000, 0x00000000964c0000)
  eden space 34944K,   0% used [0x0000000081800000, 0x0000000081800000, 0x0000000083a20000)
  from space 4352K,  58% used [0x0000000083e60000, 0x00000000840d8428, 0x00000000842a0000)
  to   space 4352K,   0% used [0x0000000083a20000, 0x0000000083a20000, 0x0000000083e60000)
 concurrent mark-sweep generation total 87424K, used 44873K [0x00000000964c0000, 0x000000009ba20000, 0x0000000100000000)
 Metaspace       used 64181K, capacity 66992K, committed 67428K, reserved 1107968K
  class space    used 8496K, capacity 9012K, committed 9140K, reserved 1048576K
}
2019-05-24T17:22:53.369+0800: 62.673: Application time: 0.1453596 seconds
{Heap before GC invocations=161 (full 3):
 par new generation   total 39296K, used 37473K [0x0000000081800000, 0x00000000842a0000, 0x00000000964c0000)
  eden space 34944K, 100% used [0x0000000081800000, 0x0000000083a20000, 0x0000000083a20000)
  from space 4352K,  58% used [0x0000000083e60000, 0x00000000840d8428, 0x00000000842a0000)
  to   space 4352K,   0% used [0x0000000083a20000, 0x0000000083a20000, 0x0000000083e60000)
 concurrent mark-sweep generation total 87424K, used 44873K [0x00000000964c0000, 0x000000009ba20000, 0x0000000100000000)
 Metaspace       used 64244K, capacity 67056K, committed 67428K, reserved 1107968K
  class space    used 8508K, capacity 9012K, committed 9140K, reserved 1048576K
2019-05-24T17:22:53.369+0800: 62.673: [GC (Allocation Failure) 2019-05-24T17:22:53.370+0800: 62.673: [ParNew: 37473K->3076K(39296K), 0.0044897 secs] 82346K->48082K(126720K), 0.0047076 secs] [Times: user=0.06 sys=0.00, real=0.01 secs] 
Heap after GC invocations=162 (full 3):
 par new generation   total 39296K, used 3076K [0x0000000081800000, 0x00000000842a0000, 0x00000000964c0000)
  eden space 34944K,   0% used [0x0000000081800000, 0x0000000081800000, 0x0000000083a20000)
  from space 4352K,  70% used [0x0000000083a20000, 0x0000000083d21028, 0x0000000083e60000)
  to   space 4352K,   0% used [0x0000000083e60000, 0x0000000083e60000, 0x00000000842a0000)
 concurrent mark-sweep generation total 87424K, used 45006K [0x00000000964c0000, 0x000000009ba20000, 0x0000000100000000)
 Metaspace       used 64244K, capacity 67056K, committed 67428K, reserved 1107968K
  class space    used 8508K, capacity 9012K, committed 9140K, reserved 1048576K
}
2019-05-24T17:22:53.582+0800: 62.885: Application time: 0.2073116 seconds
{Heap before GC invocations=162 (full 3):
 par new generation   total 39296K, used 38020K [0x0000000081800000, 0x00000000842a0000, 0x00000000964c0000)
  eden space 34944K, 100% used [0x0000000081800000, 0x0000000083a20000, 0x0000000083a20000)
  from space 4352K,  70% used [0x0000000083a20000, 0x0000000083d21028, 0x0000000083e60000)
  to   space 4352K,   0% used [0x0000000083e60000, 0x0000000083e60000, 0x00000000842a0000)
 concurrent mark-sweep generation total 87424K, used 45006K [0x00000000964c0000, 0x000000009ba20000, 0x0000000100000000)
 Metaspace       used 64300K, capacity 67154K, committed 67428K, reserved 1107968K
  class space    used 8516K, capacity 9045K, committed 9140K, reserved 1048576K
2019-05-24T17:22:53.582+0800: 62.885: [GC (Allocation Failure) 2019-05-24T17:22:53.582+0800: 62.886: [ParNew: 38020K->2805K(39296K), 0.0054704 secs] 83026K->47945K(126720K), 0.0057230 secs] [Times: user=0.00 sys=0.00, real=0.01 secs] 
Heap after GC invocations=163 (full 3):
 par new generation   total 39296K, used 2805K [0x0000000081800000, 0x00000000842a0000, 0x00000000964c0000)
  eden space 34944K,   0% used [0x0000000081800000, 0x0000000081800000, 0x0000000083a20000)
  from space 4352K,  64% used [0x0000000083e60000, 0x000000008411d720, 0x00000000842a0000)
  to   space 4352K,   0% used [0x0000000083a20000, 0x0000000083a20000, 0x0000000083e60000)
 concurrent mark-sweep generation total 87424K, used 45139K [0x00000000964c0000, 0x000000009ba20000, 0x0000000100000000)
 Metaspace       used 64300K, capacity 67154K, committed 67428K, reserved 1107968K
  class space    used 8516K, capacity 9045K, committed 9140K, reserved 1048576K
}
2019-05-24T17:22:53.956+0800: 63.259: Application time: 0.3675875 seconds
{Heap before GC invocations=163 (full 3):
 par new generation   total 39296K, used 37749K [0x0000000081800000, 0x00000000842a0000, 0x00000000964c0000)
  eden space 34944K, 100% used [0x0000000081800000, 0x0000000083a20000, 0x0000000083a20000)
  from space 4352K,  64% used [0x0000000083e60000, 0x000000008411d720, 0x00000000842a0000)
  to   space 4352K,   0% used [0x0000000083a20000, 0x0000000083a20000, 0x0000000083e60000)
 concurrent mark-sweep generation total 87424K, used 45139K [0x00000000964c0000, 0x000000009ba20000, 0x0000000100000000)
 Metaspace       used 64317K, capacity 67154K, committed 67428K, reserved 1107968K
  class space    used 8517K, capacity 9045K, committed 9140K, reserved 1048576K
2019-05-24T17:22:53.956+0800: 63.259: [GC (Allocation Failure) 2019-05-24T17:22:53.956+0800: 63.259: [ParNew: 37749K->2390K(39296K), 0.0054858 secs] 82889K->48144K(126720K), 0.0056741 secs] [Times: user=0.00 sys=0.00, real=0.01 secs] 
Heap after GC invocations=164 (full 3):
 par new generation   total 39296K, used 2390K [0x0000000081800000, 0x00000000842a0000, 0x00000000964c0000)
  eden space 34944K,   0% used [0x0000000081800000, 0x0000000081800000, 0x0000000083a20000)
  from space 4352K,  54% used [0x0000000083a20000, 0x0000000083c75a28, 0x0000000083e60000)
  to   space 4352K,   0% used [0x0000000083e60000, 0x0000000083e60000, 0x00000000842a0000)
 concurrent mark-sweep generation total 87424K, used 45754K [0x00000000964c0000, 0x000000009ba20000, 0x0000000100000000)
 Metaspace       used 64317K, capacity 67154K, committed 67428K, reserved 1107968K
  class space    used 8517K, capacity 9045K, committed 9140K, reserved 1048576K
}
2019-05-24T17:22:54.233+0800: 63.536: Application time: 0.2711233 seconds
{Heap before GC invocations=164 (full 3):
 par new generation   total 39296K, used 37334K [0x0000000081800000, 0x00000000842a0000, 0x00000000964c0000)
  eden space 34944K, 100% used [0x0000000081800000, 0x0000000083a20000, 0x0000000083a20000)
  from space 4352K,  54% used [0x0000000083a20000, 0x0000000083c75a28, 0x0000000083e60000)
  to   space 4352K,   0% used [0x0000000083e60000, 0x0000000083e60000, 0x00000000842a0000)
 concurrent mark-sweep generation total 87424K, used 45754K [0x00000000964c0000, 0x000000009ba20000, 0x0000000100000000)
 Metaspace       used 64394K, capacity 67218K, committed 67428K, reserved 1107968K
  class space    used 8528K, capacity 9045K, committed 9140K, reserved 1048576K
2019-05-24T17:22:54.235+0800: 63.538: [GC (Allocation Failure) 2019-05-24T17:22:54.235+0800: 63.538: [ParNew: 37334K->1988K(39296K), 0.0038832 secs] 83088K->47857K(126720K), 0.0041227 secs] [Times: user=0.00 sys=0.00, real=0.00 secs] 
Heap after GC invocations=165 (full 3):
 par new generation   total 39296K, used 1988K [0x0000000081800000, 0x00000000842a0000, 0x00000000964c0000)
  eden space 34944K,   0% used [0x0000000081800000, 0x0000000081800000, 0x0000000083a20000)
  from space 4352K,  45% used [0x0000000083e60000, 0x0000000084051080, 0x00000000842a0000)
  to   space 4352K,   0% used [0x0000000083a20000, 0x0000000083a20000, 0x0000000083e60000)
 concurrent mark-sweep generation total 87424K, used 45869K [0x00000000964c0000, 0x000000009ba20000, 0x0000000100000000)
 Metaspace       used 64394K, capacity 67218K, committed 67428K, reserved 1107968K
  class space    used 8528K, capacity 9045K, committed 9140K, reserved 1048576K
}
2019-05-24T17:22:54.399+0800: 63.702: Application time: 0.1599675 seconds
{Heap before GC invocations=165 (full 3):
 par new generation   total 39296K, used 36932K [0x0000000081800000, 0x00000000842a0000, 0x00000000964c0000)
  eden space 34944K, 100% used [0x0000000081800000, 0x0000000083a20000, 0x0000000083a20000)
  from space 4352K,  45% used [0x0000000083e60000, 0x0000000084051080, 0x00000000842a0000)
  to   space 4352K,   0% used [0x0000000083a20000, 0x0000000083a20000, 0x0000000083e60000)
 concurrent mark-sweep generation total 87424K, used 45869K [0x00000000964c0000, 0x000000009ba20000, 0x0000000100000000)
 Metaspace       used 64458K, capacity 67286K, committed 67684K, reserved 1107968K
  class space    used 8535K, capacity 9047K, committed 9140K, reserved 1048576K
2019-05-24T17:22:54.399+0800: 63.702: [GC (Allocation Failure) 2019-05-24T17:22:54.399+0800: 63.703: [ParNew: 36932K->2226K(39296K), 0.0046165 secs] 82801K->48214K(126720K), 0.0048185 secs] [Times: user=0.06 sys=0.00, real=0.01 secs] 
Heap after GC invocations=166 (full 3):
 par new generation   total 39296K, used 2226K [0x0000000081800000, 0x00000000842a0000, 0x00000000964c0000)
  eden space 34944K,   0% used [0x0000000081800000, 0x0000000081800000, 0x0000000083a20000)
  from space 4352K,  51% used [0x0000000083a20000, 0x0000000083c4c890, 0x0000000083e60000)
  to   space 4352K,   0% used [0x0000000083e60000, 0x0000000083e60000, 0x00000000842a0000)
 concurrent mark-sweep generation total 87424K, used 45987K [0x00000000964c0000, 0x000000009ba20000, 0x0000000100000000)
 Metaspace       used 64458K, capacity 67286K, committed 67684K, reserved 1107968K
  class space    used 8535K, capacity 9047K, committed 9140K, reserved 1048576K
}
2019-05-24T17:22:54.605+0800: 63.909: Application time: 0.2012222 seconds
{Heap before GC invocations=166 (full 3):
 par new generation   total 39296K, used 37170K [0x0000000081800000, 0x00000000842a0000, 0x00000000964c0000)
  eden space 34944K, 100% used [0x0000000081800000, 0x0000000083a20000, 0x0000000083a20000)
  from space 4352K,  51% used [0x0000000083a20000, 0x0000000083c4c890, 0x0000000083e60000)
  to   space 4352K,   0% used [0x0000000083e60000, 0x0000000083e60000, 0x00000000842a0000)
 concurrent mark-sweep generation total 87424K, used 45987K [0x00000000964c0000, 0x000000009ba20000, 0x0000000100000000)
 Metaspace       used 64499K, capacity 67286K, committed 67684K, reserved 1107968K
  class space    used 8542K, capacity 9047K, committed 9140K, reserved 1048576K
2019-05-24T17:22:54.605+0800: 63.909: [GC (Allocation Failure) 2019-05-24T17:22:54.606+0800: 63.909: [ParNew: 37170K->2219K(39296K), 0.0041756 secs] 83158K->48377K(126720K), 0.0043856 secs] [Times: user=0.00 sys=0.00, real=0.00 secs] 
Heap after GC invocations=167 (full 3):
 par new generation   total 39296K, used 2219K [0x0000000081800000, 0x00000000842a0000, 0x00000000964c0000)
  eden space 34944K,   0% used [0x0000000081800000, 0x0000000081800000, 0x0000000083a20000)
  from space 4352K,  50% used [0x0000000083e60000, 0x000000008408ad78, 0x00000000842a0000)
  to   space 4352K,   0% used [0x0000000083a20000, 0x0000000083a20000, 0x0000000083e60000)
 concurrent mark-sweep generation total 87424K, used 46158K [0x00000000964c0000, 0x000000009ba20000, 0x0000000100000000)
 Metaspace       used 64499K, capacity 67286K, committed 67684K, reserved 1107968K
  class space    used 8542K, capacity 9047K, committed 9140K, reserved 1048576K
}
2019-05-24T17:22:54.835+0800: 64.138: Application time: 0.2243782 seconds
{Heap before GC invocations=167 (full 3):
 par new generation   total 39296K, used 37163K [0x0000000081800000, 0x00000000842a0000, 0x00000000964c0000)
  eden space 34944K, 100% used [0x0000000081800000, 0x0000000083a20000, 0x0000000083a20000)
  from space 4352K,  50% used [0x0000000083e60000, 0x000000008408ad78, 0x00000000842a0000)
  to   space 4352K,   0% used [0x0000000083a20000, 0x0000000083a20000, 0x0000000083e60000)
 concurrent mark-sweep generation total 87424K, used 46158K [0x00000000964c0000, 0x000000009ba20000, 0x0000000100000000)
 Metaspace       used 64532K, capacity 67350K, committed 67684K, reserved 1107968K
  class space    used 8546K, capacity 9047K, committed 9140K, reserved 1048576K
2019-05-24T17:22:54.835+0800: 64.138: [GC (Allocation Failure) 2019-05-24T17:22:54.835+0800: 64.138: [ParNew: 37163K->2111K(39296K), 0.0039344 secs] 83321K->48514K(126720K), 0.0041529 secs] [Times: user=0.00 sys=0.00, real=0.00 secs] 
Heap after GC invocations=168 (full 3):
 par new generation   total 39296K, used 2111K [0x0000000081800000, 0x00000000842a0000, 0x00000000964c0000)
  eden space 34944K,   0% used [0x0000000081800000, 0x0000000081800000, 0x0000000083a20000)
  from space 4352K,  48% used [0x0000000083a20000, 0x0000000083c2fcd0, 0x0000000083e60000)
  to   space 4352K,   0% used [0x0000000083e60000, 0x0000000083e60000, 0x00000000842a0000)
 concurrent mark-sweep generation total 87424K, used 46403K [0x00000000964c0000, 0x000000009ba20000, 0x0000000100000000)
 Metaspace       used 64532K, capacity 67350K, committed 67684K, reserved 1107968K
  class space    used 8546K, capacity 9047K, committed 9140K, reserved 1048576K
}
2019-05-24T17:22:54.990+0800: 64.293: Application time: 0.1509848 seconds
{Heap before GC invocations=168 (full 3):
 par new generation   total 39296K, used 37055K [0x0000000081800000, 0x00000000842a0000, 0x00000000964c0000)
  eden space 34944K, 100% used [0x0000000081800000, 0x0000000083a20000, 0x0000000083a20000)
  from space 4352K,  48% used [0x0000000083a20000, 0x0000000083c2fcd0, 0x0000000083e60000)
  to   space 4352K,   0% used [0x0000000083e60000, 0x0000000083e60000, 0x00000000842a0000)
 concurrent mark-sweep generation total 87424K, used 46403K [0x00000000964c0000, 0x000000009ba20000, 0x0000000100000000)
 Metaspace       used 64589K, capacity 67446K, committed 67684K, reserved 1107968K
  class space    used 8551K, capacity 9079K, committed 9140K, reserved 1048576K
2019-05-24T17:22:54.990+0800: 64.294: [GC (Allocation Failure) 2019-05-24T17:22:54.990+0800: 64.294: [ParNew: 37055K->2350K(39296K), 0.0042354 secs] 83458K->48918K(126720K), 0.0044225 secs] [Times: user=0.00 sys=0.00, real=0.00 secs] 
Heap after GC invocations=169 (full 3):
 par new generation   total 39296K, used 2350K [0x0000000081800000, 0x00000000842a0000, 0x00000000964c0000)
  eden space 34944K,   0% used [0x0000000081800000, 0x0000000081800000, 0x0000000083a20000)
  from space 4352K,  54% used [0x0000000083e60000, 0x00000000840ab870, 0x00000000842a0000)
  to   space 4352K,   0% used [0x0000000083a20000, 0x0000000083a20000, 0x0000000083e60000)
 concurrent mark-sweep generation total 87424K, used 46567K [0x00000000964c0000, 0x000000009ba20000, 0x0000000100000000)
 Metaspace       used 64589K, capacity 67446K, committed 67684K, reserved 1107968K
  class space    used 8551K, capacity 9079K, committed 9140K, reserved 1048576K
}
2019-05-24T17:22:55.165+0800: 64.468: Application time: 0.1697871 seconds
{Heap before GC invocations=169 (full 3):
 par new generation   total 39296K, used 37294K [0x0000000081800000, 0x00000000842a0000, 0x00000000964c0000)
  eden space 34944K, 100% used [0x0000000081800000, 0x0000000083a20000, 0x0000000083a20000)
  from space 4352K,  54% used [0x0000000083e60000, 0x00000000840ab870, 0x00000000842a0000)
  to   space 4352K,   0% used [0x0000000083a20000, 0x0000000083a20000, 0x0000000083e60000)
 concurrent mark-sweep generation total 87424K, used 46567K [0x00000000964c0000, 0x000000009ba20000, 0x0000000100000000)
 Metaspace       used 64678K, capacity 67458K, committed 67684K, reserved 1107968K
  class space    used 8562K, capacity 9083K, committed 9140K, reserved 1048576K
2019-05-24T17:22:55.165+0800: 64.468: [GC (Allocation Failure) 2019-05-24T17:22:55.165+0800: 64.469: [ParNew: 37294K->2202K(39296K), 0.0044572 secs] 83862K->48897K(126720K), 0.0046808 secs] [Times: user=0.08 sys=0.00, real=0.01 secs] 
Heap after GC invocations=170 (full 3):
 par new generation   total 39296K, used 2202K [0x0000000081800000, 0x00000000842a0000, 0x00000000964c0000)
  eden space 34944K,   0% used [0x0000000081800000, 0x0000000081800000, 0x0000000083a20000)
  from space 4352K,  50% used [0x0000000083a20000, 0x0000000083c46ad8, 0x0000000083e60000)
  to   space 4352K,   0% used [0x0000000083e60000, 0x0000000083e60000, 0x00000000842a0000)
 concurrent mark-sweep generation total 87424K, used 46694K [0x00000000964c0000, 0x000000009ba20000, 0x0000000100000000)
 Metaspace       used 64678K, capacity 67458K, committed 67684K, reserved 1107968K
  class space    used 8562K, capacity 9083K, committed 9140K, reserved 1048576K
}
2019-05-24T17:22:55.333+0800: 64.636: Application time: 0.1631146 seconds
{Heap before GC invocations=170 (full 3):
 par new generation   total 39296K, used 37146K [0x0000000081800000, 0x00000000842a0000, 0x00000000964c0000)
  eden space 34944K, 100% used [0x0000000081800000, 0x0000000083a20000, 0x0000000083a20000)
  from space 4352K,  50% used [0x0000000083a20000, 0x0000000083c46ad8, 0x0000000083e60000)
  to   space 4352K,   0% used [0x0000000083e60000, 0x0000000083e60000, 0x00000000842a0000)
 concurrent mark-sweep generation total 87424K, used 46694K [0x00000000964c0000, 0x000000009ba20000, 0x0000000100000000)
 Metaspace       used 64732K, capacity 67536K, committed 67684K, reserved 1107968K
  class space    used 8570K, capacity 9086K, committed 9140K, reserved 1048576K
2019-05-24T17:22:55.334+0800: 64.637: [GC (Allocation Failure) 2019-05-24T17:22:55.334+0800: 64.637: [ParNew: 37146K->2774K(39296K), 0.0040772 secs] 83841K->49617K(126720K), 0.0042633 secs] [Times: user=0.00 sys=0.00, real=0.00 secs] 
Heap after GC invocations=171 (full 3):
 par new generation   total 39296K, used 2774K [0x0000000081800000, 0x00000000842a0000, 0x00000000964c0000)
  eden space 34944K,   0% used [0x0000000081800000, 0x0000000081800000, 0x0000000083a20000)
  from space 4352K,  63% used [0x0000000083e60000, 0x00000000841159d8, 0x00000000842a0000)
  to   space 4352K,   0% used [0x0000000083a20000, 0x0000000083a20000, 0x0000000083e60000)
 concurrent mark-sweep generation total 87424K, used 46842K [0x00000000964c0000, 0x000000009ba20000, 0x0000000100000000)
 Metaspace       used 64732K, capacity 67536K, committed 67684K, reserved 1107968K
  class space    used 8570K, capacity 9086K, committed 9140K, reserved 1048576K
}
2019-05-24T17:22:55.477+0800: 64.781: Application time: 0.1397378 seconds
{Heap before GC invocations=171 (full 3):
 par new generation   total 39296K, used 37718K [0x0000000081800000, 0x00000000842a0000, 0x00000000964c0000)
  eden space 34944K, 100% used [0x0000000081800000, 0x0000000083a20000, 0x0000000083a20000)
  from space 4352K,  63% used [0x0000000083e60000, 0x00000000841159d8, 0x00000000842a0000)
  to   space 4352K,   0% used [0x0000000083a20000, 0x0000000083a20000, 0x0000000083e60000)
 concurrent mark-sweep generation total 87424K, used 46842K [0x00000000964c0000, 0x000000009ba20000, 0x0000000100000000)
 Metaspace       used 64752K, capacity 67542K, committed 67684K, reserved 1107968K
  class space    used 8573K, capacity 9087K, committed 9140K, reserved 1048576K
2019-05-24T17:22:55.478+0800: 64.781: [GC (Allocation Failure) 2019-05-24T17:22:55.478+0800: 64.781: [ParNew: 37718K->1725K(39296K), 0.0040061 secs] 84561K->48711K(126720K), 0.0042126 secs] [Times: user=0.06 sys=0.00, real=0.00 secs] 
Heap after GC invocations=172 (full 3):
 par new generation   total 39296K, used 1725K [0x0000000081800000, 0x00000000842a0000, 0x00000000964c0000)
  eden space 34944K,   0% used [0x0000000081800000, 0x0000000081800000, 0x0000000083a20000)
  from space 4352K,  39% used [0x0000000083a20000, 0x0000000083bcf590, 0x0000000083e60000)
  to   space 4352K,   0% used [0x0000000083e60000, 0x0000000083e60000, 0x00000000842a0000)
 concurrent mark-sweep generation total 87424K, used 46985K [0x00000000964c0000, 0x000000009ba20000, 0x0000000100000000)
 Metaspace       used 64752K, capacity 67542K, committed 67684K, reserved 1107968K
  class space    used 8573K, capacity 9087K, committed 9140K, reserved 1048576K
}
2019-05-24T17:22:55.585+0800: 64.888: Application time: 0.1026730 seconds
{Heap before GC invocations=172 (full 3):
 par new generation   total 39296K, used 36669K [0x0000000081800000, 0x00000000842a0000, 0x00000000964c0000)
  eden space 34944K, 100% used [0x0000000081800000, 0x0000000083a20000, 0x0000000083a20000)
  from space 4352K,  39% used [0x0000000083a20000, 0x0000000083bcf590, 0x0000000083e60000)
  to   space 4352K,   0% used [0x0000000083e60000, 0x0000000083e60000, 0x00000000842a0000)
 concurrent mark-sweep generation total 87424K, used 46985K [0x00000000964c0000, 0x000000009ba20000, 0x0000000100000000)
 Metaspace       used 64756K, capacity 67542K, committed 67684K, reserved 1107968K
  class space    used 8573K, capacity 9087K, committed 9140K, reserved 1048576K
2019-05-24T17:22:55.586+0800: 64.889: [GC (Allocation Failure) 2019-05-24T17:22:55.586+0800: 64.889: [ParNew: 36669K->2266K(39296K), 0.0037200 secs] 83655K->49388K(126720K), 0.0039031 secs] [Times: user=0.03 sys=0.02, real=0.00 secs] 
Heap after GC invocations=173 (full 3):
 par new generation   total 39296K, used 2266K [0x0000000081800000, 0x00000000842a0000, 0x00000000964c0000)
  eden space 34944K,   0% used [0x0000000081800000, 0x0000000081800000, 0x0000000083a20000)
  from space 4352K,  52% used [0x0000000083e60000, 0x0000000084096ac0, 0x00000000842a0000)
  to   space 4352K,   0% used [0x0000000083a20000, 0x0000000083a20000, 0x0000000083e60000)
 concurrent mark-sweep generation total 87424K, used 47122K [0x00000000964c0000, 0x000000009ba20000, 0x0000000100000000)
 Metaspace       used 64756K, capacity 67542K, committed 67684K, reserved 1107968K
  class space    used 8573K, capacity 9087K, committed 9140K, reserved 1048576K
}
2019-05-24T17:22:55.666+0800: 64.970: Application time: 0.0767624 seconds
2019-05-24T17:22:55.704+0800: 65.008: Application time: 0.0368828 seconds
{Heap before GC invocations=173 (full 3):
 par new generation   total 39296K, used 37210K [0x0000000081800000, 0x00000000842a0000, 0x00000000964c0000)
  eden space 34944K, 100% used [0x0000000081800000, 0x0000000083a20000, 0x0000000083a20000)
  from space 4352K,  52% used [0x0000000083e60000, 0x0000000084096ac0, 0x00000000842a0000)
  to   space 4352K,   0% used [0x0000000083a20000, 0x0000000083a20000, 0x0000000083e60000)
 concurrent mark-sweep generation total 87424K, used 47122K [0x00000000964c0000, 0x000000009ba20000, 0x0000000100000000)
 Metaspace       used 64776K, capacity 67608K, committed 67940K, reserved 1107968K
  class space    used 8578K, capacity 9088K, committed 9140K, reserved 1048576K
2019-05-24T17:22:55.705+0800: 65.008: [GC (Allocation Failure) 2019-05-24T17:22:55.705+0800: 65.008: [ParNew: 37210K->1652K(39296K), 0.0037535 secs] 84332K->48927K(126720K), 0.0039600 secs] [Times: user=0.00 sys=0.00, real=0.00 secs] 
Heap after GC invocations=174 (full 3):
 par new generation   total 39296K, used 1652K [0x0000000081800000, 0x00000000842a0000, 0x00000000964c0000)
  eden space 34944K,   0% used [0x0000000081800000, 0x0000000081800000, 0x0000000083a20000)
  from space 4352K,  37% used [0x0000000083a20000, 0x0000000083bbd3e0, 0x0000000083e60000)
  to   space 4352K,   0% used [0x0000000083e60000, 0x0000000083e60000, 0x00000000842a0000)
 concurrent mark-sweep generation total 87424K, used 47274K [0x00000000964c0000, 0x000000009ba20000, 0x0000000100000000)
 Metaspace       used 64776K, capacity 67608K, committed 67940K, reserved 1107968K
  class space    used 8578K, capacity 9088K, committed 9140K, reserved 1048576K
}
2019-05-24T17:22:55.777+0800: 65.081: Application time: 0.0690773 seconds
2019-05-24T17:22:55.806+0800: 65.109: Application time: 0.0274540 seconds
{Heap before GC invocations=174 (full 3):
 par new generation   total 39296K, used 36596K [0x0000000081800000, 0x00000000842a0000, 0x00000000964c0000)
  eden space 34944K, 100% used [0x0000000081800000, 0x0000000083a20000, 0x0000000083a20000)
  from space 4352K,  37% used [0x0000000083a20000, 0x0000000083bbd3e0, 0x0000000083e60000)
  to   space 4352K,   0% used [0x0000000083e60000, 0x0000000083e60000, 0x00000000842a0000)
 concurrent mark-sweep generation total 87424K, used 47274K [0x00000000964c0000, 0x000000009ba20000, 0x0000000100000000)
 Metaspace       used 64970K, capacity 67808K, committed 68068K, reserved 1107968K
  class space    used 8603K, capacity 9154K, committed 9268K, reserved 1048576K
2019-05-24T17:22:55.806+0800: 65.109: [GC (Allocation Failure) 2019-05-24T17:22:55.806+0800: 65.109: [ParNew: 36596K->1884K(39296K), 0.0035561 secs] 83871K->49300K(126720K), 0.0036881 secs] [Times: user=0.08 sys=0.00, real=0.00 secs] 
Heap after GC invocations=175 (full 3):
 par new generation   total 39296K, used 1884K [0x0000000081800000, 0x00000000842a0000, 0x00000000964c0000)
  eden space 34944K,   0% used [0x0000000081800000, 0x0000000081800000, 0x0000000083a20000)
  from space 4352K,  43% used [0x0000000083e60000, 0x0000000084037080, 0x00000000842a0000)
  to   space 4352K,   0% used [0x0000000083a20000, 0x0000000083a20000, 0x0000000083e60000)
 concurrent mark-sweep generation total 87424K, used 47416K [0x00000000964c0000, 0x000000009ba20000, 0x0000000100000000)
 Metaspace       used 64970K, capacity 67808K, committed 68068K, reserved 1107968K
  class space    used 8603K, capacity 9154K, committed 9268K, reserved 1048576K
}
2019-05-24T17:22:55.810+0800: 65.113: Application time: 0.0002691 seconds
2019-05-24T17:22:55.810+0800: 65.114: Application time: 0.0000796 seconds
2019-05-24T17:22:55.838+0800: 65.141: Application time: 0.0274039 seconds
2019-05-24T17:22:56.057+0800: 65.360: Application time: 0.2176500 seconds
{Heap before GC invocations=175 (full 3):
 par new generation   total 39296K, used 36828K [0x0000000081800000, 0x00000000842a0000, 0x00000000964c0000)
  eden space 34944K, 100% used [0x0000000081800000, 0x0000000083a20000, 0x0000000083a20000)
  from space 4352K,  43% used [0x0000000083e60000, 0x0000000084037080, 0x00000000842a0000)
  to   space 4352K,   0% used [0x0000000083a20000, 0x0000000083a20000, 0x0000000083e60000)
 concurrent mark-sweep generation total 87424K, used 47416K [0x00000000964c0000, 0x000000009ba20000, 0x0000000100000000)
 Metaspace       used 65279K, capacity 68160K, committed 68324K, reserved 1107968K
  class space    used 8653K, capacity 9186K, committed 9268K, reserved 1048576K
2019-05-24T17:22:56.057+0800: 65.360: [GC (Allocation Failure) 2019-05-24T17:22:56.057+0800: 65.360: [ParNew: 36828K->2686K(39296K), 0.0042069 secs] 84244K->50211K(126720K), 0.0043873 secs] [Times: user=0.09 sys=0.00, real=0.00 secs] 
Heap after GC invocations=176 (full 3):
 par new generation   total 39296K, used 2686K [0x0000000081800000, 0x00000000842a0000, 0x00000000964c0000)
  eden space 34944K,   0% used [0x0000000081800000, 0x0000000081800000, 0x0000000083a20000)
  from space 4352K,  61% used [0x0000000083a20000, 0x0000000083cbfb30, 0x0000000083e60000)
  to   space 4352K,   0% used [0x0000000083e60000, 0x0000000083e60000, 0x00000000842a0000)
 concurrent mark-sweep generation total 87424K, used 47524K [0x00000000964c0000, 0x000000009ba20000, 0x0000000100000000)
 Metaspace       used 65279K, capacity 68160K, committed 68324K, reserved 1107968K
  class space    used 8653K, capacity 9186K, committed 9268K, reserved 1048576K
}
2019-05-24T17:22:56.235+0800: 65.538: Application time: 0.1739070 seconds
{Heap before GC invocations=176 (full 3):
 par new generation   total 39296K, used 37630K [0x0000000081800000, 0x00000000842a0000, 0x00000000964c0000)
  eden space 34944K, 100% used [0x0000000081800000, 0x0000000083a20000, 0x0000000083a20000)
  from space 4352K,  61% used [0x0000000083a20000, 0x0000000083cbfb30, 0x0000000083e60000)
  to   space 4352K,   0% used [0x0000000083e60000, 0x0000000083e60000, 0x00000000842a0000)
 concurrent mark-sweep generation total 87424K, used 47524K [0x00000000964c0000, 0x000000009ba20000, 0x0000000100000000)
 Metaspace       used 65696K, capacity 68608K, committed 68916K, reserved 1110016K
  class space    used 8717K, capacity 9250K, committed 9268K, reserved 1048576K
2019-05-24T17:22:56.235+0800: 65.539: [GC (Allocation Failure) 2019-05-24T17:22:56.235+0800: 65.539: [ParNew: 37630K->2562K(39296K), 0.0037177 secs] 85155K->50231K(126720K), 0.0038684 secs] [Times: user=0.00 sys=0.00, real=0.00 secs] 
Heap after GC invocations=177 (full 3):
 par new generation   total 39296K, used 2562K [0x0000000081800000, 0x00000000842a0000, 0x00000000964c0000)
  eden space 34944K,   0% used [0x0000000081800000, 0x0000000081800000, 0x0000000083a20000)
  from space 4352K,  58% used [0x0000000083e60000, 0x00000000840e0a10, 0x00000000842a0000)
  to   space 4352K,   0% used [0x0000000083a20000, 0x0000000083a20000, 0x0000000083e60000)
 concurrent mark-sweep generation total 87424K, used 47668K [0x00000000964c0000, 0x000000009ba20000, 0x0000000100000000)
 Metaspace       used 65696K, capacity 68608K, committed 68916K, reserved 1110016K
  class space    used 8717K, capacity 9250K, committed 9268K, reserved 1048576K
}
2019-05-24T17:22:56.425+0800: 65.728: Application time: 0.1857342 seconds
{Heap before GC invocations=177 (full 3):
 par new generation   total 39296K, used 37506K [0x0000000081800000, 0x00000000842a0000, 0x00000000964c0000)
  eden space 34944K, 100% used [0x0000000081800000, 0x0000000083a20000, 0x0000000083a20000)
  from space 4352K,  58% used [0x0000000083e60000, 0x00000000840e0a10, 0x00000000842a0000)
  to   space 4352K,   0% used [0x0000000083a20000, 0x0000000083a20000, 0x0000000083e60000)
 concurrent mark-sweep generation total 87424K, used 47668K [0x00000000964c0000, 0x000000009ba20000, 0x0000000100000000)
 Metaspace       used 65978K, capacity 68864K, committed 69044K, reserved 1110016K
  class space    used 8763K, capacity 9314K, committed 9396K, reserved 1048576K
2019-05-24T17:22:56.425+0800: 65.729: [GC (Allocation Failure) 2019-05-24T17:22:56.425+0800: 65.729: [ParNew: 37506K->2240K(39296K), 0.0046262 secs] 85175K->50104K(126720K), 0.0048572 secs] [Times: user=0.00 sys=0.00, real=0.01 secs] 
Heap after GC invocations=178 (full 3):
 par new generation   total 39296K, used 2240K [0x0000000081800000, 0x00000000842a0000, 0x00000000964c0000)
  eden space 34944K,   0% used [0x0000000081800000, 0x0000000081800000, 0x0000000083a20000)
  from space 4352K,  51% used [0x0000000083a20000, 0x0000000083c50110, 0x0000000083e60000)
  to   space 4352K,   0% used [0x0000000083e60000, 0x0000000083e60000, 0x00000000842a0000)
 concurrent mark-sweep generation total 87424K, used 47864K [0x00000000964c0000, 0x000000009ba20000, 0x0000000100000000)
 Metaspace       used 65978K, capacity 68864K, committed 69044K, reserved 1110016K
  class space    used 8763K, capacity 9314K, committed 9396K, reserved 1048576K
}
2019-05-24T17:22:56.807+0800: 66.110: Application time: 0.3765890 seconds
2019-05-24T17:22:56.819+0800: 66.123: Application time: 0.0106433 seconds
{Heap before GC invocations=178 (full 3):
 par new generation   total 39296K, used 37184K [0x0000000081800000, 0x00000000842a0000, 0x00000000964c0000)
  eden space 34944K, 100% used [0x0000000081800000, 0x0000000083a20000, 0x0000000083a20000)
  from space 4352K,  51% used [0x0000000083a20000, 0x0000000083c50110, 0x0000000083e60000)
  to   space 4352K,   0% used [0x0000000083e60000, 0x0000000083e60000, 0x00000000842a0000)
 concurrent mark-sweep generation total 87424K, used 47864K [0x00000000964c0000, 0x000000009ba20000, 0x0000000100000000)
 Metaspace       used 66513K, capacity 69312K, committed 69556K, reserved 1110016K
  class space    used 8846K, capacity 9378K, committed 9396K, reserved 1048576K
2019-05-24T17:22:56.820+0800: 66.123: [GC (Allocation Failure) 2019-05-24T17:22:56.820+0800: 66.123: [ParNew: 37184K->2188K(39296K), 0.0053828 secs] 85048K->50316K(126720K), 0.0055871 secs] [Times: user=0.03 sys=0.00, real=0.01 secs] 
Heap after GC invocations=179 (full 3):
 par new generation   total 39296K, used 2188K [0x0000000081800000, 0x00000000842a0000, 0x00000000964c0000)
  eden space 34944K,   0% used [0x0000000081800000, 0x0000000081800000, 0x0000000083a20000)
  from space 4352K,  50% used [0x0000000083e60000, 0x0000000084083340, 0x00000000842a0000)
  to   space 4352K,   0% used [0x0000000083a20000, 0x0000000083a20000, 0x0000000083e60000)
 concurrent mark-sweep generation total 87424K, used 48127K [0x00000000964c0000, 0x000000009ba20000, 0x0000000100000000)
 Metaspace       used 66513K, capacity 69312K, committed 69556K, reserved 1110016K
  class space    used 8846K, capacity 9378K, committed 9396K, reserved 1048576K
}
2019-05-24T17:22:56.833+0800: 66.137: Application time: 0.0080947 seconds
2019-05-24T17:22:56.882+0800: 66.185: Application time: 0.0465226 seconds
2019-05-24T17:22:56.886+0800: 66.189: Application time: 0.0024724 seconds
2019-05-24T17:22:56.955+0800: 66.258: Application time: 0.0682314 seconds
2019-05-24T17:22:57.083+0800: 66.387: Application time: 0.1268565 seconds
{Heap before GC invocations=179 (full 3):
 par new generation   total 39296K, used 37132K [0x0000000081800000, 0x00000000842a0000, 0x00000000964c0000)
  eden space 34944K, 100% used [0x0000000081800000, 0x0000000083a20000, 0x0000000083a20000)
  from space 4352K,  50% used [0x0000000083e60000, 0x0000000084083340, 0x00000000842a0000)
  to   space 4352K,   0% used [0x0000000083a20000, 0x0000000083a20000, 0x0000000083e60000)
 concurrent mark-sweep generation total 87424K, used 48127K [0x00000000964c0000, 0x000000009ba20000, 0x0000000100000000)
 Metaspace       used 67303K, capacity 70112K, committed 70452K, reserved 1110016K
  class space    used 8948K, capacity 9474K, committed 9524K, reserved 1048576K
2019-05-24T17:22:57.083+0800: 66.387: [GC (Allocation Failure) 2019-05-24T17:22:57.083+0800: 66.387: [ParNew: 37132K->1851K(39296K), 0.0038104 secs] 85260K->50144K(126720K), 0.0040357 secs] [Times: user=0.00 sys=0.00, real=0.00 secs] 
Heap after GC invocations=180 (full 3):
 par new generation   total 39296K, used 1851K [0x0000000081800000, 0x00000000842a0000, 0x00000000964c0000)
  eden space 34944K,   0% used [0x0000000081800000, 0x0000000081800000, 0x0000000083a20000)
  from space 4352K,  42% used [0x0000000083a20000, 0x0000000083beec88, 0x0000000083e60000)
  to   space 4352K,   0% used [0x0000000083e60000, 0x0000000083e60000, 0x00000000842a0000)
 concurrent mark-sweep generation total 87424K, used 48293K [0x00000000964c0000, 0x000000009ba20000, 0x0000000100000000)
 Metaspace       used 67303K, capacity 70112K, committed 70452K, reserved 1110016K
  class space    used 8948K, capacity 9474K, committed 9524K, reserved 1048576K
}
2019-05-24T17:22:57.147+0800: 66.451: Application time: 0.0596343 seconds
2019-05-24T17:22:57.423+0800: 66.726: Application time: 0.2745212 seconds
{Heap before GC invocations=180 (full 3):
 par new generation   total 39296K, used 36795K [0x0000000081800000, 0x00000000842a0000, 0x00000000964c0000)
  eden space 34944K, 100% used [0x0000000081800000, 0x0000000083a20000, 0x0000000083a20000)
  from space 4352K,  42% used [0x0000000083a20000, 0x0000000083beec88, 0x0000000083e60000)
  to   space 4352K,   0% used [0x0000000083e60000, 0x0000000083e60000, 0x00000000842a0000)
 concurrent mark-sweep generation total 87424K, used 48293K [0x00000000964c0000, 0x000000009ba20000, 0x0000000100000000)
 Metaspace       used 67703K, capacity 70508K, committed 70836K, reserved 1110016K
  class space    used 9023K, capacity 9540K, committed 9652K, reserved 1048576K
2019-05-24T17:22:57.423+0800: 66.726: [GC (Allocation Failure) 2019-05-24T17:22:57.423+0800: 66.727: [ParNew: 36795K->1800K(39296K), 0.0040300 secs] 85088K->50176K(126720K), 0.0042496 secs] [Times: user=0.00 sys=0.00, real=0.00 secs] 
Heap after GC invocations=181 (full 3):
 par new generation   total 39296K, used 1800K [0x0000000081800000, 0x00000000842a0000, 0x00000000964c0000)
  eden space 34944K,   0% used [0x0000000081800000, 0x0000000081800000, 0x0000000083a20000)
  from space 4352K,  41% used [0x0000000083e60000, 0x00000000840223f8, 0x00000000842a0000)
  to   space 4352K,   0% used [0x0000000083a20000, 0x0000000083a20000, 0x0000000083e60000)
 concurrent mark-sweep generation total 87424K, used 48375K [0x00000000964c0000, 0x000000009ba20000, 0x0000000100000000)
 Metaspace       used 67703K, capacity 70508K, committed 70836K, reserved 1110016K
  class space    used 9023K, capacity 9540K, committed 9652K, reserved 1048576K
}
2019-05-24T17:22:57.877+0800: 67.180: Application time: 0.4487923 seconds
2019-05-24T17:22:57.888+0800: 67.192: Application time: 0.0106047 seconds
{Heap before GC invocations=181 (full 3):
 par new generation   total 39296K, used 36744K [0x0000000081800000, 0x00000000842a0000, 0x00000000964c0000)
  eden space 34944K, 100% used [0x0000000081800000, 0x0000000083a20000, 0x0000000083a20000)
  from space 4352K,  41% used [0x0000000083e60000, 0x00000000840223f8, 0x00000000842a0000)
  to   space 4352K,   0% used [0x0000000083a20000, 0x0000000083a20000, 0x0000000083e60000)
 concurrent mark-sweep generation total 87424K, used 48375K [0x00000000964c0000, 0x000000009ba20000, 0x0000000100000000)
 Metaspace       used 68053K, capacity 70858K, committed 71092K, reserved 1110016K
  class space    used 9071K, capacity 9609K, committed 9652K, reserved 1048576K
2019-05-24T17:22:57.888+0800: 67.192: [GC (Allocation Failure) 2019-05-24T17:22:57.888+0800: 67.192: [ParNew: 36744K->2404K(39296K), 0.0043514 secs] 85120K->50847K(126720K), 0.0045790 secs] [Times: user=0.00 sys=0.00, real=0.00 secs] 
Heap after GC invocations=182 (full 3):
 par new generation   total 39296K, used 2404K [0x0000000081800000, 0x00000000842a0000, 0x00000000964c0000)
  eden space 34944K,   0% used [0x0000000081800000, 0x0000000081800000, 0x0000000083a20000)
  from space 4352K,  55% used [0x0000000083a20000, 0x0000000083c790c8, 0x0000000083e60000)
  to   space 4352K,   0% used [0x0000000083e60000, 0x0000000083e60000, 0x00000000842a0000)
 concurrent mark-sweep generation total 87424K, used 48442K [0x00000000964c0000, 0x000000009ba20000, 0x0000000100000000)
 Metaspace       used 68053K, capacity 70858K, committed 71092K, reserved 1110016K
  class space    used 9071K, capacity 9609K, committed 9652K, reserved 1048576K
}
2019-05-24T17:22:58.057+0800: 67.361: Application time: 0.1640192 seconds
{Heap before GC invocations=182 (full 3):
 par new generation   total 39296K, used 37348K [0x0000000081800000, 0x00000000842a0000, 0x00000000964c0000)
  eden space 34944K, 100% used [0x0000000081800000, 0x0000000083a20000, 0x0000000083a20000)
  from space 4352K,  55% used [0x0000000083a20000, 0x0000000083c790c8, 0x0000000083e60000)
  to   space 4352K,   0% used [0x0000000083e60000, 0x0000000083e60000, 0x00000000842a0000)
 concurrent mark-sweep generation total 87424K, used 48442K [0x00000000964c0000, 0x000000009ba20000, 0x0000000100000000)
 Metaspace       used 68447K, capacity 71274K, committed 71604K, reserved 1112064K
  class space    used 9121K, capacity 9641K, committed 9652K, reserved 1048576K
2019-05-24T17:22:58.058+0800: 67.361: [GC (Allocation Failure) 2019-05-24T17:22:58.058+0800: 67.361: [ParNew: 37348K->2613K(39296K), 0.0050136 secs] 85791K->51137K(126720K), 0.0051871 secs] [Times: user=0.08 sys=0.00, real=0.00 secs] 
Heap after GC invocations=183 (full 3):
 par new generation   total 39296K, used 2613K [0x0000000081800000, 0x00000000842a0000, 0x00000000964c0000)
  eden space 34944K,   0% used [0x0000000081800000, 0x0000000081800000, 0x0000000083a20000)
  from space 4352K,  60% used [0x0000000083e60000, 0x00000000840ed4f0, 0x00000000842a0000)
  to   space 4352K,   0% used [0x0000000083a20000, 0x0000000083a20000, 0x0000000083e60000)
 concurrent mark-sweep generation total 87424K, used 48524K [0x00000000964c0000, 0x000000009ba20000, 0x0000000100000000)
 Metaspace       used 68447K, capacity 71274K, committed 71604K, reserved 1112064K
  class space    used 9121K, capacity 9641K, committed 9652K, reserved 1048576K
}
2019-05-24T17:22:58.068+0800: 67.372: Application time: 0.0058954 seconds
2019-05-24T17:22:58.249+0800: 67.552: Application time: 0.1797723 seconds
{Heap before GC invocations=183 (full 3):
 par new generation   total 39296K, used 37557K [0x0000000081800000, 0x00000000842a0000, 0x00000000964c0000)
  eden space 34944K, 100% used [0x0000000081800000, 0x0000000083a20000, 0x0000000083a20000)
  from space 4352K,  60% used [0x0000000083e60000, 0x00000000840ed4f0, 0x00000000842a0000)
  to   space 4352K,   0% used [0x0000000083a20000, 0x0000000083a20000, 0x0000000083e60000)
 concurrent mark-sweep generation total 87424K, used 48524K [0x00000000964c0000, 0x000000009ba20000, 0x0000000100000000)
 Metaspace       used 69014K, capacity 71818K, committed 71988K, reserved 1112064K
  class space    used 9208K, capacity 9737K, committed 9780K, reserved 1048576K
2019-05-24T17:22:58.249+0800: 67.552: [GC (Allocation Failure) 2019-05-24T17:22:58.249+0800: 67.552: [ParNew: 37557K->2080K(39296K), 0.0043247 secs] 86081K->50727K(126720K), 0.0045397 secs] [Times: user=0.00 sys=0.00, real=0.00 secs] 
Heap after GC invocations=184 (full 3):
 par new generation   total 39296K, used 2080K [0x0000000081800000, 0x00000000842a0000, 0x00000000964c0000)
  eden space 34944K,   0% used [0x0000000081800000, 0x0000000081800000, 0x0000000083a20000)
  from space 4352K,  47% used [0x0000000083a20000, 0x0000000083c28080, 0x0000000083e60000)
  to   space 4352K,   0% used [0x0000000083e60000, 0x0000000083e60000, 0x00000000842a0000)
 concurrent mark-sweep generation total 87424K, used 48647K [0x00000000964c0000, 0x000000009ba20000, 0x0000000100000000)
 Metaspace       used 69014K, capacity 71818K, committed 71988K, reserved 1112064K
  class space    used 9208K, capacity 9737K, committed 9780K, reserved 1048576K
}
2019-05-24T17:22:58.394+0800: 67.697: Application time: 0.1402322 seconds
{Heap before GC invocations=184 (full 3):
 par new generation   total 39296K, used 37024K [0x0000000081800000, 0x00000000842a0000, 0x00000000964c0000)
  eden space 34944K, 100% used [0x0000000081800000, 0x0000000083a20000, 0x0000000083a20000)
  from space 4352K,  47% used [0x0000000083a20000, 0x0000000083c28080, 0x0000000083e60000)
  to   space 4352K,   0% used [0x0000000083e60000, 0x0000000083e60000, 0x00000000842a0000)
 concurrent mark-sweep generation total 87424K, used 48647K [0x00000000964c0000, 0x000000009ba20000, 0x0000000100000000)
 Metaspace       used 69392K, capacity 72234K, committed 72628K, reserved 1112064K
  class space    used 9287K, capacity 9833K, committed 9908K, reserved 1048576K
2019-05-24T17:22:58.394+0800: 67.697: [GC (Allocation Failure) 2019-05-24T17:22:58.394+0800: 67.698: [ParNew: 37024K->1739K(39296K), 0.0035846 secs] 85671K->50470K(126720K), 0.0037598 secs] [Times: user=0.00 sys=0.00, real=0.00 secs] 
Heap after GC invocations=185 (full 3):
 par new generation   total 39296K, used 1739K [0x0000000081800000, 0x00000000842a0000, 0x00000000964c0000)
  eden space 34944K,   0% used [0x0000000081800000, 0x0000000081800000, 0x0000000083a20000)
  from space 4352K,  39% used [0x0000000083e60000, 0x0000000084012fe0, 0x00000000842a0000)
  to   space 4352K,   0% used [0x0000000083a20000, 0x0000000083a20000, 0x0000000083e60000)
 concurrent mark-sweep generation total 87424K, used 48730K [0x00000000964c0000, 0x000000009ba20000, 0x0000000100000000)
 Metaspace       used 69392K, capacity 72234K, committed 72628K, reserved 1112064K
  class space    used 9287K, capacity 9833K, committed 9908K, reserved 1048576K
}
2019-05-24T17:22:58.613+0800: 67.916: Application time: 0.2149990 seconds
{Heap before GC invocations=185 (full 3):
 par new generation   total 39296K, used 36683K [0x0000000081800000, 0x00000000842a0000, 0x00000000964c0000)
  eden space 34944K, 100% used [0x0000000081800000, 0x0000000083a20000, 0x0000000083a20000)
  from space 4352K,  39% used [0x0000000083e60000, 0x0000000084012fe0, 0x00000000842a0000)
  to   space 4352K,   0% used [0x0000000083a20000, 0x0000000083a20000, 0x0000000083e60000)
 concurrent mark-sweep generation total 87424K, used 48730K [0x00000000964c0000, 0x000000009ba20000, 0x0000000100000000)
 Metaspace       used 69821K, capacity 72730K, committed 72884K, reserved 1112064K
  class space    used 9352K, capacity 9905K, committed 9908K, reserved 1048576K
2019-05-24T17:22:58.613+0800: 67.917: [GC (Allocation Failure) 2019-05-24T17:22:58.613+0800: 67.917: [ParNew: 36683K->1680K(39296K), 0.0040704 secs] 85414K->50550K(126720K), 0.0042752 secs] [Times: user=0.00 sys=0.00, real=0.01 secs] 
Heap after GC invocations=186 (full 3):
 par new generation   total 39296K, used 1680K [0x0000000081800000, 0x00000000842a0000, 0x00000000964c0000)
  eden space 34944K,   0% used [0x0000000081800000, 0x0000000081800000, 0x0000000083a20000)
  from space 4352K,  38% used [0x0000000083a20000, 0x0000000083bc43d8, 0x0000000083e60000)
  to   space 4352K,   0% used [0x0000000083e60000, 0x0000000083e60000, 0x00000000842a0000)
 concurrent mark-sweep generation total 87424K, used 48869K [0x00000000964c0000, 0x000000009ba20000, 0x0000000100000000)
 Metaspace       used 69821K, capacity 72730K, committed 72884K, reserved 1112064K
  class space    used 9352K, capacity 9905K, committed 9908K, reserved 1048576K
}
2019-05-24T17:22:58.796+0800: 68.099: Application time: 0.1778835 seconds
{Heap before GC invocations=186 (full 3):
 par new generation   total 39296K, used 36624K [0x0000000081800000, 0x00000000842a0000, 0x00000000964c0000)
  eden space 34944K, 100% used [0x0000000081800000, 0x0000000083a20000, 0x0000000083a20000)
  from space 4352K,  38% used [0x0000000083a20000, 0x0000000083bc43d8, 0x0000000083e60000)
  to   space 4352K,   0% used [0x0000000083e60000, 0x0000000083e60000, 0x00000000842a0000)
 concurrent mark-sweep generation total 87424K, used 48869K [0x00000000964c0000, 0x000000009ba20000, 0x0000000100000000)
 Metaspace       used 70022K, capacity 72914K, committed 73268K, reserved 1112064K
  class space    used 9403K, capacity 9941K, committed 10036K, reserved 1048576K
2019-05-24T17:22:58.796+0800: 68.099: [GC (Allocation Failure) 2019-05-24T17:22:58.796+0800: 68.099: [ParNew: 36624K->1747K(39296K), 0.0040198 secs] 85494K->50696K(126720K), 0.0042604 secs] [Times: user=0.00 sys=0.00, real=0.00 secs] 
Heap after GC invocations=187 (full 3):
 par new generation   total 39296K, used 1747K [0x0000000081800000, 0x00000000842a0000, 0x00000000964c0000)
  eden space 34944K,   0% used [0x0000000081800000, 0x0000000081800000, 0x0000000083a20000)
  from space 4352K,  40% used [0x0000000083e60000, 0x0000000084014e48, 0x00000000842a0000)
  to   space 4352K,   0% used [0x0000000083a20000, 0x0000000083a20000, 0x0000000083e60000)
 concurrent mark-sweep generation total 87424K, used 48948K [0x00000000964c0000, 0x000000009ba20000, 0x0000000100000000)
 Metaspace       used 70022K, capacity 72914K, committed 73268K, reserved 1112064K
  class space    used 9403K, capacity 9941K, committed 10036K, reserved 1048576K
}
2019-05-24T17:22:58.932+0800: 68.235: Application time: 0.1318070 seconds
{Heap before GC invocations=187 (full 3):
 par new generation   total 39296K, used 36691K [0x0000000081800000, 0x00000000842a0000, 0x00000000964c0000)
  eden space 34944K, 100% used [0x0000000081800000, 0x0000000083a20000, 0x0000000083a20000)
  from space 4352K,  40% used [0x0000000083e60000, 0x0000000084014e48, 0x00000000842a0000)
  to   space 4352K,   0% used [0x0000000083a20000, 0x0000000083a20000, 0x0000000083e60000)
 concurrent mark-sweep generation total 87424K, used 48948K [0x00000000964c0000, 0x000000009ba20000, 0x0000000100000000)
 Metaspace       used 70350K, capacity 73252K, committed 73524K, reserved 1112064K
  class space    used 9455K, capacity 10008K, committed 10036K, reserved 1048576K
2019-05-24T17:22:58.932+0800: 68.236: [GC (Allocation Failure) 2019-05-24T17:22:58.933+0800: 68.236: [ParNew: 36691K->1705K(39296K), 0.0037831 secs] 85640K->50753K(126720K), 0.0039805 secs] [Times: user=0.06 sys=0.00, real=0.00 secs] 
Heap after GC invocations=188 (full 3):
 par new generation   total 39296K, used 1705K [0x0000000081800000, 0x00000000842a0000, 0x00000000964c0000)
  eden space 34944K,   0% used [0x0000000081800000, 0x0000000081800000, 0x0000000083a20000)
  from space 4352K,  39% used [0x0000000083a20000, 0x0000000083bca6c0, 0x0000000083e60000)
  to   space 4352K,   0% used [0x0000000083e60000, 0x0000000083e60000, 0x00000000842a0000)
 concurrent mark-sweep generation total 87424K, used 49048K [0x00000000964c0000, 0x000000009ba20000, 0x0000000100000000)
 Metaspace       used 70350K, capacity 73252K, committed 73524K, reserved 1112064K
  class space    used 9455K, capacity 10008K, committed 10036K, reserved 1048576K
}
2019-05-24T17:22:58.963+0800: 68.266: Application time: 0.0266291 seconds
2019-05-24T17:22:58.963+0800: 68.267: Application time: 0.0000905 seconds
2019-05-24T17:22:58.966+0800: 68.269: Application time: 0.0022704 seconds
2019-05-24T17:22:58.966+0800: 68.269: Application time: 0.0000427 seconds
2019-05-24T17:22:58.969+0800: 68.272: Application time: 0.0028649 seconds
2019-05-24T17:22:58.990+0800: 68.293: Application time: 0.0205471 seconds
2019-05-24T17:22:59.038+0800: 68.341: Application time: 0.0484227 seconds
{Heap before GC invocations=188 (full 3):
 par new generation   total 39296K, used 36649K [0x0000000081800000, 0x00000000842a0000, 0x00000000964c0000)
  eden space 34944K, 100% used [0x0000000081800000, 0x0000000083a20000, 0x0000000083a20000)
  from space 4352K,  39% used [0x0000000083a20000, 0x0000000083bca6c0, 0x0000000083e60000)
  to   space 4352K,   0% used [0x0000000083e60000, 0x0000000083e60000, 0x00000000842a0000)
 concurrent mark-sweep generation total 87424K, used 49048K [0x00000000964c0000, 0x000000009ba20000, 0x0000000100000000)
 Metaspace       used 70405K, capacity 73252K, committed 73524K, reserved 1112064K
  class space    used 9466K, capacity 10008K, committed 10036K, reserved 1048576K
2019-05-24T17:22:59.038+0800: 68.341: [GC (Allocation Failure) 2019-05-24T17:22:59.038+0800: 68.342: [ParNew: 36649K->1878K(39296K), 0.0041517 secs] 85697K->51065K(126720K), 0.0043787 secs] [Times: user=0.02 sys=0.00, real=0.00 secs] 
Heap after GC invocations=189 (full 3):
 par new generation   total 39296K, used 1878K [0x0000000081800000, 0x00000000842a0000, 0x00000000964c0000)
  eden space 34944K,   0% used [0x0000000081800000, 0x0000000081800000, 0x0000000083a20000)
  from space 4352K,  43% used [0x0000000083e60000, 0x0000000084035830, 0x00000000842a0000)
  to   space 4352K,   0% used [0x0000000083a20000, 0x0000000083a20000, 0x0000000083e60000)
 concurrent mark-sweep generation total 87424K, used 49187K [0x00000000964c0000, 0x000000009ba20000, 0x0000000100000000)
 Metaspace       used 70405K, capacity 73252K, committed 73524K, reserved 1112064K
  class space    used 9466K, capacity 10008K, committed 10036K, reserved 1048576K
}
2019-05-24T17:22:59.138+0800: 68.441: Application time: 0.0953827 seconds
2019-05-24T17:22:59.250+0800: 68.554: Application time: 0.1121354 seconds
{Heap before GC invocations=189 (full 3):
 par new generation   total 39296K, used 36822K [0x0000000081800000, 0x00000000842a0000, 0x00000000964c0000)
  eden space 34944K, 100% used [0x0000000081800000, 0x0000000083a20000, 0x0000000083a20000)
  from space 4352K,  43% used [0x0000000083e60000, 0x0000000084035830, 0x00000000842a0000)
  to   space 4352K,   0% used [0x0000000083a20000, 0x0000000083a20000, 0x0000000083e60000)
 concurrent mark-sweep generation total 87424K, used 49187K [0x00000000964c0000, 0x000000009ba20000, 0x0000000100000000)
 Metaspace       used 70442K, capacity 73316K, committed 73524K, reserved 1112064K
  class space    used 9472K, capacity 10008K, committed 10036K, reserved 1048576K
2019-05-24T17:22:59.250+0800: 68.554: [GC (Allocation Failure) 2019-05-24T17:22:59.251+0800: 68.554: [ParNew: 36822K->2074K(39296K), 0.0040272 secs] 86009K->51404K(126720K), 0.0042388 secs] [Times: user=0.00 sys=0.00, real=0.01 secs] 
Heap after GC invocations=190 (full 3):
 par new generation   total 39296K, used 2074K [0x0000000081800000, 0x00000000842a0000, 0x00000000964c0000)
  eden space 34944K,   0% used [0x0000000081800000, 0x0000000081800000, 0x0000000083a20000)
  from space 4352K,  47% used [0x0000000083a20000, 0x0000000083c26b18, 0x0000000083e60000)
  to   space 4352K,   0% used [0x0000000083e60000, 0x0000000083e60000, 0x00000000842a0000)
 concurrent mark-sweep generation total 87424K, used 49329K [0x00000000964c0000, 0x000000009ba20000, 0x0000000100000000)
 Metaspace       used 70442K, capacity 73316K, committed 73524K, reserved 1112064K
  class space    used 9472K, capacity 10008K, committed 10036K, reserved 1048576K
}
2019-05-24T17:22:59.287+0800: 68.590: Application time: 0.0321007 seconds
2019-05-24T17:22:59.288+0800: 68.591: Application time: 0.0001968 seconds
2019-05-24T17:22:59.288+0800: 68.591: Application time: 0.0000421 seconds
2019-05-24T17:22:59.288+0800: 68.591: Application time: 0.0000614 seconds
2019-05-24T17:22:59.288+0800: 68.591: Application time: 0.0000324 seconds
2019-05-24T17:22:59.288+0800: 68.591: Application time: 0.0000324 seconds
2019-05-24T17:22:59.288+0800: 68.591: Application time: 0.0000296 seconds
2019-05-24T17:22:59.288+0800: 68.591: Application time: 0.0000296 seconds
2019-05-24T17:22:59.288+0800: 68.592: Application time: 0.0000290 seconds
2019-05-24T17:22:59.288+0800: 68.592: Application time: 0.0000313 seconds
2019-05-24T17:22:59.289+0800: 68.592: Application time: 0.0000472 seconds
2019-05-24T17:22:59.291+0800: 68.594: Application time: 0.0023785 seconds
2019-05-24T17:22:59.291+0800: 68.594: Application time: 0.0000506 seconds
2019-05-24T17:22:59.291+0800: 68.595: Application time: 0.0000358 seconds
2019-05-24T17:22:59.291+0800: 68.595: Application time: 0.0000313 seconds
2019-05-24T17:22:59.292+0800: 68.595: Application time: 0.0000336 seconds
2019-05-24T17:22:59.292+0800: 68.595: Application time: 0.0000364 seconds
2019-05-24T17:22:59.292+0800: 68.595: Application time: 0.0000336 seconds
2019-05-24T17:22:59.292+0800: 68.595: Application time: 0.0000284 seconds
2019-05-24T17:22:59.295+0800: 68.599: Application time: 0.0034480 seconds
2019-05-24T17:22:59.297+0800: 68.600: Application time: 0.0015804 seconds
2019-05-24T17:22:59.306+0800: 68.610: Application time: 0.0089606 seconds
2019-05-24T17:22:59.378+0800: 68.681: Application time: 0.0714251 seconds
2019-05-24T17:22:59.378+0800: 68.682: Application time: 0.0002571 seconds
2019-05-24T17:22:59.378+0800: 68.682: Application time: 0.0000449 seconds
2019-05-24T17:22:59.378+0800: 68.682: Application time: 0.0000455 seconds
2019-05-24T17:22:59.390+0800: 68.694: Application time: 0.0118869 seconds
{Heap before GC invocations=190 (full 3):
 par new generation   total 39296K, used 36984K [0x0000000081800000, 0x00000000842a0000, 0x00000000964c0000)
  eden space 34944K,  99% used [0x0000000081800000, 0x0000000083a176c8, 0x0000000083a20000)
  from space 4352K,  47% used [0x0000000083a20000, 0x0000000083c26b18, 0x0000000083e60000)
  to   space 4352K,   0% used [0x0000000083e60000, 0x0000000083e60000, 0x00000000842a0000)
 concurrent mark-sweep generation total 87424K, used 49329K [0x00000000964c0000, 0x000000009ba20000, 0x0000000100000000)
 Metaspace       used 70504K, capacity 73386K, committed 73652K, reserved 1112064K
  class space    used 9482K, capacity 10047K, committed 10164K, reserved 1048576K
2019-05-24T17:22:59.391+0800: 68.694: [GC (Allocation Failure) 2019-05-24T17:22:59.391+0800: 68.694: [ParNew: 36984K->2404K(39296K), 0.0046308 secs] 86313K->51906K(126720K), 0.0048373 secs] [Times: user=0.00 sys=0.00, real=0.00 secs] 
Heap after GC invocations=191 (full 3):
 par new generation   total 39296K, used 2404K [0x0000000081800000, 0x00000000842a0000, 0x00000000964c0000)
  eden space 34944K,   0% used [0x0000000081800000, 0x0000000081800000, 0x0000000083a20000)
  from space 4352K,  55% used [0x0000000083e60000, 0x00000000840b9108, 0x00000000842a0000)
  to   space 4352K,   0% used [0x0000000083a20000, 0x0000000083a20000, 0x0000000083e60000)
 concurrent mark-sweep generation total 87424K, used 49502K [0x00000000964c0000, 0x000000009ba20000, 0x0000000100000000)
 Metaspace       used 70504K, capacity 73386K, committed 73652K, reserved 1112064K
  class space    used 9482K, capacity 10047K, committed 10164K, reserved 1048576K
}
2019-05-24T17:22:59.481+0800: 68.784: Application time: 0.0846643 seconds
2019-05-24T17:22:59.481+0800: 68.784: Application time: 0.0002668 seconds
2019-05-24T17:22:59.482+0800: 68.785: Application time: 0.0007890 seconds
2019-05-24T17:22:59.633+0800: 68.937: Application time: 0.1517954 seconds
{Heap before GC invocations=191 (full 3):
 par new generation   total 39296K, used 37348K [0x0000000081800000, 0x00000000842a0000, 0x00000000964c0000)
  eden space 34944K, 100% used [0x0000000081800000, 0x0000000083a20000, 0x0000000083a20000)
  from space 4352K,  55% used [0x0000000083e60000, 0x00000000840b9108, 0x00000000842a0000)
  to   space 4352K,   0% used [0x0000000083a20000, 0x0000000083a20000, 0x0000000083e60000)
 concurrent mark-sweep generation total 87424K, used 49502K [0x00000000964c0000, 0x000000009ba20000, 0x0000000100000000)
 Metaspace       used 70736K, capacity 73646K, committed 73908K, reserved 1114112K
  class space    used 9499K, capacity 10057K, committed 10164K, reserved 1048576K
2019-05-24T17:22:59.634+0800: 68.937: [GC (Allocation Failure) 2019-05-24T17:22:59.634+0800: 68.937: [ParNew: 37348K->3242K(39296K), 0.0045187 secs] 86850K->52798K(126720K), 0.0047405 secs] [Times: user=0.09 sys=0.00, real=0.00 secs] 
Heap after GC invocations=192 (full 3):
 par new generation   total 39296K, used 3242K [0x0000000081800000, 0x00000000842a0000, 0x00000000964c0000)
  eden space 34944K,   0% used [0x0000000081800000, 0x0000000081800000, 0x0000000083a20000)
  from space 4352K,  74% used [0x0000000083a20000, 0x0000000083d4a9a0, 0x0000000083e60000)
  to   space 4352K,   0% used [0x0000000083e60000, 0x0000000083e60000, 0x00000000842a0000)
 concurrent mark-sweep generation total 87424K, used 49555K [0x00000000964c0000, 0x000000009ba20000, 0x0000000100000000)
 Metaspace       used 70736K, capacity 73646K, committed 73908K, reserved 1114112K
  class space    used 9499K, capacity 10057K, committed 10164K, reserved 1048576K
}
2019-05-24T17:22:59.796+0800: 69.099: Application time: 0.1568807 seconds
{Heap before GC invocations=192 (full 3):
 par new generation   total 39296K, used 38186K [0x0000000081800000, 0x00000000842a0000, 0x00000000964c0000)
  eden space 34944K, 100% used [0x0000000081800000, 0x0000000083a20000, 0x0000000083a20000)
  from space 4352K,  74% used [0x0000000083a20000, 0x0000000083d4a9a0, 0x0000000083e60000)
  to   space 4352K,   0% used [0x0000000083e60000, 0x0000000083e60000, 0x00000000842a0000)
 concurrent mark-sweep generation total 87424K, used 49555K [0x00000000964c0000, 0x000000009ba20000, 0x0000000100000000)
 Metaspace       used 70889K, capacity 73848K, committed 74164K, reserved 1114112K
  class space    used 9525K, capacity 10098K, committed 10164K, reserved 1048576K
2019-05-24T17:22:59.796+0800: 69.099: [GC (Allocation Failure) 2019-05-24T17:22:59.796+0800: 69.099: [ParNew: 38186K->4100K(39296K), 0.0048338 secs] 87742K->53720K(126720K), 0.0050477 secs] [Times: user=0.00 sys=0.00, real=0.01 secs] 
Heap after GC invocations=193 (full 3):
 par new generation   total 39296K, used 4100K [0x0000000081800000, 0x00000000842a0000, 0x00000000964c0000)
  eden space 34944K,   0% used [0x0000000081800000, 0x0000000081800000, 0x0000000083a20000)
  from space 4352K,  94% used [0x0000000083e60000, 0x0000000084261318, 0x00000000842a0000)
  to   space 4352K,   0% used [0x0000000083a20000, 0x0000000083a20000, 0x0000000083e60000)
 concurrent mark-sweep generation total 87424K, used 49620K [0x00000000964c0000, 0x000000009ba20000, 0x0000000100000000)
 Metaspace       used 70889K, capacity 73848K, committed 74164K, reserved 1114112K
  class space    used 9525K, capacity 10098K, committed 10164K, reserved 1048576K
}
2019-05-24T17:22:59.948+0800: 69.251: Application time: 0.1463955 seconds
{Heap before GC invocations=193 (full 3):
 par new generation   total 39296K, used 39044K [0x0000000081800000, 0x00000000842a0000, 0x00000000964c0000)
  eden space 34944K, 100% used [0x0000000081800000, 0x0000000083a20000, 0x0000000083a20000)
  from space 4352K,  94% used [0x0000000083e60000, 0x0000000084261318, 0x00000000842a0000)
  to   space 4352K,   0% used [0x0000000083a20000, 0x0000000083a20000, 0x0000000083e60000)
 concurrent mark-sweep generation total 87424K, used 49620K [0x00000000964c0000, 0x000000009ba20000, 0x0000000100000000)
 Metaspace       used 70890K, capacity 73848K, committed 74164K, reserved 1114112K
  class space    used 9525K, capacity 10098K, committed 10164K, reserved 1048576K
2019-05-24T17:22:59.948+0800: 69.251: [GC (Allocation Failure) 2019-05-24T17:22:59.948+0800: 69.251: [ParNew: 39044K->2329K(39296K), 0.0053845 secs] 88664K->52268K(126720K), 0.0055916 secs] [Times: user=0.11 sys=0.00, real=0.01 secs] 
Heap after GC invocations=194 (full 3):
 par new generation   total 39296K, used 2329K [0x0000000081800000, 0x00000000842a0000, 0x00000000964c0000)
  eden space 34944K,   0% used [0x0000000081800000, 0x0000000081800000, 0x0000000083a20000)
  from space 4352K,  53% used [0x0000000083a20000, 0x0000000083c665a8, 0x0000000083e60000)
  to   space 4352K,   0% used [0x0000000083e60000, 0x0000000083e60000, 0x00000000842a0000)
 concurrent mark-sweep generation total 87424K, used 49938K [0x00000000964c0000, 0x000000009ba20000, 0x0000000100000000)
 Metaspace       used 70890K, capacity 73848K, committed 74164K, reserved 1114112K
  class space    used 9525K, capacity 10098K, committed 10164K, reserved 1048576K
}
2019-05-24T17:23:00.074+0800: 69.377: Application time: 0.1202033 seconds
{Heap before GC invocations=194 (full 3):
 par new generation   total 39296K, used 37273K [0x0000000081800000, 0x00000000842a0000, 0x00000000964c0000)
  eden space 34944K, 100% used [0x0000000081800000, 0x0000000083a20000, 0x0000000083a20000)
  from space 4352K,  53% used [0x0000000083a20000, 0x0000000083c665a8, 0x0000000083e60000)
  to   space 4352K,   0% used [0x0000000083e60000, 0x0000000083e60000, 0x00000000842a0000)
 concurrent mark-sweep generation total 87424K, used 49938K [0x00000000964c0000, 0x000000009ba20000, 0x0000000100000000)
 Metaspace       used 70904K, capacity 73856K, committed 74164K, reserved 1114112K
  class space    used 9527K, capacity 10100K, committed 10164K, reserved 1048576K
2019-05-24T17:23:00.074+0800: 69.377: [GC (Allocation Failure) 2019-05-24T17:23:00.074+0800: 69.378: [ParNew: 37273K->2505K(39296K), 0.0041034 secs] 87212K->52444K(126720K), 0.0043002 secs] [Times: user=0.00 sys=0.00, real=0.00 secs] 
Heap after GC invocations=195 (full 3):
 par new generation   total 39296K, used 2505K [0x0000000081800000, 0x00000000842a0000, 0x00000000964c0000)
  eden space 34944K,   0% used [0x0000000081800000, 0x0000000081800000, 0x0000000083a20000)
  from space 4352K,  57% used [0x0000000083e60000, 0x00000000840d2780, 0x00000000842a0000)
  to   space 4352K,   0% used [0x0000000083a20000, 0x0000000083a20000, 0x0000000083e60000)
 concurrent mark-sweep generation total 87424K, used 49938K [0x00000000964c0000, 0x000000009ba20000, 0x0000000100000000)
 Metaspace       used 70904K, capacity 73856K, committed 74164K, reserved 1114112K
  class space    used 9527K, capacity 10100K, committed 10164K, reserved 1048576K
}
2019-05-24T17:23:00.400+0800: 69.703: Application time: 0.3214238 seconds
{Heap before GC invocations=195 (full 3):
 par new generation   total 39296K, used 37449K [0x0000000081800000, 0x00000000842a0000, 0x00000000964c0000)
  eden space 34944K, 100% used [0x0000000081800000, 0x0000000083a20000, 0x0000000083a20000)
  from space 4352K,  57% used [0x0000000083e60000, 0x00000000840d2780, 0x00000000842a0000)
  to   space 4352K,   0% used [0x0000000083a20000, 0x0000000083a20000, 0x0000000083e60000)
 concurrent mark-sweep generation total 87424K, used 49938K [0x00000000964c0000, 0x000000009ba20000, 0x0000000100000000)
 Metaspace       used 70989K, capacity 73938K, committed 74164K, reserved 1114112K
  class space    used 9535K, capacity 10103K, committed 10164K, reserved 1048576K
2019-05-24T17:23:00.400+0800: 69.704: [GC (Allocation Failure) 2019-05-24T17:23:00.400+0800: 69.704: [ParNew: 37449K->3047K(39296K), 0.0048208 secs] 87388K->53132K(126720K), 0.0050182 secs] [Times: user=0.11 sys=0.00, real=0.00 secs] 
Heap after GC invocations=196 (full 3):
 par new generation   total 39296K, used 3047K [0x0000000081800000, 0x00000000842a0000, 0x00000000964c0000)
  eden space 34944K,   0% used [0x0000000081800000, 0x0000000081800000, 0x0000000083a20000)
  from space 4352K,  70% used [0x0000000083a20000, 0x0000000083d19fb8, 0x0000000083e60000)
  to   space 4352K,   0% used [0x0000000083e60000, 0x0000000083e60000, 0x00000000842a0000)
 concurrent mark-sweep generation total 87424K, used 50084K [0x00000000964c0000, 0x000000009ba20000, 0x0000000100000000)
 Metaspace       used 70989K, capacity 73938K, committed 74164K, reserved 1114112K
  class space    used 9535K, capacity 10103K, committed 10164K, reserved 1048576K
}
2019-05-24T17:23:00.520+0800: 69.824: Application time: 0.1149582 seconds
{Heap before GC invocations=196 (full 3):
 par new generation   total 39296K, used 37991K [0x0000000081800000, 0x00000000842a0000, 0x00000000964c0000)
  eden space 34944K, 100% used [0x0000000081800000, 0x0000000083a20000, 0x0000000083a20000)
  from space 4352K,  70% used [0x0000000083a20000, 0x0000000083d19fb8, 0x0000000083e60000)
  to   space 4352K,   0% used [0x0000000083e60000, 0x0000000083e60000, 0x00000000842a0000)
 concurrent mark-sweep generation total 87424K, used 50084K [0x00000000964c0000, 0x000000009ba20000, 0x0000000100000000)
 Metaspace       used 71045K, capacity 74002K, committed 74164K, reserved 1114112K
  class space    used 9550K, capacity 10103K, committed 10164K, reserved 1048576K
2019-05-24T17:23:00.521+0800: 69.824: [GC (Allocation Failure) 2019-05-24T17:23:00.521+0800: 69.824: [ParNew: 37991K->2739K(39296K), 0.0050284 secs] 88076K->52962K(126720K), 0.0052457 secs] [Times: user=0.00 sys=0.00, real=0.01 secs] 
Heap after GC invocations=197 (full 3):
 par new generation   total 39296K, used 2739K [0x0000000081800000, 0x00000000842a0000, 0x00000000964c0000)
  eden space 34944K,   0% used [0x0000000081800000, 0x0000000081800000, 0x0000000083a20000)
  from space 4352K,  62% used [0x0000000083e60000, 0x000000008410cfe0, 0x00000000842a0000)
  to   space 4352K,   0% used [0x0000000083a20000, 0x0000000083a20000, 0x0000000083e60000)
 concurrent mark-sweep generation total 87424K, used 50222K [0x00000000964c0000, 0x000000009ba20000, 0x0000000100000000)
 Metaspace       used 71045K, capacity 74002K, committed 74164K, reserved 1114112K
  class space    used 9550K, capacity 10103K, committed 10164K, reserved 1048576K
}
2019-05-24T17:23:00.569+0800: 69.872: Application time: 0.0428817 seconds
2019-05-24T17:23:00.610+0800: 69.914: Application time: 0.0401977 seconds
2019-05-24T17:23:00.656+0800: 69.959: Application time: 0.0442669 seconds
2019-05-24T17:23:00.875+0800: 70.178: Application time: 0.2184902 seconds
{Heap before GC invocations=197 (full 3):
 par new generation   total 39296K, used 37683K [0x0000000081800000, 0x00000000842a0000, 0x00000000964c0000)
  eden space 34944K, 100% used [0x0000000081800000, 0x0000000083a20000, 0x0000000083a20000)
  from space 4352K,  62% used [0x0000000083e60000, 0x000000008410cfe0, 0x00000000842a0000)
  to   space 4352K,   0% used [0x0000000083a20000, 0x0000000083a20000, 0x0000000083e60000)
 concurrent mark-sweep generation total 87424K, used 50222K [0x00000000964c0000, 0x000000009ba20000, 0x0000000100000000)
 Metaspace       used 71325K, capacity 74324K, committed 74420K, reserved 1114112K
  class space    used 9585K, capacity 10142K, committed 10164K, reserved 1048576K
2019-05-24T17:23:00.875+0800: 70.178: [GC (Allocation Failure) 2019-05-24T17:23:00.875+0800: 70.178: [ParNew: 37683K->3729K(39296K), 0.0057771 secs] 87906K->54030K(126720K), 0.0059807 secs] [Times: user=0.00 sys=0.00, real=0.01 secs] 
Heap after GC invocations=198 (full 3):
 par new generation   total 39296K, used 3729K [0x0000000081800000, 0x00000000842a0000, 0x00000000964c0000)
  eden space 34944K,   0% used [0x0000000081800000, 0x0000000081800000, 0x0000000083a20000)
  from space 4352K,  85% used [0x0000000083a20000, 0x0000000083dc4568, 0x0000000083e60000)
  to   space 4352K,   0% used [0x0000000083e60000, 0x0000000083e60000, 0x00000000842a0000)
 concurrent mark-sweep generation total 87424K, used 50301K [0x00000000964c0000, 0x000000009ba20000, 0x0000000100000000)
 Metaspace       used 71325K, capacity 74324K, committed 74420K, reserved 1114112K
  class space    used 9585K, capacity 10142K, committed 10164K, reserved 1048576K
}
2019-05-24T17:23:01.206+0800: 70.510: Application time: 0.3251620 seconds
{Heap before GC invocations=198 (full 3):
 par new generation   total 39296K, used 38673K [0x0000000081800000, 0x00000000842a0000, 0x00000000964c0000)
  eden space 34944K, 100% used [0x0000000081800000, 0x0000000083a20000, 0x0000000083a20000)
  from space 4352K,  85% used [0x0000000083a20000, 0x0000000083dc4568, 0x0000000083e60000)
  to   space 4352K,   0% used [0x0000000083e60000, 0x0000000083e60000, 0x00000000842a0000)
 concurrent mark-sweep generation total 87424K, used 50301K [0x00000000964c0000, 0x000000009ba20000, 0x0000000100000000)
 Metaspace       used 71698K, capacity 74738K, committed 75060K, reserved 1114112K
  class space    used 9607K, capacity 10167K, committed 10292K, reserved 1048576K
2019-05-24T17:23:01.207+0800: 70.510: [GC (Allocation Failure) 2019-05-24T17:23:01.207+0800: 70.510: [ParNew: 38673K->4352K(39296K), 0.0075344 secs] 88974K->55191K(126720K), 0.0077517 secs] [Times: user=0.00 sys=0.00, real=0.01 secs] 
Heap after GC invocations=199 (full 3):
 par new generation   total 39296K, used 4352K [0x0000000081800000, 0x00000000842a0000, 0x00000000964c0000)
  eden space 34944K,   0% used [0x0000000081800000, 0x0000000081800000, 0x0000000083a20000)
  from space 4352K, 100% used [0x0000000083e60000, 0x00000000842a0000, 0x00000000842a0000)
  to   space 4352K,   0% used [0x0000000083a20000, 0x0000000083a20000, 0x0000000083e60000)
 concurrent mark-sweep generation total 87424K, used 50839K [0x00000000964c0000, 0x000000009ba20000, 0x0000000100000000)
 Metaspace       used 71698K, capacity 74738K, committed 75060K, reserved 1114112K
  class space    used 9607K, capacity 10167K, committed 10292K, reserved 1048576K
}
2019-05-24T17:23:01.554+0800: 70.858: Application time: 0.3399736 seconds
{Heap before GC invocations=199 (full 3):
 par new generation   total 39296K, used 39296K [0x0000000081800000, 0x00000000842a0000, 0x00000000964c0000)
  eden space 34944K, 100% used [0x0000000081800000, 0x0000000083a20000, 0x0000000083a20000)
  from space 4352K, 100% used [0x0000000083e60000, 0x00000000842a0000, 0x00000000842a0000)
  to   space 4352K,   0% used [0x0000000083a20000, 0x0000000083a20000, 0x0000000083e60000)
 concurrent mark-sweep generation total 87424K, used 50839K [0x00000000964c0000, 0x000000009ba20000, 0x0000000100000000)
 Metaspace       used 72047K, capacity 75140K, committed 75316K, reserved 1114112K
  class space    used 9632K, capacity 10206K, committed 10292K, reserved 1048576K
2019-05-24T17:23:01.555+0800: 70.858: [GC (Allocation Failure) 2019-05-24T17:23:01.555+0800: 70.858: [ParNew: 39296K->4150K(39296K), 0.0073244 secs] 90135K->55743K(126720K), 0.0075082 secs] [Times: user=0.08 sys=0.00, real=0.01 secs] 
Heap after GC invocations=200 (full 3):
 par new generation   total 39296K, used 4150K [0x0000000081800000, 0x00000000842a0000, 0x00000000964c0000)
  eden space 34944K,   0% used [0x0000000081800000, 0x0000000081800000, 0x0000000083a20000)
  from space 4352K,  95% used [0x0000000083a20000, 0x0000000083e2d8c0, 0x0000000083e60000)
  to   space 4352K,   0% used [0x0000000083e60000, 0x0000000083e60000, 0x00000000842a0000)
 concurrent mark-sweep generation total 87424K, used 51593K [0x00000000964c0000, 0x000000009ba20000, 0x0000000100000000)
 Metaspace       used 72047K, capacity 75140K, committed 75316K, reserved 1114112K
  class space    used 9632K, capacity 10206K, committed 10292K, reserved 1048576K
}
2019-05-24T17:23:01.839+0800: 71.142: Application time: 0.2761995 seconds
{Heap before GC invocations=200 (full 3):
 par new generation   total 39296K, used 39094K [0x0000000081800000, 0x00000000842a0000, 0x00000000964c0000)
  eden space 34944K, 100% used [0x0000000081800000, 0x0000000083a20000, 0x0000000083a20000)
  from space 4352K,  95% used [0x0000000083a20000, 0x0000000083e2d8c0, 0x0000000083e60000)
  to   space 4352K,   0% used [0x0000000083e60000, 0x0000000083e60000, 0x00000000842a0000)
 concurrent mark-sweep generation total 87424K, used 51593K [0x00000000964c0000, 0x000000009ba20000, 0x0000000100000000)
 Metaspace       used 72239K, capacity 75336K, committed 75572K, reserved 1114112K
  class space    used 9643K, capacity 10216K, committed 10292K, reserved 1048576K
2019-05-24T17:23:01.839+0800: 71.142: [GC (Allocation Failure) 2019-05-24T17:23:01.839+0800: 71.142: [ParNew: 39094K->2662K(39296K), 0.0086272 secs] 90687K->55389K(126720K), 0.0088553 secs] [Times: user=0.11 sys=0.00, real=0.01 secs] 
Heap after GC invocations=201 (full 3):
 par new generation   total 39296K, used 2662K [0x0000000081800000, 0x00000000842a0000, 0x00000000964c0000)
  eden space 34944K,   0% used [0x0000000081800000, 0x0000000081800000, 0x0000000083a20000)
  from space 4352K,  61% used [0x0000000083e60000, 0x00000000840f9880, 0x00000000842a0000)
  to   space 4352K,   0% used [0x0000000083a20000, 0x0000000083a20000, 0x0000000083e60000)
 concurrent mark-sweep generation total 87424K, used 52726K [0x00000000964c0000, 0x000000009ba20000, 0x0000000100000000)
 Metaspace       used 72239K, capacity 75336K, committed 75572K, reserved 1114112K
  class space    used 9643K, capacity 10216K, committed 10292K, reserved 1048576K
}
2019-05-24T17:23:01.848+0800: 71.151: Application time: 0.0001081 seconds
2019-05-24T17:23:01.848+0800: 71.152: [GC (CMS Initial Mark) [1 CMS-initial-mark: 52726K(87424K)] 56088K(126720K), 0.0038315 secs] [Times: user=0.00 sys=0.00, real=0.00 secs] 
2019-05-24T17:23:01.852+0800: 71.156: [CMS-concurrent-mark-start]
2019-05-24T17:23:01.994+0800: 71.298: [CMS-concurrent-mark: 0.142/0.142 secs] [Times: user=0.63 sys=0.00, real=0.14 secs] 
2019-05-24T17:23:01.995+0800: 71.298: [CMS-concurrent-preclean-start]
2019-05-24T17:23:01.997+0800: 71.301: [CMS-concurrent-preclean: 0.003/0.003 secs] [Times: user=0.05 sys=0.00, real=0.00 secs] 
2019-05-24T17:23:01.997+0800: 71.301: [CMS-concurrent-abortable-preclean-start]
2019-05-24T17:23:02.156+0800: 71.459: Application time: 0.3037388 seconds
2019-05-24T17:23:02.156+0800: 71.460: Application time: 0.0000603 seconds
2019-05-24T17:23:02.157+0800: 71.460: Application time: 0.0000529 seconds
2019-05-24T17:23:02.157+0800: 71.460: Application time: 0.0000523 seconds
2019-05-24T17:23:02.157+0800: 71.460: Application time: 0.0000466 seconds
2019-05-24T17:23:02.160+0800: 71.464: Application time: 0.0035897 seconds
{Heap before GC invocations=201 (full 4):
 par new generation   total 39296K, used 37606K [0x0000000081800000, 0x00000000842a0000, 0x00000000964c0000)
  eden space 34944K, 100% used [0x0000000081800000, 0x0000000083a20000, 0x0000000083a20000)
  from space 4352K,  61% used [0x0000000083e60000, 0x00000000840f9880, 0x00000000842a0000)
  to   space 4352K,   0% used [0x0000000083a20000, 0x0000000083a20000, 0x0000000083e60000)
 concurrent mark-sweep generation total 87424K, used 52726K [0x00000000964c0000, 0x000000009ba20000, 0x0000000100000000)
 Metaspace       used 72681K, capacity 75822K, committed 75828K, reserved 1114112K
  class space    used 9697K, capacity 10289K, committed 10292K, reserved 1048576K
2019-05-24T17:23:02.160+0800: 71.464: [GC (Allocation Failure) 2019-05-24T17:23:02.160+0800: 71.464: [ParNew: 37606K->4351K(39296K), 0.0053834 secs] 90333K->57233K(126720K), 0.0055569 secs] [Times: user=0.00 sys=0.00, real=0.01 secs] 
Heap after GC invocations=202 (full 4):
 par new generation   total 39296K, used 4351K [0x0000000081800000, 0x00000000842a0000, 0x00000000964c0000)
  eden space 34944K,   0% used [0x0000000081800000, 0x0000000081800000, 0x0000000083a20000)
  from space 4352K,  99% used [0x0000000083a20000, 0x0000000083e5fff0, 0x0000000083e60000)
  to   space 4352K,   0% used [0x0000000083e60000, 0x0000000083e60000, 0x00000000842a0000)
 concurrent mark-sweep generation total 87424K, used 52881K [0x00000000964c0000, 0x000000009ba20000, 0x0000000100000000)
 Metaspace       used 72681K, capacity 75822K, committed 75828K, reserved 1114112K
  class space    used 9697K, capacity 10289K, committed 10292K, reserved 1048576K
}
2019-05-24T17:23:02.172+0800: 71.475: Application time: 0.0056138 seconds
2019-05-24T17:23:02.172+0800: 71.475: Application time: 0.0000569 seconds
2019-05-24T17:23:02.172+0800: 71.475: Application time: 0.0000757 seconds
2019-05-24T17:23:02.172+0800: 71.476: Application time: 0.0000779 seconds
2019-05-24T17:23:02.172+0800: 71.476: Application time: 0.0001724 seconds
2019-05-24T17:23:02.173+0800: 71.476: Application time: 0.0002662 seconds
2019-05-24T17:23:02.174+0800: 71.478: Application time: 0.0016179 seconds
2019-05-24T17:23:02.175+0800: 71.478: Application time: 0.0000626 seconds
2019-05-24T17:23:02.175+0800: 71.478: Application time: 0.0000523 seconds
2019-05-24T17:23:02.375+0800: 71.678: Application time: 0.1999530 seconds
2019-05-24T17:23:02.436+0800: 71.739: [CMS-concurrent-abortable-preclean: 0.252/0.438 secs] [Times: user=0.84 sys=0.03, real=0.44 secs] 
2019-05-24T17:23:02.436+0800: 71.739: Application time: 0.0608438 seconds
2019-05-24T17:23:02.436+0800: 71.739: [GC (CMS Final Remark) [YG occupancy: 23930 K (39296 K)]2019-05-24T17:23:02.436+0800: 71.739: [Rescan (parallel) , 0.0049840 secs]2019-05-24T17:23:02.441+0800: 71.745: [weak refs processing, 0.0001183 secs]2019-05-24T17:23:02.441+0800: 71.745: [class unloading, 0.0148571 secs]2019-05-24T17:23:02.456+0800: 71.760: [scrub symbol table, 0.0197894 secs]2019-05-24T17:23:02.476+0800: 71.779: [scrub string table, 0.0009284 secs][1 CMS-remark: 52881K(87424K)] 76812K(126720K), 0.0411864 secs] [Times: user=0.03 sys=0.00, real=0.04 secs] 
2019-05-24T17:23:02.477+0800: 71.781: [CMS-concurrent-sweep-start]
2019-05-24T17:23:02.507+0800: 71.810: [CMS-concurrent-sweep: 0.030/0.030 secs] [Times: user=0.09 sys=0.00, real=0.03 secs] 
2019-05-24T17:23:02.507+0800: 71.811: [CMS-concurrent-reset-start]
2019-05-24T17:23:02.511+0800: 71.814: [CMS-concurrent-reset: 0.003/0.003 secs] [Times: user=0.00 sys=0.00, real=0.00 secs] 
2019-05-24T17:23:02.532+0800: 71.835: Application time: 0.0544262 seconds
2019-05-24T17:23:02.535+0800: 71.839: Application time: 0.0031391 seconds
{Heap before GC invocations=202 (full 4):
 par new generation   total 39296K, used 39295K [0x0000000081800000, 0x00000000842a0000, 0x00000000964c0000)
  eden space 34944K, 100% used [0x0000000081800000, 0x0000000083a20000, 0x0000000083a20000)
  from space 4352K,  99% used [0x0000000083a20000, 0x0000000083e5fff0, 0x0000000083e60000)
  to   space 4352K,   0% used [0x0000000083e60000, 0x0000000083e60000, 0x00000000842a0000)
 concurrent mark-sweep generation total 87424K, used 51545K [0x00000000964c0000, 0x000000009ba20000, 0x0000000100000000)
 Metaspace       used 72908K, capacity 76042K, committed 76468K, reserved 1116160K
  class space    used 9738K, capacity 10309K, committed 10420K, reserved 1048576K
2019-05-24T17:23:02.535+0800: 71.839: [GC (Allocation Failure) 2019-05-24T17:23:02.535+0800: 71.839: [ParNew: 39295K->2740K(39296K), 0.0067703 secs] 90841K->55092K(126720K), 0.0069461 secs] [Times: user=0.01 sys=0.00, real=0.01 secs] 
Heap after GC invocations=203 (full 4):
 par new generation   total 39296K, used 2740K [0x0000000081800000, 0x00000000842a0000, 0x00000000964c0000)
  eden space 34944K,   0% used [0x0000000081800000, 0x0000000081800000, 0x0000000083a20000)
  from space 4352K,  62% used [0x0000000083e60000, 0x000000008410d0e0, 0x00000000842a0000)
  to   space 4352K,   0% used [0x0000000083a20000, 0x0000000083a20000, 0x0000000083e60000)
 concurrent mark-sweep generation total 87424K, used 52352K [0x00000000964c0000, 0x000000009ba20000, 0x0000000100000000)
 Metaspace       used 72908K, capacity 76042K, committed 76468K, reserved 1116160K
  class space    used 9738K, capacity 10309K, committed 10420K, reserved 1048576K
}
2019-05-24T17:23:02.545+0800: 71.849: Application time: 0.0029394 seconds
2019-05-24T17:23:02.546+0800: 71.849: Application time: 0.0001394 seconds
2019-05-24T17:23:02.546+0800: 71.849: Application time: 0.0000529 seconds
2019-05-24T17:23:02.546+0800: 71.849: Application time: 0.0001462 seconds
2019-05-24T17:23:02.546+0800: 71.850: Application time: 0.0002150 seconds
2019-05-24T17:23:02.546+0800: 71.850: Application time: 0.0001638 seconds
2019-05-24T17:23:02.547+0800: 71.850: Application time: 0.0000734 seconds
2019-05-24T17:23:02.547+0800: 71.850: Application time: 0.0000654 seconds
2019-05-24T17:23:02.547+0800: 71.850: Application time: 0.0000512 seconds
2019-05-24T17:23:02.547+0800: 71.850: Application time: 0.0000484 seconds
2019-05-24T17:23:02.647+0800: 71.950: Application time: 0.0993581 seconds
2019-05-24T17:23:02.647+0800: 71.950: Application time: 0.0000939 seconds
2019-05-24T17:23:02.667+0800: 71.971: Application time: 0.0207007 seconds
{Heap before GC invocations=203 (full 4):
 par new generation   total 39296K, used 37684K [0x0000000081800000, 0x00000000842a0000, 0x00000000964c0000)
  eden space 34944K, 100% used [0x0000000081800000, 0x0000000083a20000, 0x0000000083a20000)
  from space 4352K,  62% used [0x0000000083e60000, 0x000000008410d0e0, 0x00000000842a0000)
  to   space 4352K,   0% used [0x0000000083a20000, 0x0000000083a20000, 0x0000000083e60000)
 concurrent mark-sweep generation total 87424K, used 52352K [0x00000000964c0000, 0x000000009ba20000, 0x0000000100000000)
 Metaspace       used 73079K, capacity 76276K, committed 76724K, reserved 1116160K
  class space    used 9754K, capacity 10318K, committed 10420K, reserved 1048576K
2019-05-24T17:23:02.668+0800: 71.971: [GC (Allocation Failure) 2019-05-24T17:23:02.680+0800: 71.983: [ParNew: 37684K->2711K(39296K), 0.0052213 secs] 90036K->55598K(126720K), 0.0175770 secs] [Times: user=0.06 sys=0.00, real=0.02 secs] 
Heap after GC invocations=204 (full 4):
 par new generation   total 39296K, used 2711K [0x0000000081800000, 0x00000000842a0000, 0x00000000964c0000)
  eden space 34944K,   0% used [0x0000000081800000, 0x0000000081800000, 0x0000000083a20000)
  from space 4352K,  62% used [0x0000000083a20000, 0x0000000083cc5e78, 0x0000000083e60000)
  to   space 4352K,   0% used [0x0000000083e60000, 0x0000000083e60000, 0x00000000842a0000)
 concurrent mark-sweep generation total 87424K, used 52886K [0x00000000964c0000, 0x000000009ba20000, 0x0000000100000000)
 Metaspace       used 73079K, capacity 76276K, committed 76724K, reserved 1116160K
  class space    used 9754K, capacity 10318K, committed 10420K, reserved 1048576K
}
2019-05-24T17:23:02.686+0800: 71.989: Application time: 0.0000518 seconds
2019-05-24T17:23:02.686+0800: 71.989: [GC (CMS Initial Mark) [1 CMS-initial-mark: 52886K(87424K)] 56295K(126720K), 0.0019752 secs] [Times: user=0.00 sys=0.00, real=0.00 secs] 
2019-05-24T17:23:02.688+0800: 71.991: [CMS-concurrent-mark-start]
2019-05-24T17:23:02.757+0800: 72.060: Application time: 0.0689237 seconds
{Heap before GC invocations=204 (full 5):
 par new generation   total 39296K, used 37655K [0x0000000081800000, 0x00000000842a0000, 0x00000000964c0000)
  eden space 34944K, 100% used [0x0000000081800000, 0x0000000083a20000, 0x0000000083a20000)
  from space 4352K,  62% used [0x0000000083a20000, 0x0000000083cc5e78, 0x0000000083e60000)
  to   space 4352K,   0% used [0x0000000083e60000, 0x0000000083e60000, 0x00000000842a0000)
 concurrent mark-sweep generation total 87424K, used 52886K [0x00000000964c0000, 0x000000009ba20000, 0x0000000100000000)
 Metaspace       used 73139K, capacity 76310K, committed 76724K, reserved 1116160K
  class space    used 9762K, capacity 10351K, committed 10420K, reserved 1048576K
2019-05-24T17:23:02.757+0800: 72.060: [GC (Allocation Failure) 2019-05-24T17:23:02.757+0800: 72.060: [ParNew: 37655K->2376K(39296K), 0.0041461 secs] 90542K->55263K(126720K), 0.0043395 secs] [Times: user=0.03 sys=0.00, real=0.00 secs] 
Heap after GC invocations=205 (full 5):
 par new generation   total 39296K, used 2376K [0x0000000081800000, 0x00000000842a0000, 0x00000000964c0000)
  eden space 34944K,   0% used [0x0000000081800000, 0x0000000081800000, 0x0000000083a20000)
  from space 4352K,  54% used [0x0000000083e60000, 0x00000000840b2180, 0x00000000842a0000)
  to   space 4352K,   0% used [0x0000000083a20000, 0x0000000083a20000, 0x0000000083e60000)
 concurrent mark-sweep generation total 87424K, used 52886K [0x00000000964c0000, 0x000000009ba20000, 0x0000000100000000)
 Metaspace       used 73139K, capacity 76310K, committed 76724K, reserved 1116160K
  class space    used 9762K, capacity 10351K, committed 10420K, reserved 1048576K
}
2019-05-24T17:23:02.808+0800: 72.111: [CMS-concurrent-mark: 0.115/0.120 secs] [Times: user=0.30 sys=0.00, real=0.12 secs] 
2019-05-24T17:23:02.808+0800: 72.111: [CMS-concurrent-preclean-start]
2019-05-24T17:23:02.813+0800: 72.116: [CMS-concurrent-preclean: 0.005/0.005 secs] [Times: user=0.03 sys=0.00, real=0.00 secs] 
2019-05-24T17:23:02.813+0800: 72.116: [CMS-concurrent-abortable-preclean-start]
2019-05-24T17:23:02.858+0800: 72.162: Application time: 0.0967208 seconds
2019-05-24T17:23:02.924+0800: 72.227: Application time: 0.0646508 seconds
{Heap before GC invocations=205 (full 5):
 par new generation   total 39296K, used 37320K [0x0000000081800000, 0x00000000842a0000, 0x00000000964c0000)
  eden space 34944K, 100% used [0x0000000081800000, 0x0000000083a20000, 0x0000000083a20000)
  from space 4352K,  54% used [0x0000000083e60000, 0x00000000840b2180, 0x00000000842a0000)
  to   space 4352K,   0% used [0x0000000083a20000, 0x0000000083a20000, 0x0000000083e60000)
 concurrent mark-sweep generation total 87424K, used 52886K [0x00000000964c0000, 0x000000009ba20000, 0x0000000100000000)
 Metaspace       used 73576K, capacity 76728K, committed 76980K, reserved 1116160K
  class space    used 9820K, capacity 10384K, committed 10420K, reserved 1048576K
2019-05-24T17:23:02.924+0800: 72.227: [GC (Allocation Failure) 2019-05-24T17:23:02.924+0800: 72.228: [ParNew: 37320K->3120K(39296K), 0.0050148 secs] 90207K->56007K(126720K), 0.0053544 secs] [Times: user=0.00 sys=0.00, real=0.01 secs] 
Heap after GC invocations=206 (full 5):
 par new generation   total 39296K, used 3120K [0x0000000081800000, 0x00000000842a0000, 0x00000000964c0000)
  eden space 34944K,   0% used [0x0000000081800000, 0x0000000081800000, 0x0000000083a20000)
  from space 4352K,  71% used [0x0000000083a20000, 0x0000000083d2c268, 0x0000000083e60000)
  to   space 4352K,   0% used [0x0000000083e60000, 0x0000000083e60000, 0x00000000842a0000)
 concurrent mark-sweep generation total 87424K, used 52886K [0x00000000964c0000, 0x000000009ba20000, 0x0000000100000000)
 Metaspace       used 73576K, capacity 76728K, committed 76980K, reserved 1116160K
  class space    used 9820K, capacity 10384K, committed 10420K, reserved 1048576K
}
2019-05-24T17:23:02.986+0800: 72.289: [CMS-concurrent-abortable-preclean: 0.105/0.173 secs] [Times: user=0.17 sys=0.01, real=0.17 secs] 
2019-05-24T17:23:02.986+0800: 72.290: Application time: 0.0565293 seconds
2019-05-24T17:23:02.986+0800: 72.290: [GC (CMS Final Remark) [YG occupancy: 22667 K (39296 K)]2019-05-24T17:23:02.986+0800: 72.290: [Rescan (parallel) , 0.0051843 secs]2019-05-24T17:23:02.992+0800: 72.295: [weak refs processing, 0.0001456 secs]2019-05-24T17:23:02.992+0800: 72.295: [class unloading, 0.0266735 secs]2019-05-24T17:23:03.019+0800: 72.322: [scrub symbol table, 0.0287221 secs]2019-05-24T17:23:03.047+0800: 72.351: [scrub string table, 0.0016139 secs][1 CMS-remark: 52886K(87424K)] 75553K(126720K), 0.0629316 secs] [Times: user=0.06 sys=0.00, real=0.06 secs] 
2019-05-24T17:23:03.050+0800: 72.354: [CMS-concurrent-sweep-start]
2019-05-24T17:23:03.081+0800: 72.384: [CMS-concurrent-sweep: 0.031/0.031 secs] [Times: user=0.06 sys=0.00, real=0.03 secs] 
2019-05-24T17:23:03.081+0800: 72.385: [CMS-concurrent-reset-start]
2019-05-24T17:23:03.085+0800: 72.388: [CMS-concurrent-reset: 0.003/0.003 secs] [Times: user=0.00 sys=0.00, real=0.00 secs] 
2019-05-24T17:23:03.100+0800: 72.403: Application time: 0.0502704 seconds
{Heap before GC invocations=206 (full 5):
 par new generation   total 39296K, used 38064K [0x0000000081800000, 0x00000000842a0000, 0x00000000964c0000)
  eden space 34944K, 100% used [0x0000000081800000, 0x0000000083a20000, 0x0000000083a20000)
  from space 4352K,  71% used [0x0000000083a20000, 0x0000000083d2c268, 0x0000000083e60000)
  to   space 4352K,   0% used [0x0000000083e60000, 0x0000000083e60000, 0x00000000842a0000)
 concurrent mark-sweep generation total 87616K, used 52533K [0x00000000964c0000, 0x000000009ba50000, 0x0000000100000000)
 Metaspace       used 73548K, capacity 76680K, committed 77364K, reserved 1116160K
  class space    used 9813K, capacity 10392K, committed 10548K, reserved 1048576K
2019-05-24T17:23:03.100+0800: 72.403: [GC (Allocation Failure) 2019-05-24T17:23:03.100+0800: 72.404: [ParNew: 38064K->2420K(39296K), 0.0057099 secs] 90598K->55517K(126912K), 0.0058891 secs] [Times: user=0.06 sys=0.00, real=0.01 secs] 
Heap after GC invocations=207 (full 5):
 par new generation   total 39296K, used 2420K [0x0000000081800000, 0x00000000842a0000, 0x00000000964c0000)
  eden space 34944K,   0% used [0x0000000081800000, 0x0000000081800000, 0x0000000083a20000)
  from space 4352K,  55% used [0x0000000083e60000, 0x00000000840bd348, 0x00000000842a0000)
  to   space 4352K,   0% used [0x0000000083a20000, 0x0000000083a20000, 0x0000000083e60000)
 concurrent mark-sweep generation total 87616K, used 53096K [0x00000000964c0000, 0x000000009ba50000, 0x0000000100000000)
 Metaspace       used 73548K, capacity 76680K, committed 77364K, reserved 1116160K
  class space    used 9813K, capacity 10392K, committed 10548K, reserved 1048576K
}
2019-05-24T17:23:03.106+0800: 72.410: Application time: 0.0002065 seconds
2019-05-24T17:23:03.106+0800: 72.410: [GC (CMS Initial Mark) [1 CMS-initial-mark: 53096K(87616K)] 56219K(126912K), 0.0025611 secs] [Times: user=0.00 sys=0.00, real=0.00 secs] 
2019-05-24T17:23:03.109+0800: 72.413: [CMS-concurrent-mark-start]
2019-05-24T17:23:03.246+0800: 72.549: [CMS-concurrent-mark: 0.136/0.136 secs] [Times: user=0.25 sys=0.02, real=0.14 secs] 
2019-05-24T17:23:03.246+0800: 72.549: [CMS-concurrent-preclean-start]
2019-05-24T17:23:03.249+0800: 72.552: [CMS-concurrent-preclean: 0.003/0.003 secs] [Times: user=0.00 sys=0.00, real=0.00 secs] 
2019-05-24T17:23:03.249+0800: 72.552: [CMS-concurrent-abortable-preclean-start]
2019-05-24T17:23:03.297+0800: 72.601: Application time: 0.1879472 seconds
{Heap before GC invocations=207 (full 6):
 par new generation   total 39296K, used 37364K [0x0000000081800000, 0x00000000842a0000, 0x00000000964c0000)
  eden space 34944K, 100% used [0x0000000081800000, 0x0000000083a20000, 0x0000000083a20000)
  from space 4352K,  55% used [0x0000000083e60000, 0x00000000840bd348, 0x00000000842a0000)
  to   space 4352K,   0% used [0x0000000083a20000, 0x0000000083a20000, 0x0000000083e60000)
 concurrent mark-sweep generation total 87616K, used 53096K [0x00000000964c0000, 0x000000009ba50000, 0x0000000100000000)
 Metaspace       used 74012K, capacity 77132K, committed 77620K, reserved 1116160K
  class space    used 9887K, capacity 10458K, committed 10548K, reserved 1048576K
2019-05-24T17:23:03.297+0800: 72.601: [GC (Allocation Failure) 2019-05-24T17:23:03.297+0800: 72.601: [ParNew: 37364K->3609K(39296K), 0.0050825 secs] 90461K->56706K(126912K), 0.0052673 secs] [Times: user=0.00 sys=0.00, real=0.01 secs] 
Heap after GC invocations=208 (full 6):
 par new generation   total 39296K, used 3609K [0x0000000081800000, 0x00000000842a0000, 0x00000000964c0000)
  eden space 34944K,   0% used [0x0000000081800000, 0x0000000081800000, 0x0000000083a20000)
  from space 4352K,  82% used [0x0000000083a20000, 0x0000000083da6710, 0x0000000083e60000)
  to   space 4352K,   0% used [0x0000000083e60000, 0x0000000083e60000, 0x00000000842a0000)
 concurrent mark-sweep generation total 87616K, used 53096K [0x00000000964c0000, 0x000000009ba50000, 0x0000000100000000)
 Metaspace       used 74012K, capacity 77132K, committed 77620K, reserved 1116160K
  class space    used 9887K, capacity 10458K, committed 10548K, reserved 1048576K
}
2019-05-24T17:23:03.379+0800: 72.683: Application time: 0.0764831 seconds
2019-05-24T17:23:03.382+0800: 72.686: [CMS-concurrent-abortable-preclean: 0.101/0.133 secs] [Times: user=0.28 sys=0.03, real=0.13 secs] 
2019-05-24T17:23:03.382+0800: 72.686: Application time: 0.0027767 seconds
2019-05-24T17:23:03.383+0800: 72.686: [GC (CMS Final Remark) [YG occupancy: 26890 K (39296 K)]2019-05-24T17:23:03.383+0800: 72.686: [Rescan (parallel) , 0.0056474 secs]2019-05-24T17:23:03.388+0800: 72.692: [weak refs processing, 0.0001303 secs]2019-05-24T17:23:03.389+0800: 72.692: [class unloading, 0.0220558 secs]2019-05-24T17:23:03.410+0800: 72.714: [scrub symbol table, 0.0219210 secs]2019-05-24T17:23:03.433+0800: 72.736: [scrub string table, 0.0009279 secs][1 CMS-remark: 53096K(87616K)] 79987K(126912K), 0.0611675 secs] [Times: user=0.11 sys=0.00, real=0.06 secs] 
2019-05-24T17:23:03.444+0800: 72.747: [CMS-concurrent-sweep-start]
2019-05-24T17:23:03.445+0800: 72.748: Application time: 0.0006081 seconds
2019-05-24T17:23:03.471+0800: 72.775: Application time: 0.0268208 seconds
{Heap before GC invocations=208 (full 6):
 par new generation   total 39296K, used 38553K [0x0000000081800000, 0x00000000842a0000, 0x00000000964c0000)
  eden space 34944K, 100% used [0x0000000081800000, 0x0000000083a20000, 0x0000000083a20000)
  from space 4352K,  82% used [0x0000000083a20000, 0x0000000083da6710, 0x0000000083e60000)
  to   space 4352K,   0% used [0x0000000083e60000, 0x0000000083e60000, 0x00000000842a0000)
 concurrent mark-sweep generation total 87616K, used 53037K [0x00000000964c0000, 0x000000009ba50000, 0x0000000100000000)
 Metaspace       used 74099K, capacity 77198K, committed 77620K, reserved 1116160K
  class space    used 9903K, capacity 10459K, committed 10548K, reserved 1048576K
2019-05-24T17:23:03.472+0800: 72.775: [GC (Allocation Failure) 2019-05-24T17:23:03.472+0800: 72.775: [ParNew: 38553K->2000K(39296K), 0.0057446 secs] 91590K->55528K(126912K), 0.0060399 secs] [Times: user=0.00 sys=0.00, real=0.01 secs] 
Heap after GC invocations=209 (full 6):
 par new generation   total 39296K, used 2000K [0x0000000081800000, 0x00000000842a0000, 0x00000000964c0000)
  eden space 34944K,   0% used [0x0000000081800000, 0x0000000081800000, 0x0000000083a20000)
  from space 4352K,  45% used [0x0000000083e60000, 0x0000000084054308, 0x00000000842a0000)
  to   space 4352K,   0% used [0x0000000083a20000, 0x0000000083a20000, 0x0000000083e60000)
 concurrent mark-sweep generation total 87616K, used 53527K [0x00000000964c0000, 0x000000009ba50000, 0x0000000100000000)
 Metaspace       used 74099K, capacity 77198K, committed 77620K, reserved 1116160K
  class space    used 9903K, capacity 10459K, committed 10548K, reserved 1048576K
}
2019-05-24T17:23:03.483+0800: 72.787: [CMS-concurrent-sweep: 0.033/0.039 secs] [Times: user=0.09 sys=0.02, real=0.04 secs] 
2019-05-24T17:23:03.483+0800: 72.787: [CMS-concurrent-reset-start]
2019-05-24T17:23:03.487+0800: 72.790: [CMS-concurrent-reset: 0.004/0.004 secs] [Times: user=0.00 sys=0.00, real=0.00 secs] 
2019-05-24T17:23:03.545+0800: 72.848: Application time: 0.0670236 seconds
{Heap before GC invocations=209 (full 6):
 par new generation   total 39296K, used 36944K [0x0000000081800000, 0x00000000842a0000, 0x00000000964c0000)
  eden space 34944K, 100% used [0x0000000081800000, 0x0000000083a20000, 0x0000000083a20000)
  from space 4352K,  45% used [0x0000000083e60000, 0x0000000084054308, 0x00000000842a0000)
  to   space 4352K,   0% used [0x0000000083a20000, 0x0000000083a20000, 0x0000000083e60000)
 concurrent mark-sweep generation total 89192K, used 53513K [0x00000000964c0000, 0x000000009bbda000, 0x0000000100000000)
 Metaspace       used 74080K, capacity 77144K, committed 77620K, reserved 1116160K
  class space    used 9899K, capacity 10450K, committed 10548K, reserved 1048576K
2019-05-24T17:23:03.545+0800: 72.849: [GC (Allocation Failure) 2019-05-24T17:23:03.545+0800: 72.849: [ParNew: 36944K->2246K(39296K), 0.0037780 secs] 90458K->55760K(128488K), 0.0039612 secs] [Times: user=0.00 sys=0.00, real=0.00 secs] 
Heap after GC invocations=210 (full 6):
 par new generation   total 39296K, used 2246K [0x0000000081800000, 0x00000000842a0000, 0x00000000964c0000)
  eden space 34944K,   0% used [0x0000000081800000, 0x0000000081800000, 0x0000000083a20000)
  from space 4352K,  51% used [0x0000000083a20000, 0x0000000083c51aa0, 0x0000000083e60000)
  to   space 4352K,   0% used [0x0000000083e60000, 0x0000000083e60000, 0x00000000842a0000)
 concurrent mark-sweep generation total 89192K, used 53513K [0x00000000964c0000, 0x000000009bbda000, 0x0000000100000000)
 Metaspace       used 74080K, capacity 77144K, committed 77620K, reserved 1116160K
  class space    used 9899K, capacity 10450K, committed 10548K, reserved 1048576K
}
2019-05-24T17:23:03.625+0800: 72.928: Application time: 0.0751565 seconds
{Heap before GC invocations=210 (full 6):
 par new generation   total 39296K, used 37190K [0x0000000081800000, 0x00000000842a0000, 0x00000000964c0000)
  eden space 34944K, 100% used [0x0000000081800000, 0x0000000083a20000, 0x0000000083a20000)
  from space 4352K,  51% used [0x0000000083a20000, 0x0000000083c51aa0, 0x0000000083e60000)
  to   space 4352K,   0% used [0x0000000083e60000, 0x0000000083e60000, 0x00000000842a0000)
 concurrent mark-sweep generation total 89192K, used 53513K [0x00000000964c0000, 0x000000009bbda000, 0x0000000100000000)
 Metaspace       used 74081K, capacity 77144K, committed 77620K, reserved 1116160K
  class space    used 9899K, capacity 10450K, committed 10548K, reserved 1048576K
2019-05-24T17:23:03.625+0800: 72.928: [GC (Allocation Failure) 2019-05-24T17:23:03.625+0800: 72.928: [ParNew: 37190K->2398K(39296K), 0.0039566 secs] 90704K->55912K(128488K), 0.0041512 secs] [Times: user=0.00 sys=0.00, real=0.00 secs] 
Heap after GC invocations=211 (full 6):
 par new generation   total 39296K, used 2398K [0x0000000081800000, 0x00000000842a0000, 0x00000000964c0000)
  eden space 34944K,   0% used [0x0000000081800000, 0x0000000081800000, 0x0000000083a20000)
  from space 4352K,  55% used [0x0000000083e60000, 0x00000000840b7980, 0x00000000842a0000)
  to   space 4352K,   0% used [0x0000000083a20000, 0x0000000083a20000, 0x0000000083e60000)
 concurrent mark-sweep generation total 89192K, used 53513K [0x00000000964c0000, 0x000000009bbda000, 0x0000000100000000)
 Metaspace       used 74081K, capacity 77144K, committed 77620K, reserved 1116160K
  class space    used 9899K, capacity 10450K, committed 10548K, reserved 1048576K
}
2019-05-24T17:23:03.704+0800: 73.007: Application time: 0.0746462 seconds
{Heap before GC invocations=211 (full 6):
 par new generation   total 39296K, used 37342K [0x0000000081800000, 0x00000000842a0000, 0x00000000964c0000)
  eden space 34944K, 100% used [0x0000000081800000, 0x0000000083a20000, 0x0000000083a20000)
  from space 4352K,  55% used [0x0000000083e60000, 0x00000000840b7980, 0x00000000842a0000)
  to   space 4352K,   0% used [0x0000000083a20000, 0x0000000083a20000, 0x0000000083e60000)
 concurrent mark-sweep generation total 89192K, used 53513K [0x00000000964c0000, 0x000000009bbda000, 0x0000000100000000)
 Metaspace       used 74123K, capacity 77244K, committed 77876K, reserved 1116160K
  class space    used 9904K, capacity 10482K, committed 10548K, reserved 1048576K
2019-05-24T17:23:03.704+0800: 73.007: [GC (Allocation Failure) 2019-05-24T17:23:03.704+0800: 73.007: [ParNew: 37342K->1445K(39296K), 0.0046017 secs] 90856K->55265K(128488K), 0.0047895 secs] [Times: user=0.00 sys=0.00, real=0.01 secs] 
Heap after GC invocations=212 (full 6):
 par new generation   total 39296K, used 1445K [0x0000000081800000, 0x00000000842a0000, 0x00000000964c0000)
  eden space 34944K,   0% used [0x0000000081800000, 0x0000000081800000, 0x0000000083a20000)
  from space 4352K,  33% used [0x0000000083a20000, 0x0000000083b897f8, 0x0000000083e60000)
  to   space 4352K,   0% used [0x0000000083e60000, 0x0000000083e60000, 0x00000000842a0000)
 concurrent mark-sweep generation total 89192K, used 53819K [0x00000000964c0000, 0x000000009bbda000, 0x0000000100000000)
 Metaspace       used 74123K, capacity 77244K, committed 77876K, reserved 1116160K
  class space    used 9904K, capacity 10482K, committed 10548K, reserved 1048576K
}
2019-05-24T17:23:03.709+0800: 73.012: Application time: 0.0001610 seconds
2019-05-24T17:23:03.709+0800: 73.013: [GC (CMS Initial Mark) [1 CMS-initial-mark: 53819K(89192K)] 55966K(128488K), 0.0027011 secs] [Times: user=0.00 sys=0.00, real=0.00 secs] 
2019-05-24T17:23:03.712+0800: 73.015: [CMS-concurrent-mark-start]
2019-05-24T17:23:03.784+0800: 73.087: Application time: 0.0718848 seconds
{Heap before GC invocations=212 (full 7):
 par new generation   total 39296K, used 36389K [0x0000000081800000, 0x00000000842a0000, 0x00000000964c0000)
  eden space 34944K, 100% used [0x0000000081800000, 0x0000000083a20000, 0x0000000083a20000)
  from space 4352K,  33% used [0x0000000083a20000, 0x0000000083b897f8, 0x0000000083e60000)
  to   space 4352K,   0% used [0x0000000083e60000, 0x0000000083e60000, 0x00000000842a0000)
 concurrent mark-sweep generation total 89192K, used 53819K [0x00000000964c0000, 0x000000009bbda000, 0x0000000100000000)
 Metaspace       used 74153K, capacity 77244K, committed 77876K, reserved 1116160K
  class space    used 9909K, capacity 10482K, committed 10548K, reserved 1048576K
2019-05-24T17:23:03.784+0800: 73.088: [GC (Allocation Failure) 2019-05-24T17:23:03.784+0800: 73.088: [ParNew: 36389K->1299K(39296K), 0.0048401 secs] 90209K->55405K(128488K), 0.0050563 secs] [Times: user=0.00 sys=0.00, real=0.01 secs] 
Heap after GC invocations=213 (full 7):
 par new generation   total 39296K, used 1299K [0x0000000081800000, 0x00000000842a0000, 0x00000000964c0000)
  eden space 34944K,   0% used [0x0000000081800000, 0x0000000081800000, 0x0000000083a20000)
  from space 4352K,  29% used [0x0000000083e60000, 0x0000000083fa4c48, 0x00000000842a0000)
  to   space 4352K,   0% used [0x0000000083a20000, 0x0000000083a20000, 0x0000000083e60000)
 concurrent mark-sweep generation total 89192K, used 54106K [0x00000000964c0000, 0x000000009bbda000, 0x0000000100000000)
 Metaspace       used 74153K, capacity 77244K, committed 77876K, reserved 1116160K
  class space    used 9909K, capacity 10482K, committed 10548K, reserved 1048576K
}
2019-05-24T17:23:03.862+0800: 73.165: [CMS-concurrent-mark: 0.144/0.150 secs] [Times: user=0.30 sys=0.00, real=0.15 secs] 
2019-05-24T17:23:03.862+0800: 73.165: [CMS-concurrent-preclean-start]
2019-05-24T17:23:03.869+0800: 73.172: [CMS-concurrent-preclean: 0.007/0.007 secs] [Times: user=0.00 sys=0.00, real=0.01 secs] 
2019-05-24T17:23:03.869+0800: 73.172: [CMS-concurrent-abortable-preclean-start]
2019-05-24T17:23:03.878+0800: 73.181: Application time: 0.0884411 seconds
{Heap before GC invocations=213 (full 7):
 par new generation   total 39296K, used 36243K [0x0000000081800000, 0x00000000842a0000, 0x00000000964c0000)
  eden space 34944K, 100% used [0x0000000081800000, 0x0000000083a20000, 0x0000000083a20000)
  from space 4352K,  29% used [0x0000000083e60000, 0x0000000083fa4c48, 0x00000000842a0000)
  to   space 4352K,   0% used [0x0000000083a20000, 0x0000000083a20000, 0x0000000083e60000)
 concurrent mark-sweep generation total 89192K, used 54106K [0x00000000964c0000, 0x000000009bbda000, 0x0000000100000000)
 Metaspace       used 74212K, capacity 77308K, committed 77876K, reserved 1116160K
  class space    used 9920K, capacity 10482K, committed 10548K, reserved 1048576K
2019-05-24T17:23:03.878+0800: 73.181: [GC (Allocation Failure) 2019-05-24T17:23:03.878+0800: 73.182: [ParNew: 36243K->1677K(39296K), 0.0039777 secs] 90349K->55929K(128488K), 0.0041728 secs] [Times: user=0.00 sys=0.00, real=0.00 secs] 
Heap after GC invocations=214 (full 7):
 par new generation   total 39296K, used 1677K [0x0000000081800000, 0x00000000842a0000, 0x00000000964c0000)
  eden space 34944K,   0% used [0x0000000081800000, 0x0000000081800000, 0x0000000083a20000)
  from space 4352K,  38% used [0x0000000083a20000, 0x0000000083bc3458, 0x0000000083e60000)
  to   space 4352K,   0% used [0x0000000083e60000, 0x0000000083e60000, 0x00000000842a0000)
 concurrent mark-sweep generation total 89192K, used 54252K [0x00000000964c0000, 0x000000009bbda000, 0x0000000100000000)
 Metaspace       used 74212K, capacity 77308K, committed 77876K, reserved 1116160K
  class space    used 9920K, capacity 10482K, committed 10548K, reserved 1048576K
}
2019-05-24T17:23:03.955+0800: 73.258: Application time: 0.0720941 seconds
2019-05-24T17:23:03.969+0800: 73.273: [CMS-concurrent-abortable-preclean: 0.046/0.100 secs] [Times: user=0.16 sys=0.00, real=0.10 secs] 
2019-05-24T17:23:03.969+0800: 73.273: Application time: 0.0144173 seconds
2019-05-24T17:23:03.969+0800: 73.273: [GC (CMS Final Remark) [YG occupancy: 28920 K (39296 K)]2019-05-24T17:23:03.969+0800: 73.273: [Rescan (parallel) , 0.0056690 secs]2019-05-24T17:23:03.975+0800: 73.279: [weak refs processing, 0.0001303 secs]2019-05-24T17:23:03.975+0800: 73.279: [class unloading, 0.0249321 secs]2019-05-24T17:23:04.001+0800: 73.304: [scrub symbol table, 0.0252205 secs]2019-05-24T17:23:04.026+0800: 73.329: [scrub string table, 0.0013591 secs][1 CMS-remark: 54252K(89192K)] 83172K(128488K), 0.0578639 secs] [Times: user=0.06 sys=0.00, real=0.06 secs] 
2019-05-24T17:23:04.028+0800: 73.332: [CMS-concurrent-sweep-start]
2019-05-24T17:23:04.048+0800: 73.351: Application time: 0.0202371 seconds
{Heap before GC invocations=214 (full 7):
 par new generation   total 39296K, used 36621K [0x0000000081800000, 0x00000000842a0000, 0x00000000964c0000)
  eden space 34944K, 100% used [0x0000000081800000, 0x0000000083a20000, 0x0000000083a20000)
  from space 4352K,  38% used [0x0000000083a20000, 0x0000000083bc3458, 0x0000000083e60000)
  to   space 4352K,   0% used [0x0000000083e60000, 0x0000000083e60000, 0x00000000842a0000)
 concurrent mark-sweep generation total 89192K, used 54248K [0x00000000964c0000, 0x000000009bbda000, 0x0000000100000000)
 Metaspace       used 74271K, capacity 77380K, committed 77876K, reserved 1116160K
  class space    used 9925K, capacity 10484K, committed 10548K, reserved 1048576K
2019-05-24T17:23:04.048+0800: 73.351: [GC (Allocation Failure) 2019-05-24T17:23:04.048+0800: 73.351: [ParNew: 36621K->1334K(39296K), 0.0039066 secs] 90869K->55738K(128488K), 0.0040880 secs] [Times: user=0.00 sys=0.00, real=0.00 secs] 
Heap after GC invocations=215 (full 7):
 par new generation   total 39296K, used 1334K [0x0000000081800000, 0x00000000842a0000, 0x00000000964c0000)
  eden space 34944K,   0% used [0x0000000081800000, 0x0000000081800000, 0x0000000083a20000)
  from space 4352K,  30% used [0x0000000083e60000, 0x0000000083fad958, 0x00000000842a0000)
  to   space 4352K,   0% used [0x0000000083a20000, 0x0000000083a20000, 0x0000000083e60000)
 concurrent mark-sweep generation total 89192K, used 54403K [0x00000000964c0000, 0x000000009bbda000, 0x0000000100000000)
 Metaspace       used 74271K, capacity 77380K, committed 77876K, reserved 1116160K
  class space    used 9925K, capacity 10484K, committed 10548K, reserved 1048576K
}
2019-05-24T17:23:04.066+0800: 73.369: [CMS-concurrent-sweep: 0.033/0.037 secs] [Times: user=0.06 sys=0.00, real=0.04 secs] 
2019-05-24T17:23:04.066+0800: 73.369: [CMS-concurrent-reset-start]
2019-05-24T17:23:04.070+0800: 73.373: [CMS-concurrent-reset: 0.004/0.004 secs] [Times: user=0.00 sys=0.00, real=0.00 secs] 
2019-05-24T17:23:04.129+0800: 73.432: Application time: 0.0761571 seconds
{Heap before GC invocations=215 (full 7):
 par new generation   total 39296K, used 36278K [0x0000000081800000, 0x00000000842a0000, 0x00000000964c0000)
  eden space 34944K, 100% used [0x0000000081800000, 0x0000000083a20000, 0x0000000083a20000)
  from space 4352K,  30% used [0x0000000083e60000, 0x0000000083fad958, 0x00000000842a0000)
  to   space 4352K,   0% used [0x0000000083a20000, 0x0000000083a20000, 0x0000000083e60000)
 concurrent mark-sweep generation total 90648K, used 54387K [0x00000000964c0000, 0x000000009bd46000, 0x0000000100000000)
 Metaspace       used 74243K, capacity 77326K, committed 77876K, reserved 1116160K
  class space    used 9920K, capacity 10475K, committed 10548K, reserved 1048576K
2019-05-24T17:23:04.129+0800: 73.432: [GC (Allocation Failure) 2019-05-24T17:23:04.129+0800: 73.432: [ParNew: 36278K->1541K(39296K), 0.0045978 secs] 90666K->56138K(129944K), 0.0048071 secs] [Times: user=0.00 sys=0.00, real=0.01 secs] 
Heap after GC invocations=216 (full 7):
 par new generation   total 39296K, used 1541K [0x0000000081800000, 0x00000000842a0000, 0x00000000964c0000)
  eden space 34944K,   0% used [0x0000000081800000, 0x0000000081800000, 0x0000000083a20000)
  from space 4352K,  35% used [0x0000000083a20000, 0x0000000083ba1680, 0x0000000083e60000)
  to   space 4352K,   0% used [0x0000000083e60000, 0x0000000083e60000, 0x00000000842a0000)
 concurrent mark-sweep generation total 90648K, used 54596K [0x00000000964c0000, 0x000000009bd46000, 0x0000000100000000)
 Metaspace       used 74243K, capacity 77326K, committed 77876K, reserved 1116160K
  class space    used 9920K, capacity 10475K, committed 10548K, reserved 1048576K
}
2019-05-24T17:23:04.134+0800: 73.437: Application time: 0.0001638 seconds
2019-05-24T17:23:04.134+0800: 73.437: [GC (CMS Initial Mark) [1 CMS-initial-mark: 54596K(90648K)] 56138K(129944K), 0.0029047 secs] [Times: user=0.03 sys=0.00, real=0.00 secs] 
2019-05-24T17:23:04.137+0800: 73.441: [CMS-concurrent-mark-start]
2019-05-24T17:23:04.173+0800: 73.477: Application time: 0.0363042 seconds
2019-05-24T17:23:04.274+0800: 73.578: Application time: 0.1009038 seconds
{Heap before GC invocations=216 (full 8):
 par new generation   total 39296K, used 36485K [0x0000000081800000, 0x00000000842a0000, 0x00000000964c0000)
  eden space 34944K, 100% used [0x0000000081800000, 0x0000000083a20000, 0x0000000083a20000)
  from space 4352K,  35% used [0x0000000083a20000, 0x0000000083ba1680, 0x0000000083e60000)
  to   space 4352K,   0% used [0x0000000083e60000, 0x0000000083e60000, 0x00000000842a0000)
 concurrent mark-sweep generation total 90648K, used 54596K [0x00000000964c0000, 0x000000009bd46000, 0x0000000100000000)
 Metaspace       used 74293K, capacity 77332K, committed 77876K, reserved 1116160K
  class space    used 9925K, capacity 10476K, committed 10548K, reserved 1048576K
2019-05-24T17:23:04.275+0800: 73.578: [GC (Allocation Failure) 2019-05-24T17:23:04.275+0800: 73.578: [ParNew: 36485K->1531K(39296K), 0.0043696 secs] 91082K->56248K(129944K), 0.0046251 secs] [Times: user=0.09 sys=0.00, real=0.00 secs] 
Heap after GC invocations=217 (full 8):
 par new generation   total 39296K, used 1531K [0x0000000081800000, 0x00000000842a0000, 0x00000000964c0000)
  eden space 34944K,   0% used [0x0000000081800000, 0x0000000081800000, 0x0000000083a20000)
  from space 4352K,  35% used [0x0000000083e60000, 0x0000000083fdec60, 0x00000000842a0000)
  to   space 4352K,   0% used [0x0000000083a20000, 0x0000000083a20000, 0x0000000083e60000)
 concurrent mark-sweep generation total 90648K, used 54717K [0x00000000964c0000, 0x000000009bd46000, 0x0000000100000000)
 Metaspace       used 74293K, capacity 77332K, committed 77876K, reserved 1116160K
  class space    used 9925K, capacity 10476K, committed 10548K, reserved 1048576K
}
2019-05-24T17:23:04.298+0800: 73.602: [CMS-concurrent-mark: 0.156/0.161 secs] [Times: user=0.42 sys=0.03, real=0.16 secs] 
2019-05-24T17:23:04.299+0800: 73.602: [CMS-concurrent-preclean-start]
2019-05-24T17:23:04.305+0800: 73.608: [CMS-concurrent-preclean: 0.006/0.007 secs] [Times: user=0.00 sys=0.00, real=0.01 secs] 
2019-05-24T17:23:04.305+0800: 73.609: [CMS-concurrent-abortable-preclean-start]
2019-05-24T17:23:04.357+0800: 73.660: Application time: 0.0770543 seconds
2019-05-24T17:23:04.361+0800: 73.664: Application time: 0.0040539 seconds
2019-05-24T17:23:04.395+0800: 73.698: Application time: 0.0325018 seconds
{Heap before GC invocations=217 (full 8):
 par new generation   total 39296K, used 36475K [0x0000000081800000, 0x00000000842a0000, 0x00000000964c0000)
  eden space 34944K, 100% used [0x0000000081800000, 0x0000000083a20000, 0x0000000083a20000)
  from space 4352K,  35% used [0x0000000083e60000, 0x0000000083fdec60, 0x00000000842a0000)
  to   space 4352K,   0% used [0x0000000083a20000, 0x0000000083a20000, 0x0000000083e60000)
 concurrent mark-sweep generation total 90648K, used 54717K [0x00000000964c0000, 0x000000009bd46000, 0x0000000100000000)
 Metaspace       used 74321K, capacity 77406K, committed 77876K, reserved 1116160K
  class space    used 9930K, capacity 10479K, committed 10548K, reserved 1048576K
2019-05-24T17:23:04.395+0800: 73.699: [GC (Allocation Failure) 2019-05-24T17:23:04.395+0800: 73.699: [ParNew: 36475K->1732K(39296K), 0.0039327 secs] 91192K->56561K(129944K), 0.0041967 secs] [Times: user=0.00 sys=0.00, real=0.00 secs] 
Heap after GC invocations=218 (full 8):
 par new generation   total 39296K, used 1732K [0x0000000081800000, 0x00000000842a0000, 0x00000000964c0000)
  eden space 34944K,   0% used [0x0000000081800000, 0x0000000081800000, 0x0000000083a20000)
  from space 4352K,  39% used [0x0000000083a20000, 0x0000000083bd12f0, 0x0000000083e60000)
  to   space 4352K,   0% used [0x0000000083e60000, 0x0000000083e60000, 0x00000000842a0000)
 concurrent mark-sweep generation total 90648K, used 54828K [0x00000000964c0000, 0x000000009bd46000, 0x0000000100000000)
 Metaspace       used 74321K, capacity 77406K, committed 77876K, reserved 1116160K
  class space    used 9930K, capacity 10479K, committed 10548K, reserved 1048576K
}
2019-05-24T17:23:04.502+0800: 73.805: Application time: 0.1019085 seconds
{Heap before GC invocations=218 (full 8):
 par new generation   total 39296K, used 36676K [0x0000000081800000, 0x00000000842a0000, 0x00000000964c0000)
  eden space 34944K, 100% used [0x0000000081800000, 0x0000000083a20000, 0x0000000083a20000)
  from space 4352K,  39% used [0x0000000083a20000, 0x0000000083bd12f0, 0x0000000083e60000)
  to   space 4352K,   0% used [0x0000000083e60000, 0x0000000083e60000, 0x00000000842a0000)
 concurrent mark-sweep generation total 90648K, used 54828K [0x00000000964c0000, 0x000000009bd46000, 0x0000000100000000)
 Metaspace       used 74332K, capacity 77418K, committed 77876K, reserved 1116160K
  class space    used 9931K, capacity 10481K, committed 10548K, reserved 1048576K
2019-05-24T17:23:04.502+0800: 73.805: [GC (Allocation Failure) 2019-05-24T17:23:04.502+0800: 73.805: [ParNew: 36676K->1843K(39296K), 0.0039151 secs] 91505K->56732K(129944K), 0.0041324 secs] [Times: user=0.00 sys=0.00, real=0.00 secs] 
Heap after GC invocations=219 (full 8):
 par new generation   total 39296K, used 1843K [0x0000000081800000, 0x00000000842a0000, 0x00000000964c0000)
  eden space 34944K,   0% used [0x0000000081800000, 0x0000000081800000, 0x0000000083a20000)
  from space 4352K,  42% used [0x0000000083e60000, 0x000000008402cda0, 0x00000000842a0000)
  to   space 4352K,   0% used [0x0000000083a20000, 0x0000000083a20000, 0x0000000083e60000)
 concurrent mark-sweep generation total 90648K, used 54889K [0x00000000964c0000, 0x000000009bd46000, 0x0000000100000000)
 Metaspace       used 74332K, capacity 77418K, committed 77876K, reserved 1116160K
  class space    used 9931K, capacity 10481K, committed 10548K, reserved 1048576K
}
2019-05-24T17:23:04.506+0800: 73.810: [CMS-concurrent-abortable-preclean: 0.098/0.201 secs] [Times: user=0.69 sys=0.00, real=0.20 secs] 
2019-05-24T17:23:04.508+0800: 73.811: Application time: 0.0016077 seconds
2019-05-24T17:23:04.508+0800: 73.811: [GC (CMS Final Remark) [YG occupancy: 3261 K (39296 K)]2019-05-24T17:23:04.508+0800: 73.811: [Rescan (parallel) , 0.0039094 secs]2019-05-24T17:23:04.512+0800: 73.815: [weak refs processing, 0.0001229 secs]2019-05-24T17:23:04.512+0800: 73.816: [class unloading, 0.0246994 secs]2019-05-24T17:23:04.537+0800: 73.840: [scrub symbol table, 0.0321991 secs]2019-05-24T17:23:04.570+0800: 73.873: [scrub string table, 0.0015764 secs][1 CMS-remark: 54889K(90648K)] 58150K(129944K), 0.0631597 secs] [Times: user=0.08 sys=0.00, real=0.06 secs] 
2019-05-24T17:23:04.572+0800: 73.875: [CMS-concurrent-sweep-start]
2019-05-24T17:23:04.605+0800: 73.909: [CMS-concurrent-sweep: 0.034/0.034 secs] [Times: user=0.16 sys=0.00, real=0.03 secs] 
2019-05-24T17:23:04.605+0800: 73.909: [CMS-concurrent-reset-start]
2019-05-24T17:23:04.609+0800: 73.912: [CMS-concurrent-reset: 0.003/0.003 secs] [Times: user=0.00 sys=0.00, real=0.00 secs] 
2019-05-24T17:23:04.701+0800: 74.004: Application time: 0.1296213 seconds
{Heap before GC invocations=219 (full 8):
 par new generation   total 39296K, used 36787K [0x0000000081800000, 0x00000000842a0000, 0x00000000964c0000)
  eden space 34944K, 100% used [0x0000000081800000, 0x0000000083a20000, 0x0000000083a20000)
  from space 4352K,  42% used [0x0000000083e60000, 0x000000008402cda0, 0x00000000842a0000)
  to   space 4352K,   0% used [0x0000000083a20000, 0x0000000083a20000, 0x0000000083e60000)
 concurrent mark-sweep generation total 91368K, used 54818K [0x00000000964c0000, 0x000000009bdfa000, 0x0000000100000000)
 Metaspace       used 74430K, capacity 77540K, committed 78260K, reserved 1116160K
  class space    used 9945K, capacity 10518K, committed 10676K, reserved 1048576K
2019-05-24T17:23:04.701+0800: 74.004: [GC (Allocation Failure) 2019-05-24T17:23:04.701+0800: 74.005: [ParNew: 36787K->1957K(39296K), 0.0035806 secs] 91606K->56824K(130664K), 0.0037723 secs] [Times: user=0.00 sys=0.00, real=0.00 secs] 
Heap after GC invocations=220 (full 8):
 par new generation   total 39296K, used 1957K [0x0000000081800000, 0x00000000842a0000, 0x00000000964c0000)
  eden space 34944K,   0% used [0x0000000081800000, 0x0000000081800000, 0x0000000083a20000)
  from space 4352K,  44% used [0x0000000083a20000, 0x0000000083c09678, 0x0000000083e60000)
  to   space 4352K,   0% used [0x0000000083e60000, 0x0000000083e60000, 0x00000000842a0000)
 concurrent mark-sweep generation total 91368K, used 54866K [0x00000000964c0000, 0x000000009bdfa000, 0x0000000100000000)
 Metaspace       used 74430K, capacity 77540K, committed 78260K, reserved 1116160K
  class space    used 9945K, capacity 10518K, committed 10676K, reserved 1048576K
}
2019-05-24T17:23:04.710+0800: 74.014: Application time: 0.0051143 seconds
2019-05-24T17:23:04.710+0800: 74.014: [GC (CMS Initial Mark) [1 CMS-initial-mark: 54866K(91368K)] 56847K(130664K), 0.0024366 secs] [Times: user=0.00 sys=0.00, real=0.00 secs] 
2019-05-24T17:23:04.713+0800: 74.016: [CMS-concurrent-mark-start]
2019-05-24T17:23:04.867+0800: 74.170: [CMS-concurrent-mark: 0.154/0.154 secs] [Times: user=0.38 sys=0.02, real=0.15 secs] 
2019-05-24T17:23:04.867+0800: 74.170: [CMS-concurrent-preclean-start]
2019-05-24T17:23:04.870+0800: 74.173: [CMS-concurrent-preclean: 0.003/0.003 secs] [Times: user=0.00 sys=0.00, real=0.00 secs] 
2019-05-24T17:23:04.870+0800: 74.174: [CMS-concurrent-abortable-preclean-start]
2019-05-24T17:23:04.880+0800: 74.183: Application time: 0.1664125 seconds
{Heap before GC invocations=220 (full 9):
 par new generation   total 39296K, used 36901K [0x0000000081800000, 0x00000000842a0000, 0x00000000964c0000)
  eden space 34944K, 100% used [0x0000000081800000, 0x0000000083a20000, 0x0000000083a20000)
  from space 4352K,  44% used [0x0000000083a20000, 0x0000000083c09678, 0x0000000083e60000)
  to   space 4352K,   0% used [0x0000000083e60000, 0x0000000083e60000, 0x00000000842a0000)
 concurrent mark-sweep generation total 91368K, used 54866K [0x00000000964c0000, 0x000000009bdfa000, 0x0000000100000000)
 Metaspace       used 74533K, capacity 77644K, committed 78260K, reserved 1116160K
  class space    used 9963K, capacity 10528K, committed 10676K, reserved 1048576K
2019-05-24T17:23:04.880+0800: 74.183: [GC (Allocation Failure) 2019-05-24T17:23:04.880+0800: 74.183: [ParNew: 36901K->2180K(39296K), 0.0042684 secs] 91768K->57119K(130664K), 0.0044794 secs] [Times: user=0.00 sys=0.00, real=0.00 secs] 
Heap after GC invocations=221 (full 9):
 par new generation   total 39296K, used 2180K [0x0000000081800000, 0x00000000842a0000, 0x00000000964c0000)
  eden space 34944K,   0% used [0x0000000081800000, 0x0000000081800000, 0x0000000083a20000)
  from space 4352K,  50% used [0x0000000083e60000, 0x00000000840812b0, 0x00000000842a0000)
  to   space 4352K,   0% used [0x0000000083a20000, 0x0000000083a20000, 0x0000000083e60000)
 concurrent mark-sweep generation total 91368K, used 54938K [0x00000000964c0000, 0x000000009bdfa000, 0x0000000100000000)
 Metaspace       used 74533K, capacity 77644K, committed 78260K, reserved 1116160K
  class space    used 9963K, capacity 10528K, committed 10676K, reserved 1048576K
}
2019-05-24T17:23:05.278+0800: 74.582: Application time: 0.3938644 seconds
{Heap before GC invocations=221 (full 9):
 par new generation   total 39296K, used 37124K [0x0000000081800000, 0x00000000842a0000, 0x00000000964c0000)
  eden space 34944K, 100% used [0x0000000081800000, 0x0000000083a20000, 0x0000000083a20000)
  from space 4352K,  50% used [0x0000000083e60000, 0x00000000840812b0, 0x00000000842a0000)
  to   space 4352K,   0% used [0x0000000083a20000, 0x0000000083a20000, 0x0000000083e60000)
 concurrent mark-sweep generation total 91368K, used 54938K [0x00000000964c0000, 0x000000009bdfa000, 0x0000000100000000)
 Metaspace       used 74707K, capacity 77844K, committed 78260K, reserved 1116160K
  class space    used 9987K, capacity 10578K, committed 10676K, reserved 1048576K
2019-05-24T17:23:05.278+0800: 74.582: [GC (Allocation Failure) 2019-05-24T17:23:05.279+0800: 74.582: [ParNew: 37124K->2906K(39296K), 0.0047855 secs] 92063K->57920K(130664K), 0.0050079 secs] [Times: user=0.00 sys=0.00, real=0.01 secs] 
Heap after GC invocations=222 (full 9):
 par new generation   total 39296K, used 2906K [0x0000000081800000, 0x00000000842a0000, 0x00000000964c0000)
  eden space 34944K,   0% used [0x0000000081800000, 0x0000000081800000, 0x0000000083a20000)
  from space 4352K,  66% used [0x0000000083a20000, 0x0000000083cf6af0, 0x0000000083e60000)
  to   space 4352K,   0% used [0x0000000083e60000, 0x0000000083e60000, 0x00000000842a0000)
 concurrent mark-sweep generation total 91368K, used 55014K [0x00000000964c0000, 0x000000009bdfa000, 0x0000000100000000)
 Metaspace       used 74707K, capacity 77844K, committed 78260K, reserved 1116160K
  class space    used 9987K, capacity 10578K, committed 10676K, reserved 1048576K
}
2019-05-24T17:23:05.466+0800: 74.769: [CMS-concurrent-abortable-preclean: 0.208/0.595 secs] [Times: user=2.05 sys=0.06, real=0.60 secs] 
2019-05-24T17:23:05.466+0800: 74.769: Application time: 0.1822378 seconds
2019-05-24T17:23:05.466+0800: 74.769: [GC (CMS Final Remark) [YG occupancy: 37009 K (39296 K)]2019-05-24T17:23:05.466+0800: 74.770: [Rescan (parallel) , 0.0078592 secs]2019-05-24T17:23:05.474+0800: 74.778: [weak refs processing, 0.0001445 secs]2019-05-24T17:23:05.474+0800: 74.778: [class unloading, 0.0320307 secs]2019-05-24T17:23:05.506+0800: 74.810: [scrub symbol table, 0.0300908 secs]2019-05-24T17:23:05.537+0800: 74.840: [scrub string table, 0.0015241 secs][1 CMS-remark: 55014K(91368K)] 92023K(130664K), 0.0722153 secs] [Times: user=0.20 sys=0.00, real=0.07 secs] 
2019-05-24T17:23:05.543+0800: 74.847: [CMS-concurrent-sweep-start]
2019-05-24T17:23:05.551+0800: 74.855: Application time: 0.0127522 seconds
{Heap before GC invocations=222 (full 9):
 par new generation   total 39296K, used 37850K [0x0000000081800000, 0x00000000842a0000, 0x00000000964c0000)
  eden space 34944K, 100% used [0x0000000081800000, 0x0000000083a20000, 0x0000000083a20000)
  from space 4352K,  66% used [0x0000000083a20000, 0x0000000083cf6af0, 0x0000000083e60000)
  to   space 4352K,   0% used [0x0000000083e60000, 0x0000000083e60000, 0x00000000842a0000)
 concurrent mark-sweep generation total 91368K, used 55010K [0x00000000964c0000, 0x000000009bdfa000, 0x0000000100000000)
 Metaspace       used 74808K, capacity 77990K, committed 78516K, reserved 1118208K
  class space    used 10000K, capacity 10581K, committed 10676K, reserved 1048576K
2019-05-24T17:23:05.552+0800: 74.855: [GC (Allocation Failure) 2019-05-24T17:23:05.552+0800: 74.855: [ParNew: 37850K->2738K(39296K), 0.0088513 secs] 92861K->57893K(130664K), 0.0090869 secs] [Times: user=0.03 sys=0.00, real=0.01 secs] 
Heap after GC invocations=223 (full 9):
 par new generation   total 39296K, used 2738K [0x0000000081800000, 0x00000000842a0000, 0x00000000964c0000)
  eden space 34944K,   0% used [0x0000000081800000, 0x0000000081800000, 0x0000000083a20000)
  from space 4352K,  62% used [0x0000000083e60000, 0x000000008410c930, 0x00000000842a0000)
  to   space 4352K,   0% used [0x0000000083a20000, 0x0000000083a20000, 0x0000000083e60000)
 concurrent mark-sweep generation total 91368K, used 55154K [0x00000000964c0000, 0x000000009bdfa000, 0x0000000100000000)
 Metaspace       used 74808K, capacity 77990K, committed 78516K, reserved 1118208K
  class space    used 10000K, capacity 10581K, committed 10676K, reserved 1048576K
}
2019-05-24T17:23:05.587+0800: 74.890: [CMS-concurrent-sweep: 0.034/0.043 secs] [Times: user=0.11 sys=0.00, real=0.04 secs] 
2019-05-24T17:23:05.587+0800: 74.890: [CMS-concurrent-reset-start]
2019-05-24T17:23:05.591+0800: 74.894: [CMS-concurrent-reset: 0.004/0.004 secs] [Times: user=0.06 sys=0.00, real=0.00 secs] 
2019-05-24T17:23:05.594+0800: 74.898: Application time: 0.0335963 seconds
2019-05-24T17:23:05.628+0800: 74.932: Application time: 0.0324631 seconds
2019-05-24T17:23:05.674+0800: 74.978: Application time: 0.0445212 seconds
2019-05-24T17:23:05.730+0800: 75.033: Application time: 0.0537515 seconds
2019-05-24T17:23:05.744+0800: 75.047: Application time: 0.0125360 seconds
2019-05-24T17:23:05.756+0800: 75.059: Application time: 0.0110643 seconds
2019-05-24T17:23:05.765+0800: 75.068: Application time: 0.0077375 seconds
2019-05-24T17:23:05.765+0800: 75.069: Application time: 0.0000563 seconds
2019-05-24T17:23:05.815+0800: 75.118: Application time: 0.0490615 seconds
{Heap before GC invocations=223 (full 9):
 par new generation   total 39296K, used 37682K [0x0000000081800000, 0x00000000842a0000, 0x00000000964c0000)
  eden space 34944K, 100% used [0x0000000081800000, 0x0000000083a20000, 0x0000000083a20000)
  from space 4352K,  62% used [0x0000000083e60000, 0x000000008410c930, 0x00000000842a0000)
  to   space 4352K,   0% used [0x0000000083a20000, 0x0000000083a20000, 0x0000000083e60000)
 concurrent mark-sweep generation total 91788K, used 55070K [0x00000000964c0000, 0x000000009be63000, 0x0000000100000000)
 Metaspace       used 75280K, capacity 78464K, committed 78772K, reserved 1118208K
  class space    used 10063K, capacity 10652K, committed 10676K, reserved 1048576K
2019-05-24T17:23:05.815+0800: 75.118: [GC (Allocation Failure) 2019-05-24T17:23:05.815+0800: 75.118: [ParNew: 37682K->3986K(39296K), 0.0093622 secs] 92752K->59214K(131084K), 0.0095721 secs] [Times: user=0.05 sys=0.00, real=0.01 secs] 
Heap after GC invocations=224 (full 9):
 par new generation   total 39296K, used 3986K [0x0000000081800000, 0x00000000842a0000, 0x00000000964c0000)
  eden space 34944K,   0% used [0x0000000081800000, 0x0000000081800000, 0x0000000083a20000)
  from space 4352K,  91% used [0x0000000083a20000, 0x0000000083e04a38, 0x0000000083e60000)
  to   space 4352K,   0% used [0x0000000083e60000, 0x0000000083e60000, 0x00000000842a0000)
 concurrent mark-sweep generation total 91788K, used 55227K [0x00000000964c0000, 0x000000009be63000, 0x0000000100000000)
 Metaspace       used 75280K, capacity 78464K, committed 78772K, reserved 1118208K
  class space    used 10063K, capacity 10652K, committed 10676K, reserved 1048576K
}
2019-05-24T17:23:06.148+0800: 75.451: Application time: 0.3237716 seconds
2019-05-24T17:23:06.148+0800: 75.452: [GC (CMS Initial Mark) [1 CMS-initial-mark: 55227K(91788K)] 60107K(131084K), 0.0036204 secs] [Times: user=0.06 sys=0.00, real=0.00 secs] 
2019-05-24T17:23:06.152+0800: 75.456: [CMS-concurrent-mark-start]
2019-05-24T17:23:06.302+0800: 75.606: [CMS-concurrent-mark: 0.150/0.150 secs] [Times: user=0.58 sys=0.00, real=0.15 secs] 
2019-05-24T17:23:06.303+0800: 75.606: Application time: 0.1500353 seconds
2019-05-24T17:23:06.303+0800: 75.606: [CMS-concurrent-preclean-start]
2019-05-24T17:23:06.306+0800: 75.609: [CMS-concurrent-preclean: 0.003/0.003 secs] [Times: user=0.00 sys=0.00, real=0.00 secs] 
2019-05-24T17:23:06.306+0800: 75.609: [CMS-concurrent-abortable-preclean-start]
2019-05-24T17:23:06.654+0800: 75.957: Application time: 0.3512922 seconds
{Heap before GC invocations=224 (full 10):
 par new generation   total 39296K, used 38930K [0x0000000081800000, 0x00000000842a0000, 0x00000000964c0000)
  eden space 34944K, 100% used [0x0000000081800000, 0x0000000083a20000, 0x0000000083a20000)
  from space 4352K,  91% used [0x0000000083a20000, 0x0000000083e04a38, 0x0000000083e60000)
  to   space 4352K,   0% used [0x0000000083e60000, 0x0000000083e60000, 0x00000000842a0000)
 concurrent mark-sweep generation total 91788K, used 55227K [0x00000000964c0000, 0x000000009be63000, 0x0000000100000000)
 Metaspace       used 75440K, capacity 78680K, committed 79028K, reserved 1118208K
  class space    used 10082K, capacity 10668K, committed 10676K, reserved 1048576K
2019-05-24T17:23:06.654+0800: 75.958: [GC (Allocation Failure) 2019-05-24T17:23:06.654+0800: 75.958: [ParNew: 38930K->2829K(39296K), 0.0074633 secs] 94158K->58621K(131084K), 0.0076726 secs] [Times: user=0.00 sys=0.00, real=0.01 secs] 
Heap after GC invocations=225 (full 10):
 par new generation   total 39296K, used 2829K [0x0000000081800000, 0x00000000842a0000, 0x00000000964c0000)
  eden space 34944K,   0% used [0x0000000081800000, 0x0000000081800000, 0x0000000083a20000)
  from space 4352K,  65% used [0x0000000083e60000, 0x00000000841237c8, 0x00000000842a0000)
  to   space 4352K,   0% used [0x0000000083a20000, 0x0000000083a20000, 0x0000000083e60000)
 concurrent mark-sweep generation total 91788K, used 55791K [0x00000000964c0000, 0x000000009be63000, 0x0000000100000000)
 Metaspace       used 75440K, capacity 78680K, committed 79028K, reserved 1118208K
  class space    used 10082K, capacity 10668K, committed 10676K, reserved 1048576K
}
2019-05-24T17:23:06.848+0800: 76.151: [CMS-concurrent-abortable-preclean: 0.194/0.542 secs] [Times: user=2.03 sys=0.05, real=0.54 secs] 
2019-05-24T17:23:06.848+0800: 76.151: Application time: 0.1859857 seconds
2019-05-24T17:23:06.849+0800: 76.153: [GC (CMS Final Remark) [YG occupancy: 36299 K (39296 K)]2019-05-24T17:23:06.849+0800: 76.153: [Rescan (parallel) , 0.0075258 secs]2019-05-24T17:23:06.857+0800: 76.160: [weak refs processing, 0.0052719 secs]2019-05-24T17:23:06.863+0800: 76.166: [class unloading, 0.0238438 secs]2019-05-24T17:23:06.886+0800: 76.190: [scrub symbol table, 0.0316854 secs]2019-05-24T17:23:06.918+0800: 76.221: [scrub string table, 0.0018039 secs][1 CMS-remark: 55791K(91788K)] 92091K(131084K), 0.0708028 secs] [Times: user=0.19 sys=0.00, real=0.07 secs] 
2019-05-24T17:23:06.925+0800: 76.228: [CMS-concurrent-sweep-start]
2019-05-24T17:23:06.959+0800: 76.263: [CMS-concurrent-sweep: 0.035/0.035 secs] [Times: user=0.13 sys=0.00, real=0.03 secs] 
2019-05-24T17:23:06.960+0800: 76.263: [CMS-concurrent-reset-start]
2019-05-24T17:23:06.960+0800: 76.263: Application time: 0.0395144 seconds
{Heap before GC invocations=225 (full 10):
 par new generation   total 39296K, used 37773K [0x0000000081800000, 0x00000000842a0000, 0x00000000964c0000)
  eden space 34944K, 100% used [0x0000000081800000, 0x0000000083a20000, 0x0000000083a20000)
  from space 4352K,  65% used [0x0000000083e60000, 0x00000000841237c8, 0x00000000842a0000)
  to   space 4352K,   0% used [0x0000000083a20000, 0x0000000083a20000, 0x0000000083e60000)
 concurrent mark-sweep generation total 92520K, used 55510K [0x00000000964c0000, 0x000000009bf1a000, 0x0000000100000000)
 Metaspace       used 75453K, capacity 78698K, committed 79028K, reserved 1118208K
  class space    used 10084K, capacity 10671K, committed 10676K, reserved 1048576K
2019-05-24T17:23:06.960+0800: 76.263: [GC (Allocation Failure) 2019-05-24T17:23:06.960+0800: 76.263: [ParNew: 37773K->3182K(39296K), 0.0047377 secs] 93284K->58693K(131816K), 0.0049482 secs] [Times: user=0.09 sys=0.00, real=0.00 secs] 
Heap after GC invocations=226 (full 10):
 par new generation   total 39296K, used 3182K [0x0000000081800000, 0x00000000842a0000, 0x00000000964c0000)
  eden space 34944K,   0% used [0x0000000081800000, 0x0000000081800000, 0x0000000083a20000)
  from space 4352K,  73% used [0x0000000083a20000, 0x0000000083d3ba80, 0x0000000083e60000)
  to   space 4352K,   0% used [0x0000000083e60000, 0x0000000083e60000, 0x00000000842a0000)
 concurrent mark-sweep generation total 92520K, used 55510K [0x00000000964c0000, 0x000000009bf1a000, 0x0000000100000000)
 Metaspace       used 75453K, capacity 78698K, committed 79028K, reserved 1118208K
  class space    used 10084K, capacity 10671K, committed 10676K, reserved 1048576K
}
2019-05-24T17:23:06.968+0800: 76.272: [CMS-concurrent-reset: 0.003/0.009 secs] [Times: user=0.09 sys=0.00, real=0.01 secs] 
2019-05-24T17:23:07.125+0800: 76.428: Application time: 0.1598082 seconds
{Heap before GC invocations=226 (full 10):
 par new generation   total 39296K, used 38126K [0x0000000081800000, 0x00000000842a0000, 0x00000000964c0000)
  eden space 34944K, 100% used [0x0000000081800000, 0x0000000083a20000, 0x0000000083a20000)
  from space 4352K,  73% used [0x0000000083a20000, 0x0000000083d3ba80, 0x0000000083e60000)
  to   space 4352K,   0% used [0x0000000083e60000, 0x0000000083e60000, 0x00000000842a0000)
 concurrent mark-sweep generation total 92520K, used 55510K [0x00000000964c0000, 0x000000009bf1a000, 0x0000000100000000)
 Metaspace       used 75580K, capacity 78898K, committed 79156K, reserved 1118208K
  class space    used 10101K, capacity 10695K, committed 10804K, reserved 1048576K
2019-05-24T17:23:07.125+0800: 76.429: [GC (Allocation Failure) 2019-05-24T17:23:07.125+0800: 76.429: [ParNew: 38126K->3166K(39296K), 0.0051075 secs] 93637K->58677K(131816K), 0.0053777 secs] [Times: user=0.00 sys=0.00, real=0.01 secs] 
Heap after GC invocations=227 (full 10):
 par new generation   total 39296K, used 3166K [0x0000000081800000, 0x00000000842a0000, 0x00000000964c0000)
  eden space 34944K,   0% used [0x0000000081800000, 0x0000000081800000, 0x0000000083a20000)
  from space 4352K,  72% used [0x0000000083e60000, 0x0000000084177bf0, 0x00000000842a0000)
  to   space 4352K,   0% used [0x0000000083a20000, 0x0000000083a20000, 0x0000000083e60000)
 concurrent mark-sweep generation total 92520K, used 55510K [0x00000000964c0000, 0x000000009bf1a000, 0x0000000100000000)
 Metaspace       used 75580K, capacity 78898K, committed 79156K, reserved 1118208K
  class space    used 10101K, capacity 10695K, committed 10804K, reserved 1048576K
}
2019-05-24T17:23:07.245+0800: 76.549: Application time: 0.1144462 seconds
{Heap before GC invocations=227 (full 10):
 par new generation   total 39296K, used 38110K [0x0000000081800000, 0x00000000842a0000, 0x00000000964c0000)
  eden space 34944K, 100% used [0x0000000081800000, 0x0000000083a20000, 0x0000000083a20000)
  from space 4352K,  72% used [0x0000000083e60000, 0x0000000084177bf0, 0x00000000842a0000)
  to   space 4352K,   0% used [0x0000000083a20000, 0x0000000083a20000, 0x0000000083e60000)
 concurrent mark-sweep generation total 92520K, used 55510K [0x00000000964c0000, 0x000000009bf1a000, 0x0000000100000000)
 Metaspace       used 75674K, capacity 79000K, committed 79156K, reserved 1118208K
  class space    used 10113K, capacity 10728K, committed 10804K, reserved 1048576K
2019-05-24T17:23:07.245+0800: 76.549: [GC (Allocation Failure) 2019-05-24T17:23:07.245+0800: 76.549: [ParNew: 38110K->3222K(39296K), 0.0063186 secs] 93621K->58926K(131816K), 0.0065576 secs] [Times: user=0.00 sys=0.00, real=0.01 secs] 
Heap after GC invocations=228 (full 10):
 par new generation   total 39296K, used 3222K [0x0000000081800000, 0x00000000842a0000, 0x00000000964c0000)
  eden space 34944K,   0% used [0x0000000081800000, 0x0000000081800000, 0x0000000083a20000)
  from space 4352K,  74% used [0x0000000083a20000, 0x0000000083d45a18, 0x0000000083e60000)
  to   space 4352K,   0% used [0x0000000083e60000, 0x0000000083e60000, 0x00000000842a0000)
 concurrent mark-sweep generation total 92520K, used 55704K [0x00000000964c0000, 0x000000009bf1a000, 0x0000000100000000)
 Metaspace       used 75674K, capacity 79000K, committed 79156K, reserved 1118208K
  class space    used 10113K, capacity 10728K, committed 10804K, reserved 1048576K
}
2019-05-24T17:23:07.252+0800: 76.556: Application time: 0.0000592 seconds
2019-05-24T17:23:07.252+0800: 76.556: [GC (CMS Initial Mark) [1 CMS-initial-mark: 55704K(92520K)] 58926K(131816K), 0.0028661 secs] [Times: user=0.00 sys=0.00, real=0.00 secs] 
2019-05-24T17:23:07.255+0800: 76.559: [CMS-concurrent-mark-start]
2019-05-24T17:23:07.410+0800: 76.714: [CMS-concurrent-mark: 0.155/0.155 secs] [Times: user=0.59 sys=0.03, real=0.15 secs] 
2019-05-24T17:23:07.410+0800: 76.714: [CMS-concurrent-preclean-start]
2019-05-24T17:23:07.413+0800: 76.716: [CMS-concurrent-preclean: 0.002/0.002 secs] [Times: user=0.00 sys=0.00, real=0.00 secs] 
2019-05-24T17:23:07.416+0800: 76.719: Application time: 0.1599544 seconds
2019-05-24T17:23:07.433+0800: 76.737: [GC (CMS Final Remark) [YG occupancy: 3941 K (39296 K)]2019-05-24T17:23:07.433+0800: 76.737: [Rescan (parallel) , 0.0030817 secs]2019-05-24T17:23:07.437+0800: 76.740: [weak refs processing, 0.0001809 secs]2019-05-24T17:23:07.437+0800: 76.740: [class unloading, 0.0329244 secs]2019-05-24T17:23:07.470+0800: 76.773: [scrub symbol table, 0.0357325 secs]2019-05-24T17:23:07.506+0800: 76.809: [scrub string table, 0.0024132 secs][1 CMS-remark: 55704K(92520K)] 59646K(131816K), 0.0750888 secs] [Times: user=0.13 sys=0.00, real=0.07 secs] 
2019-05-24T17:23:07.527+0800: 76.831: [CMS-concurrent-sweep-start]
2019-05-24T17:23:07.562+0800: 76.866: [CMS-concurrent-sweep: 0.035/0.035 secs] [Times: user=0.13 sys=0.00, real=0.04 secs] 
2019-05-24T17:23:07.562+0800: 76.866: [CMS-concurrent-reset-start]
2019-05-24T17:23:07.566+0800: 76.869: [CMS-concurrent-reset: 0.003/0.003 secs] [Times: user=0.00 sys=0.00, real=0.00 secs] 
2019-05-24T17:23:07.704+0800: 77.008: Application time: 0.1957916 seconds
{Heap before GC invocations=228 (full 11):
 par new generation   total 39296K, used 38166K [0x0000000081800000, 0x00000000842a0000, 0x00000000964c0000)
  eden space 34944K, 100% used [0x0000000081800000, 0x0000000083a20000, 0x0000000083a20000)
  from space 4352K,  74% used [0x0000000083a20000, 0x0000000083d45a18, 0x0000000083e60000)
  to   space 4352K,   0% used [0x0000000083e60000, 0x0000000083e60000, 0x00000000842a0000)
 concurrent mark-sweep generation total 92520K, used 53854K [0x00000000964c0000, 0x000000009bf1a000, 0x0000000100000000)
 Metaspace       used 75678K, capacity 79064K, committed 79412K, reserved 1118208K
  class space    used 10113K, capacity 10728K, committed 10804K, reserved 1048576K
2019-05-24T17:23:07.705+0800: 77.009: [GC (Allocation Failure) 2019-05-24T17:23:07.705+0800: 77.009: [ParNew: 38166K->4352K(39296K), 0.0076299 secs] 92020K->58489K(131816K), 0.0078564 secs] [Times: user=0.00 sys=0.00, real=0.01 secs] 
Heap after GC invocations=229 (full 11):
 par new generation   total 39296K, used 4352K [0x0000000081800000, 0x00000000842a0000, 0x00000000964c0000)
  eden space 34944K,   0% used [0x0000000081800000, 0x0000000081800000, 0x0000000083a20000)
  from space 4352K, 100% used [0x0000000083e60000, 0x00000000842a0000, 0x00000000842a0000)
  to   space 4352K,   0% used [0x0000000083a20000, 0x0000000083a20000, 0x0000000083e60000)
 concurrent mark-sweep generation total 92520K, used 54137K [0x00000000964c0000, 0x000000009bf1a000, 0x0000000100000000)
 Metaspace       used 75678K, capacity 79064K, committed 79412K, reserved 1118208K
  class space    used 10113K, capacity 10728K, committed 10804K, reserved 1048576K
}
2019-05-24T17:23:07.829+0800: 77.133: Application time: 0.1161637 seconds
{Heap before GC invocations=229 (full 11):
 par new generation   total 39296K, used 39296K [0x0000000081800000, 0x00000000842a0000, 0x00000000964c0000)
  eden space 34944K, 100% used [0x0000000081800000, 0x0000000083a20000, 0x0000000083a20000)
  from space 4352K, 100% used [0x0000000083e60000, 0x00000000842a0000, 0x00000000842a0000)
  to   space 4352K,   0% used [0x0000000083a20000, 0x0000000083a20000, 0x0000000083e60000)
 concurrent mark-sweep generation total 92520K, used 54137K [0x00000000964c0000, 0x000000009bf1a000, 0x0000000100000000)
 Metaspace       used 75711K, capacity 79078K, committed 79412K, reserved 1118208K
  class space    used 10118K, capacity 10731K, committed 10804K, reserved 1048576K
2019-05-24T17:23:07.830+0800: 77.133: [GC (Allocation Failure) 2019-05-24T17:23:07.830+0800: 77.133: [ParNew: 39296K->3460K(39296K), 0.0120041 secs] 93433K->59420K(131816K), 0.0122499 secs] [Times: user=0.03 sys=0.00, real=0.01 secs] 
Heap after GC invocations=230 (full 11):
 par new generation   total 39296K, used 3460K [0x0000000081800000, 0x00000000842a0000, 0x00000000964c0000)
  eden space 34944K,   0% used [0x0000000081800000, 0x0000000081800000, 0x0000000083a20000)
  from space 4352K,  79% used [0x0000000083a20000, 0x0000000083d81178, 0x0000000083e60000)
  to   space 4352K,   0% used [0x0000000083e60000, 0x0000000083e60000, 0x00000000842a0000)
 concurrent mark-sweep generation total 92520K, used 55959K [0x00000000964c0000, 0x000000009bf1a000, 0x0000000100000000)
 Metaspace       used 75711K, capacity 79078K, committed 79412K, reserved 1118208K
  class space    used 10118K, capacity 10731K, committed 10804K, reserved 1048576K
}
2019-05-24T17:23:07.938+0800: 77.241: Application time: 0.0954948 seconds
2019-05-24T17:23:07.938+0800: 77.241: [GC (CMS Initial Mark) [1 CMS-initial-mark: 55959K(92520K)] 59442K(131816K), 0.0039191 secs] [Times: user=0.00 sys=0.00, real=0.00 secs] 
2019-05-24T17:23:07.942+0800: 77.245: [CMS-concurrent-mark-start]
2019-05-24T17:23:08.100+0800: 77.403: [CMS-concurrent-mark: 0.158/0.158 secs] [Times: user=0.61 sys=0.05, real=0.16 secs] 
2019-05-24T17:23:08.100+0800: 77.403: [CMS-concurrent-preclean-start]
2019-05-24T17:23:08.103+0800: 77.407: [CMS-concurrent-preclean: 0.003/0.003 secs] [Times: user=0.00 sys=0.00, real=0.00 secs] 
2019-05-24T17:23:08.104+0800: 77.407: [CMS-concurrent-abortable-preclean-start]
2019-05-24T17:23:08.125+0800: 77.428: Application time: 0.1826696 seconds
{Heap before GC invocations=230 (full 12):
 par new generation   total 39296K, used 38404K [0x0000000081800000, 0x00000000842a0000, 0x00000000964c0000)
  eden space 34944K, 100% used [0x0000000081800000, 0x0000000083a20000, 0x0000000083a20000)
  from space 4352K,  79% used [0x0000000083a20000, 0x0000000083d81178, 0x0000000083e60000)
  to   space 4352K,   0% used [0x0000000083e60000, 0x0000000083e60000, 0x00000000842a0000)
 concurrent mark-sweep generation total 92520K, used 55959K [0x00000000964c0000, 0x000000009bf1a000, 0x0000000100000000)
 Metaspace       used 75731K, capacity 79078K, committed 79412K, reserved 1118208K
  class space    used 10121K, capacity 10731K, committed 10804K, reserved 1048576K
2019-05-24T17:23:08.125+0800: 77.428: [GC (Allocation Failure) 2019-05-24T17:23:08.125+0800: 77.428: [ParNew: 38404K->2564K(39296K), 0.0074314 secs] 94364K->60641K(131816K), 0.0076277 secs] [Times: user=0.00 sys=0.00, real=0.01 secs] 
Heap after GC invocations=231 (full 12):
 par new generation   total 39296K, used 2564K [0x0000000081800000, 0x00000000842a0000, 0x00000000964c0000)
  eden space 34944K,   0% used [0x0000000081800000, 0x0000000081800000, 0x0000000083a20000)
  from space 4352K,  58% used [0x0000000083e60000, 0x00000000840e1030, 0x00000000842a0000)
  to   space 4352K,   0% used [0x0000000083a20000, 0x0000000083a20000, 0x0000000083e60000)
 concurrent mark-sweep generation total 92520K, used 58077K [0x00000000964c0000, 0x000000009bf1a000, 0x0000000100000000)
 Metaspace       used 75731K, capacity 79078K, committed 79412K, reserved 1118208K
  class space    used 10121K, capacity 10731K, committed 10804K, reserved 1048576K
}
2019-05-24T17:23:08.213+0800: 77.516: Application time: 0.0797599 seconds
{Heap before GC invocations=231 (full 12):
 par new generation   total 39296K, used 37508K [0x0000000081800000, 0x00000000842a0000, 0x00000000964c0000)
  eden space 34944K, 100% used [0x0000000081800000, 0x0000000083a20000, 0x0000000083a20000)
  from space 4352K,  58% used [0x0000000083e60000, 0x00000000840e1030, 0x00000000842a0000)
  to   space 4352K,   0% used [0x0000000083a20000, 0x0000000083a20000, 0x0000000083e60000)
 concurrent mark-sweep generation total 92520K, used 58077K [0x00000000964c0000, 0x000000009bf1a000, 0x0000000100000000)
 Metaspace       used 75740K, capacity 79084K, committed 79412K, reserved 1118208K
  class space    used 10122K, capacity 10732K, committed 10804K, reserved 1048576K
2019-05-24T17:23:08.213+0800: 77.516: [GC (Allocation Failure) 2019-05-24T17:23:08.213+0800: 77.516: [ParNew: 37508K->694K(39296K), 0.0029559 secs] 95585K->58772K(131816K), 0.0031972 secs] [Times: user=0.06 sys=0.00, real=0.00 secs] 
Heap after GC invocations=232 (full 12):
 par new generation   total 39296K, used 694K [0x0000000081800000, 0x00000000842a0000, 0x00000000964c0000)
  eden space 34944K,   0% used [0x0000000081800000, 0x0000000081800000, 0x0000000083a20000)
  from space 4352K,  15% used [0x0000000083a20000, 0x0000000083acdaa0, 0x0000000083e60000)
  to   space 4352K,   0% used [0x0000000083e60000, 0x0000000083e60000, 0x00000000842a0000)
 concurrent mark-sweep generation total 92520K, used 58077K [0x00000000964c0000, 0x000000009bf1a000, 0x0000000100000000)
 Metaspace       used 75740K, capacity 79084K, committed 79412K, reserved 1118208K
  class space    used 10122K, capacity 10732K, committed 10804K, reserved 1048576K
}
2019-05-24T17:23:08.331+0800: 77.634: Application time: 0.1144564 seconds
{Heap before GC invocations=232 (full 12):
 par new generation   total 39296K, used 35638K [0x0000000081800000, 0x00000000842a0000, 0x00000000964c0000)
  eden space 34944K, 100% used [0x0000000081800000, 0x0000000083a20000, 0x0000000083a20000)
  from space 4352K,  15% used [0x0000000083a20000, 0x0000000083acdaa0, 0x0000000083e60000)
  to   space 4352K,   0% used [0x0000000083e60000, 0x0000000083e60000, 0x00000000842a0000)
 concurrent mark-sweep generation total 92520K, used 58077K [0x00000000964c0000, 0x000000009bf1a000, 0x0000000100000000)
 Metaspace       used 75744K, capacity 79084K, committed 79412K, reserved 1118208K
  class space    used 10122K, capacity 10732K, committed 10804K, reserved 1048576K
2019-05-24T17:23:08.331+0800: 77.634: [GC (Allocation Failure) 2019-05-24T17:23:08.331+0800: 77.634: [ParNew2019-05-24T17:23:08.333+0800: 77.637: [CMS-concurrent-abortable-preclean: 0.054/0.230 secs] [Times: user=0.81 sys=0.03, real=0.23 secs] 
: 35638K->699K(39296K), 0.0025993 secs] 93716K->58776K(131816K), 0.0027864 secs] [Times: user=0.00 sys=0.00, real=0.00 secs] 
Heap after GC invocations=233 (full 12):
 par new generation   total 39296K, used 699K [0x0000000081800000, 0x00000000842a0000, 0x00000000964c0000)
  eden space 34944K,   0% used [0x0000000081800000, 0x0000000081800000, 0x0000000083a20000)
  from space 4352K,  16% used [0x0000000083e60000, 0x0000000083f0ec40, 0x00000000842a0000)
  to   space 4352K,   0% used [0x0000000083a20000, 0x0000000083a20000, 0x0000000083e60000)
 concurrent mark-sweep generation total 92520K, used 58077K [0x00000000964c0000, 0x000000009bf1a000, 0x0000000100000000)
 Metaspace       used 75744K, capacity 79084K, committed 79412K, reserved 1118208K
  class space    used 10122K, capacity 10732K, committed 10804K, reserved 1048576K
}
2019-05-24T17:23:08.334+0800: 77.637: Application time: 0.0000848 seconds
2019-05-24T17:23:08.334+0800: 77.637: [GC (CMS Final Remark) [YG occupancy: 1398 K (39296 K)]2019-05-24T17:23:08.334+0800: 77.637: [Rescan (parallel) , 0.0030310 secs]2019-05-24T17:23:08.337+0800: 77.641: [weak refs processing, 0.0001343 secs]2019-05-24T17:23:08.337+0800: 77.641: [class unloading, 0.0306278 secs]2019-05-24T17:23:08.368+0800: 77.671: [scrub symbol table, 0.0291573 secs]2019-05-24T17:23:08.397+0800: 77.701: [scrub string table, 0.0017317 secs][1 CMS-remark: 58077K(92520K)] 59476K(131816K), 0.0652726 secs] [Times: user=0.11 sys=0.00, real=0.06 secs] 
2019-05-24T17:23:08.400+0800: 77.703: [CMS-concurrent-sweep-start]
2019-05-24T17:23:08.436+0800: 77.739: [CMS-concurrent-sweep: 0.036/0.036 secs] [Times: user=0.14 sys=0.00, real=0.04 secs] 
2019-05-24T17:23:08.436+0800: 77.739: [CMS-concurrent-reset-start]
2019-05-24T17:23:08.440+0800: 77.743: [CMS-concurrent-reset: 0.004/0.004 secs] [Times: user=0.00 sys=0.00, real=0.00 secs] 
2019-05-24T17:23:08.475+0800: 77.778: Application time: 0.0755496 seconds
{Heap before GC invocations=233 (full 12):
 par new generation   total 39296K, used 35643K [0x0000000081800000, 0x00000000842a0000, 0x00000000964c0000)
  eden space 34944K, 100% used [0x0000000081800000, 0x0000000083a20000, 0x0000000083a20000)
  from space 4352K,  16% used [0x0000000083e60000, 0x0000000083f0ec40, 0x00000000842a0000)
  to   space 4352K,   0% used [0x0000000083a20000, 0x0000000083a20000, 0x0000000083e60000)
 concurrent mark-sweep generation total 96684K, used 58008K [0x00000000964c0000, 0x000000009c32b000, 0x0000000100000000)
 Metaspace       used 75733K, capacity 79066K, committed 79412K, reserved 1118208K
  class space    used 10120K, capacity 10729K, committed 10804K, reserved 1048576K
2019-05-24T17:23:08.475+0800: 77.779: [GC (Allocation Failure) 2019-05-24T17:23:08.476+0800: 77.779: [ParNew: 35643K->715K(39296K), 0.0025771 secs] 93651K->58723K(135980K), 0.0027648 secs] [Times: user=0.00 sys=0.00, real=0.00 secs] 
Heap after GC invocations=234 (full 12):
 par new generation   total 39296K, used 715K [0x0000000081800000, 0x00000000842a0000, 0x00000000964c0000)
  eden space 34944K,   0% used [0x0000000081800000, 0x0000000081800000, 0x0000000083a20000)
  from space 4352K,  16% used [0x0000000083a20000, 0x0000000083ad2da0, 0x0000000083e60000)
  to   space 4352K,   0% used [0x0000000083e60000, 0x0000000083e60000, 0x00000000842a0000)
 concurrent mark-sweep generation total 96684K, used 58008K [0x00000000964c0000, 0x000000009c32b000, 0x0000000100000000)
 Metaspace       used 75733K, capacity 79066K, committed 79412K, reserved 1118208K
  class space    used 10120K, capacity 10729K, committed 10804K, reserved 1048576K
}
2019-05-24T17:23:08.563+0800: 77.867: Application time: 0.0852269 seconds
{Heap before GC invocations=234 (full 12):
 par new generation   total 39296K, used 35659K [0x0000000081800000, 0x00000000842a0000, 0x00000000964c0000)
  eden space 34944K, 100% used [0x0000000081800000, 0x0000000083a20000, 0x0000000083a20000)
  from space 4352K,  16% used [0x0000000083a20000, 0x0000000083ad2da0, 0x0000000083e60000)
  to   space 4352K,   0% used [0x0000000083e60000, 0x0000000083e60000, 0x00000000842a0000)
 concurrent mark-sweep generation total 96684K, used 58008K [0x00000000964c0000, 0x000000009c32b000, 0x0000000100000000)
 Metaspace       used 75749K, capacity 79138K, committed 79412K, reserved 1118208K
  class space    used 10123K, capacity 10731K, committed 10804K, reserved 1048576K
2019-05-24T17:23:08.564+0800: 77.867: [GC (Allocation Failure) 2019-05-24T17:23:08.564+0800: 77.867: [ParNew: 35659K->906K(39296K), 0.0027426 secs] 93667K->58914K(135980K), 0.0029241 secs] [Times: user=0.00 sys=0.00, real=0.00 secs] 
Heap after GC invocations=235 (full 12):
 par new generation   total 39296K, used 906K [0x0000000081800000, 0x00000000842a0000, 0x00000000964c0000)
  eden space 34944K,   0% used [0x0000000081800000, 0x0000000081800000, 0x0000000083a20000)
  from space 4352K,  20% used [0x0000000083e60000, 0x0000000083f42a70, 0x00000000842a0000)
  to   space 4352K,   0% used [0x0000000083a20000, 0x0000000083a20000, 0x0000000083e60000)
 concurrent mark-sweep generation total 96684K, used 58008K [0x00000000964c0000, 0x000000009c32b000, 0x0000000100000000)
 Metaspace       used 75749K, capacity 79138K, committed 79412K, reserved 1118208K
  class space    used 10123K, capacity 10731K, committed 10804K, reserved 1048576K
}
2019-05-24T17:23:08.656+0800: 77.959: Application time: 0.0885612 seconds
{Heap before GC invocations=235 (full 12):
 par new generation   total 39296K, used 35850K [0x0000000081800000, 0x00000000842a0000, 0x00000000964c0000)
  eden space 34944K, 100% used [0x0000000081800000, 0x0000000083a20000, 0x0000000083a20000)
  from space 4352K,  20% used [0x0000000083e60000, 0x0000000083f42a70, 0x00000000842a0000)
  to   space 4352K,   0% used [0x0000000083a20000, 0x0000000083a20000, 0x0000000083e60000)
 concurrent mark-sweep generation total 96684K, used 58008K [0x00000000964c0000, 0x000000009c32b000, 0x0000000100000000)
 Metaspace       used 75790K, capacity 79138K, committed 79412K, reserved 1118208K
  class space    used 10129K, capacity 10731K, committed 10804K, reserved 1048576K
2019-05-24T17:23:08.656+0800: 77.959: [GC (Allocation Failure) 2019-05-24T17:23:08.656+0800: 77.959: [ParNew: 35850K->1236K(39296K), 0.0031073 secs] 93858K->59244K(135980K), 0.0033098 secs] [Times: user=0.00 sys=0.00, real=0.00 secs] 
Heap after GC invocations=236 (full 12):
 par new generation   total 39296K, used 1236K [0x0000000081800000, 0x00000000842a0000, 0x00000000964c0000)
  eden space 34944K,   0% used [0x0000000081800000, 0x0000000081800000, 0x0000000083a20000)
  from space 4352K,  28% used [0x0000000083a20000, 0x0000000083b550f0, 0x0000000083e60000)
  to   space 4352K,   0% used [0x0000000083e60000, 0x0000000083e60000, 0x00000000842a0000)
 concurrent mark-sweep generation total 96684K, used 58008K [0x00000000964c0000, 0x000000009c32b000, 0x0000000100000000)
 Metaspace       used 75790K, capacity 79138K, committed 79412K, reserved 1118208K
  class space    used 10129K, capacity 10731K, committed 10804K, reserved 1048576K
}
2019-05-24T17:23:08.734+0800: 78.037: Application time: 0.0747104 seconds
2019-05-24T17:23:08.780+0800: 78.083: Application time: 0.0458701 seconds
{Heap before GC invocations=236 (full 12):
 par new generation   total 39296K, used 36180K [0x0000000081800000, 0x00000000842a0000, 0x00000000964c0000)
  eden space 34944K, 100% used [0x0000000081800000, 0x0000000083a20000, 0x0000000083a20000)
  from space 4352K,  28% used [0x0000000083a20000, 0x0000000083b550f0, 0x0000000083e60000)
  to   space 4352K,   0% used [0x0000000083e60000, 0x0000000083e60000, 0x00000000842a0000)
 concurrent mark-sweep generation total 96684K, used 58008K [0x00000000964c0000, 0x000000009c32b000, 0x0000000100000000)
 Metaspace       used 75905K, capacity 79234K, committed 79412K, reserved 1118208K
  class space    used 10151K, capacity 10763K, committed 10804K, reserved 1048576K
2019-05-24T17:23:08.780+0800: 78.084: [GC (Allocation Failure) 2019-05-24T17:23:08.780+0800: 78.084: [ParNew: 36180K->1566K(39296K), 0.0036449 secs] 94188K->59574K(135980K), 0.0038906 secs] [Times: user=0.00 sys=0.00, real=0.00 secs] 
Heap after GC invocations=237 (full 12):
 par new generation   total 39296K, used 1566K [0x0000000081800000, 0x00000000842a0000, 0x00000000964c0000)
  eden space 34944K,   0% used [0x0000000081800000, 0x0000000081800000, 0x0000000083a20000)
  from space 4352K,  35% used [0x0000000083e60000, 0x0000000083fe7880, 0x00000000842a0000)
  to   space 4352K,   0% used [0x0000000083a20000, 0x0000000083a20000, 0x0000000083e60000)
 concurrent mark-sweep generation total 96684K, used 58008K [0x00000000964c0000, 0x000000009c32b000, 0x0000000100000000)
 Metaspace       used 75905K, capacity 79234K, committed 79412K, reserved 1118208K
  class space    used 10151K, capacity 10763K, committed 10804K, reserved 1048576K
}
2019-05-24T17:23:08.898+0800: 78.201: Application time: 0.1131571 seconds
{Heap before GC invocations=237 (full 12):
 par new generation   total 39296K, used 36510K [0x0000000081800000, 0x00000000842a0000, 0x00000000964c0000)
  eden space 34944K, 100% used [0x0000000081800000, 0x0000000083a20000, 0x0000000083a20000)
  from space 4352K,  35% used [0x0000000083e60000, 0x0000000083fe7880, 0x00000000842a0000)
  to   space 4352K,   0% used [0x0000000083a20000, 0x0000000083a20000, 0x0000000083e60000)
 concurrent mark-sweep generation total 96684K, used 58008K [0x00000000964c0000, 0x000000009c32b000, 0x0000000100000000)
 Metaspace       used 75936K, capacity 79310K, committed 79412K, reserved 1118208K
  class space    used 10156K, capacity 10767K, committed 10804K, reserved 1048576K
2019-05-24T17:23:08.898+0800: 78.201: [GC (Allocation Failure) 2019-05-24T17:23:08.898+0800: 78.201: [ParNew: 36510K->1653K(39296K), 0.0036210 secs] 94518K->59661K(135980K), 0.0038354 secs] [Times: user=0.00 sys=0.00, real=0.00 secs] 
Heap after GC invocations=238 (full 12):
 par new generation   total 39296K, used 1653K [0x0000000081800000, 0x00000000842a0000, 0x00000000964c0000)
  eden space 34944K,   0% used [0x0000000081800000, 0x0000000081800000, 0x0000000083a20000)
  from space 4352K,  37% used [0x0000000083a20000, 0x0000000083bbd598, 0x0000000083e60000)
  to   space 4352K,   0% used [0x0000000083e60000, 0x0000000083e60000, 0x00000000842a0000)
 concurrent mark-sweep generation total 96684K, used 58008K [0x00000000964c0000, 0x000000009c32b000, 0x0000000100000000)
 Metaspace       used 75936K, capacity 79310K, committed 79412K, reserved 1118208K
  class space    used 10156K, capacity 10767K, committed 10804K, reserved 1048576K
}
2019-05-24T17:23:08.977+0800: 78.280: Application time: 0.0752856 seconds
2019-05-24T17:23:08.978+0800: 78.282: Application time: 0.0010854 seconds
2019-05-24T17:23:09.004+0800: 78.307: Application time: 0.0238433 seconds
{Heap before GC invocations=238 (full 12):
 par new generation   total 39296K, used 36597K [0x0000000081800000, 0x00000000842a0000, 0x00000000964c0000)
  eden space 34944K, 100% used [0x0000000081800000, 0x0000000083a20000, 0x0000000083a20000)
  from space 4352K,  37% used [0x0000000083a20000, 0x0000000083bbd598, 0x0000000083e60000)
  to   space 4352K,   0% used [0x0000000083e60000, 0x0000000083e60000, 0x00000000842a0000)
 concurrent mark-sweep generation total 96684K, used 58008K [0x00000000964c0000, 0x000000009c32b000, 0x0000000100000000)
 Metaspace       used 75983K, capacity 79324K, committed 79412K, reserved 1118208K
  class space    used 10164K, capacity 10770K, committed 10804K, reserved 1048576K
2019-05-24T17:23:09.004+0800: 78.307: [GC (Allocation Failure) 2019-05-24T17:23:09.004+0800: 78.307: [ParNew: 36597K->1454K(39296K), 0.0043486 secs] 94605K->59592K(135980K), 0.0045648 secs] [Times: user=0.00 sys=0.00, real=0.01 secs] 
Heap after GC invocations=239 (full 12):
 par new generation   total 39296K, used 1454K [0x0000000081800000, 0x00000000842a0000, 0x00000000964c0000)
  eden space 34944K,   0% used [0x0000000081800000, 0x0000000081800000, 0x0000000083a20000)
  from space 4352K,  33% used [0x0000000083e60000, 0x0000000083fcbb38, 0x00000000842a0000)
  to   space 4352K,   0% used [0x0000000083a20000, 0x0000000083a20000, 0x0000000083e60000)
 concurrent mark-sweep generation total 96684K, used 58137K [0x00000000964c0000, 0x000000009c32b000, 0x0000000100000000)
 Metaspace       used 75983K, capacity 79324K, committed 79412K, reserved 1118208K
  class space    used 10164K, capacity 10770K, committed 10804K, reserved 1048576K
}
2019-05-24T17:23:09.009+0800: 78.313: Application time: 0.0004767 seconds
2019-05-24T17:23:09.009+0800: 78.313: [GC (CMS Initial Mark) [1 CMS-initial-mark: 58137K(96684K)] 59596K(135980K), 0.0026834 secs] [Times: user=0.05 sys=0.00, real=0.00 secs] 
2019-05-24T17:23:09.012+0800: 78.316: [CMS-concurrent-mark-start]
2019-05-24T17:23:09.187+0800: 78.490: [CMS-concurrent-mark: 0.175/0.175 secs] [Times: user=0.41 sys=0.00, real=0.17 secs] 
2019-05-24T17:23:09.187+0800: 78.491: [CMS-concurrent-preclean-start]
2019-05-24T17:23:09.190+0800: 78.494: [CMS-concurrent-preclean: 0.003/0.003 secs] [Times: user=0.00 sys=0.00, real=0.00 secs] 
2019-05-24T17:23:09.190+0800: 78.494: [CMS-concurrent-abortable-preclean-start]
2019-05-24T17:23:09.304+0800: 78.608: Application time: 0.2921039 seconds
{Heap before GC invocations=239 (full 13):
 par new generation   total 39296K, used 36398K [0x0000000081800000, 0x00000000842a0000, 0x00000000964c0000)
  eden space 34944K, 100% used [0x0000000081800000, 0x0000000083a20000, 0x0000000083a20000)
  from space 4352K,  33% used [0x0000000083e60000, 0x0000000083fcbb38, 0x00000000842a0000)
  to   space 4352K,   0% used [0x0000000083a20000, 0x0000000083a20000, 0x0000000083e60000)
 concurrent mark-sweep generation total 96684K, used 58137K [0x00000000964c0000, 0x000000009c32b000, 0x0000000100000000)
 Metaspace       used 76020K, capacity 79324K, committed 79412K, reserved 1118208K
  class space    used 10170K, capacity 10770K, committed 10804K, reserved 1048576K
2019-05-24T17:23:09.304+0800: 78.608: [GC (Allocation Failure) 2019-05-24T17:23:09.305+0800: 78.608: [ParNew2019-05-24T17:23:09.309+0800: 78.612: [CMS-concurrent-abortable-preclean: 0.018/0.118 secs] [Times: user=0.22 sys=0.00, real=0.12 secs] 
: 36398K->1558K(39296K), 0.0045073 secs] 94536K->59798K(135980K), 0.0046848 secs] [Times: user=0.06 sys=0.00, real=0.01 secs] 
Heap after GC invocations=240 (full 13):
 par new generation   total 39296K, used 1558K [0x0000000081800000, 0x00000000842a0000, 0x00000000964c0000)
  eden space 34944K,   0% used [0x0000000081800000, 0x0000000081800000, 0x0000000083a20000)
  from space 4352K,  35% used [0x0000000083a20000, 0x0000000083ba5898, 0x0000000083e60000)
  to   space 4352K,   0% used [0x0000000083e60000, 0x0000000083e60000, 0x00000000842a0000)
 concurrent mark-sweep generation total 96684K, used 58240K [0x00000000964c0000, 0x000000009c32b000, 0x0000000100000000)
 Metaspace       used 76020K, capacity 79324K, committed 79412K, reserved 1118208K
  class space    used 10170K, capacity 10770K, committed 10804K, reserved 1048576K
}
2019-05-24T17:23:09.313+0800: 78.616: Application time: 0.0037205 seconds
2019-05-24T17:23:09.313+0800: 78.617: [GC (CMS Final Remark) [YG occupancy: 3672 K (39296 K)]2019-05-24T17:23:09.313+0800: 78.617: [Rescan (parallel) , 0.0032290 secs]2019-05-24T17:23:09.317+0800: 78.620: [weak refs processing, 0.0001297 secs]2019-05-24T17:23:09.317+0800: 78.620: [class unloading, 0.0288074 secs]2019-05-24T17:23:09.346+0800: 78.649: [scrub symbol table, 0.0305880 secs]2019-05-24T17:23:09.376+0800: 78.680: [scrub string table, 0.0019154 secs][1 CMS-remark: 58240K(96684K)] 61912K(135980K), 0.0652862 secs] [Times: user=0.06 sys=0.00, real=0.07 secs] 
2019-05-24T17:23:09.379+0800: 78.682: [CMS-concurrent-sweep-start]
2019-05-24T17:23:09.421+0800: 78.724: [CMS-concurrent-sweep: 0.042/0.042 secs] [Times: user=0.08 sys=0.00, real=0.04 secs] 
2019-05-24T17:23:09.421+0800: 78.724: [CMS-concurrent-reset-start]
2019-05-24T17:23:09.424+0800: 78.728: [CMS-concurrent-reset: 0.003/0.003 secs] [Times: user=0.00 sys=0.00, real=0.00 secs] 
2019-05-24T17:23:09.559+0800: 78.863: Application time: 0.1805311 seconds
{Heap before GC invocations=240 (full 13):
 par new generation   total 39296K, used 36502K [0x0000000081800000, 0x00000000842a0000, 0x00000000964c0000)
  eden space 34944K, 100% used [0x0000000081800000, 0x0000000083a20000, 0x0000000083a20000)
  from space 4352K,  35% used [0x0000000083a20000, 0x0000000083ba5898, 0x0000000083e60000)
  to   space 4352K,   0% used [0x0000000083e60000, 0x0000000083e60000, 0x00000000842a0000)
 concurrent mark-sweep generation total 96876K, used 58061K [0x00000000964c0000, 0x000000009c35b000, 0x0000000100000000)
 Metaspace       used 76098K, capacity 79430K, committed 79668K, reserved 1118208K
  class space    used 10186K, capacity 10793K, committed 10804K, reserved 1048576K
2019-05-24T17:23:09.560+0800: 78.863: [GC (Allocation Failure) 2019-05-24T17:23:09.560+0800: 78.863: [ParNew: 36502K->2743K(39296K), 0.0055268 secs] 94563K->60887K(136172K), 0.0057458 secs] [Times: user=0.00 sys=0.00, real=0.01 secs] 
Heap after GC invocations=241 (full 13):
 par new generation   total 39296K, used 2743K [0x0000000081800000, 0x00000000842a0000, 0x00000000964c0000)
  eden space 34944K,   0% used [0x0000000081800000, 0x0000000081800000, 0x0000000083a20000)
  from space 4352K,  63% used [0x0000000083e60000, 0x000000008410df38, 0x00000000842a0000)
  to   space 4352K,   0% used [0x0000000083a20000, 0x0000000083a20000, 0x0000000083e60000)
 concurrent mark-sweep generation total 96876K, used 58143K [0x00000000964c0000, 0x000000009c35b000, 0x0000000100000000)
 Metaspace       used 76098K, capacity 79430K, committed 79668K, reserved 1118208K
  class space    used 10186K, capacity 10793K, committed 10804K, reserved 1048576K
}
2019-05-24T17:23:09.566+0800: 78.869: Application time: 0.0001729 seconds
2019-05-24T17:23:09.566+0800: 78.869: [GC (CMS Initial Mark) [1 CMS-initial-mark: 58143K(96876K)] 61584K(136172K), 0.0034901 secs] [Times: user=0.00 sys=0.00, real=0.00 secs] 
2019-05-24T17:23:09.570+0800: 78.873: [CMS-concurrent-mark-start]
2019-05-24T17:23:09.730+0800: 79.034: [CMS-concurrent-mark: 0.161/0.161 secs] [Times: user=0.45 sys=0.00, real=0.16 secs] 
2019-05-24T17:23:09.731+0800: 79.034: [CMS-concurrent-preclean-start]
2019-05-24T17:23:09.733+0800: 79.036: [CMS-concurrent-preclean: 0.002/0.002 secs] [Times: user=0.00 sys=0.00, real=0.00 secs] 
2019-05-24T17:23:09.737+0800: 79.040: Application time: 0.1673637 seconds
2019-05-24T17:23:09.796+0800: 79.100: Application time: 0.0590888 seconds
2019-05-24T17:23:09.828+0800: 79.131: Application time: 0.0311819 seconds
2019-05-24T17:23:09.850+0800: 79.154: [GC (CMS Final Remark) [YG occupancy: 6971 K (39296 K)]2019-05-24T17:23:09.851+0800: 79.154: [Rescan (parallel) , 0.0122044 secs]2019-05-24T17:23:09.863+0800: 79.166: [weak refs processing, 0.0006690 secs]2019-05-24T17:23:09.864+0800: 79.167: [class unloading, 0.0211979 secs]2019-05-24T17:23:09.885+0800: 79.189: [scrub symbol table, 0.0276213 secs]2019-05-24T17:23:09.913+0800: 79.216: [scrub string table, 0.0017459 secs][1 CMS-remark: 58143K(96876K)] 65115K(136172K), 0.0640938 secs] [Times: user=0.20 sys=0.00, real=0.07 secs] 
2019-05-24T17:23:09.915+0800: 79.218: [CMS-concurrent-sweep-start]
2019-05-24T17:23:09.953+0800: 79.256: [CMS-concurrent-sweep: 0.038/0.038 secs] [Times: user=0.13 sys=0.00, real=0.04 secs] 
2019-05-24T17:23:09.953+0800: 79.257: [CMS-concurrent-reset-start]
2019-05-24T17:23:09.957+0800: 79.260: [CMS-concurrent-reset: 0.003/0.003 secs] [Times: user=0.00 sys=0.00, real=0.00 secs] 
2019-05-24T17:23:10.088+0800: 79.391: Application time: 0.1729843 seconds
2019-05-24T17:23:10.093+0800: 79.396: Application time: 0.0045409 seconds
2019-05-24T17:23:10.157+0800: 79.461: Application time: 0.0634607 seconds
{Heap before GC invocations=241 (full 14):
 par new generation   total 39296K, used 37687K [0x0000000081800000, 0x00000000842a0000, 0x00000000964c0000)
  eden space 34944K, 100% used [0x0000000081800000, 0x0000000083a20000, 0x0000000083a20000)
  from space 4352K,  63% used [0x0000000083e60000, 0x000000008410df38, 0x00000000842a0000)
  to   space 4352K,   0% used [0x0000000083a20000, 0x0000000083a20000, 0x0000000083e60000)
 concurrent mark-sweep generation total 96876K, used 58089K [0x00000000964c0000, 0x000000009c35b000, 0x0000000100000000)
 Metaspace       used 76393K, capacity 79804K, committed 80052K, reserved 1118208K
  class space    used 10233K, capacity 10862K, committed 10932K, reserved 1048576K
2019-05-24T17:23:10.157+0800: 79.461: [GC (Allocation Failure) 2019-05-24T17:23:10.157+0800: 79.461: [ParNew: 37687K->3026K(39296K), 0.0050113 secs] 95777K->61223K(136172K), 0.0052048 secs] [Times: user=0.00 sys=0.00, real=0.01 secs] 
Heap after GC invocations=242 (full 14):
 par new generation   total 39296K, used 3026K [0x0000000081800000, 0x00000000842a0000, 0x00000000964c0000)
  eden space 34944K,   0% used [0x0000000081800000, 0x0000000081800000, 0x0000000083a20000)
  from space 4352K,  69% used [0x0000000083a20000, 0x0000000083d14a88, 0x0000000083e60000)
  to   space 4352K,   0% used [0x0000000083e60000, 0x0000000083e60000, 0x00000000842a0000)
 concurrent mark-sweep generation total 96876K, used 58196K [0x00000000964c0000, 0x000000009c35b000, 0x0000000100000000)
 Metaspace       used 76393K, capacity 79804K, committed 80052K, reserved 1118208K
  class space    used 10233K, capacity 10862K, committed 10932K, reserved 1048576K
}
2019-05-24T17:23:10.163+0800: 79.466: Application time: 0.0002139 seconds
2019-05-24T17:23:10.163+0800: 79.467: [GC (CMS Initial Mark) [1 CMS-initial-mark: 58196K(96876K)] 61223K(136172K), 0.0025845 secs] [Times: user=0.00 sys=0.00, real=0.00 secs] 
2019-05-24T17:23:10.166+0800: 79.469: [CMS-concurrent-mark-start]
2019-05-24T17:23:10.321+0800: 79.624: [CMS-concurrent-mark: 0.155/0.155 secs] [Times: user=0.56 sys=0.00, real=0.16 secs] 
2019-05-24T17:23:10.321+0800: 79.624: [CMS-concurrent-preclean-start]
2019-05-24T17:23:10.324+0800: 79.627: [CMS-concurrent-preclean: 0.003/0.003 secs] [Times: user=0.06 sys=0.00, real=0.00 secs] 
2019-05-24T17:23:10.324+0800: 79.627: [CMS-concurrent-abortable-preclean-start]
2019-05-24T17:23:10.382+0800: 79.685: Application time: 0.2156088 seconds
{Heap before GC invocations=242 (full 15):
 par new generation   total 39296K, used 37970K [0x0000000081800000, 0x00000000842a0000, 0x00000000964c0000)
  eden space 34944K, 100% used [0x0000000081800000, 0x0000000083a20000, 0x0000000083a20000)
  from space 4352K,  69% used [0x0000000083a20000, 0x0000000083d14a88, 0x0000000083e60000)
  to   space 4352K,   0% used [0x0000000083e60000, 0x0000000083e60000, 0x00000000842a0000)
 concurrent mark-sweep generation total 96876K, used 58196K [0x00000000964c0000, 0x000000009c35b000, 0x0000000100000000)
 Metaspace       used 76437K, capacity 79930K, committed 80052K, reserved 1118208K
  class space    used 10245K, capacity 10875K, committed 10932K, reserved 1048576K
2019-05-24T17:23:10.382+0800: 79.685: [GC (Allocation Failure) 2019-05-24T17:23:10.382+0800: 79.685: [ParNew: 37970K->3311K(39296K), 0.0049306 secs] 96167K->61578K(136172K), 0.0051319 secs] [Times: user=0.08 sys=0.00, real=0.01 secs] 
Heap after GC invocations=243 (full 15):
 par new generation   total 39296K, used 3311K [0x0000000081800000, 0x00000000842a0000, 0x00000000964c0000)
  eden space 34944K,   0% used [0x0000000081800000, 0x0000000081800000, 0x0000000083a20000)
  from space 4352K,  76% used [0x0000000083e60000, 0x000000008419bc48, 0x00000000842a0000)
  to   space 4352K,   0% used [0x0000000083a20000, 0x0000000083a20000, 0x0000000083e60000)
 concurrent mark-sweep generation total 96876K, used 58267K [0x00000000964c0000, 0x000000009c35b000, 0x0000000100000000)
 Metaspace       used 76437K, capacity 79930K, committed 80052K, reserved 1118208K
  class space    used 10245K, capacity 10875K, committed 10932K, reserved 1048576K
}
2019-05-24T17:23:10.489+0800: 79.792: Application time: 0.1015267 seconds
{Heap before GC invocations=243 (full 15):
 par new generation   total 39296K, used 38255K [0x0000000081800000, 0x00000000842a0000, 0x00000000964c0000)
  eden space 34944K, 100% used [0x0000000081800000, 0x0000000083a20000, 0x0000000083a20000)
  from space 4352K,  76% used [0x0000000083e60000, 0x000000008419bc48, 0x00000000842a0000)
  to   space 4352K,   0% used [0x0000000083a20000, 0x0000000083a20000, 0x0000000083e60000)
 concurrent mark-sweep generation total 96876K, used 58267K [0x00000000964c0000, 0x000000009c35b000, 0x0000000100000000)
 Metaspace       used 76442K, capacity 79930K, committed 80052K, reserved 1118208K
  class space    used 10245K, capacity 10875K, committed 10932K, reserved 1048576K
2019-05-24T17:23:10.489+0800: 79.792: [GC (Allocation Failure) 2019-05-24T17:23:10.489+0800: 79.792: [ParNew: 38255K->2525K(39296K), 0.0049857 secs] 96522K->60892K(136172K), 0.0052156 secs] [Times: user=0.00 sys=0.00, real=0.00 secs] 
Heap after GC invocations=244 (full 15):
 par new generation   total 39296K, used 2525K [0x0000000081800000, 0x00000000842a0000, 0x00000000964c0000)
  eden space 34944K,   0% used [0x0000000081800000, 0x0000000081800000, 0x0000000083a20000)
  from space 4352K,  58% used [0x0000000083a20000, 0x0000000083c977a0, 0x0000000083e60000)
  to   space 4352K,   0% used [0x0000000083e60000, 0x0000000083e60000, 0x00000000842a0000)
 concurrent mark-sweep generation total 96876K, used 58366K [0x00000000964c0000, 0x000000009c35b000, 0x0000000100000000)
 Metaspace       used 76442K, capacity 79930K, committed 80052K, reserved 1118208K
  class space    used 10245K, capacity 10875K, committed 10932K, reserved 1048576K
}
2019-05-24T17:23:10.526+0800: 79.829: Application time: 0.0314442 seconds
2019-05-24T17:23:10.530+0800: 79.834: Application time: 0.0037097 seconds
2019-05-24T17:23:10.600+0800: 79.903: Application time: 0.0691513 seconds
{Heap before GC invocations=244 (full 15):
 par new generation   total 39296K, used 37469K [0x0000000081800000, 0x00000000842a0000, 0x00000000964c0000)
  eden space 34944K, 100% used [0x0000000081800000, 0x0000000083a20000, 0x0000000083a20000)
  from space 4352K,  58% used [0x0000000083a20000, 0x0000000083c977a0, 0x0000000083e60000)
  to   space 4352K,   0% used [0x0000000083e60000, 0x0000000083e60000, 0x00000000842a0000)
 concurrent mark-sweep generation total 96876K, used 58366K [0x00000000964c0000, 0x000000009c35b000, 0x0000000100000000)
 Metaspace       used 76483K, capacity 79962K, committed 80052K, reserved 1118208K
  class space    used 10255K, capacity 10885K, committed 10932K, reserved 1048576K
2019-05-24T17:23:10.600+0800: 79.903: [GC (Allocation Failure) 2019-05-24T17:23:10.600+0800: 79.904: [ParNew: 37469K->2397K(39296K), 0.0048515 secs] 95836K->60864K(136172K), 0.0050796 secs] [Times: user=0.05 sys=0.00, real=0.01 secs] 
Heap after GC invocations=245 (full 15):
 par new generation   total 39296K, used 2397K [0x0000000081800000, 0x00000000842a0000, 0x00000000964c0000)
  eden space 34944K,   0% used [0x0000000081800000, 0x0000000081800000, 0x0000000083a20000)
  from space 4352K,  55% used [0x0000000083e60000, 0x00000000840b77b8, 0x00000000842a0000)
  to   space 4352K,   0% used [0x0000000083a20000, 0x0000000083a20000, 0x0000000083e60000)
 concurrent mark-sweep generation total 96876K, used 58466K [0x00000000964c0000, 0x000000009c35b000, 0x0000000100000000)
 Metaspace       used 76483K, capacity 79962K, committed 80052K, reserved 1118208K
  class space    used 10255K, capacity 10885K, committed 10932K, reserved 1048576K
}
2019-05-24T17:23:10.744+0800: 80.047: Application time: 0.1384749 seconds
{Heap before GC invocations=245 (full 15):
 par new generation   total 39296K, used 37341K [0x0000000081800000, 0x00000000842a0000, 0x00000000964c0000)
  eden space 34944K, 100% used [0x0000000081800000, 0x0000000083a20000, 0x0000000083a20000)
  from space 4352K,  55% used [0x0000000083e60000, 0x00000000840b77b8, 0x00000000842a0000)
  to   space 4352K,   0% used [0x0000000083a20000, 0x0000000083a20000, 0x0000000083e60000)
 concurrent mark-sweep generation total 96876K, used 58466K [0x00000000964c0000, 0x000000009c35b000, 0x0000000100000000)
 Metaspace       used 76502K, capacity 79968K, committed 80052K, reserved 1118208K
  class space    used 10257K, capacity 10886K, committed 10932K, reserved 1048576K
2019-05-24T17:23:10.744+0800: 80.047: [GC (Allocation Failure) 2019-05-24T17:23:10.744+0800: 80.048: [ParNew: 37341K->2802K(39296K), 0.0052144 secs] 95808K->61462K(136172K), 0.0054272 secs] [Times: user=0.08 sys=0.00, real=0.01 secs] 
Heap after GC invocations=246 (full 15):
 par new generation   total 39296K, used 2802K [0x0000000081800000, 0x00000000842a0000, 0x00000000964c0000)
  eden space 34944K,   0% used [0x0000000081800000, 0x0000000081800000, 0x0000000083a20000)
  from space 4352K,  64% used [0x0000000083a20000, 0x0000000083cdc848, 0x0000000083e60000)
  to   space 4352K,   0% used [0x0000000083e60000, 0x0000000083e60000, 0x00000000842a0000)
 concurrent mark-sweep generation total 96876K, used 58660K [0x00000000964c0000, 0x000000009c35b000, 0x0000000100000000)
 Metaspace       used 76502K, capacity 79968K, committed 80052K, reserved 1118208K
  class space    used 10257K, capacity 10886K, committed 10932K, reserved 1048576K
}
2019-05-24T17:23:10.902+0800: 80.206: Application time: 0.1528871 seconds
{Heap before GC invocations=246 (full 15):
 par new generation   total 39296K, used 37746K [0x0000000081800000, 0x00000000842a0000, 0x00000000964c0000)
  eden space 34944K, 100% used [0x0000000081800000, 0x0000000083a20000, 0x0000000083a20000)
  from space 4352K,  64% used [0x0000000083a20000, 0x0000000083cdc848, 0x0000000083e60000)
  to   space 4352K,   0% used [0x0000000083e60000, 0x0000000083e60000, 0x00000000842a0000)
 concurrent mark-sweep generation total 96876K, used 58660K [0x00000000964c0000, 0x000000009c35b000, 0x0000000100000000)
 Metaspace       used 76515K, capacity 79974K, committed 80052K, reserved 1118208K
  class space    used 10259K, capacity 10887K, committed 10932K, reserved 1048576K
2019-05-24T17:23:10.903+0800: 80.206: [GC (Allocation Failure) 2019-05-24T17:23:10.903+0800: 80.206: [ParNew: 37746K->2748K(39296K), 0.0073210 secs] 96406K->61562K(136172K), 0.0075537 secs] [Times: user=0.00 sys=0.00, real=0.01 secs] 
Heap after GC invocations=247 (full 15):
 par new generation   total 39296K, used 2748K [0x0000000081800000, 0x00000000842a0000, 0x00000000964c0000)
  eden space 34944K,   0% used [0x0000000081800000, 0x0000000081800000, 0x0000000083a20000)
  from space 4352K,  63% used [0x0000000083e60000, 0x000000008410f2a0, 0x00000000842a0000)
  to   space 4352K,   0% used [0x0000000083a20000, 0x0000000083a20000, 0x0000000083e60000)
 concurrent mark-sweep generation total 96876K, used 58814K [0x00000000964c0000, 0x000000009c35b000, 0x0000000100000000)
 Metaspace       used 76515K, capacity 79974K, committed 80052K, reserved 1118208K
  class space    used 10259K, capacity 10887K, committed 10932K, reserved 1048576K
}
2019-05-24T17:23:10.987+0800: 80.291: Application time: 0.0767676 seconds
2019-05-24T17:23:11.132+0800: 80.435: Application time: 0.1211483 seconds
{Heap before GC invocations=247 (full 15):
 par new generation   total 39296K, used 37692K [0x0000000081800000, 0x00000000842a0000, 0x00000000964c0000)
  eden space 34944K, 100% used [0x0000000081800000, 0x0000000083a20000, 0x0000000083a20000)
  from space 4352K,  63% used [0x0000000083e60000, 0x000000008410f2a0, 0x00000000842a0000)
  to   space 4352K,   0% used [0x0000000083a20000, 0x0000000083a20000, 0x0000000083e60000)
 concurrent mark-sweep generation total 96876K, used 58814K [0x00000000964c0000, 0x000000009c35b000, 0x0000000100000000)
 Metaspace       used 76546K, capacity 80076K, committed 80308K, reserved 1118208K
  class space    used 10265K, capacity 10920K, committed 10932K, reserved 1048576K
2019-05-24T17:23:11.132+0800: 80.435: [GC (Allocation Failure) 2019-05-24T17:23:11.132+0800: 80.436: [ParNew: 37692K->2315K(39296K), 0.0052019 secs] 96506K->61354K(136172K), 0.0054403 secs] [Times: user=0.08 sys=0.00, real=0.01 secs] 
Heap after GC invocations=248 (full 15):
 par new generation   total 39296K, used 2315K [0x0000000081800000, 0x00000000842a0000, 0x00000000964c0000)
  eden space 34944K,   0% used [0x0000000081800000, 0x0000000081800000, 0x0000000083a20000)
  from space 4352K,  53% used [0x0000000083a20000, 0x0000000083c62d20, 0x0000000083e60000)
  to   space 4352K,   0% used [0x0000000083e60000, 0x0000000083e60000, 0x00000000842a0000)
 concurrent mark-sweep generation total 96876K, used 59039K [0x00000000964c0000, 0x000000009c35b000, 0x0000000100000000)
 Metaspace       used 76546K, capacity 80076K, committed 80308K, reserved 1118208K
  class space    used 10265K, capacity 10920K, committed 10932K, reserved 1048576K
}
2019-05-24T17:23:11.166+0800: 80.469: [CMS-concurrent-abortable-preclean: 0.335/0.842 secs] [Times: user=2.98 sys=0.05, real=0.84 secs] 
2019-05-24T17:23:11.166+0800: 80.470: Application time: 0.0286748 seconds
2019-05-24T17:23:11.167+0800: 80.470: [GC (CMS Final Remark) [YG occupancy: 21176 K (39296 K)]2019-05-24T17:23:11.167+0800: 80.470: [Rescan (parallel) , 0.0053413 secs]2019-05-24T17:23:11.172+0800: 80.475: [weak refs processing, 0.0005780 secs]2019-05-24T17:23:11.173+0800: 80.476: [class unloading, 0.0296237 secs]2019-05-24T17:23:11.203+0800: 80.506: [scrub symbol table, 0.0357421 secs]2019-05-24T17:23:11.238+0800: 80.542: [scrub string table, 0.0017198 secs][1 CMS-remark: 59039K(96876K)] 80215K(136172K), 0.0735841 secs] [Times: user=0.19 sys=0.00, real=0.07 secs] 
2019-05-24T17:23:11.240+0800: 80.544: [CMS-concurrent-sweep-start]
2019-05-24T17:23:11.277+0800: 80.580: [CMS-concurrent-sweep: 0.037/0.037 secs] [Times: user=0.16 sys=0.00, real=0.04 secs] 
2019-05-24T17:23:11.277+0800: 80.581: [CMS-concurrent-reset-start]
2019-05-24T17:23:11.280+0800: 80.584: [CMS-concurrent-reset: 0.003/0.003 secs] [Times: user=0.00 sys=0.00, real=0.00 secs] 
2019-05-24T17:23:11.294+0800: 80.597: Application time: 0.0533481 seconds
{Heap before GC invocations=248 (full 15):
 par new generation   total 39296K, used 37259K [0x0000000081800000, 0x00000000842a0000, 0x00000000964c0000)
  eden space 34944K, 100% used [0x0000000081800000, 0x0000000083a20000, 0x0000000083a20000)
  from space 4352K,  53% used [0x0000000083a20000, 0x0000000083c62d20, 0x0000000083e60000)
  to   space 4352K,   0% used [0x0000000083e60000, 0x0000000083e60000, 0x00000000842a0000)
 concurrent mark-sweep generation total 98360K, used 59014K [0x00000000964c0000, 0x000000009c4ce000, 0x0000000100000000)
 Metaspace       used 76547K, capacity 80076K, committed 80308K, reserved 1118208K
  class space    used 10265K, capacity 10920K, committed 10932K, reserved 1048576K
2019-05-24T17:23:11.294+0800: 80.597: [GC (Allocation Failure) 2019-05-24T17:23:11.294+0800: 80.597: [ParNew: 37259K->2239K(39296K), 0.0048703 secs] 96273K->61388K(137656K), 0.0050984 secs] [Times: user=0.00 sys=0.00, real=0.01 secs] 
Heap after GC invocations=249 (full 15):
 par new generation   total 39296K, used 2239K [0x0000000081800000, 0x00000000842a0000, 0x00000000964c0000)
  eden space 34944K,   0% used [0x0000000081800000, 0x0000000081800000, 0x0000000083a20000)
  from space 4352K,  51% used [0x0000000083e60000, 0x000000008408fc88, 0x00000000842a0000)
  to   space 4352K,   0% used [0x0000000083a20000, 0x0000000083a20000, 0x0000000083e60000)
 concurrent mark-sweep generation total 98360K, used 59149K [0x00000000964c0000, 0x000000009c4ce000, 0x0000000100000000)
 Metaspace       used 76547K, capacity 80076K, committed 80308K, reserved 1118208K
  class space    used 10265K, capacity 10920K, committed 10932K, reserved 1048576K
}
2019-05-24T17:23:11.299+0800: 80.603: Application time: 0.0000762 seconds
2019-05-24T17:23:11.300+0800: 80.603: [GC (CMS Initial Mark) [1 CMS-initial-mark: 59149K(98360K)] 62088K(137656K), 0.0038696 secs] [Times: user=0.00 sys=0.00, real=0.00 secs] 
2019-05-24T17:23:11.304+0800: 80.607: [CMS-concurrent-mark-start]
2019-05-24T17:23:11.476+0800: 80.779: [CMS-concurrent-mark: 0.172/0.172 secs] [Times: user=0.48 sys=0.02, real=0.17 secs] 
2019-05-24T17:23:11.476+0800: 80.779: Application time: 0.1718357 seconds
{Heap before GC invocations=249 (full 16):
 par new generation   total 39296K, used 37183K [0x0000000081800000, 0x00000000842a0000, 0x00000000964c0000)
  eden space 34944K, 100% used [0x0000000081800000, 0x0000000083a20000, 0x0000000083a20000)
  from space 4352K,  51% used [0x0000000083e60000, 0x000000008408fc88, 0x00000000842a0000)
  to   space 4352K,   0% used [0x0000000083a20000, 0x0000000083a20000, 0x0000000083e60000)
 concurrent mark-sweep generation total 98360K, used 59149K [0x00000000964c0000, 0x000000009c4ce000, 0x0000000100000000)
 Metaspace       used 76721K, capacity 80204K, committed 80308K, reserved 1118208K
  class space    used 10287K, capacity 10920K, committed 10932K, reserved 1048576K
2019-05-24T17:23:11.476+0800: 80.779: [GC (Allocation Failure) 2019-05-24T17:23:11.476+0800: 80.780: [ParNew: 37183K->2295K(39296K), 0.0052139 secs] 96332K->61854K(137656K), 0.0054090 secs] [Times: user=0.08 sys=0.00, real=0.01 secs] 
Heap after GC invocations=250 (full 16):
 par new generation   total 39296K, used 2295K [0x0000000081800000, 0x00000000842a0000, 0x00000000964c0000)
  eden space 34944K,   0% used [0x0000000081800000, 0x0000000081800000, 0x0000000083a20000)
  from space 4352K,  52% used [0x0000000083a20000, 0x0000000083c5dea8, 0x0000000083e60000)
  to   space 4352K,   0% used [0x0000000083e60000, 0x0000000083e60000, 0x00000000842a0000)
 concurrent mark-sweep generation total 98360K, used 59559K [0x00000000964c0000, 0x000000009c4ce000, 0x0000000100000000)
 Metaspace       used 76721K, capacity 80204K, committed 80308K, reserved 1118208K
  class space    used 10287K, capacity 10920K, committed 10932K, reserved 1048576K
}
2019-05-24T17:23:11.482+0800: 80.785: [CMS-concurrent-preclean-start]
2019-05-24T17:23:11.484+0800: 80.788: Application time: 0.0027307 seconds
2019-05-24T17:23:11.492+0800: 80.796: [CMS-concurrent-preclean: 0.009/0.010 secs] [Times: user=0.00 sys=0.00, real=0.01 secs] 
2019-05-24T17:23:11.492+0800: 80.796: [CMS-concurrent-abortable-preclean-start]
2019-05-24T17:23:11.627+0800: 80.930: [CMS-concurrent-abortable-preclean: 0.035/0.134 secs] [Times: user=0.25 sys=0.03, real=0.13 secs] 
2019-05-24T17:23:11.627+0800: 80.930: Application time: 0.1411811 seconds
2019-05-24T17:23:11.628+0800: 80.931: [GC (CMS Final Remark) [YG occupancy: 30306 K (39296 K)]2019-05-24T17:23:11.628+0800: 80.931: [Rescan (parallel) , 0.0067248 secs]2019-05-24T17:23:11.634+0800: 80.938: [weak refs processing, 0.0003516 secs]2019-05-24T17:23:11.635+0800: 80.938: [class unloading, 0.0272993 secs]2019-05-24T17:23:11.662+0800: 80.965: [scrub symbol table, 0.0289223 secs]2019-05-24T17:23:11.691+0800: 80.994: [scrub string table, 0.0015172 secs][1 CMS-remark: 59559K(98360K)] 89865K(137656K), 0.0653778 secs] [Times: user=0.06 sys=0.00, real=0.07 secs] 
2019-05-24T17:23:11.693+0800: 80.996: [CMS-concurrent-sweep-start]
2019-05-24T17:23:11.719+0800: 81.022: Application time: 0.0260972 seconds
{Heap before GC invocations=250 (full 16):
 par new generation   total 39296K, used 37239K [0x0000000081800000, 0x00000000842a0000, 0x00000000964c0000)
  eden space 34944K, 100% used [0x0000000081800000, 0x0000000083a20000, 0x0000000083a20000)
  from space 4352K,  52% used [0x0000000083a20000, 0x0000000083c5dea8, 0x0000000083e60000)
  to   space 4352K,   0% used [0x0000000083e60000, 0x0000000083e60000, 0x00000000842a0000)
 concurrent mark-sweep generation total 98360K, used 59516K [0x00000000964c0000, 0x000000009c4ce000, 0x0000000100000000)
 Metaspace       used 77081K, capacity 80588K, committed 80692K, reserved 1118208K
  class space    used 10341K, capacity 10984K, committed 11060K, reserved 1048576K
2019-05-24T17:23:11.719+0800: 81.023: [GC (Allocation Failure) 2019-05-24T17:23:11.719+0800: 81.023: [ParNew: 37239K->2096K(39296K), 0.0051757 secs] 96755K->61940K(137656K), 0.0054170 secs] [Times: user=0.00 sys=0.00, real=0.01 secs] 
Heap after GC invocations=251 (full 16):
 par new generation   total 39296K, used 2096K [0x0000000081800000, 0x00000000842a0000, 0x00000000964c0000)
  eden space 34944K,   0% used [0x0000000081800000, 0x0000000081800000, 0x0000000083a20000)
  from space 4352K,  48% used [0x0000000083e60000, 0x000000008406c030, 0x00000000842a0000)
  to   space 4352K,   0% used [0x0000000083a20000, 0x0000000083a20000, 0x0000000083e60000)
 concurrent mark-sweep generation total 98360K, used 59844K [0x00000000964c0000, 0x000000009c4ce000, 0x0000000100000000)
 Metaspace       used 77081K, capacity 80588K, committed 80692K, reserved 1118208K
  class space    used 10341K, capacity 10984K, committed 11060K, reserved 1048576K
}
2019-05-24T17:23:11.736+0800: 81.040: [CMS-concurrent-sweep: 0.038/0.043 secs] [Times: user=0.09 sys=0.00, real=0.04 secs] 
2019-05-24T17:23:11.737+0800: 81.040: [CMS-concurrent-reset-start]
2019-05-24T17:23:11.739+0800: 81.043: [CMS-concurrent-reset: 0.003/0.003 secs] [Times: user=0.00 sys=0.00, real=0.00 secs] 
2019-05-24T17:23:11.857+0800: 81.161: Application time: 0.1325141 seconds
{Heap before GC invocations=251 (full 16):
 par new generation   total 39296K, used 37040K [0x0000000081800000, 0x00000000842a0000, 0x00000000964c0000)
  eden space 34944K, 100% used [0x0000000081800000, 0x0000000083a20000, 0x0000000083a20000)
  from space 4352K,  48% used [0x0000000083e60000, 0x000000008406c030, 0x00000000842a0000)
  to   space 4352K,   0% used [0x0000000083a20000, 0x0000000083a20000, 0x0000000083e60000)
 concurrent mark-sweep generation total 99604K, used 59762K [0x00000000964c0000, 0x000000009c605000, 0x0000000100000000)
 Metaspace       used 77312K, capacity 80806K, committed 80948K, reserved 1120256K
  class space    used 10365K, capacity 11015K, committed 11060K, reserved 1048576K
2019-05-24T17:23:11.858+0800: 81.161: [GC (Allocation Failure) 2019-05-24T17:23:11.858+0800: 81.161: [ParNew: 37040K->2025K(39296K), 0.0053766 secs] 96802K->61905K(138900K), 0.0055950 secs] [Times: user=0.00 sys=0.00, real=0.00 secs] 
Heap after GC invocations=252 (full 16):
 par new generation   total 39296K, used 2025K [0x0000000081800000, 0x00000000842a0000, 0x00000000964c0000)
  eden space 34944K,   0% used [0x0000000081800000, 0x0000000081800000, 0x0000000083a20000)
  from space 4352K,  46% used [0x0000000083a20000, 0x0000000083c1a4d0, 0x0000000083e60000)
  to   space 4352K,   0% used [0x0000000083e60000, 0x0000000083e60000, 0x00000000842a0000)
 concurrent mark-sweep generation total 99604K, used 59880K [0x00000000964c0000, 0x000000009c605000, 0x0000000100000000)
 Metaspace       used 77312K, capacity 80806K, committed 80948K, reserved 1120256K
  class space    used 10365K, capacity 11015K, committed 11060K, reserved 1048576K
}
2019-05-24T17:23:11.864+0800: 81.167: Application time: 0.0000484 seconds
2019-05-24T17:23:11.864+0800: 81.167: [GC (CMS Initial Mark) [1 CMS-initial-mark: 59880K(99604K)] 62604K(138900K), 0.0029178 secs] [Times: user=0.00 sys=0.00, real=0.00 secs] 
2019-05-24T17:23:11.867+0800: 81.170: [CMS-concurrent-mark-start]
2019-05-24T17:23:12.054+0800: 81.358: [CMS-concurrent-mark: 0.188/0.188 secs] [Times: user=0.30 sys=0.02, real=0.19 secs] 
2019-05-24T17:23:12.054+0800: 81.358: [CMS-concurrent-preclean-start]
2019-05-24T17:23:12.058+0800: 81.361: [CMS-concurrent-preclean: 0.003/0.003 secs] [Times: user=0.01 sys=0.00, real=0.00 secs] 
2019-05-24T17:23:12.058+0800: 81.361: [CMS-concurrent-abortable-preclean-start]
2019-05-24T17:23:12.115+0800: 81.419: Application time: 0.2484400 seconds
{Heap before GC invocations=252 (full 17):
 par new generation   total 39296K, used 36969K [0x0000000081800000, 0x00000000842a0000, 0x00000000964c0000)
  eden space 34944K, 100% used [0x0000000081800000, 0x0000000083a20000, 0x0000000083a20000)
  from space 4352K,  46% used [0x0000000083a20000, 0x0000000083c1a4d0, 0x0000000083e60000)
  to   space 4352K,   0% used [0x0000000083e60000, 0x0000000083e60000, 0x00000000842a0000)
 concurrent mark-sweep generation total 99604K, used 59880K [0x00000000964c0000, 0x000000009c605000, 0x0000000100000000)
 Metaspace       used 77345K, capacity 80888K, committed 80948K, reserved 1120256K
  class space    used 10370K, capacity 11018K, committed 11060K, reserved 1048576K
2019-05-24T17:23:12.115+0800: 81.419: [GC (Allocation Failure) 2019-05-24T17:23:12.116+0800: 81.419: [ParNew: 36969K->1902K(39296K), 0.0044123 secs] 96849K->61882K(138900K), 0.0046308 secs] [Times: user=0.00 sys=0.00, real=0.00 secs] 
Heap after GC invocations=253 (full 17):
 par new generation   total 39296K, used 1902K [0x0000000081800000, 0x00000000842a0000, 0x00000000964c0000)
  eden space 34944K,   0% used [0x0000000081800000, 0x0000000081800000, 0x0000000083a20000)
  from space 4352K,  43% used [0x0000000083e60000, 0x000000008403bb48, 0x00000000842a0000)
  to   space 4352K,   0% used [0x0000000083a20000, 0x0000000083a20000, 0x0000000083e60000)
 concurrent mark-sweep generation total 99604K, used 59979K [0x00000000964c0000, 0x000000009c605000, 0x0000000100000000)
 Metaspace       used 77345K, capacity 80888K, committed 80948K, reserved 1120256K
  class space    used 10370K, capacity 11018K, committed 11060K, reserved 1048576K
}
2019-05-24T17:23:12.221+0800: 81.524: Application time: 0.1006000 seconds
{Heap before GC invocations=253 (full 17):
 par new generation   total 39296K, used 36846K [0x0000000081800000, 0x00000000842a0000, 0x00000000964c0000)
  eden space 34944K, 100% used [0x0000000081800000, 0x0000000083a20000, 0x0000000083a20000)
  from space 4352K,  43% used [0x0000000083e60000, 0x000000008403bb48, 0x00000000842a0000)
  to   space 4352K,   0% used [0x0000000083a20000, 0x0000000083a20000, 0x0000000083e60000)
 concurrent mark-sweep generation total 99604K, used 59979K [0x00000000964c0000, 0x000000009c605000, 0x0000000100000000)
 Metaspace       used 77390K, capacity 80894K, committed 80948K, reserved 1120256K
  class space    used 10377K, capacity 11019K, committed 11060K, reserved 1048576K
2019-05-24T17:23:12.221+0800: 81.524: [GC (Allocation Failure) 2019-05-24T17:23:12.221+0800: 81.525: [ParNew: 36846K->2610K(39296K), 0.0054204 secs] 96826K->62730K(138900K), 0.0056292 secs] [Times: user=0.00 sys=0.00, real=0.01 secs] 
Heap after GC invocations=254 (full 17):
 par new generation   total 39296K, used 2610K [0x0000000081800000, 0x00000000842a0000, 0x00000000964c0000)
  eden space 34944K,   0% used [0x0000000081800000, 0x0000000081800000, 0x0000000083a20000)
  from space 4352K,  59% used [0x0000000083a20000, 0x0000000083caca38, 0x0000000083e60000)
  to   space 4352K,   0% used [0x0000000083e60000, 0x0000000083e60000, 0x00000000842a0000)
 concurrent mark-sweep generation total 99604K, used 60119K [0x00000000964c0000, 0x000000009c605000, 0x0000000100000000)
 Metaspace       used 77390K, capacity 80894K, committed 80948K, reserved 1120256K
  class space    used 10377K, capacity 11019K, committed 11060K, reserved 1048576K
}
2019-05-24T17:23:12.323+0800: 81.626: Application time: 0.0961951 seconds
2019-05-24T17:23:12.339+0800: 81.642: Application time: 0.0158487 seconds
{Heap before GC invocations=254 (full 17):
 par new generation   total 39296K, used 37554K [0x0000000081800000, 0x00000000842a0000, 0x00000000964c0000)
  eden space 34944K, 100% used [0x0000000081800000, 0x0000000083a20000, 0x0000000083a20000)
  from space 4352K,  59% used [0x0000000083a20000, 0x0000000083caca38, 0x0000000083e60000)
  to   space 4352K,   0% used [0x0000000083e60000, 0x0000000083e60000, 0x00000000842a0000)
 concurrent mark-sweep generation total 99604K, used 60119K [0x00000000964c0000, 0x000000009c605000, 0x0000000100000000)
 Metaspace       used 77419K, capacity 80894K, committed 80948K, reserved 1120256K
  class space    used 10382K, capacity 11019K, committed 11060K, reserved 1048576K
2019-05-24T17:23:12.339+0800: 81.643: [GC (Allocation Failure) 2019-05-24T17:23:12.339+0800: 81.643: [ParNew: 37554K->2199K(39296K), 0.0048458 secs] 97674K->62566K(138900K), 0.0050819 secs] [Times: user=0.00 sys=0.00, real=0.01 secs] 
Heap after GC invocations=255 (full 17):
 par new generation   total 39296K, used 2199K [0x0000000081800000, 0x00000000842a0000, 0x00000000964c0000)
  eden space 34944K,   0% used [0x0000000081800000, 0x0000000081800000, 0x0000000083a20000)
  from space 4352K,  50% used [0x0000000083e60000, 0x0000000084085fd8, 0x00000000842a0000)
  to   space 4352K,   0% used [0x0000000083a20000, 0x0000000083a20000, 0x0000000083e60000)
 concurrent mark-sweep generation total 99604K, used 60366K [0x00000000964c0000, 0x000000009c605000, 0x0000000100000000)
 Metaspace       used 77419K, capacity 80894K, committed 80948K, reserved 1120256K
  class space    used 10382K, capacity 11019K, committed 11060K, reserved 1048576K
}
2019-05-24T17:23:12.352+0800: 81.655: [CMS-concurrent-abortable-preclean: 0.131/0.294 secs] [Times: user=0.50 sys=0.05, real=0.29 secs] 
2019-05-24T17:23:12.356+0800: 81.659: Application time: 0.0114762 seconds
2019-05-24T17:23:12.374+0800: 81.677: [GC (CMS Final Remark) [YG occupancy: 5014 K (39296 K)]2019-05-24T17:23:12.374+0800: 81.677: [Rescan (parallel) , 0.0052070 secs]2019-05-24T17:23:12.379+0800: 81.683: [weak refs processing, 0.0001923 secs]2019-05-24T17:23:12.380+0800: 81.683: [class unloading, 0.0269471 secs]2019-05-24T17:23:12.406+0800: 81.710: [scrub symbol table, 0.0318782 secs]2019-05-24T17:23:12.439+0800: 81.742: [scrub string table, 0.0016543 secs][1 CMS-remark: 60366K(99604K)] 65380K(138900K), 0.0665327 secs] [Times: user=0.16 sys=0.00, real=0.07 secs] 
2019-05-24T17:23:12.441+0800: 81.744: [CMS-concurrent-sweep-start]
2019-05-24T17:23:12.479+0800: 81.782: [CMS-concurrent-sweep: 0.038/0.038 secs] [Times: user=0.08 sys=0.00, real=0.04 secs] 
2019-05-24T17:23:12.479+0800: 81.782: [CMS-concurrent-reset-start]
2019-05-24T17:23:12.482+0800: 81.786: [CMS-concurrent-reset: 0.003/0.003 secs] [Times: user=0.05 sys=0.00, real=0.00 secs] 
2019-05-24T17:23:12.596+0800: 81.900: Application time: 0.1560570 seconds
{Heap before GC invocations=255 (full 17):
 par new generation   total 39296K, used 37143K [0x0000000081800000, 0x00000000842a0000, 0x00000000964c0000)
  eden space 34944K, 100% used [0x0000000081800000, 0x0000000083a20000, 0x0000000083a20000)
  from space 4352K,  50% used [0x0000000083e60000, 0x0000000084085fd8, 0x00000000842a0000)
  to   space 4352K,   0% used [0x0000000083a20000, 0x0000000083a20000, 0x0000000083e60000)
 concurrent mark-sweep generation total 100572K, used 60341K [0x00000000964c0000, 0x000000009c6f7000, 0x0000000100000000)
 Metaspace       used 77418K, capacity 80930K, committed 81204K, reserved 1120256K
  class space    used 10382K, capacity 11015K, committed 11060K, reserved 1048576K
2019-05-24T17:23:12.597+0800: 81.900: [GC (Allocation Failure) 2019-05-24T17:23:12.597+0800: 81.900: [ParNew: 37143K->2164K(39296K), 0.0065923 secs] 97485K->62599K(139868K), 0.0067891 secs] [Times: user=0.00 sys=0.00, real=0.01 secs] 
Heap after GC invocations=256 (full 17):
 par new generation   total 39296K, used 2164K [0x0000000081800000, 0x00000000842a0000, 0x00000000964c0000)
  eden space 34944K,   0% used [0x0000000081800000, 0x0000000081800000, 0x0000000083a20000)
  from space 4352K,  49% used [0x0000000083a20000, 0x0000000083c3d3b8, 0x0000000083e60000)
  to   space 4352K,   0% used [0x0000000083e60000, 0x0000000083e60000, 0x00000000842a0000)
 concurrent mark-sweep generation total 100572K, used 60434K [0x00000000964c0000, 0x000000009c6f7000, 0x0000000100000000)
 Metaspace       used 77418K, capacity 80930K, committed 81204K, reserved 1120256K
  class space    used 10382K, capacity 11015K, committed 11060K, reserved 1048576K
}
2019-05-24T17:23:12.604+0800: 81.907: Application time: 0.0001001 seconds
2019-05-24T17:23:12.604+0800: 81.907: [GC (CMS Initial Mark) [1 CMS-initial-mark: 60434K(100572K)] 63302K(139868K), 0.0027927 secs] [Times: user=0.06 sys=0.00, real=0.00 secs] 
2019-05-24T17:23:12.607+0800: 81.910: [CMS-concurrent-mark-start]
2019-05-24T17:23:12.691+0800: 81.994: Application time: 0.0836659 seconds
{Heap before GC invocations=256 (full 18):
 par new generation   total 39296K, used 37108K [0x0000000081800000, 0x00000000842a0000, 0x00000000964c0000)
  eden space 34944K, 100% used [0x0000000081800000, 0x0000000083a20000, 0x0000000083a20000)
  from space 4352K,  49% used [0x0000000083a20000, 0x0000000083c3d3b8, 0x0000000083e60000)
  to   space 4352K,   0% used [0x0000000083e60000, 0x0000000083e60000, 0x00000000842a0000)
 concurrent mark-sweep generation total 100572K, used 60434K [0x00000000964c0000, 0x000000009c6f7000, 0x0000000100000000)
 Metaspace       used 77430K, capacity 80936K, committed 81204K, reserved 1120256K
  class space    used 10385K, capacity 11016K, committed 11060K, reserved 1048576K
2019-05-24T17:23:12.691+0800: 81.994: [GC (Allocation Failure) 2019-05-24T17:23:12.691+0800: 81.994: [ParNew: 37108K->2091K(39296K), 0.0045978 secs] 97543K->62662K(139868K), 0.0047821 secs] [Times: user=0.00 sys=0.00, real=0.01 secs] 
Heap after GC invocations=257 (full 18):
 par new generation   total 39296K, used 2091K [0x0000000081800000, 0x00000000842a0000, 0x00000000964c0000)
  eden space 34944K,   0% used [0x0000000081800000, 0x0000000081800000, 0x0000000083a20000)
  from space 4352K,  48% used [0x0000000083e60000, 0x000000008406ad38, 0x00000000842a0000)
  to   space 4352K,   0% used [0x0000000083a20000, 0x0000000083a20000, 0x0000000083e60000)
 concurrent mark-sweep generation total 100572K, used 60570K [0x00000000964c0000, 0x000000009c6f7000, 0x0000000100000000)
 Metaspace       used 77430K, capacity 80936K, committed 81204K, reserved 1120256K
  class space    used 10385K, capacity 11016K, committed 11060K, reserved 1048576K
}
2019-05-24T17:23:12.749+0800: 82.052: Application time: 0.0530870 seconds
{Heap before GC invocations=257 (full 18):
 par new generation   total 39296K, used 37035K [0x0000000081800000, 0x00000000842a0000, 0x00000000964c0000)
  eden space 34944K, 100% used [0x0000000081800000, 0x0000000083a20000, 0x0000000083a20000)
  from space 4352K,  48% used [0x0000000083e60000, 0x000000008406ad38, 0x00000000842a0000)
  to   space 4352K,   0% used [0x0000000083a20000, 0x0000000083a20000, 0x0000000083e60000)
 concurrent mark-sweep generation total 100572K, used 60570K [0x00000000964c0000, 0x000000009c6f7000, 0x0000000100000000)
 Metaspace       used 77443K, capacity 80936K, committed 81204K, reserved 1120256K
  class space    used 10387K, capacity 11016K, committed 11060K, reserved 1048576K
2019-05-24T17:23:12.749+0800: 82.053: [GC (Allocation Failure) 2019-05-24T17:23:12.750+0800: 82.053: [ParNew: 37035K->2433K(39296K), 0.0042246 secs] 97606K->63098K(139868K), 0.0044316 secs] [Times: user=0.00 sys=0.00, real=0.00 secs] 
Heap after GC invocations=258 (full 18):
 par new generation   total 39296K, used 2433K [0x0000000081800000, 0x00000000842a0000, 0x00000000964c0000)
  eden space 34944K,   0% used [0x0000000081800000, 0x0000000081800000, 0x0000000083a20000)
  from space 4352K,  55% used [0x0000000083a20000, 0x0000000083c805c0, 0x0000000083e60000)
  to   space 4352K,   0% used [0x0000000083e60000, 0x0000000083e60000, 0x00000000842a0000)
 concurrent mark-sweep generation total 100572K, used 60664K [0x00000000964c0000, 0x000000009c6f7000, 0x0000000100000000)
 Metaspace       used 77443K, capacity 80936K, committed 81204K, reserved 1120256K
  class space    used 10387K, capacity 11016K, committed 11060K, reserved 1048576K
}
2019-05-24T17:23:12.785+0800: 82.089: [CMS-concurrent-mark: 0.168/0.178 secs] [Times: user=0.44 sys=0.00, real=0.18 secs] 
2019-05-24T17:23:12.786+0800: 82.089: [CMS-concurrent-preclean-start]
2019-05-24T17:23:12.792+0800: 82.095: [CMS-concurrent-preclean: 0.006/0.006 secs] [Times: user=0.00 sys=0.00, real=0.01 secs] 
2019-05-24T17:23:12.792+0800: 82.096: [CMS-concurrent-abortable-preclean-start]
2019-05-24T17:23:12.826+0800: 82.129: Application time: 0.0720333 seconds
{Heap before GC invocations=258 (full 18):
 par new generation   total 39296K, used 37377K [0x0000000081800000, 0x00000000842a0000, 0x00000000964c0000)
  eden space 34944K, 100% used [0x0000000081800000, 0x0000000083a20000, 0x0000000083a20000)
  from space 4352K,  55% used [0x0000000083a20000, 0x0000000083c805c0, 0x0000000083e60000)
  to   space 4352K,   0% used [0x0000000083e60000, 0x0000000083e60000, 0x00000000842a0000)
 concurrent mark-sweep generation total 100572K, used 60664K [0x00000000964c0000, 0x000000009c6f7000, 0x0000000100000000)
 Metaspace       used 77450K, capacity 80936K, committed 81204K, reserved 1120256K
  class space    used 10388K, capacity 11016K, committed 11060K, reserved 1048576K
2019-05-24T17:23:12.826+0800: 82.129: [GC (Allocation Failure) 2019-05-24T17:23:12.826+0800: 82.130: [ParNew: 37377K->1990K(39296K), 0.0042485 secs] 98042K->62730K(139868K), 0.0044362 secs] [Times: user=0.00 sys=0.00, real=0.00 secs] 
Heap after GC invocations=259 (full 18):
 par new generation   total 39296K, used 1990K [0x0000000081800000, 0x00000000842a0000, 0x00000000964c0000)
  eden space 34944K,   0% used [0x0000000081800000, 0x0000000081800000, 0x0000000083a20000)
  from space 4352K,  45% used [0x0000000083e60000, 0x0000000084051808, 0x00000000842a0000)
  to   space 4352K,   0% used [0x0000000083a20000, 0x0000000083a20000, 0x0000000083e60000)
 concurrent mark-sweep generation total 100572K, used 60740K [0x00000000964c0000, 0x000000009c6f7000, 0x0000000100000000)
 Metaspace       used 77450K, capacity 80936K, committed 81204K, reserved 1120256K
  class space    used 10388K, capacity 11016K, committed 11060K, reserved 1048576K
}
2019-05-24T17:23:12.868+0800: 82.171: [CMS-concurrent-abortable-preclean: 0.057/0.076 secs] [Times: user=0.13 sys=0.02, real=0.08 secs] 
2019-05-24T17:23:12.868+0800: 82.172: Application time: 0.0375017 seconds
2019-05-24T17:23:12.868+0800: 82.172: [GC (CMS Final Remark) [YG occupancy: 23664 K (39296 K)]2019-05-24T17:23:12.869+0800: 82.172: [Rescan (parallel) , 0.0053146 secs]2019-05-24T17:23:12.874+0800: 82.177: [weak refs processing, 0.0001451 secs]2019-05-24T17:23:12.874+0800: 82.177: [class unloading, 0.0232408 secs]2019-05-24T17:23:12.897+0800: 82.201: [scrub symbol table, 0.0253275 secs]2019-05-24T17:23:12.923+0800: 82.226: [scrub string table, 0.0015064 secs][1 CMS-remark: 60740K(100572K)] 84405K(139868K), 0.0560822 secs] [Times: user=0.11 sys=0.00, real=0.06 secs] 
2019-05-24T17:23:12.925+0800: 82.228: [CMS-concurrent-sweep-start]
2019-05-24T17:23:12.927+0800: 82.231: Application time: 0.0025799 seconds
2019-05-24T17:23:12.927+0800: 82.231: Application time: 0.0000501 seconds
2019-05-24T17:23:12.928+0800: 82.231: Application time: 0.0000449 seconds
2019-05-24T17:23:12.945+0800: 82.249: Application time: 0.0177806 seconds
{Heap before GC invocations=259 (full 18):
 par new generation   total 39296K, used 36934K [0x0000000081800000, 0x00000000842a0000, 0x00000000964c0000)
  eden space 34944K, 100% used [0x0000000081800000, 0x0000000083a20000, 0x0000000083a20000)
  from space 4352K,  45% used [0x0000000083e60000, 0x0000000084051808, 0x00000000842a0000)
  to   space 4352K,   0% used [0x0000000083a20000, 0x0000000083a20000, 0x0000000083e60000)
 concurrent mark-sweep generation total 100572K, used 60725K [0x00000000964c0000, 0x000000009c6f7000, 0x0000000100000000)
 Metaspace       used 77464K, capacity 80936K, committed 81204K, reserved 1120256K
  class space    used 10390K, capacity 11016K, committed 11060K, reserved 1048576K
2019-05-24T17:23:12.945+0800: 82.249: [GC (Allocation Failure) 2019-05-24T17:23:12.945+0800: 82.249: [ParNew: 36934K->2428K(39296K), 0.0040511 secs] 97659K->63204K(139868K), 0.0042149 secs] [Times: user=0.06 sys=0.00, real=0.00 secs] 
Heap after GC invocations=260 (full 18):
 par new generation   total 39296K, used 2428K [0x0000000081800000, 0x00000000842a0000, 0x00000000964c0000)
  eden space 34944K,   0% used [0x0000000081800000, 0x0000000081800000, 0x0000000083a20000)
  from space 4352K,  55% used [0x0000000083a20000, 0x0000000083c7f1a8, 0x0000000083e60000)
  to   space 4352K,   0% used [0x0000000083e60000, 0x0000000083e60000, 0x00000000842a0000)
 concurrent mark-sweep generation total 100572K, used 60775K [0x00000000964c0000, 0x000000009c6f7000, 0x0000000100000000)
 Metaspace       used 77464K, capacity 80936K, committed 81204K, reserved 1120256K
  class space    used 10390K, capacity 11016K, committed 11060K, reserved 1048576K
}
2019-05-24T17:23:12.962+0800: 82.266: [CMS-concurrent-sweep: 0.033/0.038 secs] [Times: user=0.09 sys=0.00, real=0.04 secs] 
2019-05-24T17:23:12.962+0800: 82.266: [CMS-concurrent-reset-start]
2019-05-24T17:23:12.965+0800: 82.269: [CMS-concurrent-reset: 0.003/0.003 secs] [Times: user=0.03 sys=0.00, real=0.00 secs] 
2019-05-24T17:23:13.007+0800: 82.310: Application time: 0.0567819 seconds
{Heap before GC invocations=260 (full 18):
 par new generation   total 39296K, used 37372K [0x0000000081800000, 0x00000000842a0000, 0x00000000964c0000)
  eden space 34944K, 100% used [0x0000000081800000, 0x0000000083a20000, 0x0000000083a20000)
  from space 4352K,  55% used [0x0000000083a20000, 0x0000000083c7f1a8, 0x0000000083e60000)
  to   space 4352K,   0% used [0x0000000083e60000, 0x0000000083e60000, 0x00000000842a0000)
 concurrent mark-sweep generation total 101232K, used 60738K [0x00000000964c0000, 0x000000009c79c000, 0x0000000100000000)
 Metaspace       used 77480K, capacity 80962K, committed 81204K, reserved 1120256K
  class space    used 10391K, capacity 11047K, committed 11060K, reserved 1048576K
2019-05-24T17:23:13.007+0800: 82.310: [GC (Allocation Failure) 2019-05-24T17:23:13.007+0800: 82.310: [ParNew: 37372K->2053K(39296K), 0.0050694 secs] 98110K->63295K(140528K), 0.0052361 secs] [Times: user=0.06 sys=0.00, real=0.01 secs] 
Heap after GC invocations=261 (full 18):
 par new generation   total 39296K, used 2053K [0x0000000081800000, 0x00000000842a0000, 0x00000000964c0000)
  eden space 34944K,   0% used [0x0000000081800000, 0x0000000081800000, 0x0000000083a20000)
  from space 4352K,  47% used [0x0000000083e60000, 0x0000000084061610, 0x00000000842a0000)
  to   space 4352K,   0% used [0x0000000083a20000, 0x0000000083a20000, 0x0000000083e60000)
 concurrent mark-sweep generation total 101232K, used 61242K [0x00000000964c0000, 0x000000009c79c000, 0x0000000100000000)
 Metaspace       used 77480K, capacity 80962K, committed 81204K, reserved 1120256K
  class space    used 10391K, capacity 11047K, committed 11060K, reserved 1048576K
}
2019-05-24T17:23:13.012+0800: 82.316: Application time: 0.0000478 seconds
2019-05-24T17:23:13.012+0800: 82.316: [GC (CMS Initial Mark) [1 CMS-initial-mark: 61242K(101232K)] 63298K(140528K), 0.0030123 secs] [Times: user=0.00 sys=0.00, real=0.00 secs] 
2019-05-24T17:23:13.016+0800: 82.319: [CMS-concurrent-mark-start]
2019-05-24T17:23:13.169+0800: 82.472: Application time: 0.1531039 seconds
{Heap before GC invocations=261 (full 19):
 par new generation   total 39296K, used 36997K [0x0000000081800000, 0x00000000842a0000, 0x00000000964c0000)
  eden space 34944K, 100% used [0x0000000081800000, 0x0000000083a20000, 0x0000000083a20000)
  from space 4352K,  47% used [0x0000000083e60000, 0x0000000084061610, 0x00000000842a0000)
  to   space 4352K,   0% used [0x0000000083a20000, 0x0000000083a20000, 0x0000000083e60000)
 concurrent mark-sweep generation total 101232K, used 61242K [0x00000000964c0000, 0x000000009c79c000, 0x0000000100000000)
 Metaspace       used 77555K, capacity 81032K, committed 81204K, reserved 1120256K
  class space    used 10400K, capacity 11048K, committed 11060K, reserved 1048576K
2019-05-24T17:23:13.169+0800: 82.472: [GC (Allocation Failure) 2019-05-24T17:23:13.169+0800: 82.472: [ParNew: 36997K->2224K(39296K), 0.0044026 secs] 98239K->63580K(140528K), 0.0046393 secs] [Times: user=0.00 sys=0.00, real=0.01 secs] 
Heap after GC invocations=262 (full 19):
 par new generation   total 39296K, used 2224K [0x0000000081800000, 0x00000000842a0000, 0x00000000964c0000)
  eden space 34944K,   0% used [0x0000000081800000, 0x0000000081800000, 0x0000000083a20000)
  from space 4352K,  51% used [0x0000000083a20000, 0x0000000083c4c060, 0x0000000083e60000)
  to   space 4352K,   0% used [0x0000000083e60000, 0x0000000083e60000, 0x00000000842a0000)
 concurrent mark-sweep generation total 101232K, used 61355K [0x00000000964c0000, 0x000000009c79c000, 0x0000000100000000)
 Metaspace       used 77555K, capacity 81032K, committed 81204K, reserved 1120256K
  class space    used 10400K, capacity 11048K, committed 11060K, reserved 1048576K
}
2019-05-24T17:23:13.200+0800: 82.503: [CMS-concurrent-mark: 0.179/0.184 secs] [Times: user=0.77 sys=0.05, real=0.18 secs] 
2019-05-24T17:23:13.200+0800: 82.504: [CMS-concurrent-preclean-start]
2019-05-24T17:23:13.206+0800: 82.509: [CMS-concurrent-preclean: 0.006/0.006 secs] [Times: user=0.00 sys=0.00, real=0.01 secs] 
2019-05-24T17:23:13.206+0800: 82.509: [CMS-concurrent-abortable-preclean-start]
2019-05-24T17:23:13.273+0800: 82.576: Application time: 0.0992694 seconds
{Heap before GC invocations=262 (full 19):
 par new generation   total 39296K, used 37168K [0x0000000081800000, 0x00000000842a0000, 0x00000000964c0000)
  eden space 34944K, 100% used [0x0000000081800000, 0x0000000083a20000, 0x0000000083a20000)
  from space 4352K,  51% used [0x0000000083a20000, 0x0000000083c4c060, 0x0000000083e60000)
  to   space 4352K,   0% used [0x0000000083e60000, 0x0000000083e60000, 0x00000000842a0000)
 concurrent mark-sweep generation total 101232K, used 61355K [0x00000000964c0000, 0x000000009c79c000, 0x0000000100000000)
 Metaspace       used 77593K, capacity 81096K, committed 81204K, reserved 1120256K
  class space    used 10407K, capacity 11048K, committed 11060K, reserved 1048576K
2019-05-24T17:23:13.273+0800: 82.577: [GC (Allocation Failure) 2019-05-24T17:23:13.273+0800: 82.577: [ParNew: 37168K->1743K(39296K), 0.0049653 secs] 98524K->63419K(140528K), 0.0051968 secs] [Times: user=0.06 sys=0.00, real=0.01 secs] 
Heap after GC invocations=263 (full 19):
 par new generation   total 39296K, used 1743K [0x0000000081800000, 0x00000000842a0000, 0x00000000964c0000)
  eden space 34944K,   0% used [0x0000000081800000, 0x0000000081800000, 0x0000000083a20000)
  from space 4352K,  40% used [0x0000000083e60000, 0x0000000084013d38, 0x00000000842a0000)
  to   space 4352K,   0% used [0x0000000083a20000, 0x0000000083a20000, 0x0000000083e60000)
 concurrent mark-sweep generation total 101232K, used 61676K [0x00000000964c0000, 0x000000009c79c000, 0x0000000100000000)
 Metaspace       used 77593K, capacity 81096K, committed 81204K, reserved 1120256K
  class space    used 10407K, capacity 11048K, committed 11060K, reserved 1048576K
}
2019-05-24T17:23:13.511+0800: 82.815: Application time: 0.2326931 seconds
{Heap before GC invocations=263 (full 19):
 par new generation   total 39296K, used 36687K [0x0000000081800000, 0x00000000842a0000, 0x00000000964c0000)
  eden space 34944K, 100% used [0x0000000081800000, 0x0000000083a20000, 0x0000000083a20000)
  from space 4352K,  40% used [0x0000000083e60000, 0x0000000084013d38, 0x00000000842a0000)
  to   space 4352K,   0% used [0x0000000083a20000, 0x0000000083a20000, 0x0000000083e60000)
 concurrent mark-sweep generation total 101232K, used 61676K [0x00000000964c0000, 0x000000009c79c000, 0x0000000100000000)
 Metaspace       used 77614K, capacity 81112K, committed 81204K, reserved 1120256K
  class space    used 10409K, capacity 11050K, committed 11060K, reserved 1048576K
2019-05-24T17:23:13.511+0800: 82.815: [GC (Allocation Failure) 2019-05-24T17:23:13.512+0800: 82.815: [ParNew: 36687K->1589K(39296K), 0.0038007 secs] 98363K->63441K(140528K), 0.0040351 secs] [Times: user=0.00 sys=0.00, real=0.01 secs] 
Heap after GC invocations=264 (full 19):
 par new generation   total 39296K, used 1589K [0x0000000081800000, 0x00000000842a0000, 0x00000000964c0000)
  eden space 34944K,   0% used [0x0000000081800000, 0x0000000081800000, 0x0000000083a20000)
  from space 4352K,  36% used [0x0000000083a20000, 0x0000000083bad770, 0x0000000083e60000)
  to   space 4352K,   0% used [0x0000000083e60000, 0x0000000083e60000, 0x00000000842a0000)
 concurrent mark-sweep generation total 101232K, used 61851K [0x00000000964c0000, 0x000000009c79c000, 0x0000000100000000)
 Metaspace       used 77614K, capacity 81112K, committed 81204K, reserved 1120256K
  class space    used 10409K, capacity 11050K, committed 11060K, reserved 1048576K
}
2019-05-24T17:23:13.668+0800: 82.971: [CMS-concurrent-abortable-preclean: 0.172/0.461 secs] [Times: user=1.56 sys=0.02, real=0.46 secs] 
2019-05-24T17:23:13.668+0800: 82.971: Application time: 0.1520787 seconds
2019-05-24T17:23:13.668+0800: 82.972: [GC (CMS Final Remark) [YG occupancy: 26047 K (39296 K)]2019-05-24T17:23:13.669+0800: 82.972: [Rescan (parallel) , 0.0153213 secs]2019-05-24T17:23:13.684+0800: 82.987: [weak refs processing, 0.0005899 secs]2019-05-24T17:23:13.685+0800: 82.988: [class unloading, 0.0266445 secs]2019-05-24T17:23:13.711+0800: 83.015: [scrub symbol table, 0.0284314 secs]2019-05-24T17:23:13.740+0800: 83.043: [scrub string table, 0.0021134 secs][1 CMS-remark: 61851K(101232K)] 87899K(140528K), 0.0736694 secs] [Times: user=0.24 sys=0.00, real=0.07 secs] 
2019-05-24T17:23:13.742+0800: 83.046: [CMS-concurrent-sweep-start]
2019-05-24T17:23:13.780+0800: 83.083: [CMS-concurrent-sweep: 0.038/0.038 secs] [Times: user=0.19 sys=0.01, real=0.04 secs] 
2019-05-24T17:23:13.780+0800: 83.084: [CMS-concurrent-reset-start]
2019-05-24T17:23:13.783+0800: 83.087: [CMS-concurrent-reset: 0.003/0.003 secs] [Times: user=0.00 sys=0.00, real=0.00 secs] 
2019-05-24T17:23:13.796+0800: 83.099: Application time: 0.0533134 seconds
{Heap before GC invocations=264 (full 19):
 par new generation   total 39296K, used 36533K [0x0000000081800000, 0x00000000842a0000, 0x00000000964c0000)
  eden space 34944K, 100% used [0x0000000081800000, 0x0000000083a20000, 0x0000000083a20000)
  from space 4352K,  36% used [0x0000000083a20000, 0x0000000083bad770, 0x0000000083e60000)
  to   space 4352K,   0% used [0x0000000083e60000, 0x0000000083e60000, 0x00000000842a0000)
 concurrent mark-sweep generation total 102972K, used 61782K [0x00000000964c0000, 0x000000009c94f000, 0x0000000100000000)
 Metaspace       used 77659K, capacity 81180K, committed 81460K, reserved 1120256K
  class space    used 10418K, capacity 11052K, committed 11060K, reserved 1048576K
2019-05-24T17:23:13.796+0800: 83.099: [GC (Allocation Failure) 2019-05-24T17:23:13.796+0800: 83.099: [ParNew: 36533K->1419K(39296K), 0.0038787 secs] 98315K->63328K(142268K), 0.0041108 secs] [Times: user=0.00 sys=0.00, real=0.00 secs] 
Heap after GC invocations=265 (full 19):
 par new generation   total 39296K, used 1419K [0x0000000081800000, 0x00000000842a0000, 0x00000000964c0000)
  eden space 34944K,   0% used [0x0000000081800000, 0x0000000081800000, 0x0000000083a20000)
  from space 4352K,  32% used [0x0000000083e60000, 0x0000000083fc2de8, 0x00000000842a0000)
  to   space 4352K,   0% used [0x0000000083a20000, 0x0000000083a20000, 0x0000000083e60000)
 concurrent mark-sweep generation total 102972K, used 61908K [0x00000000964c0000, 0x000000009c94f000, 0x0000000100000000)
 Metaspace       used 77659K, capacity 81180K, committed 81460K, reserved 1120256K
  class space    used 10418K, capacity 11052K, committed 11060K, reserved 1048576K
}
2019-05-24T17:23:13.801+0800: 83.105: Application time: 0.0010644 seconds
2019-05-24T17:23:13.802+0800: 83.105: [GC (CMS Initial Mark) [1 CMS-initial-mark: 61908K(102972K)] 64049K(142268K), 0.0023967 secs] [Times: user=0.00 sys=0.00, real=0.00 secs] 
2019-05-24T17:23:13.804+0800: 83.107: [CMS-concurrent-mark-start]
2019-05-24T17:23:13.898+0800: 83.202: Application time: 0.0943633 seconds
{Heap before GC invocations=265 (full 20):
 par new generation   total 39296K, used 36363K [0x0000000081800000, 0x00000000842a0000, 0x00000000964c0000)
  eden space 34944K, 100% used [0x0000000081800000, 0x0000000083a20000, 0x0000000083a20000)
  from space 4352K,  32% used [0x0000000083e60000, 0x0000000083fc2de8, 0x00000000842a0000)
  to   space 4352K,   0% used [0x0000000083a20000, 0x0000000083a20000, 0x0000000083e60000)
 concurrent mark-sweep generation total 102972K, used 61908K [0x00000000964c0000, 0x000000009c94f000, 0x0000000100000000)
 Metaspace       used 77743K, capacity 81280K, committed 81588K, reserved 1120256K
  class space    used 10437K, capacity 11084K, committed 11188K, reserved 1048576K
2019-05-24T17:23:13.898+0800: 83.202: [GC (Allocation Failure) 2019-05-24T17:23:13.899+0800: 83.202: [ParNew: 36363K->1673K(39296K), 0.0039600 secs] 98272K->63674K(142268K), 0.0042553 secs] [Times: user=0.11 sys=0.00, real=0.01 secs] 
Heap after GC invocations=266 (full 20):
 par new generation   total 39296K, used 1673K [0x0000000081800000, 0x00000000842a0000, 0x00000000964c0000)
  eden space 34944K,   0% used [0x0000000081800000, 0x0000000081800000, 0x0000000083a20000)
  from space 4352K,  38% used [0x0000000083a20000, 0x0000000083bc2798, 0x0000000083e60000)
  to   space 4352K,   0% used [0x0000000083e60000, 0x0000000083e60000, 0x00000000842a0000)
 concurrent mark-sweep generation total 102972K, used 62000K [0x00000000964c0000, 0x000000009c94f000, 0x0000000100000000)
 Metaspace       used 77743K, capacity 81280K, committed 81588K, reserved 1120256K
  class space    used 10437K, capacity 11084K, committed 11188K, reserved 1048576K
}
2019-05-24T17:23:13.932+0800: 83.236: Application time: 0.0292312 seconds
2019-05-24T17:23:13.983+0800: 83.287: [CMS-concurrent-mark: 0.174/0.179 secs] [Times: user=0.86 sys=0.02, real=0.18 secs] 
2019-05-24T17:23:13.983+0800: 83.287: [CMS-concurrent-preclean-start]
2019-05-24T17:23:13.989+0800: 83.292: [CMS-concurrent-preclean: 0.005/0.005 secs] [Times: user=0.00 sys=0.00, real=0.01 secs] 
2019-05-24T17:23:13.989+0800: 83.292: [CMS-concurrent-abortable-preclean-start]
2019-05-24T17:23:14.323+0800: 83.626: Application time: 0.3905512 seconds
2019-05-24T17:23:14.444+0800: 83.748: Application time: 0.1210698 seconds
{Heap before GC invocations=266 (full 20):
 par new generation   total 39296K, used 36617K [0x0000000081800000, 0x00000000842a0000, 0x00000000964c0000)
  eden space 34944K, 100% used [0x0000000081800000, 0x0000000083a20000, 0x0000000083a20000)
  from space 4352K,  38% used [0x0000000083a20000, 0x0000000083bc2798, 0x0000000083e60000)
  to   space 4352K,   0% used [0x0000000083e60000, 0x0000000083e60000, 0x00000000842a0000)
 concurrent mark-sweep generation total 102972K, used 62000K [0x00000000964c0000, 0x000000009c94f000, 0x0000000100000000)
 Metaspace       used 78157K, capacity 81670K, committed 81844K, reserved 1120256K
  class space    used 10513K, capacity 11151K, committed 11188K, reserved 1048576K
2019-05-24T17:23:14.444+0800: 83.748: [GC (Allocation Failure) 2019-05-24T17:23:14.444+0800: 83.748: [ParNew: 36617K->2312K(39296K), 0.0045835 secs] 98618K->64410K(142268K), 0.0047588 secs] [Times: user=0.05 sys=0.00, real=0.00 secs] 
Heap after GC invocations=267 (full 20):
 par new generation   total 39296K, used 2312K [0x0000000081800000, 0x00000000842a0000, 0x00000000964c0000)
  eden space 34944K,   0% used [0x0000000081800000, 0x0000000081800000, 0x0000000083a20000)
  from space 4352K,  53% used [0x0000000083e60000, 0x00000000840a20a0, 0x00000000842a0000)
  to   space 4352K,   0% used [0x0000000083a20000, 0x0000000083a20000, 0x0000000083e60000)
 concurrent mark-sweep generation total 102972K, used 62097K [0x00000000964c0000, 0x000000009c94f000, 0x0000000100000000)
 Metaspace       used 78157K, capacity 81670K, committed 81844K, reserved 1120256K
  class space    used 10513K, capacity 11151K, committed 11188K, reserved 1048576K
}
2019-05-24T17:23:14.587+0800: 83.890: Application time: 0.1374100 seconds
2019-05-24T17:23:14.653+0800: 83.957: Application time: 0.0649193 seconds
2019-05-24T17:23:14.716+0800: 84.019: Application time: 0.0620675 seconds
2019-05-24T17:23:14.727+0800: 84.030: Application time: 0.0104511 seconds
2019-05-24T17:23:14.736+0800: 84.039: Application time: 0.0083467 seconds
2019-05-24T17:23:15.321+0800: 84.624: [CMS-concurrent-abortable-preclean: 0.273/1.332 secs] [Times: user=3.33 sys=0.34, real=1.33 secs] 
2019-05-24T17:23:15.321+0800: 84.624: Application time: 0.5848973 seconds
2019-05-24T17:23:15.321+0800: 84.624: [GC (CMS Final Remark) [YG occupancy: 32398 K (39296 K)]2019-05-24T17:23:15.321+0800: 84.624: [Rescan (parallel) , 0.0058277 secs]2019-05-24T17:23:15.327+0800: 84.630: [weak refs processing, 0.0001269 secs]2019-05-24T17:23:15.327+0800: 84.630: [class unloading, 0.0158572 secs]2019-05-24T17:23:15.343+0800: 84.646: [scrub symbol table, 0.0171383 secs]2019-05-24T17:23:15.361+0800: 84.664: [scrub string table, 0.0013124 secs][1 CMS-remark: 62097K(102972K)] 94496K(142268K), 0.0407979 secs] [Times: user=0.11 sys=0.00, real=0.04 secs] 
2019-05-24T17:23:15.362+0800: 84.665: [CMS-concurrent-sweep-start]
2019-05-24T17:23:15.392+0800: 84.695: Application time: 0.0299378 seconds
{Heap before GC invocations=267 (full 20):
 par new generation   total 39296K, used 37256K [0x0000000081800000, 0x00000000842a0000, 0x00000000964c0000)
  eden space 34944K, 100% used [0x0000000081800000, 0x0000000083a20000, 0x0000000083a20000)
  from space 4352K,  53% used [0x0000000083e60000, 0x00000000840a20a0, 0x00000000842a0000)
  to   space 4352K,   0% used [0x0000000083a20000, 0x0000000083a20000, 0x0000000083e60000)
 concurrent mark-sweep generation total 102972K, used 62064K [0x00000000964c0000, 0x000000009c94f000, 0x0000000100000000)
 Metaspace       used 80409K, capacity 83948K, committed 84148K, reserved 1122304K
  class space    used 10773K, capacity 11388K, committed 11444K, reserved 1048576K
2019-05-24T17:23:15.392+0800: 84.695: [GC (Allocation Failure) 2019-05-24T17:23:15.392+0800: 84.695: [ParNew: 37256K->4352K(39296K), 0.0066941 secs] 99320K->66750K(142268K), 0.0068540 secs] [Times: user=0.00 sys=0.00, real=0.01 secs] 
Heap after GC invocations=268 (full 20):
 par new generation   total 39296K, used 4352K [0x0000000081800000, 0x00000000842a0000, 0x00000000964c0000)
  eden space 34944K,   0% used [0x0000000081800000, 0x0000000081800000, 0x0000000083a20000)
  from space 4352K, 100% used [0x0000000083a20000, 0x0000000083e60000, 0x0000000083e60000)
  to   space 4352K,   0% used [0x0000000083e60000, 0x0000000083e60000, 0x00000000842a0000)
 concurrent mark-sweep generation total 102972K, used 62398K [0x00000000964c0000, 0x000000009c94f000, 0x0000000100000000)
 Metaspace       used 80409K, capacity 83948K, committed 84148K, reserved 1122304K
  class space    used 10773K, capacity 11388K, committed 11444K, reserved 1048576K
}
2019-05-24T17:23:15.399+0800: 84.703: Application time: 0.0002850 seconds
2019-05-24T17:23:15.402+0800: 84.705: [CMS-concurrent-sweep: 0.032/0.039 secs] [Times: user=0.16 sys=0.03, real=0.04 secs] 
2019-05-24T17:23:15.402+0800: 84.705: [CMS-concurrent-reset-start]
2019-05-24T17:23:15.405+0800: 84.708: [CMS-concurrent-reset: 0.003/0.003 secs] [Times: user=0.00 sys=0.00, real=0.00 secs] 
2019-05-24T17:23:16.014+0800: 85.317: Application time: 0.6144721 seconds
{Heap before GC invocations=268 (full 20):
 par new generation   total 39296K, used 39296K [0x0000000081800000, 0x00000000842a0000, 0x00000000964c0000)
  eden space 34944K, 100% used [0x0000000081800000, 0x0000000083a20000, 0x0000000083a20000)
  from space 4352K, 100% used [0x0000000083a20000, 0x0000000083e60000, 0x0000000083e60000)
  to   space 4352K,   0% used [0x0000000083e60000, 0x0000000083e60000, 0x00000000842a0000)
 concurrent mark-sweep generation total 103964K, used 62377K [0x00000000964c0000, 0x000000009ca47000, 0x0000000100000000)
 Metaspace       used 80744K, capacity 84270K, committed 84532K, reserved 1122304K
  class space    used 10819K, capacity 11451K, committed 11572K, reserved 1048576K
2019-05-24T17:23:16.014+0800: 85.318: [GC (Allocation Failure) 2019-05-24T17:23:16.014+0800: 85.318: [ParNew: 39296K->3725K(39296K), 0.0146699 secs] 101673K->69423K(143260K), 0.0148389 secs] [Times: user=0.06 sys=0.00, real=0.02 secs] 
Heap after GC invocations=269 (full 20):
 par new generation   total 39296K, used 3725K [0x0000000081800000, 0x00000000842a0000, 0x00000000964c0000)
  eden space 34944K,   0% used [0x0000000081800000, 0x0000000081800000, 0x0000000083a20000)
  from space 4352K,  85% used [0x0000000083e60000, 0x00000000842035b0, 0x00000000842a0000)
  to   space 4352K,   0% used [0x0000000083a20000, 0x0000000083a20000, 0x0000000083e60000)
 concurrent mark-sweep generation total 103964K, used 65697K [0x00000000964c0000, 0x000000009ca47000, 0x0000000100000000)
 Metaspace       used 80744K, capacity 84270K, committed 84532K, reserved 1122304K
  class space    used 10819K, capacity 11451K, committed 11572K, reserved 1048576K
}
2019-05-24T17:23:16.030+0800: 85.333: Application time: 0.0000518 seconds
2019-05-24T17:23:16.030+0800: 85.333: [GC (CMS Initial Mark) [1 CMS-initial-mark: 65697K(103964K)] 69425K(143260K), 0.0016327 secs] [Times: user=0.00 sys=0.00, real=0.00 secs] 
2019-05-24T17:23:16.031+0800: 85.335: [CMS-concurrent-mark-start]
2019-05-24T17:23:16.186+0800: 85.489: [CMS-concurrent-mark: 0.155/0.155 secs] [Times: user=0.22 sys=0.03, real=0.16 secs] 
2019-05-24T17:23:16.186+0800: 85.489: [CMS-concurrent-preclean-start]
2019-05-24T17:23:16.189+0800: 85.492: [CMS-concurrent-preclean: 0.003/0.003 secs] [Times: user=0.00 sys=0.00, real=0.00 secs] 
2019-05-24T17:23:16.189+0800: 85.492: [CMS-concurrent-abortable-preclean-start]
2019-05-24T17:23:17.032+0800: 86.335: Application time: 1.0000984 seconds
2019-05-24T17:23:18.302+0800: 87.605: Application time: 1.2703712 seconds
2019-05-24T17:23:18.311+0800: 87.615: Application time: 0.0079030 seconds
{Heap before GC invocations=269 (full 21):
 par new generation   total 39296K, used 38669K [0x0000000081800000, 0x00000000842a0000, 0x00000000964c0000)
  eden space 34944K, 100% used [0x0000000081800000, 0x0000000083a20000, 0x0000000083a20000)
  from space 4352K,  85% used [0x0000000083e60000, 0x00000000842035b0, 0x00000000842a0000)
  to   space 4352K,   0% used [0x0000000083a20000, 0x0000000083a20000, 0x0000000083e60000)
 concurrent mark-sweep generation total 103964K, used 65697K [0x00000000964c0000, 0x000000009ca47000, 0x0000000100000000)
 Metaspace       used 81520K, capacity 85018K, committed 85300K, reserved 1122304K
  class space    used 10947K, capacity 11551K, committed 11572K, reserved 1048576K
2019-05-24T17:23:18.312+0800: 87.615: [GC (Allocation Failure) 2019-05-24T17:23:18.312+0800: 87.615: [ParNew: 38669K->2077K(39296K), 0.0038474 secs] 104367K->67775K(143260K), 0.0040380 secs] [Times: user=0.00 sys=0.00, real=0.00 secs] 
Heap after GC invocations=270 (full 21):
 par new generation   total 39296K, used 2077K [0x0000000081800000, 0x00000000842a0000, 0x00000000964c0000)
  eden space 34944K,   0% used [0x0000000081800000, 0x0000000081800000, 0x0000000083a20000)
  from space 4352K,  47% used [0x0000000083a20000, 0x0000000083c276d0, 0x0000000083e60000)
  to   space 4352K,   0% used [0x0000000083e60000, 0x0000000083e60000, 0x00000000842a0000)
 concurrent mark-sweep generation total 103964K, used 65697K [0x00000000964c0000, 0x000000009ca47000, 0x0000000100000000)
 Metaspace       used 81520K, capacity 85018K, committed 85300K, reserved 1122304K
  class space    used 10947K, capacity 11551K, committed 11572K, reserved 1048576K
}
2019-05-24T17:23:18.316+0800: 87.620: Application time: 0.0005951 seconds
2019-05-24T17:23:18.335+0800: 87.638: Application time: 0.0183899 seconds
2019-05-24T17:23:18.366+0800: 87.669: Application time: 0.0303491 seconds
{Heap before GC invocations=270 (full 21):
 par new generation   total 39296K, used 37021K [0x0000000081800000, 0x00000000842a0000, 0x00000000964c0000)
  eden space 34944K, 100% used [0x0000000081800000, 0x0000000083a20000, 0x0000000083a20000)
  from space 4352K,  47% used [0x0000000083a20000, 0x0000000083c276d0, 0x0000000083e60000)
  to   space 4352K,   0% used [0x0000000083e60000, 0x0000000083e60000, 0x00000000842a0000)
 concurrent mark-sweep generation total 103964K, used 65697K [0x00000000964c0000, 0x000000009ca47000, 0x0000000100000000)
 Metaspace       used 81690K, capacity 85286K, committed 85428K, reserved 1122304K
  class space    used 10968K, capacity 11617K, committed 11700K, reserved 1048576K
2019-05-24T17:23:18.366+0800: 87.670: [GC (Allocation Failure) 2019-05-24T17:23:18.366+0800: 87.670: [ParNew: 37021K->1269K(39296K), 0.0018950 secs] 102719K->66966K(143260K), 0.0020076 secs] [Times: user=0.00 sys=0.00, real=0.00 secs] 
Heap after GC invocations=271 (full 21):
 par new generation   total 39296K, used 1269K [0x0000000081800000, 0x00000000842a0000, 0x00000000964c0000)
  eden space 34944K,   0% used [0x0000000081800000, 0x0000000081800000, 0x0000000083a20000)
  from space 4352K,  29% used [0x0000000083e60000, 0x0000000083f9d538, 0x00000000842a0000)
  to   space 4352K,   0% used [0x0000000083a20000, 0x0000000083a20000, 0x0000000083e60000)
 concurrent mark-sweep generation total 103964K, used 65697K [0x00000000964c0000, 0x000000009ca47000, 0x0000000100000000)
 Metaspace       used 81690K, capacity 85286K, committed 85428K, reserved 1122304K
  class space    used 10968K, capacity 11617K, committed 11700K, reserved 1048576K
}
2019-05-24T17:23:18.476+0800: 87.780: Application time: 0.1078391 seconds
{Heap before GC invocations=271 (full 21):
 par new generation   total 39296K, used 36213K [0x0000000081800000, 0x00000000842a0000, 0x00000000964c0000)
  eden space 34944K, 100% used [0x0000000081800000, 0x0000000083a20000, 0x0000000083a20000)
  from space 4352K,  29% used [0x0000000083e60000, 0x0000000083f9d538, 0x00000000842a0000)
  to   space 4352K,   0% used [0x0000000083a20000, 0x0000000083a20000, 0x0000000083e60000)
 concurrent mark-sweep generation total 103964K, used 65697K [0x00000000964c0000, 0x000000009ca47000, 0x0000000100000000)
 Metaspace       used 82013K, capacity 85610K, committed 85940K, reserved 1124352K
  class space    used 11008K, capacity 11659K, committed 11700K, reserved 1048576K
2019-05-24T17:23:18.477+0800: 87.780: [GC (Allocation Failure) 2019-05-24T17:23:18.477+0800: 87.780: [ParNew: 36213K->2410K(39296K), 0.0034002 secs] 101910K->68107K(143260K), 0.0035379 secs] [Times: user=0.06 sys=0.02, real=0.00 secs] 
Heap after GC invocations=272 (full 21):
 par new generation   total 39296K, used 2410K [0x0000000081800000, 0x00000000842a0000, 0x00000000964c0000)
  eden space 34944K,   0% used [0x0000000081800000, 0x0000000081800000, 0x0000000083a20000)
  from space 4352K,  55% used [0x0000000083a20000, 0x0000000083c7a8a8, 0x0000000083e60000)
  to   space 4352K,   0% used [0x0000000083e60000, 0x0000000083e60000, 0x00000000842a0000)
 concurrent mark-sweep generation total 103964K, used 65697K [0x00000000964c0000, 0x000000009ca47000, 0x0000000100000000)
 Metaspace       used 82013K, capacity 85610K, committed 85940K, reserved 1124352K
  class space    used 11008K, capacity 11659K, committed 11700K, reserved 1048576K
}
2019-05-24T17:23:18.515+0800: 87.818: Application time: 0.0348695 seconds
{Heap before GC invocations=272 (full 21):
 par new generation   total 39296K, used 37354K [0x0000000081800000, 0x00000000842a0000, 0x00000000964c0000)
  eden space 34944K, 100% used [0x0000000081800000, 0x0000000083a20000, 0x0000000083a20000)
  from space 4352K,  55% used [0x0000000083a20000, 0x0000000083c7a8a8, 0x0000000083e60000)
  to   space 4352K,   0% used [0x0000000083e60000, 0x0000000083e60000, 0x00000000842a0000)
 concurrent mark-sweep generation total 103964K, used 65697K [0x00000000964c0000, 0x000000009ca47000, 0x0000000100000000)
 Metaspace       used 82020K, capacity 85610K, committed 85940K, reserved 1124352K
  class space    used 11009K, capacity 11659K, committed 11700K, reserved 1048576K
2019-05-24T17:23:18.515+0800: 87.819: [GC (Allocation Failure) 2019-05-24T17:23:18.515+0800: 87.819: [ParNew: 37354K->2388K(39296K), 0.0029730 secs] 103051K->68086K(143260K), 0.0031004 secs] [Times: user=0.00 sys=0.00, real=0.00 secs] 
Heap after GC invocations=273 (full 21):
 par new generation   total 39296K, used 2388K [0x0000000081800000, 0x00000000842a0000, 0x00000000964c0000)
  eden space 34944K,   0% used [0x0000000081800000, 0x0000000081800000, 0x0000000083a20000)
  from space 4352K,  54% used [0x0000000083e60000, 0x00000000840b5178, 0x00000000842a0000)
  to   space 4352K,   0% used [0x0000000083a20000, 0x0000000083a20000, 0x0000000083e60000)
 concurrent mark-sweep generation total 103964K, used 65697K [0x00000000964c0000, 0x000000009ca47000, 0x0000000100000000)
 Metaspace       used 82020K, capacity 85610K, committed 85940K, reserved 1124352K
  class space    used 11009K, capacity 11659K, committed 11700K, reserved 1048576K
}
2019-05-24T17:23:18.519+0800: 87.822: [CMS-concurrent-abortable-preclean: 0.316/2.329 secs] [Times: user=0.94 sys=0.03, real=2.33 secs] 
2019-05-24T17:23:18.519+0800: 87.822: Application time: 0.0001229 seconds
2019-05-24T17:23:18.519+0800: 87.822: Application time: 0.0000876 seconds
2019-05-24T17:23:18.519+0800: 87.822: [GC (CMS Final Remark) [YG occupancy: 3152 K (39296 K)]2019-05-24T17:23:18.519+0800: 87.822: [Rescan (parallel) , 0.0019211 secs]2019-05-24T17:23:18.521+0800: 87.824: [weak refs processing, 0.0000779 secs]2019-05-24T17:23:18.521+0800: 87.824: [class unloading, 0.0101092 secs]2019-05-24T17:23:18.531+0800: 87.835: [scrub symbol table, 0.0166241 secs]2019-05-24T17:23:18.548+0800: 87.851: [scrub string table, 0.0007737 secs][1 CMS-remark: 65697K(103964K)] 68849K(143260K), 0.0299025 secs] [Times: user=0.06 sys=0.00, real=0.03 secs] 
2019-05-24T17:23:18.549+0800: 87.852: [CMS-concurrent-sweep-start]
2019-05-24T17:23:18.570+0800: 87.873: [CMS-concurrent-sweep: 0.021/0.021 secs] [Times: user=0.06 sys=0.00, real=0.02 secs] 
2019-05-24T17:23:18.570+0800: 87.873: [CMS-concurrent-reset-start]
2019-05-24T17:23:18.573+0800: 87.876: [CMS-concurrent-reset: 0.003/0.003 secs] [Times: user=0.00 sys=0.00, real=0.00 secs] 
2019-05-24T17:23:18.661+0800: 87.964: Application time: 0.1122099 seconds
{Heap before GC invocations=273 (full 21):
 par new generation   total 39296K, used 37332K [0x0000000081800000, 0x00000000842a0000, 0x00000000964c0000)
  eden space 34944K, 100% used [0x0000000081800000, 0x0000000083a20000, 0x0000000083a20000)
  from space 4352K,  54% used [0x0000000083e60000, 0x00000000840b5178, 0x00000000842a0000)
  to   space 4352K,   0% used [0x0000000083a20000, 0x0000000083a20000, 0x0000000083e60000)
 concurrent mark-sweep generation total 107592K, used 64553K [0x00000000964c0000, 0x000000009cdd2000, 0x0000000100000000)
 Metaspace       used 82132K, capacity 85776K, committed 85940K, reserved 1124352K
  class space    used 11022K, capacity 11676K, committed 11700K, reserved 1048576K
2019-05-24T17:23:18.662+0800: 87.965: [GC (Allocation Failure) 2019-05-24T17:23:18.662+0800: 87.965: [ParNew: 37332K->4352K(39296K), 0.0073847 secs] 101886K->70545K(146888K), 0.0075236 secs] [Times: user=0.09 sys=0.00, real=0.01 secs] 
Heap after GC invocations=274 (full 21):
 par new generation   total 39296K, used 4352K [0x0000000081800000, 0x00000000842a0000, 0x00000000964c0000)
  eden space 34944K,   0% used [0x0000000081800000, 0x0000000081800000, 0x0000000083a20000)
  from space 4352K, 100% used [0x0000000083a20000, 0x0000000083e60000, 0x0000000083e60000)
  to   space 4352K,   0% used [0x0000000083e60000, 0x0000000083e60000, 0x00000000842a0000)
 concurrent mark-sweep generation total 107592K, used 66193K [0x00000000964c0000, 0x000000009cdd2000, 0x0000000100000000)
 Metaspace       used 82132K, capacity 85776K, committed 85940K, reserved 1124352K
  class space    used 11022K, capacity 11676K, committed 11700K, reserved 1048576K
}
2019-05-24T17:23:18.669+0800: 87.972: Application time: 0.0000717 seconds
2019-05-24T17:23:18.669+0800: 87.973: [GC (CMS Initial Mark) [1 CMS-initial-mark: 66193K(107592K)] 71244K(146888K), 0.0030709 secs] [Times: user=0.00 sys=0.00, real=0.00 secs] 
2019-05-24T17:23:18.672+0800: 87.976: [CMS-concurrent-mark-start]
2019-05-24T17:23:18.721+0800: 88.024: Application time: 0.0484005 seconds
{Heap before GC invocations=274 (full 22):
 par new generation   total 39296K, used 39296K [0x0000000081800000, 0x00000000842a0000, 0x00000000964c0000)
  eden space 34944K, 100% used [0x0000000081800000, 0x0000000083a20000, 0x0000000083a20000)
  from space 4352K, 100% used [0x0000000083a20000, 0x0000000083e60000, 0x0000000083e60000)
  to   space 4352K,   0% used [0x0000000083e60000, 0x0000000083e60000, 0x00000000842a0000)
 concurrent mark-sweep generation total 107592K, used 66193K [0x00000000964c0000, 0x000000009cdd2000, 0x0000000100000000)
 Metaspace       used 82228K, capacity 85858K, committed 85940K, reserved 1124352K
  class space    used 11030K, capacity 11679K, committed 11700K, reserved 1048576K
2019-05-24T17:23:18.721+0800: 88.024: [GC (Allocation Failure) 2019-05-24T17:23:18.721+0800: 88.024: [ParNew: 39296K->3662K(39296K), 0.0080082 secs] 105489K->74347K(146888K), 0.0081499 secs] [Times: user=0.00 sys=0.00, real=0.01 secs] 
Heap after GC invocations=275 (full 22):
 par new generation   total 39296K, used 3662K [0x0000000081800000, 0x00000000842a0000, 0x00000000964c0000)
  eden space 34944K,   0% used [0x0000000081800000, 0x0000000081800000, 0x0000000083a20000)
  from space 4352K,  84% used [0x0000000083e60000, 0x00000000841f38e8, 0x00000000842a0000)
  to   space 4352K,   0% used [0x0000000083a20000, 0x0000000083a20000, 0x0000000083e60000)
 concurrent mark-sweep generation total 107592K, used 70685K [0x00000000964c0000, 0x000000009cdd2000, 0x0000000100000000)
 Metaspace       used 82228K, capacity 85858K, committed 85940K, reserved 1124352K
  class space    used 11030K, capacity 11679K, committed 11700K, reserved 1048576K
}
2019-05-24T17:23:18.742+0800: 88.046: Application time: 0.0132762 seconds
2019-05-24T17:23:18.743+0800: 88.046: Application time: 0.0001422 seconds
2019-05-24T17:23:18.743+0800: 88.046: Application time: 0.0000831 seconds
2019-05-24T17:23:18.743+0800: 88.046: Application time: 0.0001599 seconds
2019-05-24T17:23:18.743+0800: 88.047: Application time: 0.0002662 seconds
2019-05-24T17:23:18.744+0800: 88.047: Application time: 0.0001775 seconds
2019-05-24T17:23:18.744+0800: 88.047: Application time: 0.0000523 seconds
2019-05-24T17:23:18.771+0800: 88.074: Application time: 0.0265034 seconds
2019-05-24T17:23:18.777+0800: 88.080: Application time: 0.0064068 seconds
2019-05-24T17:23:18.777+0800: 88.081: Application time: 0.0000700 seconds
2019-05-24T17:23:18.800+0800: 88.104: [CMS-concurrent-mark: 0.118/0.128 secs] [Times: user=0.56 sys=0.02, real=0.13 secs] 
2019-05-24T17:23:18.800+0800: 88.104: Application time: 0.0229780 seconds
2019-05-24T17:23:18.800+0800: 88.104: [CMS-concurrent-preclean-start]
2019-05-24T17:23:18.806+0800: 88.109: Application time: 0.0052218 seconds
2019-05-24T17:23:18.807+0800: 88.110: [CMS-concurrent-preclean: 0.006/0.006 secs] [Times: user=0.00 sys=0.00, real=0.01 secs] 
2019-05-24T17:23:18.807+0800: 88.110: [CMS-concurrent-abortable-preclean-start]
2019-05-24T17:23:18.834+0800: 88.138: Application time: 0.0281941 seconds
2019-05-24T17:23:18.838+0800: 88.141: Application time: 0.0036631 seconds
{Heap before GC invocations=275 (full 22):
 par new generation   total 39296K, used 38606K [0x0000000081800000, 0x00000000842a0000, 0x00000000964c0000)
  eden space 34944K, 100% used [0x0000000081800000, 0x0000000083a20000, 0x0000000083a20000)
  from space 4352K,  84% used [0x0000000083e60000, 0x00000000841f38e8, 0x00000000842a0000)
  to   space 4352K,   0% used [0x0000000083a20000, 0x0000000083a20000, 0x0000000083e60000)
 concurrent mark-sweep generation total 107592K, used 70685K [0x00000000964c0000, 0x000000009cdd2000, 0x0000000100000000)
 Metaspace       used 82755K, capacity 86408K, committed 86580K, reserved 1124352K
  class space    used 11112K, capacity 11750K, committed 11828K, reserved 1048576K
2019-05-24T17:23:18.838+0800: 88.142: [GC (Allocation Failure) 2019-05-24T17:23:18.838+0800: 88.142: [ParNew: 38606K->1065K(39296K), 0.0028234 secs] 109291K->71750K(146888K), 0.0029719 secs] [Times: user=0.09 sys=0.00, real=0.00 secs] 
Heap after GC invocations=276 (full 22):
 par new generation   total 39296K, used 1065K [0x0000000081800000, 0x00000000842a0000, 0x00000000964c0000)
  eden space 34944K,   0% used [0x0000000081800000, 0x0000000081800000, 0x0000000083a20000)
  from space 4352K,  24% used [0x0000000083a20000, 0x0000000083b2a518, 0x0000000083e60000)
  to   space 4352K,   0% used [0x0000000083e60000, 0x0000000083e60000, 0x00000000842a0000)
 concurrent mark-sweep generation total 107592K, used 70685K [0x00000000964c0000, 0x000000009cdd2000, 0x0000000100000000)
 Metaspace       used 82755K, capacity 86408K, committed 86580K, reserved 1124352K
  class space    used 11112K, capacity 11750K, committed 11828K, reserved 1048576K
}
2019-05-24T17:23:18.845+0800: 88.148: Application time: 0.0036329 seconds
2019-05-24T17:23:19.007+0800: 88.310: Application time: 0.1618067 seconds
2019-05-24T17:23:19.007+0800: 88.310: Application time: 0.0001280 seconds
2019-05-24T17:23:19.007+0800: 88.311: Application time: 0.0001183 seconds
2019-05-24T17:23:19.007+0800: 88.311: Application time: 0.0001121 seconds
2019-05-24T17:23:19.008+0800: 88.311: Application time: 0.0000711 seconds
2019-05-24T17:23:19.008+0800: 88.311: Application time: 0.0001621 seconds
2019-05-24T17:23:19.008+0800: 88.311: Application time: 0.0001172 seconds
2019-05-24T17:23:19.008+0800: 88.311: Application time: 0.0000990 seconds
2019-05-24T17:23:19.008+0800: 88.312: Application time: 0.0001212 seconds
2019-05-24T17:23:19.008+0800: 88.312: Application time: 0.0001081 seconds
2019-05-24T17:23:19.009+0800: 88.312: Application time: 0.0000393 seconds
2019-05-24T17:23:19.009+0800: 88.312: Application time: 0.0001508 seconds
2019-05-24T17:23:19.009+0800: 88.312: Application time: 0.0001178 seconds
2019-05-24T17:23:19.284+0800: 88.588: Application time: 0.2752909 seconds
2019-05-24T17:23:19.285+0800: 88.588: Application time: 0.0005848 seconds
2019-05-24T17:23:19.291+0800: 88.595: Application time: 0.0063721 seconds
2019-05-24T17:23:19.292+0800: 88.595: Application time: 0.0001166 seconds
2019-05-24T17:23:19.292+0800: 88.595: Application time: 0.0001104 seconds
2019-05-24T17:23:19.307+0800: 88.610: Application time: 0.0150710 seconds
2019-05-24T17:23:19.323+0800: 88.626: Application time: 0.0153549 seconds
2019-05-24T17:23:19.323+0800: 88.626: Application time: 0.0000660 seconds
2019-05-24T17:23:19.323+0800: 88.626: Application time: 0.0000660 seconds
2019-05-24T17:23:19.324+0800: 88.627: Application time: 0.0012231 seconds
2019-05-24T17:23:19.324+0800: 88.628: Application time: 0.0000358 seconds
2019-05-24T17:23:19.325+0800: 88.628: Application time: 0.0000375 seconds
2019-05-24T17:23:19.345+0800: 88.648: Application time: 0.0200675 seconds
{Heap before GC invocations=276 (full 22):
 par new generation   total 39296K, used 36009K [0x0000000081800000, 0x00000000842a0000, 0x00000000964c0000)
  eden space 34944K, 100% used [0x0000000081800000, 0x0000000083a20000, 0x0000000083a20000)
  from space 4352K,  24% used [0x0000000083a20000, 0x0000000083b2a518, 0x0000000083e60000)
  to   space 4352K,   0% used [0x0000000083e60000, 0x0000000083e60000, 0x00000000842a0000)
 concurrent mark-sweep generation total 107592K, used 70685K [0x00000000964c0000, 0x000000009cdd2000, 0x0000000100000000)
 Metaspace       used 83572K, capacity 87222K, committed 87476K, reserved 1124352K
  class space    used 11207K, capacity 11849K, committed 11956K, reserved 1048576K
2019-05-24T17:23:19.345+0800: 88.648: [GC (Allocation Failure) 2019-05-24T17:23:19.345+0800: 88.648: [ParNew: 36009K->1391K(39296K), 0.0020571 secs] 106694K->72077K(146888K), 0.0021760 secs] [Times: user=0.00 sys=0.00, real=0.00 secs] 
Heap after GC invocations=277 (full 22):
 par new generation   total 39296K, used 1391K [0x0000000081800000, 0x00000000842a0000, 0x00000000964c0000)
  eden space 34944K,   0% used [0x0000000081800000, 0x0000000081800000, 0x0000000083a20000)
  from space 4352K,  31% used [0x0000000083e60000, 0x0000000083fbbef0, 0x00000000842a0000)
  to   space 4352K,   0% used [0x0000000083a20000, 0x0000000083a20000, 0x0000000083e60000)
 concurrent mark-sweep generation total 107592K, used 70685K [0x00000000964c0000, 0x000000009cdd2000, 0x0000000100000000)
 Metaspace       used 83572K, capacity 87222K, committed 87476K, reserved 1124352K
  class space    used 11207K, capacity 11849K, committed 11956K, reserved 1048576K
}
2019-05-24T17:23:19.347+0800: 88.651: [CMS-concurrent-abortable-preclean: 0.066/0.540 secs] [Times: user=0.88 sys=0.02, real=0.54 secs] 
2019-05-24T17:23:19.347+0800: 88.651: Application time: 0.0001684 seconds
2019-05-24T17:23:19.347+0800: 88.651: [GC (CMS Final Remark) [YG occupancy: 1799 K (39296 K)]2019-05-24T17:23:19.347+0800: 88.651: [Rescan (parallel) , 0.0015115 secs]2019-05-24T17:23:19.349+0800: 88.652: [weak refs processing, 0.0001081 secs]2019-05-24T17:23:19.349+0800: 88.653: [class unloading, 0.0130440 secs]2019-05-24T17:23:19.362+0800: 88.666: [scrub symbol table, 0.0177909 secs]2019-05-24T17:23:19.380+0800: 88.684: [scrub string table, 0.0008186 secs][1 CMS-remark: 70685K(107592K)] 72484K(146888K), 0.0336333 secs] [Times: user=0.03 sys=0.00, real=0.03 secs] 
2019-05-24T17:23:19.381+0800: 88.685: [CMS-concurrent-sweep-start]
2019-05-24T17:23:19.382+0800: 88.685: Application time: 0.0002719 seconds
2019-05-24T17:23:19.401+0800: 88.704: Application time: 0.0193206 seconds
2019-05-24T17:23:19.402+0800: 88.705: Application time: 0.0002031 seconds
2019-05-24T17:23:19.402+0800: 88.705: Application time: 0.0001269 seconds
2019-05-24T17:23:19.404+0800: 88.707: Application time: 0.0015588 seconds
2019-05-24T17:23:19.413+0800: 88.716: [CMS-concurrent-sweep: 0.031/0.032 secs] [Times: user=0.09 sys=0.00, real=0.03 secs] 
2019-05-24T17:23:19.413+0800: 88.717: [CMS-concurrent-reset-start]
2019-05-24T17:23:19.416+0800: 88.720: [CMS-concurrent-reset: 0.003/0.003 secs] [Times: user=0.00 sys=0.00, real=0.00 secs] 
2019-05-24T17:23:19.429+0800: 88.732: Application time: 0.0252803 seconds
2019-05-24T17:23:19.438+0800: 88.741: Application time: 0.0088013 seconds
2019-05-24T17:23:19.439+0800: 88.742: Application time: 0.0008203 seconds
2019-05-24T17:23:19.440+0800: 88.743: Application time: 0.0007242 seconds
2019-05-24T17:23:19.441+0800: 88.744: Application time: 0.0011651 seconds
2019-05-24T17:23:19.441+0800: 88.745: Application time: 0.0000870 seconds
2019-05-24T17:23:19.441+0800: 88.745: Application time: 0.0000819 seconds
2019-05-24T17:23:19.442+0800: 88.745: Application time: 0.0000842 seconds
2019-05-24T17:23:19.442+0800: 88.745: Application time: 0.0000967 seconds
2019-05-24T17:23:19.447+0800: 88.750: Application time: 0.0045488 seconds
{Heap before GC invocations=277 (full 22):
 par new generation   total 39296K, used 36335K [0x0000000081800000, 0x00000000842a0000, 0x00000000964c0000)
  eden space 34944K, 100% used [0x0000000081800000, 0x0000000083a20000, 0x0000000083a20000)
  from space 4352K,  31% used [0x0000000083e60000, 0x0000000083fbbef0, 0x00000000842a0000)
  to   space 4352K,   0% used [0x0000000083a20000, 0x0000000083a20000, 0x0000000083e60000)
 concurrent mark-sweep generation total 115024K, used 69014K [0x00000000964c0000, 0x000000009d514000, 0x0000000100000000)
 Metaspace       used 83933K, capacity 87540K, committed 87732K, reserved 1124352K
  class space    used 11259K, capacity 11902K, committed 11956K, reserved 1048576K
2019-05-24T17:23:19.447+0800: 88.750: [GC (Allocation Failure) 2019-05-24T17:23:19.447+0800: 88.750: [ParNew: 36335K->1740K(39296K), 0.0033695 secs] 105349K->70754K(154320K), 0.0035004 secs] [Times: user=0.08 sys=0.00, real=0.00 secs] 
Heap after GC invocations=278 (full 22):
 par new generation   total 39296K, used 1740K [0x0000000081800000, 0x00000000842a0000, 0x00000000964c0000)
  eden space 34944K,   0% used [0x0000000081800000, 0x0000000081800000, 0x0000000083a20000)
  from space 4352K,  39% used [0x0000000083a20000, 0x0000000083bd30a0, 0x0000000083e60000)
  to   space 4352K,   0% used [0x0000000083e60000, 0x0000000083e60000, 0x00000000842a0000)
 concurrent mark-sweep generation total 115024K, used 69014K [0x00000000964c0000, 0x000000009d514000, 0x0000000100000000)
 Metaspace       used 83933K, capacity 87540K, committed 87732K, reserved 1124352K
  class space    used 11259K, capacity 11902K, committed 11956K, reserved 1048576K
}
2019-05-24T17:23:19.481+0800: 88.784: Application time: 0.0302091 seconds
2019-05-24T17:23:19.527+0800: 88.831: Application time: 0.0462899 seconds
{Heap before GC invocations=278 (full 22):
 par new generation   total 39296K, used 36684K [0x0000000081800000, 0x00000000842a0000, 0x00000000964c0000)
  eden space 34944K, 100% used [0x0000000081800000, 0x0000000083a20000, 0x0000000083a20000)
  from space 4352K,  39% used [0x0000000083a20000, 0x0000000083bd30a0, 0x0000000083e60000)
  to   space 4352K,   0% used [0x0000000083e60000, 0x0000000083e60000, 0x00000000842a0000)
 concurrent mark-sweep generation total 115024K, used 69014K [0x00000000964c0000, 0x000000009d514000, 0x0000000100000000)
 Metaspace       used 84292K, capacity 87966K, committed 88116K, reserved 1126400K
  class space    used 11316K, capacity 11967K, committed 12084K, reserved 1048576K
2019-05-24T17:23:19.528+0800: 88.831: [GC (Allocation Failure) 2019-05-24T17:23:19.528+0800: 88.831: [ParNew: 36684K->2067K(39296K), 0.0029764 secs] 105698K->71081K(154320K), 0.0030965 secs] [Times: user=0.00 sys=0.00, real=0.00 secs] 
Heap after GC invocations=279 (full 22):
 par new generation   total 39296K, used 2067K [0x0000000081800000, 0x00000000842a0000, 0x00000000964c0000)
  eden space 34944K,   0% used [0x0000000081800000, 0x0000000081800000, 0x0000000083a20000)
  from space 4352K,  47% used [0x0000000083e60000, 0x0000000084064c58, 0x00000000842a0000)
  to   space 4352K,   0% used [0x0000000083a20000, 0x0000000083a20000, 0x0000000083e60000)
 concurrent mark-sweep generation total 115024K, used 69014K [0x00000000964c0000, 0x000000009d514000, 0x0000000100000000)
 Metaspace       used 84292K, capacity 87966K, committed 88116K, reserved 1126400K
  class space    used 11316K, capacity 11967K, committed 12084K, reserved 1048576K
}
2019-05-24T17:23:19.540+0800: 88.843: Application time: 0.0092922 seconds
2019-05-24T17:23:19.542+0800: 88.845: Application time: 0.0011287 seconds
2019-05-24T17:23:19.542+0800: 88.846: Application time: 0.0001326 seconds
2019-05-24T17:23:19.544+0800: 88.848: Application time: 0.0021362 seconds
2019-05-24T17:23:19.552+0800: 88.855: Application time: 0.0071225 seconds
2019-05-24T17:23:19.560+0800: 88.864: Application time: 0.0084019 seconds
2019-05-24T17:23:19.597+0800: 88.900: Application time: 0.0360317 seconds
2019-05-24T17:23:19.606+0800: 88.909: Application time: 0.0089196 seconds
2019-05-24T17:23:19.626+0800: 88.929: Application time: 0.0199282 seconds
2019-05-24T17:23:19.627+0800: 88.930: Application time: 0.0003601 seconds
2019-05-24T17:23:19.627+0800: 88.930: Application time: 0.0001997 seconds
2019-05-24T17:23:19.628+0800: 88.932: Application time: 0.0010160 seconds
{Heap before GC invocations=279 (full 22):
 par new generation   total 39296K, used 37011K [0x0000000081800000, 0x00000000842a0000, 0x00000000964c0000)
  eden space 34944K, 100% used [0x0000000081800000, 0x0000000083a20000, 0x0000000083a20000)
  from space 4352K,  47% used [0x0000000083e60000, 0x0000000084064c58, 0x00000000842a0000)
  to   space 4352K,   0% used [0x0000000083a20000, 0x0000000083a20000, 0x0000000083e60000)
 concurrent mark-sweep generation total 115024K, used 69014K [0x00000000964c0000, 0x000000009d514000, 0x0000000100000000)
 Metaspace       used 85290K, capacity 89052K, committed 89268K, reserved 1126400K
  class space    used 11447K, capacity 12122K, committed 12212K, reserved 1048576K
2019-05-24T17:23:19.628+0800: 88.932: [GC (Allocation Failure) 2019-05-24T17:23:19.628+0800: 88.932: [ParNew: 37011K->2688K(39296K), 0.0033405 secs] 106025K->71703K(154320K), 0.0034600 secs] [Times: user=0.00 sys=0.00, real=0.00 secs] 
Heap after GC invocations=280 (full 22):
 par new generation   total 39296K, used 2688K [0x0000000081800000, 0x00000000842a0000, 0x00000000964c0000)
  eden space 34944K,   0% used [0x0000000081800000, 0x0000000081800000, 0x0000000083a20000)
  from space 4352K,  61% used [0x0000000083a20000, 0x0000000083cc03d0, 0x0000000083e60000)
  to   space 4352K,   0% used [0x0000000083e60000, 0x0000000083e60000, 0x00000000842a0000)
 concurrent mark-sweep generation total 115024K, used 69014K [0x00000000964c0000, 0x000000009d514000, 0x0000000100000000)
 Metaspace       used 85290K, capacity 89052K, committed 89268K, reserved 1126400K
  class space    used 11447K, capacity 12122K, committed 12212K, reserved 1048576K
}
2019-05-24T17:23:19.648+0800: 88.951: Application time: 0.0153350 seconds
2019-05-24T17:23:19.648+0800: 88.952: Application time: 0.0006383 seconds
2019-05-24T17:23:19.650+0800: 88.953: Application time: 0.0015565 seconds
2019-05-24T17:23:19.650+0800: 88.953: Application time: 0.0000444 seconds
2019-05-24T17:23:20.098+0800: 89.401: Application time: 0.4474748 seconds
2019-05-24T17:23:20.109+0800: 89.412: Application time: 0.0107588 seconds
2019-05-24T17:23:20.109+0800: 89.413: Application time: 0.0001951 seconds
2019-05-24T17:23:20.112+0800: 89.415: Application time: 0.0023080 seconds
2019-05-24T17:23:20.112+0800: 89.416: Application time: 0.0001234 seconds
2019-05-24T17:23:20.113+0800: 89.416: Application time: 0.0001792 seconds
2019-05-24T17:23:20.129+0800: 89.432: Application time: 0.0157099 seconds
2019-05-24T17:23:20.129+0800: 89.432: Application time: 0.0002543 seconds
2019-05-24T17:23:20.143+0800: 89.447: Application time: 0.0137910 seconds
2019-05-24T17:23:20.144+0800: 89.447: Application time: 0.0002401 seconds
2019-05-24T17:23:20.144+0800: 89.448: Application time: 0.0002458 seconds
2019-05-24T17:23:20.145+0800: 89.448: Application time: 0.0001052 seconds
2019-05-24T17:23:20.147+0800: 89.450: Application time: 0.0001650 seconds
2019-05-24T17:23:20.149+0800: 89.452: Application time: 0.0019900 seconds
2019-05-24T17:23:20.149+0800: 89.453: Application time: 0.0000899 seconds
2019-05-24T17:23:20.150+0800: 89.453: Application time: 0.0000870 seconds
2019-05-24T17:23:20.150+0800: 89.453: Application time: 0.0000711 seconds
2019-05-24T17:23:20.150+0800: 89.453: Application time: 0.0000944 seconds
2019-05-24T17:23:20.150+0800: 89.454: Application time: 0.0000461 seconds
2019-05-24T17:23:20.151+0800: 89.454: Application time: 0.0000882 seconds
2019-05-24T17:23:20.152+0800: 89.455: Application time: 0.0007669 seconds
2019-05-24T17:23:20.154+0800: 89.457: Application time: 0.0022767 seconds
2019-05-24T17:23:20.155+0800: 89.458: Application time: 0.0000939 seconds
2019-05-24T17:23:20.162+0800: 89.465: Application time: 0.0072852 seconds
2019-05-24T17:23:20.162+0800: 89.466: Application time: 0.0003072 seconds
2019-05-24T17:23:20.163+0800: 89.466: Application time: 0.0000922 seconds
2019-05-24T17:23:20.163+0800: 89.466: Application time: 0.0001104 seconds
2019-05-24T17:23:20.163+0800: 89.466: Application time: 0.0000899 seconds
2019-05-24T17:23:20.163+0800: 89.466: Application time: 0.0000831 seconds
2019-05-24T17:23:20.172+0800: 89.476: Application time: 0.0088064 seconds
2019-05-24T17:23:20.178+0800: 89.482: Application time: 0.0059745 seconds
2019-05-24T17:23:20.179+0800: 89.482: Application time: 0.0001274 seconds
2019-05-24T17:23:20.179+0800: 89.482: Application time: 0.0001394 seconds
2019-05-24T17:23:20.179+0800: 89.483: Application time: 0.0004710 seconds
2019-05-24T17:23:20.180+0800: 89.483: Application time: 0.0000808 seconds
2019-05-24T17:23:20.180+0800: 89.483: Application time: 0.0000853 seconds
2019-05-24T17:23:20.180+0800: 89.484: Application time: 0.0002725 seconds
2019-05-24T17:23:20.180+0800: 89.484: Application time: 0.0000683 seconds
2019-05-24T17:23:20.180+0800: 89.484: Application time: 0.0001542 seconds
2019-05-24T17:23:20.832+0800: 90.136: Application time: 0.6516319 seconds
2019-05-24T17:23:20.839+0800: 90.142: Application time: 0.0064910 seconds
2019-05-24T17:23:20.849+0800: 90.152: Application time: 0.0099408 seconds
2019-05-24T17:23:20.859+0800: 90.162: Application time: 0.0096677 seconds
{Heap before GC invocations=280 (full 22):
 par new generation   total 39296K, used 37632K [0x0000000081800000, 0x00000000842a0000, 0x00000000964c0000)
  eden space 34944K, 100% used [0x0000000081800000, 0x0000000083a20000, 0x0000000083a20000)
  from space 4352K,  61% used [0x0000000083a20000, 0x0000000083cc03d0, 0x0000000083e60000)
  to   space 4352K,   0% used [0x0000000083e60000, 0x0000000083e60000, 0x00000000842a0000)
 concurrent mark-sweep generation total 115024K, used 69014K [0x00000000964c0000, 0x000000009d514000, 0x0000000100000000)
 Metaspace       used 86125K, capacity 89990K, committed 90164K, reserved 1126400K
  class space    used 11575K, capacity 12247K, committed 12340K, reserved 1048576K
2019-05-24T17:23:20.859+0800: 90.162: [GC (Allocation Failure) 2019-05-24T17:23:20.859+0800: 90.163: [ParNew: 37632K->3070K(39296K), 0.0036363 secs] 106647K->72446K(154320K), 0.0037678 secs] [Times: user=0.00 sys=0.00, real=0.00 secs] 
Heap after GC invocations=281 (full 22):
 par new generation   total 39296K, used 3070K [0x0000000081800000, 0x00000000842a0000, 0x00000000964c0000)
  eden space 34944K,   0% used [0x0000000081800000, 0x0000000081800000, 0x0000000083a20000)
  from space 4352K,  70% used [0x0000000083e60000, 0x000000008415fa88, 0x00000000842a0000)
  to   space 4352K,   0% used [0x0000000083a20000, 0x0000000083a20000, 0x0000000083e60000)
 concurrent mark-sweep generation total 115024K, used 69376K [0x00000000964c0000, 0x000000009d514000, 0x0000000100000000)
 Metaspace       used 86125K, capacity 89990K, committed 90164K, reserved 1126400K
  class space    used 11575K, capacity 12247K, committed 12340K, reserved 1048576K
}
2019-05-24T17:23:20.863+0800: 90.166: Application time: 0.0000819 seconds
2019-05-24T17:23:20.863+0800: 90.167: [GC (CMS Initial Mark) [1 CMS-initial-mark: 69376K(115024K)] 72664K(154320K), 0.0016947 secs] [Times: user=0.00 sys=0.00, real=0.00 secs] 
2019-05-24T17:23:20.865+0800: 90.168: [CMS-concurrent-mark-start]
2019-05-24T17:23:20.934+0800: 90.238: [CMS-concurrent-mark: 0.069/0.069 secs] [Times: user=0.16 sys=0.00, real=0.07 secs] 
2019-05-24T17:23:20.934+0800: 90.238: [CMS-concurrent-preclean-start]
2019-05-24T17:23:20.936+0800: 90.240: [CMS-concurrent-preclean: 0.002/0.002 secs] [Times: user=0.00 sys=0.00, real=0.00 secs] 
2019-05-24T17:23:20.936+0800: 90.240: [CMS-concurrent-abortable-preclean-start]
2019-05-24T17:23:20.960+0800: 90.263: Application time: 0.0948178 seconds
{Heap before GC invocations=281 (full 23):
 par new generation   total 39296K, used 38014K [0x0000000081800000, 0x00000000842a0000, 0x00000000964c0000)
  eden space 34944K, 100% used [0x0000000081800000, 0x0000000083a20000, 0x0000000083a20000)
  from space 4352K,  70% used [0x0000000083e60000, 0x000000008415fa88, 0x00000000842a0000)
  to   space 4352K,   0% used [0x0000000083a20000, 0x0000000083a20000, 0x0000000083e60000)
 concurrent mark-sweep generation total 115024K, used 69376K [0x00000000964c0000, 0x000000009d514000, 0x0000000100000000)
 Metaspace       used 86913K, capacity 90773K, committed 90932K, reserved 1128448K
  class space    used 11654K, capacity 12311K, committed 12340K, reserved 1048576K
2019-05-24T17:23:20.960+0800: 90.263: [GC (Allocation Failure) 2019-05-24T17:23:20.960+0800: 90.263: [ParNew: 38014K->2521K(39296K), 0.0030635 secs] 107390K->72100K(154320K), 0.0031738 secs] [Times: user=0.00 sys=0.00, real=0.00 secs] 
Heap after GC invocations=282 (full 23):
 par new generation   total 39296K, used 2521K [0x0000000081800000, 0x00000000842a0000, 0x00000000964c0000)
  eden space 34944K,   0% used [0x0000000081800000, 0x0000000081800000, 0x0000000083a20000)
  from space 4352K,  57% used [0x0000000083a20000, 0x0000000083c96728, 0x0000000083e60000)
  to   space 4352K,   0% used [0x0000000083e60000, 0x0000000083e60000, 0x00000000842a0000)
 concurrent mark-sweep generation total 115024K, used 69578K [0x00000000964c0000, 0x000000009d514000, 0x0000000100000000)
 Metaspace       used 86913K, capacity 90773K, committed 90932K, reserved 1128448K
  class space    used 11654K, capacity 12311K, committed 12340K, reserved 1048576K
}
2019-05-24T17:23:21.007+0800: 90.311: Application time: 0.0441583 seconds
{Heap before GC invocations=282 (full 23):
 par new generation   total 39296K, used 37465K [0x0000000081800000, 0x00000000842a0000, 0x00000000964c0000)
  eden space 34944K, 100% used [0x0000000081800000, 0x0000000083a20000, 0x0000000083a20000)
  from space 4352K,  57% used [0x0000000083a20000, 0x0000000083c96728, 0x0000000083e60000)
  to   space 4352K,   0% used [0x0000000083e60000, 0x0000000083e60000, 0x00000000842a0000)
 concurrent mark-sweep generation total 115024K, used 69578K [0x00000000964c0000, 0x000000009d514000, 0x0000000100000000)
 Metaspace       used 87101K, capacity 90997K, committed 91316K, reserved 1128448K
  class space    used 11734K, capacity 12407K, committed 12468K, reserved 1048576K
2019-05-24T17:23:21.008+0800: 90.311: [GC (Allocation Failure) 2019-05-24T17:23:21.008+0800: 90.311: [ParNew: 37465K->2472K(39296K), 0.0027637 secs] 107044K->72051K(154320K), 0.0028911 secs] [Times: user=0.00 sys=0.00, real=0.00 secs] 
Heap after GC invocations=283 (full 23):
 par new generation   total 39296K, used 2472K [0x0000000081800000, 0x00000000842a0000, 0x00000000964c0000)
  eden space 34944K,   0% used [0x0000000081800000, 0x0000000081800000, 0x0000000083a20000)
  from space 4352K,  56% used [0x0000000083e60000, 0x00000000840ca368, 0x00000000842a0000)
  to   space 4352K,   0% used [0x0000000083a20000, 0x0000000083a20000, 0x0000000083e60000)
 concurrent mark-sweep generation total 115024K, used 69578K [0x00000000964c0000, 0x000000009d514000, 0x0000000100000000)
 Metaspace       used 87101K, capacity 90997K, committed 91316K, reserved 1128448K
  class space    used 11734K, capacity 12407K, committed 12468K, reserved 1048576K
}
2019-05-24T17:23:21.074+0800: 90.378: Application time: 0.0636461 seconds
{Heap before GC invocations=283 (full 23):
 par new generation   total 39296K, used 37416K [0x0000000081800000, 0x00000000842a0000, 0x00000000964c0000)
  eden space 34944K, 100% used [0x0000000081800000, 0x0000000083a20000, 0x0000000083a20000)
  from space 4352K,  56% used [0x0000000083e60000, 0x00000000840ca368, 0x00000000842a0000)
  to   space 4352K,   0% used [0x0000000083a20000, 0x0000000083a20000, 0x0000000083e60000)
 concurrent mark-sweep generation total 115024K, used 69578K [0x00000000964c0000, 0x000000009d514000, 0x0000000100000000)
 Metaspace       used 87448K, capacity 91325K, committed 91700K, reserved 1128448K
  class space    used 11803K, capacity 12473K, committed 12596K, reserved 1048576K
2019-05-24T17:23:21.075+0800: 90.378: [GC (Allocation Failure) 2019-05-24T17:23:21.075+0800: 90.378: [ParNew: 37416K->2486K(39296K), 0.0029844 secs] 106995K->72065K(154320K), 0.0031044 secs] [Times: user=0.00 sys=0.00, real=0.00 secs] 
Heap after GC invocations=284 (full 23):
 par new generation   total 39296K, used 2486K [0x0000000081800000, 0x00000000842a0000, 0x00000000964c0000)
  eden space 34944K,   0% used [0x0000000081800000, 0x0000000081800000, 0x0000000083a20000)
  from space 4352K,  57% used [0x0000000083a20000, 0x0000000083c8da88, 0x0000000083e60000)
  to   space 4352K,   0% used [0x0000000083e60000, 0x0000000083e60000, 0x00000000842a0000)
 concurrent mark-sweep generation total 115024K, used 69578K [0x00000000964c0000, 0x000000009d514000, 0x0000000100000000)
 Metaspace       used 87448K, capacity 91325K, committed 91700K, reserved 1128448K
  class space    used 11803K, capacity 12473K, committed 12596K, reserved 1048576K
}
2019-05-24T17:23:21.085+0800: 90.388: Application time: 0.0067248 seconds
2019-05-24T17:23:21.146+0800: 90.449: Application time: 0.0613069 seconds
{Heap before GC invocations=284 (full 23):
 par new generation   total 39296K, used 37430K [0x0000000081800000, 0x00000000842a0000, 0x00000000964c0000)
  eden space 34944K, 100% used [0x0000000081800000, 0x0000000083a20000, 0x0000000083a20000)
  from space 4352K,  57% used [0x0000000083a20000, 0x0000000083c8da88, 0x0000000083e60000)
  to   space 4352K,   0% used [0x0000000083e60000, 0x0000000083e60000, 0x00000000842a0000)
 concurrent mark-sweep generation total 115024K, used 69578K [0x00000000964c0000, 0x000000009d514000, 0x0000000100000000)
 Metaspace       used 87704K, capacity 91581K, committed 91700K, reserved 1128448K
  class space    used 11836K, capacity 12537K, committed 12596K, reserved 1048576K
2019-05-24T17:23:21.146+0800: 90.449: [GC (Allocation Failure) 2019-05-24T17:23:21.146+0800: 90.449: [ParNew: 37430K->3356K(39296K), 0.0030771 secs] 107009K->72935K(154320K), 0.0032023 secs] [Times: user=0.00 sys=0.00, real=0.00 secs] 
Heap after GC invocations=285 (full 23):
 par new generation   total 39296K, used 3356K [0x0000000081800000, 0x00000000842a0000, 0x00000000964c0000)
  eden space 34944K,   0% used [0x0000000081800000, 0x0000000081800000, 0x0000000083a20000)
  from space 4352K,  77% used [0x0000000083e60000, 0x00000000841a73c8, 0x00000000842a0000)
  to   space 4352K,   0% used [0x0000000083a20000, 0x0000000083a20000, 0x0000000083e60000)
 concurrent mark-sweep generation total 115024K, used 69578K [0x00000000964c0000, 0x000000009d514000, 0x0000000100000000)
 Metaspace       used 87704K, capacity 91581K, committed 91700K, reserved 1128448K
  class space    used 11836K, capacity 12537K, committed 12596K, reserved 1048576K
}
2019-05-24T17:23:21.182+0800: 90.485: Application time: 0.0321985 seconds
2019-05-24T17:23:21.209+0800: 90.513: Application time: 0.0268112 seconds
2019-05-24T17:23:21.212+0800: 90.515: Application time: 0.0021595 seconds
2019-05-24T17:23:21.213+0800: 90.516: Application time: 0.0014074 seconds
2019-05-24T17:23:21.214+0800: 90.517: [CMS-concurrent-abortable-preclean: 0.108/0.277 secs] [Times: user=0.42 sys=0.06, real=0.28 secs] 
2019-05-24T17:23:21.214+0800: 90.517: Application time: 0.0004773 seconds
2019-05-24T17:23:21.214+0800: 90.517: [GC (CMS Final Remark) [YG occupancy: 28693 K (39296 K)]2019-05-24T17:23:21.214+0800: 90.517: [Rescan (parallel) , 0.0035681 secs]2019-05-24T17:23:21.217+0800: 90.521: [weak refs processing, 0.0001411 secs]2019-05-24T17:23:21.218+0800: 90.521: [class unloading, 0.0141278 secs]2019-05-24T17:23:21.231+0800: 90.535: [scrub symbol table, 0.0174211 secs]2019-05-24T17:23:21.249+0800: 90.552: [scrub string table, 0.0009244 secs][1 CMS-remark: 69578K(115024K)] 98272K(154320K), 0.0418713 secs] [Times: user=0.09 sys=0.00, real=0.04 secs] 
2019-05-24T17:23:21.256+0800: 90.559: [CMS-concurrent-sweep-start]
2019-05-24T17:23:21.282+0800: 90.585: [CMS-concurrent-sweep: 0.026/0.026 secs] [Times: user=0.03 sys=0.00, real=0.03 secs] 
2019-05-24T17:23:21.282+0800: 90.585: [CMS-concurrent-reset-start]
2019-05-24T17:23:21.284+0800: 90.587: [CMS-concurrent-reset: 0.002/0.002 secs] [Times: user=0.00 sys=0.00, real=0.00 secs] 
2019-05-24T17:23:22.257+0800: 91.560: Application time: 1.0007868 seconds
2019-05-24T17:23:26.258+0800: 95.561: Application time: 4.0007083 seconds
2019-05-24T17:23:29.259+0800: 98.562: Application time: 3.0007265 seconds
2019-05-24T17:23:30.259+0800: 99.562: Application time: 0.9999983 seconds
2019-05-24T17:23:31.261+0800: 100.564: Application time: 1.0009876 seconds
2019-05-24T17:23:33.087+0800: 102.390: Application time: 1.8261778 seconds
2019-05-24T17:23:33.089+0800: 102.393: Application time: 0.0022647 seconds
2019-05-24T17:23:34.090+0800: 103.393: Application time: 0.9999966 seconds
2019-05-24T17:23:37.092+0800: 106.395: Application time: 3.0011890 seconds
2019-05-24T17:23:38.092+0800: 107.395: Application time: 1.0002031 seconds
2019-05-24T17:23:40.093+0800: 109.396: Application time: 2.0010615 seconds
2019-05-24T17:23:41.094+0800: 110.397: Application time: 1.0003829 seconds
2019-05-24T17:23:42.095+0800: 111.398: Application time: 1.0004494 seconds
2019-05-24T17:23:44.116+0800: 113.419: Application time: 2.0214858 seconds
2019-05-24T17:23:46.117+0800: 115.421: Application time: 2.0010462 seconds
2019-05-24T17:23:47.118+0800: 116.421: Application time: 1.0002304 seconds
2019-05-24T17:23:48.118+0800: 117.421: Application time: 1.0002918 seconds
2019-05-24T17:23:48.287+0800: 117.591: Application time: 0.1690715 seconds
2019-05-24T17:23:48.289+0800: 117.593: Application time: 0.0020412 seconds
2019-05-24T17:23:48.809+0800: 118.113: Application time: 0.5194989 seconds
2019-05-24T17:23:48.814+0800: 118.117: Application time: 0.0046353 seconds
{Heap before GC invocations=285 (full 23):
 par new generation   total 39296K, used 38300K [0x0000000081800000, 0x00000000842a0000, 0x00000000964c0000)
  eden space 34944K, 100% used [0x0000000081800000, 0x0000000083a20000, 0x0000000083a20000)
  from space 4352K,  77% used [0x0000000083e60000, 0x00000000841a73c8, 0x00000000842a0000)
  to   space 4352K,   0% used [0x0000000083a20000, 0x0000000083a20000, 0x0000000083e60000)
 concurrent mark-sweep generation total 115024K, used 57610K [0x00000000964c0000, 0x000000009d514000, 0x0000000100000000)
 Metaspace       used 87948K, capacity 91807K, committed 91956K, reserved 1128448K
  class space    used 11850K, capacity 12558K, committed 12596K, reserved 1048576K
2019-05-24T17:23:48.815+0800: 118.118: [GC (Allocation Failure) 2019-05-24T17:23:48.815+0800: 118.118: [ParNew: 38300K->3015K(39296K), 0.0053020 secs] 95911K->60626K(154320K), 0.0054921 secs] [Times: user=0.00 sys=0.00, real=0.00 secs] 
Heap after GC invocations=286 (full 23):
 par new generation   total 39296K, used 3015K [0x0000000081800000, 0x00000000842a0000, 0x00000000964c0000)
  eden space 34944K,   0% used [0x0000000081800000, 0x0000000081800000, 0x0000000083a20000)
  from space 4352K,  69% used [0x0000000083a20000, 0x0000000083d11fa8, 0x0000000083e60000)
  to   space 4352K,   0% used [0x0000000083e60000, 0x0000000083e60000, 0x00000000842a0000)
 concurrent mark-sweep generation total 115024K, used 57610K [0x00000000964c0000, 0x000000009d514000, 0x0000000100000000)
 Metaspace       used 87948K, capacity 91807K, committed 91956K, reserved 1128448K
  class space    used 11850K, capacity 12558K, committed 12596K, reserved 1048576K
}
2019-05-24T17:23:49.654+0800: 118.957: Application time: 0.8336308 seconds
2019-05-24T17:23:50.168+0800: 119.471: Application time: 0.5139910 seconds
2019-05-24T17:23:51.169+0800: 120.472: Application time: 1.0009250 seconds
2019-05-24T17:23:56.173+0800: 125.476: Application time: 5.0035180 seconds
2019-05-24T17:23:59.175+0800: 128.478: Application time: 3.0021111 seconds
2019-05-24T17:24:02.177+0800: 131.481: Application time: 3.0019860 seconds
2019-05-24T17:24:02.318+0800: 131.621: Application time: 0.1404598 seconds
2019-05-24T17:24:02.415+0800: 131.719: Application time: 0.0972635 seconds
2019-05-24T17:24:02.416+0800: 131.719: Application time: 0.0000842 seconds
2019-05-24T17:24:02.416+0800: 131.719: Application time: 0.0000802 seconds
2019-05-24T17:24:02.416+0800: 131.719: Application time: 0.0000631 seconds
2019-05-24T17:24:02.417+0800: 131.720: Application time: 0.0001297 seconds
2019-05-24T17:24:02.417+0800: 131.720: Application time: 0.0001633 seconds
2019-05-24T17:24:05.418+0800: 134.721: Application time: 3.0006940 seconds
2019-05-24T17:24:06.418+0800: 135.721: Application time: 1.0002918 seconds
2019-05-24T17:24:06.650+0800: 135.953: Application time: 0.2318438 seconds
2019-05-24T17:24:06.650+0800: 135.953: Application time: 0.0000893 seconds
2019-05-24T17:24:07.489+0800: 136.792: Application time: 0.8387474 seconds
2019-05-24T17:24:07.509+0800: 136.812: Application time: 0.0192193 seconds
2019-05-24T17:24:08.511+0800: 137.814: Application time: 1.0004904 seconds
2019-05-24T17:24:08.859+0800: 138.162: Application time: 0.3482373 seconds
2019-05-24T17:24:08.915+0800: 138.219: Application time: 0.0560134 seconds
2019-05-24T17:24:08.941+0800: 138.245: Application time: 0.0250760 seconds
2019-05-24T17:24:08.942+0800: 138.245: Application time: 0.0003584 seconds
2019-05-24T17:24:09.943+0800: 139.246: Application time: 1.0004460 seconds
2019-05-24T17:24:11.608+0800: 140.912: Application time: 1.6656015 seconds
2019-05-24T17:24:12.610+0800: 141.913: Application time: 1.0009438 seconds
2019-05-24T17:24:13.611+0800: 142.914: Application time: 1.0007902 seconds
2019-05-24T17:24:14.612+0800: 143.915: Application time: 1.0008522 seconds
2019-05-24T17:24:15.612+0800: 144.915: Application time: 0.9998288 seconds
2019-05-24T17:24:16.610+0800: 145.913: Application time: 0.9977654 seconds
2019-05-24T17:24:17.611+0800: 146.914: Application time: 1.0008294 seconds
2019-05-24T17:24:18.322+0800: 147.625: Application time: 0.7110079 seconds
{Heap before GC invocations=286 (full 23):
 par new generation   total 39296K, used 37959K [0x0000000081800000, 0x00000000842a0000, 0x00000000964c0000)
  eden space 34944K, 100% used [0x0000000081800000, 0x0000000083a20000, 0x0000000083a20000)
  from space 4352K,  69% used [0x0000000083a20000, 0x0000000083d11fa8, 0x0000000083e60000)
  to   space 4352K,   0% used [0x0000000083e60000, 0x0000000083e60000, 0x00000000842a0000)
 concurrent mark-sweep generation total 115024K, used 57610K [0x00000000964c0000, 0x000000009d514000, 0x0000000100000000)
 Metaspace       used 88806K, capacity 92745K, committed 93108K, reserved 1130496K
  class space    used 11934K, capacity 12643K, committed 12724K, reserved 1048576K
2019-05-24T17:24:18.322+0800: 147.625: [GC (Allocation Failure) 2019-05-24T17:24:18.322+0800: 147.626: [ParNew: 37959K->4351K(39296K), 0.0067112 secs] 95570K->62436K(154320K), 0.0069695 secs] [Times: user=0.06 sys=0.00, real=0.01 secs] 
Heap after GC invocations=287 (full 23):
 par new generation   total 39296K, used 4351K [0x0000000081800000, 0x00000000842a0000, 0x00000000964c0000)
  eden space 34944K,   0% used [0x0000000081800000, 0x0000000081800000, 0x0000000083a20000)
  from space 4352K,  99% used [0x0000000083e60000, 0x000000008429fff8, 0x00000000842a0000)
  to   space 4352K,   0% used [0x0000000083a20000, 0x0000000083a20000, 0x0000000083e60000)
 concurrent mark-sweep generation total 115024K, used 58084K [0x00000000964c0000, 0x000000009d514000, 0x0000000100000000)
 Metaspace       used 88806K, capacity 92745K, committed 93108K, reserved 1130496K
  class space    used 11934K, capacity 12643K, committed 12724K, reserved 1048576K
}
2019-05-24T17:24:18.331+0800: 147.635: Application time: 0.0022300 seconds
2019-05-24T17:24:18.345+0800: 147.649: Application time: 0.0139144 seconds
2019-05-24T17:24:18.346+0800: 147.649: Application time: 0.0001496 seconds
2019-05-24T17:24:18.346+0800: 147.649: Application time: 0.0000501 seconds
2019-05-24T17:24:18.346+0800: 147.650: Application time: 0.0000626 seconds
2019-05-24T17:24:18.346+0800: 147.650: Application time: 0.0000375 seconds
2019-05-24T17:24:18.347+0800: 147.650: Application time: 0.0000444 seconds
2019-05-24T17:24:18.347+0800: 147.650: Application time: 0.0000472 seconds
2019-05-24T17:24:18.347+0800: 147.650: Application time: 0.0000540 seconds
2019-05-24T17:24:18.347+0800: 147.651: Application time: 0.0000734 seconds
2019-05-24T17:24:18.347+0800: 147.651: Application time: 0.0000461 seconds
2019-05-24T17:24:18.348+0800: 147.651: Application time: 0.0000887 seconds
2019-05-24T17:24:18.348+0800: 147.651: Application time: 0.0000415 seconds
2019-05-24T17:24:18.348+0800: 147.651: Application time: 0.0000415 seconds
2019-05-24T17:24:18.348+0800: 147.652: Application time: 0.0000404 seconds
2019-05-24T17:24:18.348+0800: 147.652: Application time: 0.0000427 seconds
2019-05-24T17:24:18.349+0800: 147.652: Application time: 0.0000705 seconds
2019-05-24T17:24:18.349+0800: 147.652: Application time: 0.0000575 seconds
2019-05-24T17:24:18.350+0800: 147.654: Application time: 0.0012641 seconds
2019-05-24T17:24:18.351+0800: 147.654: Application time: 0.0000859 seconds
2019-05-24T17:24:18.351+0800: 147.654: Application time: 0.0000649 seconds
2019-05-24T17:24:18.351+0800: 147.654: Application time: 0.0000592 seconds
2019-05-24T17:24:18.352+0800: 147.655: Application time: 0.0003004 seconds
2019-05-24T17:24:19.352+0800: 148.655: Application time: 0.9998771 seconds
2019-05-24T17:24:19.843+0800: 149.147: Application time: 0.4910556 seconds
2019-05-24T17:24:20.844+0800: 150.147: Application time: 1.0006588 seconds
2019-05-24T17:24:21.845+0800: 151.148: Application time: 1.0007430 seconds
2019-05-24T17:24:22.846+0800: 152.149: Application time: 1.0008067 seconds
2019-05-24T17:24:23.847+0800: 153.150: Application time: 1.0007208 seconds
2019-05-24T17:24:24.848+0800: 154.151: Application time: 1.0007731 seconds
2019-05-24T17:24:25.849+0800: 155.152: Application time: 1.0007811 seconds
2019-05-24T17:24:26.850+0800: 156.153: Application time: 1.0003977 seconds
2019-05-24T17:24:27.850+0800: 157.154: Application time: 1.0005234 seconds
2019-05-24T17:24:28.850+0800: 158.154: Application time: 0.9998157 seconds
2019-05-24T17:24:33.852+0800: 163.155: Application time: 5.0011844 seconds
2019-05-24T17:24:41.856+0800: 171.159: Application time: 8.0032102 seconds
2019-05-24T17:24:42.857+0800: 172.160: Application time: 1.0007424 seconds
2019-05-24T17:24:43.857+0800: 173.160: Application time: 1.0003601 seconds
2019-05-24T17:24:44.858+0800: 174.161: Application time: 1.0003209 seconds
2019-05-24T17:24:45.858+0800: 175.161: Application time: 1.0000489 seconds
2019-05-24T17:24:47.859+0800: 177.162: Application time: 2.0007743 seconds
2019-05-24T17:24:48.293+0800: 177.597: Application time: 0.4347106 seconds
2019-05-24T17:24:48.300+0800: 177.603: Application time: 0.0061053 seconds
2019-05-24T17:24:48.300+0800: 177.603: Application time: 0.0001274 seconds
2019-05-24T17:24:48.345+0800: 177.649: Application time: 0.0451186 seconds
2019-05-24T17:24:49.346+0800: 178.650: Application time: 1.0006076 seconds
2019-05-24T17:24:50.348+0800: 179.651: Application time: 1.0007333 seconds
2019-05-24T17:24:50.349+0800: 179.653: Application time: 0.0016703 seconds
2019-05-24T17:24:50.393+0800: 179.696: Application time: 0.0426905 seconds
2019-05-24T17:24:50.394+0800: 179.697: Application time: 0.0001559 seconds
2019-05-24T17:24:50.397+0800: 179.700: Application time: 0.0027255 seconds
2019-05-24T17:24:51.397+0800: 180.701: Application time: 1.0003425 seconds
2019-05-24T17:24:52.398+0800: 181.701: Application time: 0.9997514 seconds
2019-05-24T17:24:53.398+0800: 182.701: Application time: 0.9999738 seconds
2019-05-24T17:24:55.399+0800: 184.702: Application time: 2.0009313 seconds
2019-05-24T17:24:56.399+0800: 185.702: Application time: 1.0000859 seconds
2019-05-24T17:24:57.168+0800: 186.471: Application time: 0.7688577 seconds
2019-05-24T17:24:58.169+0800: 187.472: Application time: 1.0007418 seconds
2019-05-24T17:24:59.169+0800: 188.472: Application time: 0.9999704 seconds
2019-05-24T17:25:00.170+0800: 189.473: Application time: 1.0007174 seconds
2019-05-24T17:25:01.170+0800: 190.473: Application time: 1.0002338 seconds
2019-05-24T17:25:02.171+0800: 191.474: Application time: 1.0006901 seconds
2019-05-24T17:25:03.171+0800: 192.474: Application time: 0.9998771 seconds
2019-05-24T17:25:06.173+0800: 195.476: Application time: 3.0014979 seconds
2019-05-24T17:25:07.174+0800: 196.477: Application time: 1.0005558 seconds
2019-05-24T17:25:09.174+0800: 198.478: Application time: 2.0004796 seconds
2019-05-24T17:25:11.176+0800: 200.479: Application time: 2.0013522 seconds
2019-05-24T17:25:18.366+0800: 207.669: Application time: 7.1897420 seconds
2019-05-24T17:25:18.368+0800: 207.671: Application time: 0.0013358 seconds
2019-05-24T17:25:18.369+0800: 207.672: Application time: 0.0002435 seconds
2019-05-24T17:25:19.369+0800: 208.672: Application time: 0.9999363 seconds
2019-05-24T17:25:19.850+0800: 209.153: Application time: 0.4799612 seconds
2019-05-24T17:25:20.196+0800: 209.499: Application time: 0.3464254 seconds
2019-05-24T17:25:25.199+0800: 214.503: Application time: 5.0027159 seconds
2019-05-24T17:25:30.202+0800: 219.505: Application time: 5.0023381 seconds
2019-05-24T17:25:35.206+0800: 224.509: Application time: 5.0034827 seconds
2019-05-24T17:25:40.208+0800: 229.511: Application time: 5.0016048 seconds
2019-05-24T17:25:41.208+0800: 230.511: Application time: 1.0001143 seconds
2019-05-24T17:25:44.211+0800: 233.514: Application time: 3.0019490 seconds
2019-05-24T17:25:45.211+0800: 234.515: Application time: 1.0006025 seconds
2019-05-24T17:25:48.214+0800: 237.517: Application time: 3.0017971 seconds
2019-05-24T17:25:49.214+0800: 238.518: Application time: 1.0007452 seconds
2019-05-24T17:25:50.215+0800: 239.518: Application time: 1.0002020 seconds
2019-05-24T17:25:50.984+0800: 240.288: Application time: 0.7694197 seconds
2019-05-24T17:25:50.984+0800: 240.288: Application time: 0.0000364 seconds
2019-05-24T17:25:51.985+0800: 241.289: Application time: 1.0009426 seconds
2019-05-24T17:26:00.990+0800: 250.294: Application time: 9.0046876 seconds
2019-05-24T17:26:02.991+0800: 252.294: Application time: 2.0006781 seconds
2019-05-24T17:26:03.992+0800: 253.295: Application time: 1.0007737 seconds
2019-05-24T17:26:04.993+0800: 254.296: Application time: 1.0003277 seconds
2019-05-24T17:26:09.994+0800: 259.297: Application time: 5.0010581 seconds
2019-05-24T17:26:09.994+0800: 259.297: Application time: 0.0001849 seconds
2019-05-24T17:26:09.998+0800: 259.302: Application time: 0.0040038 seconds
2019-05-24T17:26:10.999+0800: 260.302: Application time: 1.0005564 seconds
2019-05-24T17:26:12.000+0800: 261.303: Application time: 1.0002651 seconds
2019-05-24T17:26:19.002+0800: 268.305: Application time: 7.0019752 seconds
2019-05-24T17:26:20.002+0800: 269.305: Application time: 0.9998583 seconds
2019-05-24T17:26:21.003+0800: 270.306: Application time: 1.0007492 seconds
2019-05-24T17:26:24.005+0800: 273.308: Application time: 3.0014376 seconds
2019-05-24T17:26:25.005+0800: 274.308: Application time: 1.0002992 seconds
2019-05-24T17:26:26.094+0800: 275.397: Application time: 1.0003664 seconds
2019-05-24T17:26:30.096+0800: 279.399: Application time: 4.0011861 seconds
2019-05-24T17:26:32.097+0800: 281.401: Application time: 2.0013056 seconds
2019-05-24T17:26:39.101+0800: 288.404: Application time: 7.0034042 seconds
2019-05-24T17:26:42.102+0800: 291.405: Application time: 3.0007589 seconds
2019-05-24T17:26:49.105+0800: 298.408: Application time: 7.0026305 seconds
2019-05-24T17:26:50.106+0800: 299.409: Application time: 1.0007475 seconds
2019-05-24T17:26:51.012+0800: 300.315: Application time: 0.9057789 seconds
2019-05-24T17:26:51.012+0800: 300.315: Application time: 0.0000398 seconds
2019-05-24T17:26:51.994+0800: 301.298: Application time: 0.9824697 seconds
2019-05-24T17:26:52.044+0800: 301.347: Application time: 0.0496196 seconds
2019-05-24T17:26:52.044+0800: 301.348: Application time: 0.0000779 seconds
2019-05-24T17:26:52.046+0800: 301.350: Application time: 0.0018785 seconds
2019-05-24T17:26:52.063+0800: 301.366: Application time: 0.0159477 seconds
2019-05-24T17:26:53.063+0800: 302.367: Application time: 1.0007481 seconds
2019-05-24T17:27:00.012+0800: 309.315: Application time: 6.9484410 seconds
2019-05-24T17:27:00.012+0800: 309.315: Application time: 0.0000461 seconds
2019-05-24T17:27:00.012+0800: 309.316: Application time: 0.0000398 seconds
2019-05-24T17:27:00.012+0800: 309.316: Application time: 0.0000341 seconds
2019-05-24T17:27:00.013+0800: 309.316: Application time: 0.0000353 seconds
2019-05-24T17:27:00.013+0800: 309.316: Application time: 0.0000330 seconds
2019-05-24T17:27:00.013+0800: 309.316: Application time: 0.0000324 seconds
2019-05-24T17:27:00.013+0800: 309.316: Application time: 0.0000324 seconds
2019-05-24T17:27:00.013+0800: 309.316: Application time: 0.0000358 seconds
2019-05-24T17:27:00.013+0800: 309.317: Application time: 0.0000347 seconds
2019-05-24T17:27:00.013+0800: 309.317: Application time: 0.0000296 seconds
2019-05-24T17:27:00.014+0800: 309.317: Application time: 0.0000296 seconds
2019-05-24T17:27:00.014+0800: 309.317: Application time: 0.0000347 seconds
2019-05-24T17:27:00.014+0800: 309.317: Application time: 0.0000336 seconds
2019-05-24T17:27:00.014+0800: 309.317: Application time: 0.0000364 seconds
2019-05-24T17:27:00.014+0800: 309.318: Application time: 0.0000324 seconds
2019-05-24T17:27:00.014+0800: 309.318: Application time: 0.0000313 seconds
2019-05-24T17:27:00.014+0800: 309.318: Application time: 0.0000484 seconds
2019-05-24T17:27:00.015+0800: 309.318: Application time: 0.0000313 seconds
2019-05-24T17:27:00.015+0800: 309.318: Application time: 0.0000438 seconds
2019-05-24T17:27:01.016+0800: 310.319: Application time: 1.0002469 seconds
2019-05-24T17:27:02.049+0800: 311.353: Application time: 1.0336862 seconds
2019-05-24T17:27:03.050+0800: 312.353: Application time: 1.0001462 seconds
2019-05-24T17:27:04.051+0800: 313.354: Application time: 1.0009415 seconds
2019-05-24T17:27:09.053+0800: 318.356: Application time: 5.0016145 seconds
2019-05-24T17:27:11.055+0800: 320.358: Application time: 2.0016560 seconds
2019-05-24T17:27:12.055+0800: 321.358: Application time: 1.0002475 seconds
2019-05-24T17:27:19.058+0800: 328.361: Application time: 7.0022255 seconds
2019-05-24T17:27:20.059+0800: 329.362: Application time: 1.0007049 seconds
2019-05-24T17:27:21.060+0800: 330.363: Application time: 1.0008886 seconds
2019-05-24T17:27:27.063+0800: 336.366: Application time: 6.0023728 seconds
2019-05-24T17:27:36.069+0800: 345.372: Application time: 9.0051666 seconds
2019-05-24T17:27:49.074+0800: 358.378: Application time: 13.0055427 seconds
2019-05-24T17:27:50.075+0800: 359.378: Application time: 1.0003527 seconds
2019-05-24T17:27:51.041+0800: 360.344: Application time: 0.9656448 seconds
2019-05-24T17:27:51.041+0800: 360.345: Application time: 0.0001417 seconds
2019-05-24T17:27:52.042+0800: 361.345: Application time: 1.0007424 seconds
2019-05-24T17:27:53.042+0800: 362.345: Application time: 0.9994123 seconds
2019-05-24T17:27:53.042+0800: 362.345: Application time: 0.0002031 seconds
2019-05-24T17:28:03.047+0800: 372.350: Application time: 10.0043150 seconds
2019-05-24T17:28:12.050+0800: 381.354: Application time: 9.0034765 seconds
2019-05-24T17:28:20.055+0800: 389.358: Application time: 8.0040875 seconds
2019-05-24T17:28:22.341+0800: 391.644: Application time: 2.2863376 seconds
2019-05-24T17:28:22.341+0800: 391.645: Application time: 0.0002076 seconds
2019-05-24T17:28:23.343+0800: 392.646: Application time: 1.0006650 seconds
2019-05-24T17:28:26.344+0800: 395.647: Application time: 3.0007640 seconds
2019-05-24T17:28:30.346+0800: 399.649: Application time: 4.0021379 seconds
2019-05-24T17:28:32.353+0800: 401.656: Application time: 2.0063027 seconds
2019-05-24T17:28:37.199+0800: 406.503: Application time: 4.8467192 seconds
{Heap before GC invocations=287 (full 23):
 par new generation   total 39296K, used 39295K [0x0000000081800000, 0x00000000842a0000, 0x00000000964c0000)
  eden space 34944K, 100% used [0x0000000081800000, 0x0000000083a20000, 0x0000000083a20000)
  from space 4352K,  99% used [0x0000000083e60000, 0x000000008429fff8, 0x00000000842a0000)
  to   space 4352K,   0% used [0x0000000083a20000, 0x0000000083a20000, 0x0000000083e60000)
 concurrent mark-sweep generation total 115024K, used 58084K [0x00000000964c0000, 0x000000009d514000, 0x0000000100000000)
 Metaspace       used 89933K, capacity 94041K, committed 94132K, reserved 1130496K
  class space    used 11962K, capacity 12685K, committed 12724K, reserved 1048576K
2019-05-24T17:28:37.200+0800: 406.504: [GC (Allocation Failure) 2019-05-24T17:28:37.200+0800: 406.504: [ParNew: 39295K->3220K(39296K), 0.0206370 secs] 97380K->62201K(154320K), 0.0209203 secs] [Times: user=0.02 sys=0.02, real=0.02 secs] 
Heap after GC invocations=288 (full 23):
 par new generation   total 39296K, used 3220K [0x0000000081800000, 0x00000000842a0000, 0x00000000964c0000)
  eden space 34944K,   0% used [0x0000000081800000, 0x0000000081800000, 0x0000000083a20000)
  from space 4352K,  74% used [0x0000000083a20000, 0x0000000083d45310, 0x0000000083e60000)
  to   space 4352K,   0% used [0x0000000083e60000, 0x0000000083e60000, 0x00000000842a0000)
 concurrent mark-sweep generation total 115024K, used 58980K [0x00000000964c0000, 0x000000009d514000, 0x0000000100000000)
 Metaspace       used 89933K, capacity 94041K, committed 94132K, reserved 1130496K
  class space    used 11962K, capacity 12685K, committed 12724K, reserved 1048576K
}
2019-05-24T17:28:38.222+0800: 407.525: Application time: 1.0005962 seconds
2019-05-24T17:28:41.224+0800: 410.527: Application time: 3.0010251 seconds
2019-05-24T17:28:49.226+0800: 418.530: Application time: 8.0027819 seconds
2019-05-24T17:28:50.227+0800: 419.530: Application time: 1.0002042 seconds
2019-05-24T17:28:50.260+0800: 419.564: Application time: 0.0338449 seconds
2019-05-24T17:28:51.262+0800: 420.565: Application time: 1.0008175 seconds
2019-05-24T17:29:03.268+0800: 432.571: Application time: 12.0060092 seconds
2019-05-24T17:29:06.626+0800: 435.929: Application time: 3.3578993 seconds
2019-05-24T17:29:06.857+0800: 436.160: Application time: 0.2309421 seconds
2019-05-24T17:29:13.601+0800: 442.905: Application time: 6.7441577 seconds
2019-05-24T17:29:13.602+0800: 442.905: Application time: 0.0002293 seconds
2019-05-24T17:29:19.605+0800: 448.908: Application time: 6.0025708 seconds
2019-05-24T17:29:20.605+0800: 449.908: Application time: 1.0003072 seconds
2019-05-24T17:29:23.087+0800: 452.390: Application time: 2.4815347 seconds
2019-05-24T17:29:23.087+0800: 452.391: Application time: 0.0002264 seconds
2019-05-24T17:29:30.527+0800: 459.830: Application time: 7.4394409 seconds
2019-05-24T17:29:30.527+0800: 459.831: Application time: 0.0001445 seconds
2019-05-24T17:29:36.530+0800: 465.833: Application time: 6.0020827 seconds
2019-05-24T17:29:38.103+0800: 467.407: Application time: 1.5734165 seconds
2019-05-24T17:29:48.311+0800: 477.614: Application time: 10.2073002 seconds
2019-05-24T17:29:49.311+0800: 478.615: Application time: 0.9999454 seconds
2019-05-24T17:29:49.322+0800: 478.625: Application time: 0.0099231 seconds
2019-05-24T17:29:50.322+0800: 479.626: Application time: 1.0000870 seconds
2019-05-24T17:29:50.929+0800: 480.232: Application time: 0.6063102 seconds
2019-05-24T17:29:51.103+0800: 480.406: Application time: 0.1736300 seconds
2019-05-24T17:29:51.103+0800: 480.406: Application time: 0.0002247 seconds
2019-05-24T17:29:52.103+0800: 481.406: Application time: 0.9998401 seconds
2019-05-24T17:29:52.259+0800: 481.562: Application time: 0.1550762 seconds
2019-05-24T17:29:54.260+0800: 483.563: Application time: 1.9999647 seconds
2019-05-24T17:30:03.263+0800: 492.566: Application time: 9.0026072 seconds
2019-05-24T17:30:19.271+0800: 508.574: Application time: 16.0077363 seconds
2019-05-24T17:30:21.271+0800: 510.575: Application time: 2.0004557 seconds
2019-05-24T17:30:29.275+0800: 518.579: Application time: 8.0038275 seconds
2019-05-24T17:30:30.275+0800: 519.579: Application time: 0.9999790 seconds
2019-05-24T17:30:31.130+0800: 520.433: Application time: 0.8541438 seconds
2019-05-24T17:30:31.130+0800: 520.434: Application time: 0.0001587 seconds
2019-05-24T17:30:32.131+0800: 521.434: Application time: 1.0002088 seconds
2019-05-24T17:30:32.678+0800: 521.981: Application time: 0.5463750 seconds
2019-05-24T17:30:32.679+0800: 521.982: Application time: 0.0001058 seconds
2019-05-24T17:30:33.680+0800: 522.983: Application time: 1.0008636 seconds
2019-05-24T17:30:38.258+0800: 527.561: Application time: 4.5772264 seconds
2019-05-24T17:30:40.259+0800: 529.562: Application time: 2.0012254 seconds
2019-05-24T17:30:45.714+0800: 535.018: Application time: 5.4548095 seconds
2019-05-24T17:30:45.714+0800: 535.018: Application time: 0.0000444 seconds
2019-05-24T17:30:46.715+0800: 536.019: Application time: 1.0001974 seconds
2019-