Java HotSpot(TM) 64-Bit Server VM (25.181-b13) for windows-amd64 JRE (1.8.0_181-b13), built on Jul  7 2018 04:01:33 by "java_re" with MS VC++ 10.0 (VS2010)
Memory: 4k page, physical 8282780k(2745200k free), swap 18768540k(11198344k free)
CommandLine flags: -XX:+CMSClassUnloadingEnabled -XX:CMSFullGCsBeforeCompaction=9 -XX:CMSInitiatingOccupancyFraction=60 -XX:+CMSParallelRemarkEnabled -XX:+DisableExplicitGC -XX:+ExplicitGCInvokesConcurrent -XX:GCLogFileSize=5242880 -XX:+HeapDumpOnOutOfMemoryError -XX:HeapDumpPath=D:/practice/jj/j-apollo/apollo-adminservice/logs/HeapDumpOnOutOfMemoryError/ -XX:InitialHeapSize=132524480 -XX:MaxHeapSize=2120391680 -XX:MaxNewSize=348966912 -XX:MaxTenuringThreshold=9 -XX:NumberOfGCLogFiles=5 -XX:OldPLABSize=16 -XX:-OmitStackTraceInFastThrow -XX:ParallelGCThreads=4 -XX:+PrintGC -XX:+PrintGCApplicationConcurrentTime -XX:+PrintGCDateStamps -XX:+PrintGCDetails -XX:+PrintGCTimeStamps -XX:+PrintHeapAtGC -XX:+ScavengeBeforeFullGC -XX:SoftRefLRUPolicyMSPerMB=0 -XX:+UseCMSCompactAtFullCollection -XX:+UseCMSInitiatingOccupancyOnly -XX:+UseCompressedClassPointers -XX:+UseCompressedOops -XX:+UseConcMarkSweepGC -XX:+UseGCLogFileRotation -XX:-UseLargePagesIndividualAllocation -XX:+UseParNewGC 
2019-05-24T17:21:39.736+0800: 1.209: Application time: 0.9524620 seconds
2019-05-24T17:21:40.401+0800: 1.873: Application time: 0.6621529 seconds
2019-05-24T17:21:40.589+0800: 2.061: Application time: 0.1879990 seconds
{Heap before GC invocations=0 (full 0):
 par new generation   total 39296K, used 34944K [0x0000000081800000, 0x00000000842a0000, 0x00000000964c0000)
  eden space 34944K, 100% used [0x0000000081800000, 0x0000000083a20000, 0x0000000083a20000)
  from space 4352K,   0% used [0x0000000083a20000, 0x0000000083a20000, 0x0000000083e60000)
  to   space 4352K,   0% used [0x0000000083e60000, 0x0000000083e60000, 0x00000000842a0000)
 concurrent mark-sweep generation total 87424K, used 0K [0x00000000964c0000, 0x000000009ba20000, 0x0000000100000000)
 Metaspace       used 4334K, capacity 5136K, committed 5376K, reserved 1056768K
  class space    used 450K, capacity 504K, committed 512K, reserved 1048576K
2019-05-24T17:21:40.589+0800: 2.061: [GC (Allocation Failure) 2019-05-24T17:21:40.590+0800: 2.061: [ParNew: 34944K->4352K(39296K), 0.0423191 secs] 34944K->14169K(126720K), 0.0425790 secs] [Times: user=0.09 sys=0.01, real=0.04 secs] 
Heap after GC invocations=1 (full 0):
 par new generation   total 39296K, used 4352K [0x0000000081800000, 0x00000000842a0000, 0x00000000964c0000)
  eden space 34944K,   0% used [0x0000000081800000, 0x0000000081800000, 0x0000000083a20000)
  from space 4352K, 100% used [0x0000000083e60000, 0x00000000842a0000, 0x00000000842a0000)
  to   space 4352K,   0% used [0x0000000083a20000, 0x0000000083a20000, 0x0000000083e60000)
 concurrent mark-sweep generation total 87424K, used 9817K [0x00000000964c0000, 0x000000009ba20000, 0x0000000100000000)
 Metaspace       used 4334K, capacity 5136K, committed 5376K, reserved 1056768K
  class space    used 450K, capacity 504K, committed 512K, reserved 1048576K
}
2019-05-24T17:21:40.686+0800: 2.159: Application time: 0.0546804 seconds
2019-05-24T17:21:40.711+0800: 2.183: Application time: 0.0240202 seconds
2019-05-24T17:21:40.798+0800: 2.270: Application time: 0.0875736 seconds
{Heap before GC invocations=1 (full 0):
 par new generation   total 39296K, used 39296K [0x0000000081800000, 0x00000000842a0000, 0x00000000964c0000)
  eden space 34944K, 100% used [0x0000000081800000, 0x0000000083a20000, 0x0000000083a20000)
  from space 4352K, 100% used [0x0000000083e60000, 0x00000000842a0000, 0x00000000842a0000)
  to   space 4352K,   0% used [0x0000000083a20000, 0x0000000083a20000, 0x0000000083e60000)
 concurrent mark-sweep generation total 87424K, used 9817K [0x00000000964c0000, 0x000000009ba20000, 0x0000000100000000)
 Metaspace       used 5133K, capacity 5648K, committed 5760K, reserved 1056768K
  class space    used 570K, capacity 632K, committed 640K, reserved 1048576K
2019-05-24T17:21:40.798+0800: 2.271: [GC (Allocation Failure) 2019-05-24T17:21:40.798+0800: 2.271: [ParNew: 39296K->4351K(39296K), 0.0072397 secs] 49113K->18566K(126720K), 0.0073529 secs] [Times: user=0.00 sys=0.00, real=0.01 secs] 
Heap after GC invocations=2 (full 0):
 par new generation   total 39296K, used 4351K [0x0000000081800000, 0x00000000842a0000, 0x00000000964c0000)
  eden space 34944K,   0% used [0x0000000081800000, 0x0000000081800000, 0x0000000083a20000)
  from space 4352K,  99% used [0x0000000083a20000, 0x0000000083e5fff8, 0x0000000083e60000)
  to   space 4352K,   0% used [0x0000000083e60000, 0x0000000083e60000, 0x00000000842a0000)
 concurrent mark-sweep generation total 87424K, used 14214K [0x00000000964c0000, 0x000000009ba20000, 0x0000000100000000)
 Metaspace       used 5133K, capacity 5648K, committed 5760K, reserved 1056768K
  class space    used 570K, capacity 632K, committed 640K, reserved 1048576K
}
2019-05-24T17:21:40.823+0800: 2.295: Application time: 0.0169614 seconds
2019-05-24T17:21:41.026+0800: 2.498: Application time: 0.2031394 seconds
{Heap before GC invocations=2 (full 0):
 par new generation   total 39296K, used 39295K [0x0000000081800000, 0x00000000842a0000, 0x00000000964c0000)
  eden space 34944K, 100% used [0x0000000081800000, 0x0000000083a20000, 0x0000000083a20000)
  from space 4352K,  99% used [0x0000000083a20000, 0x0000000083e5fff8, 0x0000000083e60000)
  to   space 4352K,   0% used [0x0000000083e60000, 0x0000000083e60000, 0x00000000842a0000)
 concurrent mark-sweep generation total 87424K, used 14214K [0x00000000964c0000, 0x000000009ba20000, 0x0000000100000000)
 Metaspace       used 6892K, capacity 7060K, committed 7296K, reserved 1056768K
  class space    used 820K, capacity 888K, committed 896K, reserved 1048576K
2019-05-24T17:21:41.026+0800: 2.498: [GC (Allocation Failure) 2019-05-24T17:21:41.026+0800: 2.498: [ParNew: 39295K->1545K(39296K), 0.0012749 secs] 53510K->15759K(126720K), 0.0013676 secs] [Times: user=0.03 sys=0.00, real=0.00 secs] 
Heap after GC invocations=3 (full 0):
 par new generation   total 39296K, used 1545K [0x0000000081800000, 0x00000000842a0000, 0x00000000964c0000)
  eden space 34944K,   0% used [0x0000000081800000, 0x0000000081800000, 0x0000000083a20000)
  from space 4352K,  35% used [0x0000000083e60000, 0x0000000083fe2470, 0x00000000842a0000)
  to   space 4352K,   0% used [0x0000000083a20000, 0x0000000083a20000, 0x0000000083e60000)
 concurrent mark-sweep generation total 87424K, used 14214K [0x00000000964c0000, 0x000000009ba20000, 0x0000000100000000)
 Metaspace       used 6892K, capacity 7060K, committed 7296K, reserved 1056768K
  class space    used 820K, capacity 888K, committed 896K, reserved 1048576K
}
2019-05-24T17:21:41.047+0800: 2.519: Application time: 0.0194509 seconds
2019-05-24T17:21:41.291+0800: 2.762: Application time: 0.2430088 seconds
{Heap before GC invocations=3 (full 0):
 par new generation   total 39296K, used 36489K [0x0000000081800000, 0x00000000842a0000, 0x00000000964c0000)
  eden space 34944K, 100% used [0x0000000081800000, 0x0000000083a20000, 0x0000000083a20000)
  from space 4352K,  35% used [0x0000000083e60000, 0x0000000083fe2470, 0x00000000842a0000)
  to   space 4352K,   0% used [0x0000000083a20000, 0x0000000083a20000, 0x0000000083e60000)
 concurrent mark-sweep generation total 87424K, used 14214K [0x00000000964c0000, 0x000000009ba20000, 0x0000000100000000)
 Metaspace       used 9052K, capacity 9328K, committed 9472K, reserved 1056768K
  class space    used 1070K, capacity 1156K, committed 1280K, reserved 1048576K
2019-05-24T17:21:41.291+0800: 2.762: [GC (Allocation Failure) 2019-05-24T17:21:41.291+0800: 2.763: [ParNew: 36489K->2071K(39296K), 0.0025816 secs] 50703K->16286K(126720K), 0.0026943 secs] [Times: user=0.05 sys=0.01, real=0.00 secs] 
Heap after GC invocations=4 (full 0):
 par new generation   total 39296K, used 2071K [0x0000000081800000, 0x00000000842a0000, 0x00000000964c0000)
  eden space 34944K,   0% used [0x0000000081800000, 0x0000000081800000, 0x0000000083a20000)
  from space 4352K,  47% used [0x0000000083a20000, 0x0000000083c25d30, 0x0000000083e60000)
  to   space 4352K,   0% used [0x0000000083e60000, 0x0000000083e60000, 0x00000000842a0000)
 concurrent mark-sweep generation total 87424K, used 14214K [0x00000000964c0000, 0x000000009ba20000, 0x0000000100000000)
 Metaspace       used 9052K, capacity 9328K, committed 9472K, reserved 1056768K
  class space    used 1070K, capacity 1156K, committed 1280K, reserved 1048576K
}
2019-05-24T17:21:41.465+0800: 2.937: Application time: 0.1716013 seconds
{Heap before GC invocations=4 (full 0):
 par new generation   total 39296K, used 37015K [0x0000000081800000, 0x00000000842a0000, 0x00000000964c0000)
  eden space 34944K, 100% used [0x0000000081800000, 0x0000000083a20000, 0x0000000083a20000)
  from space 4352K,  47% used [0x0000000083a20000, 0x0000000083c25d30, 0x0000000083e60000)
  to   space 4352K,   0% used [0x0000000083e60000, 0x0000000083e60000, 0x00000000842a0000)
 concurrent mark-sweep generation total 87424K, used 14214K [0x00000000964c0000, 0x000000009ba20000, 0x0000000100000000)
 Metaspace       used 9710K, capacity 9948K, committed 10240K, reserved 1058816K
  class space    used 1166K, capacity 1258K, committed 1280K, reserved 1048576K
2019-05-24T17:21:41.465+0800: 2.937: [GC (Allocation Failure) 2019-05-24T17:21:41.465+0800: 2.937: [ParNew: 37015K->2301K(39296K), 0.0016361 secs] 51230K->16516K(126720K), 0.0017516 secs] [Times: user=0.00 sys=0.00, real=0.00 secs] 
Heap after GC invocations=5 (full 0):
 par new generation   total 39296K, used 2301K [0x0000000081800000, 0x00000000842a0000, 0x00000000964c0000)
  eden space 34944K,   0% used [0x0000000081800000, 0x0000000081800000, 0x0000000083a20000)
  from space 4352K,  52% used [0x0000000083e60000, 0x000000008409f690, 0x00000000842a0000)
  to   space 4352K,   0% used [0x0000000083a20000, 0x0000000083a20000, 0x0000000083e60000)
 concurrent mark-sweep generation total 87424K, used 14214K [0x00000000964c0000, 0x000000009ba20000, 0x0000000100000000)
 Metaspace       used 9710K, capacity 9948K, committed 10240K, reserved 1058816K
  class space    used 1166K, capacity 1258K, committed 1280K, reserved 1048576K
}
2019-05-24T17:21:41.581+0800: 3.053: Application time: 0.1141287 seconds
{Heap before GC invocations=5 (full 0):
 par new generation   total 39296K, used 37245K [0x0000000081800000, 0x00000000842a0000, 0x00000000964c0000)
  eden space 34944K, 100% used [0x0000000081800000, 0x0000000083a20000, 0x0000000083a20000)
  from space 4352K,  52% used [0x0000000083e60000, 0x000000008409f690, 0x00000000842a0000)
  to   space 4352K,   0% used [0x0000000083a20000, 0x0000000083a20000, 0x0000000083e60000)
 concurrent mark-sweep generation total 87424K, used 14214K [0x00000000964c0000, 0x000000009ba20000, 0x0000000100000000)
 Metaspace       used 10406K, capacity 10690K, committed 10880K, reserved 1058816K
  class space    used 1275K, capacity 1375K, committed 1408K, reserved 1048576K
2019-05-24T17:21:41.581+0800: 3.053: [GC (Allocation Failure) 2019-05-24T17:21:41.581+0800: 3.053: [ParNew: 37245K->2262K(39296K), 0.0015320 secs] 51460K->16477K(126720K), 0.0016430 secs] [Times: user=0.00 sys=0.00, real=0.00 secs] 
Heap after GC invocations=6 (full 0):
 par new generation   total 39296K, used 2262K [0x0000000081800000, 0x00000000842a0000, 0x00000000964c0000)
  eden space 34944K,   0% used [0x0000000081800000, 0x0000000081800000, 0x0000000083a20000)
  from space 4352K,  51% used [0x0000000083a20000, 0x0000000083c55bf0, 0x0000000083e60000)
  to   space 4352K,   0% used [0x0000000083e60000, 0x0000000083e60000, 0x00000000842a0000)
 concurrent mark-sweep generation total 87424K, used 14214K [0x00000000964c0000, 0x000000009ba20000, 0x0000000100000000)
 Metaspace       used 10406K, capacity 10690K, committed 10880K, reserved 1058816K
  class space    used 1275K, capacity 1375K, committed 1408K, reserved 1048576K
}
2019-05-24T17:21:41.662+0800: 3.134: Application time: 0.0787490 seconds
{Heap before GC invocations=6 (full 0):
 par new generation   total 39296K, used 37206K [0x0000000081800000, 0x00000000842a0000, 0x00000000964c0000)
  eden space 34944K, 100% used [0x0000000081800000, 0x0000000083a20000, 0x0000000083a20000)
  from space 4352K,  51% used [0x0000000083a20000, 0x0000000083c55bf0, 0x0000000083e60000)
  to   space 4352K,   0% used [0x0000000083e60000, 0x0000000083e60000, 0x00000000842a0000)
 concurrent mark-sweep generation total 87424K, used 14214K [0x00000000964c0000, 0x000000009ba20000, 0x0000000100000000)
 Metaspace       used 10848K, capacity 11162K, committed 11264K, reserved 1058816K
  class space    used 1333K, capacity 1443K, committed 1536K, reserved 1048576K
2019-05-24T17:21:41.662+0800: 3.134: [GC (Allocation Failure) 2019-05-24T17:21:41.662+0800: 3.134: [ParNew: 37206K->2473K(39296K), 0.0016043 secs] 51421K->16688K(126720K), 0.0017101 secs] [Times: user=0.00 sys=0.00, real=0.00 secs] 
Heap after GC invocations=7 (full 0):
 par new generation   total 39296K, used 2473K [0x0000000081800000, 0x00000000842a0000, 0x00000000964c0000)
  eden space 34944K,   0% used [0x0000000081800000, 0x0000000081800000, 0x0000000083a20000)
  from space 4352K,  56% used [0x0000000083e60000, 0x00000000840ca6b8, 0x00000000842a0000)
  to   space 4352K,   0% used [0x0000000083a20000, 0x0000000083a20000, 0x0000000083e60000)
 concurrent mark-sweep generation total 87424K, used 14214K [0x00000000964c0000, 0x000000009ba20000, 0x0000000100000000)
 Metaspace       used 10848K, capacity 11162K, committed 11264K, reserved 1058816K
  class space    used 1333K, capacity 1443K, committed 1536K, reserved 1048576K
}
2019-05-24T17:21:41.761+0800: 3.234: Application time: 0.0980952 seconds
{Heap before GC invocations=7 (full 0):
 par new generation   total 39296K, used 37417K [0x0000000081800000, 0x00000000842a0000, 0x00000000964c0000)
  eden space 34944K, 100% used [0x0000000081800000, 0x0000000083a20000, 0x0000000083a20000)
  from space 4352K,  56% used [0x0000000083e60000, 0x00000000840ca6b8, 0x00000000842a0000)
  to   space 4352K,   0% used [0x0000000083a20000, 0x0000000083a20000, 0x0000000083e60000)
 concurrent mark-sweep generation total 87424K, used 14214K [0x00000000964c0000, 0x000000009ba20000, 0x0000000100000000)
 Metaspace       used 11452K, capacity 11718K, committed 12032K, reserved 1060864K
  class space    used 1388K, capacity 1477K, committed 1536K, reserved 1048576K
2019-05-24T17:21:41.762+0800: 3.234: [GC (Allocation Failure) 2019-05-24T17:21:41.762+0800: 3.234: [ParNew: 37417K->2649K(39296K), 0.0018057 secs] 51632K->16864K(126720K), 0.0019029 secs] [Times: user=0.00 sys=0.00, real=0.00 secs] 
Heap after GC invocations=8 (full 0):
 par new generation   total 39296K, used 2649K [0x0000000081800000, 0x00000000842a0000, 0x00000000964c0000)
  eden space 34944K,   0% used [0x0000000081800000, 0x0000000081800000, 0x0000000083a20000)
  from space 4352K,  60% used [0x0000000083a20000, 0x0000000083cb6728, 0x0000000083e60000)
  to   space 4352K,   0% used [0x0000000083e60000, 0x0000000083e60000, 0x00000000842a0000)
 concurrent mark-sweep generation total 87424K, used 14214K [0x00000000964c0000, 0x000000009ba20000, 0x0000000100000000)
 Metaspace       used 11452K, capacity 11718K, committed 12032K, reserved 1060864K
  class space    used 1388K, capacity 1477K, committed 1536K, reserved 1048576K
}
2019-05-24T17:21:41.847+0800: 3.319: Application time: 0.0836187 seconds
{Heap before GC invocations=8 (full 0):
 par new generation   total 39296K, used 37593K [0x0000000081800000, 0x00000000842a0000, 0x00000000964c0000)
  eden space 34944K, 100% used [0x0000000081800000, 0x0000000083a20000, 0x0000000083a20000)
  from space 4352K,  60% used [0x0000000083a20000, 0x0000000083cb6728, 0x0000000083e60000)
  to   space 4352K,   0% used [0x0000000083e60000, 0x0000000083e60000, 0x00000000842a0000)
 concurrent mark-sweep generation total 87424K, used 14214K [0x00000000964c0000, 0x000000009ba20000, 0x0000000100000000)
 Metaspace       used 12301K, capacity 12634K, committed 12928K, reserved 1060864K
  class space    used 1489K, capacity 1591K, committed 1664K, reserved 1048576K
2019-05-24T17:21:41.847+0800: 3.319: [GC (Allocation Failure) 2019-05-24T17:21:41.847+0800: 3.319: [ParNew: 37593K->2940K(39296K), 0.0018051 secs] 51808K->17155K(126720K), 0.0019075 secs] [Times: user=0.00 sys=0.00, real=0.00 secs] 
Heap after GC invocations=9 (full 0):
 par new generation   total 39296K, used 2940K [0x0000000081800000, 0x00000000842a0000, 0x00000000964c0000)
  eden space 34944K,   0% used [0x0000000081800000, 0x0000000081800000, 0x0000000083a20000)
  from space 4352K,  67% used [0x0000000083e60000, 0x000000008413f288, 0x00000000842a0000)
  to   space 4352K,   0% used [0x0000000083a20000, 0x0000000083a20000, 0x0000000083e60000)
 concurrent mark-sweep generation total 87424K, used 14214K [0x00000000964c0000, 0x000000009ba20000, 0x0000000100000000)
 Metaspace       used 12301K, capacity 12634K, committed 12928K, reserved 1060864K
  class space    used 1489K, capacity 1591K, committed 1664K, reserved 1048576K
}
2019-05-24T17:21:41.947+0800: 3.419: Application time: 0.0979205 seconds
{Heap before GC invocations=9 (full 0):
 par new generation   total 39296K, used 37884K [0x0000000081800000, 0x00000000842a0000, 0x00000000964c0000)
  eden space 34944K, 100% used [0x0000000081800000, 0x0000000083a20000, 0x0000000083a20000)
  from space 4352K,  67% used [0x0000000083e60000, 0x000000008413f288, 0x00000000842a0000)
  to   space 4352K,   0% used [0x0000000083a20000, 0x0000000083a20000, 0x0000000083e60000)
 concurrent mark-sweep generation total 87424K, used 14214K [0x00000000964c0000, 0x000000009ba20000, 0x0000000100000000)
 Metaspace       used 13189K, capacity 13516K, committed 13824K, reserved 1060864K
  class space    used 1590K, capacity 1678K, committed 1792K, reserved 1048576K
2019-05-24T17:21:41.947+0800: 3.419: [GC (Allocation Failure) 2019-05-24T17:21:41.947+0800: 3.420: [ParNew: 37884K->3319K(39296K), 0.0021612 secs] 52099K->17707K(126720K), 0.0022636 secs] [Times: user=0.06 sys=0.00, real=0.00 secs] 
Heap after GC invocations=10 (full 0):
 par new generation   total 39296K, used 3319K [0x0000000081800000, 0x00000000842a0000, 0x00000000964c0000)
  eden space 34944K,   0% used [0x0000000081800000, 0x0000000081800000, 0x0000000083a20000)
  from space 4352K,  76% used [0x0000000083a20000, 0x0000000083d5de08, 0x0000000083e60000)
  to   space 4352K,   0% used [0x0000000083e60000, 0x0000000083e60000, 0x00000000842a0000)
 concurrent mark-sweep generation total 87424K, used 14388K [0x00000000964c0000, 0x000000009ba20000, 0x0000000100000000)
 Metaspace       used 13189K, capacity 13516K, committed 13824K, reserved 1060864K
  class space    used 1590K, capacity 1678K, committed 1792K, reserved 1048576K
}
2019-05-24T17:21:41.983+0800: 3.455: Application time: 0.0332140 seconds
2019-05-24T17:21:42.226+0800: 3.698: Application time: 0.2427061 seconds
{Heap before GC invocations=10 (full 0):
 par new generation   total 39296K, used 38263K [0x0000000081800000, 0x00000000842a0000, 0x00000000964c0000)
  eden space 34944K, 100% used [0x0000000081800000, 0x0000000083a20000, 0x0000000083a20000)
  from space 4352K,  76% used [0x0000000083a20000, 0x0000000083d5de08, 0x0000000083e60000)
  to   space 4352K,   0% used [0x0000000083e60000, 0x0000000083e60000, 0x00000000842a0000)
 concurrent mark-sweep generation total 87424K, used 14388K [0x00000000964c0000, 0x000000009ba20000, 0x0000000100000000)
 Metaspace       used 14127K, capacity 14570K, committed 14720K, reserved 1062912K
  class space    used 1736K, capacity 1857K, committed 1920K, reserved 1048576K
2019-05-24T17:21:42.226+0800: 3.698: [GC (Allocation Failure) 2019-05-24T17:21:42.226+0800: 3.698: [ParNew: 38263K->3115K(39296K), 0.0026049 secs] 52651K->17800K(126720K), 0.0027170 secs] [Times: user=0.00 sys=0.00, real=0.00 secs] 
Heap after GC invocations=11 (full 0):
 par new generation   total 39296K, used 3115K [0x0000000081800000, 0x00000000842a0000, 0x00000000964c0000)
  eden space 34944K,   0% used [0x0000000081800000, 0x0000000081800000, 0x0000000083a20000)
  from space 4352K,  71% used [0x0000000083e60000, 0x000000008416ae40, 0x00000000842a0000)
  to   space 4352K,   0% used [0x0000000083a20000, 0x0000000083a20000, 0x0000000083e60000)
 concurrent mark-sweep generation total 87424K, used 14685K [0x00000000964c0000, 0x000000009ba20000, 0x0000000100000000)
 Metaspace       used 14127K, capacity 14570K, committed 14720K, reserved 1062912K
  class space    used 1736K, capacity 1857K, committed 1920K, reserved 1048576K
}
2019-05-24T17:21:42.370+0800: 3.842: Application time: 0.1415958 seconds
{Heap before GC invocations=11 (full 0):
 par new generation   total 39296K, used 38059K [0x0000000081800000, 0x00000000842a0000, 0x00000000964c0000)
  eden space 34944K, 100% used [0x0000000081800000, 0x0000000083a20000, 0x0000000083a20000)
  from space 4352K,  71% used [0x0000000083e60000, 0x000000008416ae40, 0x00000000842a0000)
  to   space 4352K,   0% used [0x0000000083a20000, 0x0000000083a20000, 0x0000000083e60000)
 concurrent mark-sweep generation total 87424K, used 14685K [0x00000000964c0000, 0x000000009ba20000, 0x0000000100000000)
 Metaspace       used 14729K, capacity 15222K, committed 15360K, reserved 1062912K
  class space    used 1845K, capacity 1983K, committed 2048K, reserved 1048576K
2019-05-24T17:21:42.373+0800: 3.845: [GC (Allocation Failure) 2019-05-24T17:21:42.373+0800: 3.845: [ParNew: 38059K->3608K(39296K), 0.0031044 secs] 52744K->18293K(126720K), 0.0032256 secs] [Times: user=0.00 sys=0.00, real=0.00 secs] 
Heap after GC invocations=12 (full 0):
 par new generation   total 39296K, used 3608K [0x0000000081800000, 0x00000000842a0000, 0x00000000964c0000)
  eden space 34944K,   0% used [0x0000000081800000, 0x0000000081800000, 0x0000000083a20000)
  from space 4352K,  82% used [0x0000000083a20000, 0x0000000083da61b8, 0x0000000083e60000)
  to   space 4352K,   0% used [0x0000000083e60000, 0x0000000083e60000, 0x00000000842a0000)
 concurrent mark-sweep generation total 87424K, used 14685K [0x00000000964c0000, 0x000000009ba20000, 0x0000000100000000)
 Metaspace       used 14729K, capacity 15222K, committed 15360K, reserved 1062912K
  class space    used 1845K, capacity 1983K, committed 2048K, reserved 1048576K
}
2019-05-24T17:21:42.455+0800: 3.927: Application time: 0.0782154 seconds
2019-05-24T17:21:42.455+0800: 3.927: Application time: 0.0000296 seconds
{Heap before GC invocations=12 (full 0):
 par new generation   total 39296K, used 38552K [0x0000000081800000, 0x00000000842a0000, 0x00000000964c0000)
  eden space 34944K, 100% used [0x0000000081800000, 0x0000000083a20000, 0x0000000083a20000)
  from space 4352K,  82% used [0x0000000083a20000, 0x0000000083da62a0, 0x0000000083e60000)
  to   space 4352K,   0% used [0x0000000083e60000, 0x0000000083e60000, 0x00000000842a0000)
 concurrent mark-sweep generation total 87424K, used 14685K [0x00000000964c0000, 0x000000009ba20000, 0x0000000100000000)
 Metaspace       used 15213K, capacity 15734K, committed 16000K, reserved 1062912K
  class space    used 1956K, capacity 2111K, committed 2176K, reserved 1048576K
2019-05-24T17:21:42.455+0800: 3.927: [GC (GCLocker Initiated GC) 2019-05-24T17:21:42.455+0800: 3.927: [ParNew: 38552K->2858K(39296K), 0.0030134 secs] 53237K->18216K(126720K), 0.0031221 secs] [Times: user=0.00 sys=0.00, real=0.00 secs] 
Heap after GC invocations=13 (full 0):
 par new generation   total 39296K, used 2858K [0x0000000081800000, 0x00000000842a0000, 0x00000000964c0000)
  eden space 34944K,   0% used [0x0000000081800000, 0x0000000081800000, 0x0000000083a20000)
  from space 4352K,  65% used [0x0000000083e60000, 0x000000008412ab10, 0x00000000842a0000)
  to   space 4352K,   0% used [0x0000000083a20000, 0x0000000083a20000, 0x0000000083e60000)
 concurrent mark-sweep generation total 87424K, used 15358K [0x00000000964c0000, 0x000000009ba20000, 0x0000000100000000)
 Metaspace       used 15213K, capacity 15734K, committed 16000K, reserved 1062912K
  class space    used 1956K, capacity 2111K, committed 2176K, reserved 1048576K
}
2019-05-24T17:21:42.507+0800: 3.979: Application time: 0.0484858 seconds
{Heap before GC invocations=13 (full 0):
 par new generation   total 39296K, used 37802K [0x0000000081800000, 0x00000000842a0000, 0x00000000964c0000)
  eden space 34944K, 100% used [0x0000000081800000, 0x0000000083a20000, 0x0000000083a20000)
  from space 4352K,  65% used [0x0000000083e60000, 0x000000008412ab10, 0x00000000842a0000)
  to   space 4352K,   0% used [0x0000000083a20000, 0x0000000083a20000, 0x0000000083e60000)
 concurrent mark-sweep generation total 87424K, used 15358K [0x00000000964c0000, 0x000000009ba20000, 0x0000000100000000)
 Metaspace       used 15789K, capacity 16282K, committed 16384K, reserved 1062912K
  class space    used 2059K, capacity 2209K, committed 2304K, reserved 1048576K
2019-05-24T17:21:42.507+0800: 3.979: [GC (Allocation Failure) 2019-05-24T17:21:42.507+0800: 3.979: [ParNew: 37802K->2454K(39296K), 0.0020122 secs] 53160K->17951K(126720K), 0.0021242 secs] [Times: user=0.00 sys=0.00, real=0.00 secs] 
Heap after GC invocations=14 (full 0):
 par new generation   total 39296K, used 2454K [0x0000000081800000, 0x00000000842a0000, 0x00000000964c0000)
  eden space 34944K,   0% used [0x0000000081800000, 0x0000000081800000, 0x0000000083a20000)
  from space 4352K,  56% used [0x0000000083a20000, 0x0000000083c85ae0, 0x0000000083e60000)
  to   space 4352K,   0% used [0x0000000083e60000, 0x0000000083e60000, 0x00000000842a0000)
 concurrent mark-sweep generation total 87424K, used 15496K [0x00000000964c0000, 0x000000009ba20000, 0x0000000100000000)
 Metaspace       used 15789K, capacity 16282K, committed 16384K, reserved 1062912K
  class space    used 2059K, capacity 2209K, committed 2304K, reserved 1048576K
}
2019-05-24T17:21:42.560+0800: 4.032: Application time: 0.0506311 seconds
2019-05-24T17:21:42.669+0800: 4.141: Application time: 0.1091356 seconds
{Heap before GC invocations=14 (full 0):
 par new generation   total 39296K, used 37398K [0x0000000081800000, 0x00000000842a0000, 0x00000000964c0000)
  eden space 34944K, 100% used [0x0000000081800000, 0x0000000083a20000, 0x0000000083a20000)
  from space 4352K,  56% used [0x0000000083a20000, 0x0000000083c85ae0, 0x0000000083e60000)
  to   space 4352K,   0% used [0x0000000083e60000, 0x0000000083e60000, 0x00000000842a0000)
 concurrent mark-sweep generation total 87424K, used 15496K [0x00000000964c0000, 0x000000009ba20000, 0x0000000100000000)
 Metaspace       used 16147K, capacity 16744K, committed 16896K, reserved 1064960K
  class space    used 2113K, capacity 2292K, committed 2304K, reserved 1048576K
2019-05-24T17:21:42.670+0800: 4.141: [GC (Allocation Failure) 2019-05-24T17:21:42.670+0800: 4.142: [ParNew: 37398K->2578K(39296K), 0.0037120 secs] 52895K->18192K(126720K), 0.0039242 secs] [Times: user=0.00 sys=0.00, real=0.00 secs] 
Heap after GC invocations=15 (full 0):
 par new generation   total 39296K, used 2578K [0x0000000081800000, 0x00000000842a0000, 0x00000000964c0000)
  eden space 34944K,   0% used [0x0000000081800000, 0x0000000081800000, 0x0000000083a20000)
  from space 4352K,  59% used [0x0000000083e60000, 0x00000000840e4888, 0x00000000842a0000)
  to   space 4352K,   0% used [0x0000000083a20000, 0x0000000083a20000, 0x0000000083e60000)
 concurrent mark-sweep generation total 87424K, used 15614K [0x00000000964c0000, 0x000000009ba20000, 0x0000000100000000)
 Metaspace       used 16147K, capacity 16744K, committed 16896K, reserved 1064960K
  class space    used 2113K, capacity 2292K, committed 2304K, reserved 1048576K
}
2019-05-24T17:21:42.762+0800: 4.234: Application time: 0.0886909 seconds
2019-05-24T17:21:42.763+0800: 4.235: Application time: 0.0003897 seconds
2019-05-24T17:21:42.788+0800: 4.260: Application time: 0.0252058 seconds
{Heap before GC invocations=15 (full 0):
 par new generation   total 39296K, used 37522K [0x0000000081800000, 0x00000000842a0000, 0x00000000964c0000)
  eden space 34944K, 100% used [0x0000000081800000, 0x0000000083a20000, 0x0000000083a20000)
  from space 4352K,  59% used [0x0000000083e60000, 0x00000000840e4888, 0x00000000842a0000)
  to   space 4352K,   0% used [0x0000000083a20000, 0x0000000083a20000, 0x0000000083e60000)
 concurrent mark-sweep generation total 87424K, used 15614K [0x00000000964c0000, 0x000000009ba20000, 0x0000000100000000)
 Metaspace       used 16670K, capacity 17274K, committed 17536K, reserved 1064960K
  class space    used 2181K, capacity 2349K, committed 2432K, reserved 1048576K
2019-05-24T17:21:42.788+0800: 4.260: [GC (Allocation Failure) 2019-05-24T17:21:42.789+0800: 4.260: [ParNew: 37522K->3119K(39296K), 0.0024127 secs] 53136K->18830K(126720K), 0.0025458 secs] [Times: user=0.00 sys=0.00, real=0.00 secs] 
Heap after GC invocations=16 (full 0):
 par new generation   total 39296K, used 3119K [0x0000000081800000, 0x00000000842a0000, 0x00000000964c0000)
  eden space 34944K,   0% used [0x0000000081800000, 0x0000000081800000, 0x0000000083a20000)
  from space 4352K,  71% used [0x0000000083a20000, 0x0000000083d2bd70, 0x0000000083e60000)
  to   space 4352K,   0% used [0x0000000083e60000, 0x0000000083e60000, 0x00000000842a0000)
 concurrent mark-sweep generation total 87424K, used 15711K [0x00000000964c0000, 0x000000009ba20000, 0x0000000100000000)
 Metaspace       used 16670K, capacity 17274K, committed 17536K, reserved 1064960K
  class space    used 2181K, capacity 2349K, committed 2432K, reserved 1048576K
}
2019-05-24T17:21:42.815+0800: 4.287: Application time: 0.0237244 seconds
2019-05-24T17:21:42.818+0800: 4.290: Application time: 0.0027898 seconds
2019-05-24T17:21:43.025+0800: 4.497: Application time: 0.2065709 seconds
2019-05-24T17:21:43.025+0800: 4.497: Application time: 0.0001434 seconds
{Heap before GC invocations=16 (full 0):
 par new generation   total 39296K, used 38070K [0x0000000081800000, 0x00000000842a0000, 0x00000000964c0000)
  eden space 34944K, 100% used [0x0000000081800000, 0x0000000083a20000, 0x0000000083a20000)
  from space 4352K,  71% used [0x0000000083a20000, 0x0000000083d2d980, 0x0000000083e60000)
  to   space 4352K,   0% used [0x0000000083e60000, 0x0000000083e60000, 0x00000000842a0000)
 concurrent mark-sweep generation total 87424K, used 15711K [0x00000000964c0000, 0x000000009ba20000, 0x0000000100000000)
 Metaspace       used 17605K, capacity 18264K, committed 18432K, reserved 1064960K
  class space    used 2298K, capacity 2462K, committed 2560K, reserved 1048576K
2019-05-24T17:21:43.025+0800: 4.497: [GC (GCLocker Initiated GC) 2019-05-24T17:21:43.025+0800: 4.497: [ParNew: 38070K->3219K(39296K), 0.0045119 secs] 53781K->19070K(126720K), 0.0047343 secs] [Times: user=0.06 sys=0.00, real=0.00 secs] 
Heap after GC invocations=17 (full 0):
 par new generation   total 39296K, used 3219K [0x0000000081800000, 0x00000000842a0000, 0x00000000964c0000)
  eden space 34944K,   0% used [0x0000000081800000, 0x0000000081800000, 0x0000000083a20000)
  from space 4352K,  73% used [0x0000000083e60000, 0x0000000084184e60, 0x00000000842a0000)
  to   space 4352K,   0% used [0x0000000083a20000, 0x0000000083a20000, 0x0000000083e60000)
 concurrent mark-sweep generation total 87424K, used 15850K [0x00000000964c0000, 0x000000009ba20000, 0x0000000100000000)
 Metaspace       used 17605K, capacity 18264K, committed 18432K, reserved 1064960K
  class space    used 2298K, capacity 2462K, committed 2560K, reserved 1048576K
}
2019-05-24T17:21:43.030+0800: 4.502: Application time: 0.0003123 seconds
2019-05-24T17:21:43.031+0800: 4.503: Application time: 0.0002594 seconds
2019-05-24T17:21:43.032+0800: 4.504: Application time: 0.0000802 seconds
2019-05-24T17:21:43.032+0800: 4.504: Application time: 0.0001855 seconds
2019-05-24T17:21:43.033+0800: 4.505: Application time: 0.0001326 seconds
2019-05-24T17:21:43.033+0800: 4.505: Application time: 0.0001599 seconds
2019-05-24T17:21:43.034+0800: 4.506: Application time: 0.0001815 seconds
2019-05-24T17:21:43.034+0800: 4.506: Application time: 0.0001769 seconds
2019-05-24T17:21:43.035+0800: 4.507: Application time: 0.0001644 seconds
2019-05-24T17:21:43.035+0800: 4.507: Application time: 0.0001462 seconds
2019-05-24T17:21:43.035+0800: 4.507: Application time: 0.0001980 seconds
2019-05-24T17:21:43.036+0800: 4.508: Application time: 0.0001035 seconds
2019-05-24T17:21:43.036+0800: 4.508: Application time: 0.0001195 seconds
2019-05-24T17:21:43.036+0800: 4.508: Application time: 0.0001115 seconds
2019-05-24T17:21:43.037+0800: 4.508: Application time: 0.0001712 seconds
2019-05-24T17:21:43.037+0800: 4.509: Application time: 0.0001673 seconds
2019-05-24T17:21:43.037+0800: 4.509: Application time: 0.0001667 seconds
2019-05-24T17:21:43.038+0800: 4.510: Application time: 0.0001621 seconds
2019-05-24T17:21:43.039+0800: 4.511: Application time: 0.0001673 seconds
2019-05-24T17:21:43.039+0800: 4.511: Application time: 0.0001087 seconds
2019-05-24T17:21:43.262+0800: 4.734: Application time: 0.2222432 seconds
{Heap before GC invocations=17 (full 0):
 par new generation   total 39296K, used 38163K [0x0000000081800000, 0x00000000842a0000, 0x00000000964c0000)
  eden space 34944K, 100% used [0x0000000081800000, 0x0000000083a20000, 0x0000000083a20000)
  from space 4352K,  73% used [0x0000000083e60000, 0x0000000084184e60, 0x00000000842a0000)
  to   space 4352K,   0% used [0x0000000083a20000, 0x0000000083a20000, 0x0000000083e60000)
 concurrent mark-sweep generation total 87424K, used 15850K [0x00000000964c0000, 0x000000009ba20000, 0x0000000100000000)
 Metaspace       used 18573K, capacity 19256K, committed 19456K, reserved 1067008K
  class space    used 2402K, capacity 2558K, committed 2560K, reserved 1048576K
2019-05-24T17:21:43.262+0800: 4.734: [GC (Allocation Failure) 2019-05-24T17:21:43.262+0800: 4.734: [ParNew: 38163K->3135K(39296K), 0.0027830 secs] 54014K->19361K(126720K), 0.0029969 secs] [Times: user=0.00 sys=0.00, real=0.00 secs] 
Heap after GC invocations=18 (full 0):
 par new generation   total 39296K, used 3135K [0x0000000081800000, 0x00000000842a0000, 0x00000000964c0000)
  eden space 34944K,   0% used [0x0000000081800000, 0x0000000081800000, 0x0000000083a20000)
  from space 4352K,  72% used [0x0000000083a20000, 0x0000000083d2fcb8, 0x0000000083e60000)
  to   space 4352K,   0% used [0x0000000083e60000, 0x0000000083e60000, 0x00000000842a0000)
 concurrent mark-sweep generation total 87424K, used 16226K [0x00000000964c0000, 0x000000009ba20000, 0x0000000100000000)
 Metaspace       used 18573K, capacity 19256K, committed 19456K, reserved 1067008K
  class space    used 2402K, capacity 2558K, committed 2560K, reserved 1048576K
}
2019-05-24T17:21:43.265+0800: 4.737: Application time: 0.0001473 seconds
2019-05-24T17:21:43.265+0800: 4.737: Application time: 0.0001172 seconds
2019-05-24T17:21:43.266+0800: 4.738: Application time: 0.0001115 seconds
2019-05-24T17:21:43.266+0800: 4.738: Application time: 0.0000870 seconds
2019-05-24T17:21:43.266+0800: 4.738: Application time: 0.0000859 seconds
2019-05-24T17:21:43.266+0800: 4.738: Application time: 0.0000796 seconds
2019-05-24T17:21:43.266+0800: 4.738: Application time: 0.0000870 seconds
2019-05-24T17:21:43.266+0800: 4.738: Application time: 0.0000814 seconds
2019-05-24T17:21:43.266+0800: 4.738: Application time: 0.0000836 seconds
2019-05-24T17:21:43.266+0800: 4.738: Application time: 0.0000438 seconds
2019-05-24T17:21:43.267+0800: 4.739: Application time: 0.0000831 seconds
2019-05-24T17:21:43.267+0800: 4.739: Application time: 0.0000927 seconds
2019-05-24T17:21:43.267+0800: 4.739: Application time: 0.0000825 seconds
2019-05-24T17:21:43.267+0800: 4.739: Application time: 0.0000694 seconds
2019-05-24T17:21:43.267+0800: 4.739: Application time: 0.0000688 seconds
2019-05-24T17:21:43.267+0800: 4.739: Application time: 0.0000711 seconds
2019-05-24T17:21:43.267+0800: 4.739: Application time: 0.0000722 seconds
2019-05-24T17:21:43.267+0800: 4.739: Application time: 0.0000267 seconds
2019-05-24T17:21:43.267+0800: 4.739: Application time: 0.0000267 seconds
2019-05-24T17:21:43.268+0800: 4.739: Application time: 0.0000313 seconds
2019-05-24T17:21:43.441+0800: 4.913: Application time: 0.1733000 seconds
{Heap before GC invocations=18 (full 0):
 par new generation   total 39296K, used 38079K [0x0000000081800000, 0x00000000842a0000, 0x00000000964c0000)
  eden space 34944K, 100% used [0x0000000081800000, 0x0000000083a20000, 0x0000000083a20000)
  from space 4352K,  72% used [0x0000000083a20000, 0x0000000083d2fcb8, 0x0000000083e60000)
  to   space 4352K,   0% used [0x0000000083e60000, 0x0000000083e60000, 0x00000000842a0000)
 concurrent mark-sweep generation total 87424K, used 16226K [0x00000000964c0000, 0x000000009ba20000, 0x0000000100000000)
 Metaspace       used 19191K, capacity 19838K, committed 20096K, reserved 1067008K
  class space    used 2475K, capacity 2625K, committed 2688K, reserved 1048576K
2019-05-24T17:21:43.441+0800: 4.913: [GC (Allocation Failure) 2019-05-24T17:21:43.441+0800: 4.913: [ParNew: 38079K->2735K(39296K), 0.0025213 secs] 54305K->18961K(126720K), 0.0026931 secs] [Times: user=0.00 sys=0.00, real=0.00 secs] 
Heap after GC invocations=19 (full 0):
 par new generation   total 39296K, used 2735K [0x0000000081800000, 0x00000000842a0000, 0x00000000964c0000)
  eden space 34944K,   0% used [0x0000000081800000, 0x0000000081800000, 0x0000000083a20000)
  from space 4352K,  62% used [0x0000000083e60000, 0x000000008410be30, 0x00000000842a0000)
  to   space 4352K,   0% used [0x0000000083a20000, 0x0000000083a20000, 0x0000000083e60000)
 concurrent mark-sweep generation total 87424K, used 16226K [0x00000000964c0000, 0x000000009ba20000, 0x0000000100000000)
 Metaspace       used 19191K, capacity 19838K, committed 20096K, reserved 1067008K
  class space    used 2475K, capacity 2625K, committed 2688K, reserved 1048576K
}
2019-05-24T17:21:43.493+0800: 4.965: Application time: 0.0490945 seconds
2019-05-24T17:21:43.493+0800: 4.965: Application time: 0.0000865 seconds
2019-05-24T17:21:43.507+0800: 4.979: Application time: 0.0140248 seconds
{Heap before GC invocations=19 (full 0):
 par new generation   total 39296K, used 37679K [0x0000000081800000, 0x00000000842a0000, 0x00000000964c0000)
  eden space 34944K, 100% used [0x0000000081800000, 0x0000000083a20000, 0x0000000083a20000)
  from space 4352K,  62% used [0x0000000083e60000, 0x000000008410be30, 0x00000000842a0000)
  to   space 4352K,   0% used [0x0000000083a20000, 0x0000000083a20000, 0x0000000083e60000)
 concurrent mark-sweep generation total 87424K, used 16226K [0x00000000964c0000, 0x000000009ba20000, 0x0000000100000000)
 Metaspace       used 20016K, capacity 20638K, committed 20992K, reserved 1067008K
  class space    used 2559K, capacity 2721K, committed 2816K, reserved 1048576K
2019-05-24T17:21:43.507+0800: 4.979: [GC (Allocation Failure) 2019-05-24T17:21:43.507+0800: 4.979: [ParNew: 37679K->2370K(39296K), 0.0019143 secs] 53905K->18807K(126720K), 0.0020161 secs] [Times: user=0.00 sys=0.00, real=0.00 secs] 
Heap after GC invocations=20 (full 0):
 par new generation   total 39296K, used 2370K [0x0000000081800000, 0x00000000842a0000, 0x00000000964c0000)
  eden space 34944K,   0% used [0x0000000081800000, 0x0000000081800000, 0x0000000083a20000)
  from space 4352K,  54% used [0x0000000083a20000, 0x0000000083c708d0, 0x0000000083e60000)
  to   space 4352K,   0% used [0x0000000083e60000, 0x0000000083e60000, 0x00000000842a0000)
 concurrent mark-sweep generation total 87424K, used 16437K [0x00000000964c0000, 0x000000009ba20000, 0x0000000100000000)
 Metaspace       used 20016K, capacity 20638K, committed 20992K, reserved 1067008K
  class space    used 2559K, capacity 2721K, committed 2816K, reserved 1048576K
}
2019-05-24T17:21:43.530+0800: 5.002: Application time: 0.0203133 seconds
2019-05-24T17:21:43.549+0800: 5.021: Application time: 0.0192125 seconds
2019-05-24T17:21:43.554+0800: 5.026: Application time: 0.0053675 seconds
{Heap before GC invocations=20 (full 0):
 par new generation   total 39296K, used 37314K [0x0000000081800000, 0x00000000842a0000, 0x00000000964c0000)
  eden space 34944K, 100% used [0x0000000081800000, 0x0000000083a20000, 0x0000000083a20000)
  from space 4352K,  54% used [0x0000000083a20000, 0x0000000083c708d0, 0x0000000083e60000)
  to   space 4352K,   0% used [0x0000000083e60000, 0x0000000083e60000, 0x00000000842a0000)
 concurrent mark-sweep generation total 87424K, used 16437K [0x00000000964c0000, 0x000000009ba20000, 0x0000000100000000)
 Metaspace       used 20576K, capacity 21270K, committed 21628K, reserved 1069056K
  class space    used 2645K, capacity 2825K, committed 2940K, reserved 1048576K
2019-05-24T17:21:43.554+0800: 5.027: [GC (Allocation Failure) 2019-05-24T17:21:43.554+0800: 5.027: [ParNew: 37314K->2190K(39296K), 0.0018244 secs] 53751K->18821K(126720K), 0.0019308 secs] [Times: user=0.00 sys=0.00, real=0.00 secs] 
Heap after GC invocations=21 (full 0):
 par new generation   total 39296K, used 2190K [0x0000000081800000, 0x00000000842a0000, 0x00000000964c0000)
  eden space 34944K,   0% used [0x0000000081800000, 0x0000000081800000, 0x0000000083a20000)
  from space 4352K,  50% used [0x0000000083e60000, 0x0000000084083910, 0x00000000842a0000)
  to   space 4352K,   0% used [0x0000000083a20000, 0x0000000083a20000, 0x0000000083e60000)
 concurrent mark-sweep generation total 87424K, used 16631K [0x00000000964c0000, 0x000000009ba20000, 0x0000000100000000)
 Metaspace       used 20576K, capacity 21270K, committed 21628K, reserved 1069056K
  class space    used 2645K, capacity 2825K, committed 2940K, reserved 1048576K
}
2019-05-24T17:21:43.557+0800: 5.029: Application time: 0.0001348 seconds
2019-05-24T17:21:43.557+0800: 5.029: [GC (CMS Initial Mark) [1 CMS-initial-mark: 16631K(87424K)] 19518K(126720K), 0.0007640 secs] [Times: user=0.00 sys=0.00, real=0.00 secs] 
2019-05-24T17:21:43.558+0800: 5.030: [CMS-concurrent-mark-start]
2019-05-24T17:21:43.563+0800: 5.035: Application time: 0.0057754 seconds
2019-05-24T17:21:43.563+0800: 5.036: Application time: 0.0000375 seconds
2019-05-24T17:21:43.571+0800: 5.043: Application time: 0.0075873 seconds
2019-05-24T17:21:43.571+0800: 5.043: Application time: 0.0000358 seconds
2019-05-24T17:21:43.589+0800: 5.060: [CMS-concurrent-mark: 0.030/0.031 secs] [Times: user=0.08 sys=0.03, real=0.03 secs] 
2019-05-24T17:21:43.589+0800: 5.060: Application time: 0.0171742 seconds
2019-05-24T17:21:43.589+0800: 5.061: [CMS-concurrent-preclean-start]
2019-05-24T17:21:43.589+0800: 5.061: [CMS-concurrent-preclean: 0.001/0.001 secs] [Times: user=0.00 sys=0.00, real=0.00 secs] 
2019-05-24T17:21:43.590+0800: 5.061: [CMS-concurrent-abortable-preclean-start]
2019-05-24T17:21:43.673+0800: 5.145: Application time: 0.0848333 seconds
{Heap before GC invocations=21 (full 1):
 par new generation   total 39296K, used 37134K [0x0000000081800000, 0x00000000842a0000, 0x00000000964c0000)
  eden space 34944K, 100% used [0x0000000081800000, 0x0000000083a20000, 0x0000000083a20000)
  from space 4352K,  50% used [0x0000000083e60000, 0x0000000084083910, 0x00000000842a0000)
  to   space 4352K,   0% used [0x0000000083a20000, 0x0000000083a20000, 0x0000000083e60000)
 concurrent mark-sweep generation total 87424K, used 16631K [0x00000000964c0000, 0x000000009ba20000, 0x0000000100000000)
 Metaspace       used 21228K, capacity 21878K, committed 21960K, reserved 1069056K
  class space    used 2732K, capacity 2921K, committed 2940K, reserved 1048576K
2019-05-24T17:21:43.673+0800: 5.146: [GC (Allocation Failure) 2019-05-24T17:21:43.673+0800: 5.146: [ParNew: 37134K->2155K(39296K), 0.0036341 secs] 53765K->19069K(126720K), 0.0038292 secs] [Times: user=0.00 sys=0.00, real=0.00 secs] 
Heap after GC invocations=22 (full 1):
 par new generation   total 39296K, used 2155K [0x0000000081800000, 0x00000000842a0000, 0x00000000964c0000)
  eden space 34944K,   0% used [0x0000000081800000, 0x0000000081800000, 0x0000000083a20000)
  from space 4352K,  49% used [0x0000000083a20000, 0x0000000083c3ac98, 0x0000000083e60000)
  to   space 4352K,   0% used [0x0000000083e60000, 0x0000000083e60000, 0x00000000842a0000)
 concurrent mark-sweep generation total 87424K, used 16914K [0x00000000964c0000, 0x000000009ba20000, 0x0000000100000000)
 Metaspace       used 21228K, capacity 21878K, committed 21960K, reserved 1069056K
  class space    used 2732K, capacity 2921K, committed 2940K, reserved 1048576K
}
2019-05-24T17:21:43.684+0800: 5.156: Application time: 0.0061611 seconds
2019-05-24T17:21:43.684+0800: 5.156: Application time: 0.0001030 seconds
2019-05-24T17:21:43.705+0800: 5.177: Application time: 0.0206490 seconds
2019-05-24T17:21:43.705+0800: 5.177: Application time: 0.0000597 seconds
2019-05-24T17:21:43.712+0800: 5.183: Application time: 0.0063960 seconds
2019-05-24T17:21:43.723+0800: 5.195: Application time: 0.0111132 seconds
2019-05-24T17:21:43.723+0800: 5.195: [CMS-concurrent-abortable-preclean: 0.041/0.133 secs] [Times: user=0.14 sys=0.09, real=0.13 secs] 
2019-05-24T17:21:43.723+0800: 5.195: Application time: 0.0001587 seconds
2019-05-24T17:21:43.723+0800: 5.195: [GC (CMS Final Remark) [YG occupancy: 23994 K (39296 K)]2019-05-24T17:21:43.723+0800: 5.195: [Rescan (parallel) , 0.0024582 secs]2019-05-24T17:21:43.726+0800: 5.198: [weak refs processing, 0.0004352 secs]2019-05-24T17:21:43.726+0800: 5.198: [class unloading, 0.0025845 secs]2019-05-24T17:21:43.729+0800: 5.201: [scrub symbol table, 0.0020099 secs]2019-05-24T17:21:43.730+0800: 5.203: [scrub string table, 0.0002412 secs][1 CMS-remark: 16914K(87424K)] 40908K(126720K), 0.0081340 secs] [Times: user=0.02 sys=0.00, real=0.01 secs] 
2019-05-24T17:21:43.731+0800: 5.203: [CMS-concurrent-sweep-start]
2019-05-24T17:21:43.735+0800: 5.207: [CMS-concurrent-sweep: 0.004/0.004 secs] [Times: user=0.00 sys=0.00, real=0.00 secs] 
2019-05-24T17:21:43.735+0800: 5.208: [CMS-concurrent-reset-start]
2019-05-24T17:21:43.738+0800: 5.210: [CMS-concurrent-reset: 0.003/0.003 secs] [Times: user=0.00 sys=0.00, real=0.00 secs] 
2019-05-24T17:21:43.748+0800: 5.220: Application time: 0.0169700 seconds
{Heap before GC invocations=22 (full 1):
 par new generation   total 39296K, used 37099K [0x0000000081800000, 0x00000000842a0000, 0x00000000964c0000)
  eden space 34944K, 100% used [0x0000000081800000, 0x0000000083a20000, 0x0000000083a20000)
  from space 4352K,  49% used [0x0000000083a20000, 0x0000000083c3ac98, 0x0000000083e60000)
  to   space 4352K,   0% used [0x0000000083e60000, 0x0000000083e60000, 0x00000000842a0000)
 concurrent mark-sweep generation total 87424K, used 16424K [0x00000000964c0000, 0x000000009ba20000, 0x0000000100000000)
 Metaspace       used 21991K, capacity 22652K, committed 22880K, reserved 1069056K
  class space    used 2869K, capacity 3054K, committed 3092K, reserved 1048576K
2019-05-24T17:21:43.748+0800: 5.220: [GC (Allocation Failure) 2019-05-24T17:21:43.748+0800: 5.220: [ParNew: 37099K->2256K(39296K), 0.0017658 secs] 53523K->18833K(126720K), 0.0018665 secs] [Times: user=0.00 sys=0.00, real=0.00 secs] 
Heap after GC invocations=23 (full 1):
 par new generation   total 39296K, used 2256K [0x0000000081800000, 0x00000000842a0000, 0x00000000964c0000)
  eden space 34944K,   0% used [0x0000000081800000, 0x0000000081800000, 0x0000000083a20000)
  from space 4352K,  51% used [0x0000000083e60000, 0x0000000084094160, 0x00000000842a0000)
  to   space 4352K,   0% used [0x0000000083a20000, 0x0000000083a20000, 0x0000000083e60000)
 concurrent mark-sweep generation total 87424K, used 16576K [0x00000000964c0000, 0x000000009ba20000, 0x0000000100000000)
 Metaspace       used 21991K, capacity 22652K, committed 22880K, reserved 1069056K
  class space    used 2869K, capacity 3054K, committed 3092K, reserved 1048576K
}
2019-05-24T17:21:43.785+0800: 5.257: Application time: 0.0349201 seconds
2019-05-24T17:21:43.786+0800: 5.258: Application time: 0.0000660 seconds
2019-05-24T17:21:43.844+0800: 5.316: Application time: 0.0586012 seconds
2019-05-24T17:21:43.873+0800: 5.345: Application time: 0.0281589 seconds
{Heap before GC invocations=23 (full 1):
 par new generation   total 39296K, used 37200K [0x0000000081800000, 0x00000000842a0000, 0x00000000964c0000)
  eden space 34944K, 100% used [0x0000000081800000, 0x0000000083a20000, 0x0000000083a20000)
  from space 4352K,  51% used [0x0000000083e60000, 0x0000000084094160, 0x00000000842a0000)
  to   space 4352K,   0% used [0x0000000083a20000, 0x0000000083a20000, 0x0000000083e60000)
 concurrent mark-sweep generation total 87424K, used 16576K [0x00000000964c0000, 0x000000009ba20000, 0x0000000100000000)
 Metaspace       used 22545K, capacity 23240K, committed 23520K, reserved 1069056K
  class space    used 2928K, capacity 3104K, committed 3220K, reserved 1048576K
2019-05-24T17:21:43.873+0800: 5.345: [GC (Allocation Failure) 2019-05-24T17:21:43.873+0800: 5.345: [ParNew: 37200K->1962K(39296K), 0.0017317 secs] 53777K->18596K(126720K), 0.0018318 secs] [Times: user=0.00 sys=0.00, real=0.00 secs] 
Heap after GC invocations=24 (full 1):
 par new generation   total 39296K, used 1962K [0x0000000081800000, 0x00000000842a0000, 0x00000000964c0000)
  eden space 34944K,   0% used [0x0000000081800000, 0x0000000081800000, 0x0000000083a20000)
  from space 4352K,  45% used [0x0000000083a20000, 0x0000000083c0ab58, 0x0000000083e60000)
  to   space 4352K,   0% used [0x0000000083e60000, 0x0000000083e60000, 0x00000000842a0000)
 concurrent mark-sweep generation total 87424K, used 16633K [0x00000000964c0000, 0x000000009ba20000, 0x0000000100000000)
 Metaspace       used 22545K, capacity 23240K, committed 23520K, reserved 1069056K
  class space    used 2928K, capacity 3104K, committed 3220K, reserved 1048576K
}
2019-05-24T17:21:43.888+0800: 5.360: Application time: 0.0123620 seconds
2019-05-24T17:21:43.942+0800: 5.414: Application time: 0.0542811 seconds
2019-05-24T17:21:43.942+0800: 5.414: Application time: 0.0000626 seconds
2019-05-24T17:21:43.963+0800: 5.435: Application time: 0.0204271 seconds
2019-05-24T17:21:43.971+0800: 5.443: Application time: 0.0076043 seconds
{Heap before GC invocations=24 (full 1):
 par new generation   total 39296K, used 36906K [0x0000000081800000, 0x00000000842a0000, 0x00000000964c0000)
  eden space 34944K, 100% used [0x0000000081800000, 0x0000000083a20000, 0x0000000083a20000)
  from space 4352K,  45% used [0x0000000083a20000, 0x0000000083c0ab58, 0x0000000083e60000)
  to   space 4352K,   0% used [0x0000000083e60000, 0x0000000083e60000, 0x00000000842a0000)
 concurrent mark-sweep generation total 87424K, used 16633K [0x00000000964c0000, 0x000000009ba20000, 0x0000000100000000)
 Metaspace       used 23382K, capacity 24164K, committed 24340K, reserved 1071104K
  class space    used 3028K, capacity 3234K, committed 3348K, reserved 1048576K
2019-05-24T17:21:43.971+0800: 5.443: [GC (Allocation Failure) 2019-05-24T17:21:43.971+0800: 5.443: [ParNew: 36906K->2312K(39296K), 0.0034583 secs] 53540K->19175K(126720K), 0.0036039 secs] [Times: user=0.00 sys=0.00, real=0.00 secs] 
Heap after GC invocations=25 (full 1):
 par new generation   total 39296K, used 2312K [0x0000000081800000, 0x00000000842a0000, 0x00000000964c0000)
  eden space 34944K,   0% used [0x0000000081800000, 0x0000000081800000, 0x0000000083a20000)
  from space 4352K,  53% used [0x0000000083e60000, 0x00000000840a2388, 0x00000000842a0000)
  to   space 4352K,   0% used [0x0000000083a20000, 0x0000000083a20000, 0x0000000083e60000)
 concurrent mark-sweep generation total 87424K, used 16862K [0x00000000964c0000, 0x000000009ba20000, 0x0000000100000000)
 Metaspace       used 23382K, capacity 24164K, committed 24340K, reserved 1071104K
  class space    used 3028K, capacity 3234K, committed 3348K, reserved 1048576K
}
2019-05-24T17:21:43.987+0800: 5.459: Application time: 0.0121065 seconds
2019-05-24T17:21:43.987+0800: 5.459: Application time: 0.0000347 seconds
2019-05-24T17:21:43.987+0800: 5.459: Application time: 0.0000347 seconds
2019-05-24T17:21:43.987+0800: 5.459: Application time: 0.0000336 seconds
2019-05-24T17:21:43.987+0800: 5.459: Application time: 0.0000302 seconds
2019-05-24T17:21:43.987+0800: 5.459: Application time: 0.0000296 seconds
2019-05-24T17:21:43.987+0800: 5.459: Application time: 0.0000501 seconds
2019-05-24T17:21:43.987+0800: 5.459: Application time: 0.0001502 seconds
2019-05-24T17:21:44.154+0800: 5.626: Application time: 0.1666121 seconds
{Heap before GC invocations=25 (full 1):
 par new generation   total 39296K, used 37256K [0x0000000081800000, 0x00000000842a0000, 0x00000000964c0000)
  eden space 34944K, 100% used [0x0000000081800000, 0x0000000083a20000, 0x0000000083a20000)
  from space 4352K,  53% used [0x0000000083e60000, 0x00000000840a2388, 0x00000000842a0000)
  to   space 4352K,   0% used [0x0000000083a20000, 0x0000000083a20000, 0x0000000083e60000)
 concurrent mark-sweep generation total 87424K, used 16862K [0x00000000964c0000, 0x000000009ba20000, 0x0000000100000000)
 Metaspace       used 24144K, capacity 24896K, committed 25108K, reserved 1071104K
  class space    used 3127K, capacity 3306K, committed 3348K, reserved 1048576K
2019-05-24T17:21:44.154+0800: 5.626: [GC (Allocation Failure) 2019-05-24T17:21:44.154+0800: 5.626: [ParNew: 37256K->2224K(39296K), 0.0023865 secs] 54119K->19198K(126720K), 0.0025020 secs] [Times: user=0.00 sys=0.00, real=0.00 secs] 
Heap after GC invocations=26 (full 1):
 par new generation   total 39296K, used 2224K [0x0000000081800000, 0x00000000842a0000, 0x00000000964c0000)
  eden space 34944K,   0% used [0x0000000081800000, 0x0000000081800000, 0x0000000083a20000)
  from space 4352K,  51% used [0x0000000083a20000, 0x0000000083c4c168, 0x0000000083e60000)
  to   space 4352K,   0% used [0x0000000083e60000, 0x0000000083e60000, 0x00000000842a0000)
 concurrent mark-sweep generation total 87424K, used 16973K [0x00000000964c0000, 0x000000009ba20000, 0x0000000100000000)
 Metaspace       used 24144K, capacity 24896K, committed 25108K, reserved 1071104K
  class space    used 3127K, capacity 3306K, committed 3348K, reserved 1048576K
}
2019-05-24T17:21:44.191+0800: 5.663: Application time: 0.0338460 seconds
2019-05-24T17:21:44.191+0800: 5.663: Application time: 0.0000944 seconds
2019-05-24T17:21:44.191+0800: 5.663: Application time: 0.0000575 seconds
2019-05-24T17:21:44.191+0800: 5.663: Application time: 0.0000387 seconds
2019-05-24T17:21:44.221+0800: 5.693: Application time: 0.0299309 seconds
2019-05-24T17:21:44.222+0800: 5.693: Application time: 0.0001183 seconds
2019-05-24T17:21:44.222+0800: 5.694: Application time: 0.0001616 seconds
2019-05-24T17:21:44.222+0800: 5.694: Application time: 0.0000336 seconds
2019-05-24T17:21:44.223+0800: 5.695: Application time: 0.0012174 seconds
2019-05-24T17:21:44.223+0800: 5.695: Application time: 0.0000381 seconds
2019-05-24T17:21:44.246+0800: 5.718: Application time: 0.0229626 seconds
{Heap before GC invocations=26 (full 1):
 par new generation   total 39296K, used 37168K [0x0000000081800000, 0x00000000842a0000, 0x00000000964c0000)
  eden space 34944K, 100% used [0x0000000081800000, 0x0000000083a20000, 0x0000000083a20000)
  from space 4352K,  51% used [0x0000000083a20000, 0x0000000083c4c168, 0x0000000083e60000)
  to   space 4352K,   0% used [0x0000000083e60000, 0x0000000083e60000, 0x00000000842a0000)
 concurrent mark-sweep generation total 87424K, used 16973K [0x00000000964c0000, 0x000000009ba20000, 0x0000000100000000)
 Metaspace       used 24940K, capacity 25768K, committed 26004K, reserved 1071104K
  class space    used 3240K, capacity 3468K, committed 3476K, reserved 1048576K
2019-05-24T17:21:44.246+0800: 5.718: [GC (Allocation Failure) 2019-05-24T17:21:44.246+0800: 5.718: [ParNew: 37168K->2742K(39296K), 0.0025537 secs] 54142K->19785K(126720K), 0.0026743 secs] [Times: user=0.00 sys=0.00, real=0.00 secs] 
Heap after GC invocations=27 (full 1):
 par new generation   total 39296K, used 2742K [0x0000000081800000, 0x00000000842a0000, 0x00000000964c0000)
  eden space 34944K,   0% used [0x0000000081800000, 0x0000000081800000, 0x0000000083a20000)
  from space 4352K,  63% used [0x0000000083e60000, 0x000000008410dba0, 0x00000000842a0000)
  to   space 4352K,   0% used [0x0000000083a20000, 0x0000000083a20000, 0x0000000083e60000)
 concurrent mark-sweep generation total 87424K, used 17042K [0x00000000964c0000, 0x000000009ba20000, 0x0000000100000000)
 Metaspace       used 24940K, capacity 25768K, committed 26004K, reserved 1071104K
  class space    used 3240K, capacity 3468K, committed 3476K, reserved 1048576K
}
2019-05-24T17:21:44.326+0800: 5.798: Application time: 0.0764541 seconds
{Heap before GC invocations=27 (full 1):
 par new generation   total 39296K, used 37686K [0x0000000081800000, 0x00000000842a0000, 0x00000000964c0000)
  eden space 34944K, 100% used [0x0000000081800000, 0x0000000083a20000, 0x0000000083a20000)
  from space 4352K,  63% used [0x0000000083e60000, 0x000000008410dba0, 0x00000000842a0000)
  to   space 4352K,   0% used [0x0000000083a20000, 0x0000000083a20000, 0x0000000083e60000)
 concurrent mark-sweep generation total 87424K, used 17042K [0x00000000964c0000, 0x000000009ba20000, 0x0000000100000000)
 Metaspace       used 25009K, capacity 25796K, committed 26004K, reserved 1071104K
  class space    used 3249K, capacity 3474K, committed 3476K, reserved 1048576K
2019-05-24T17:21:44.326+0800: 5.798: [GC (Allocation Failure) 2019-05-24T17:21:44.326+0800: 5.798: [ParNew: 37686K->2663K(39296K), 0.0022903 secs] 54729K->19794K(126720K), 0.0024246 secs] [Times: user=0.00 sys=0.00, real=0.00 secs] 
Heap after GC invocations=28 (full 1):
 par new generation   total 39296K, used 2663K [0x0000000081800000, 0x00000000842a0000, 0x00000000964c0000)
  eden space 34944K,   0% used [0x0000000081800000, 0x0000000081800000, 0x0000000083a20000)
  from space 4352K,  61% used [0x0000000083a20000, 0x0000000083cb9d90, 0x0000000083e60000)
  to   space 4352K,   0% used [0x0000000083e60000, 0x0000000083e60000, 0x00000000842a0000)
 concurrent mark-sweep generation total 87424K, used 17131K [0x00000000964c0000, 0x000000009ba20000, 0x0000000100000000)
 Metaspace       used 25009K, capacity 25796K, committed 26004K, reserved 1071104K
  class space    used 3249K, capacity 3474K, committed 3476K, reserved 1048576K
}
2019-05-24T17:21:44.406+0800: 5.878: Application time: 0.0774582 seconds
{Heap before GC invocations=28 (full 1):
 par new generation   total 39296K, used 37607K [0x0000000081800000, 0x00000000842a0000, 0x00000000964c0000)
  eden space 34944K, 100% used [0x0000000081800000, 0x0000000083a20000, 0x0000000083a20000)
  from space 4352K,  61% used [0x0000000083a20000, 0x0000000083cb9d90, 0x0000000083e60000)
  to   space 4352K,   0% used [0x0000000083e60000, 0x0000000083e60000, 0x00000000842a0000)
 concurrent mark-sweep generation total 87424K, used 17131K [0x00000000964c0000, 0x000000009ba20000, 0x0000000100000000)
 Metaspace       used 25056K, capacity 25924K, committed 26004K, reserved 1071104K
  class space    used 3253K, capacity 3474K, committed 3476K, reserved 1048576K
2019-05-24T17:21:44.406+0800: 5.878: [GC (Allocation Failure) 2019-05-24T17:21:44.406+0800: 5.878: [ParNew: 37607K->2302K(39296K), 0.0023956 secs] 54738K->19522K(126720K), 0.0025498 secs] [Times: user=0.00 sys=0.00, real=0.00 secs] 
Heap after GC invocations=29 (full 1):
 par new generation   total 39296K, used 2302K [0x0000000081800000, 0x00000000842a0000, 0x00000000964c0000)
  eden space 34944K,   0% used [0x0000000081800000, 0x0000000081800000, 0x0000000083a20000)
  from space 4352K,  52% used [0x0000000083e60000, 0x000000008409f918, 0x00000000842a0000)
  to   space 4352K,   0% used [0x0000000083a20000, 0x0000000083a20000, 0x0000000083e60000)
 concurrent mark-sweep generation total 87424K, used 17219K [0x00000000964c0000, 0x000000009ba20000, 0x0000000100000000)
 Metaspace       used 25056K, capacity 25924K, committed 26004K, reserved 1071104K
  class space    used 3253K, capacity 3474K, committed 3476K, reserved 1048576K
}
2019-05-24T17:21:44.480+0800: 5.952: Application time: 0.0712960 seconds
{Heap before GC invocations=29 (full 1):
 par new generation   total 39296K, used 37246K [0x0000000081800000, 0x00000000842a0000, 0x00000000964c0000)
  eden space 34944K, 100% used [0x0000000081800000, 0x0000000083a20000, 0x0000000083a20000)
  from space 4352K,  52% used [0x0000000083e60000, 0x000000008409f918, 0x00000000842a0000)
  to   space 4352K,   0% used [0x0000000083a20000, 0x0000000083a20000, 0x0000000083e60000)
 concurrent mark-sweep generation total 87424K, used 17219K [0x00000000964c0000, 0x000000009ba20000, 0x0000000100000000)
 Metaspace       used 25221K, capacity 26052K, committed 26388K, reserved 1073152K
  class space    used 3279K, capacity 3488K, committed 3604K, reserved 1048576K
2019-05-24T17:21:44.480+0800: 5.952: [GC (Allocation Failure) 2019-05-24T17:21:44.480+0800: 5.952: [ParNew: 37246K->2820K(39296K), 0.0025708 secs] 54466K->20105K(126720K), 0.0026886 secs] [Times: user=0.00 sys=0.00, real=0.00 secs] 
Heap after GC invocations=30 (full 1):
 par new generation   total 39296K, used 2820K [0x0000000081800000, 0x00000000842a0000, 0x00000000964c0000)
  eden space 34944K,   0% used [0x0000000081800000, 0x0000000081800000, 0x0000000083a20000)
  from space 4352K,  64% used [0x0000000083a20000, 0x0000000083ce1078, 0x0000000083e60000)
  to   space 4352K,   0% used [0x0000000083e60000, 0x0000000083e60000, 0x00000000842a0000)
 concurrent mark-sweep generation total 87424K, used 17285K [0x00000000964c0000, 0x000000009ba20000, 0x0000000100000000)
 Metaspace       used 25221K, capacity 26052K, committed 26388K, reserved 1073152K
  class space    used 3279K, capacity 3488K, committed 3604K, reserved 1048576K
}
2019-05-24T17:21:44.523+0800: 5.995: Application time: 0.0405788 seconds
{Heap before GC invocations=30 (full 1):
 par new generation   total 39296K, used 37764K [0x0000000081800000, 0x00000000842a0000, 0x00000000964c0000)
  eden space 34944K, 100% used [0x0000000081800000, 0x0000000083a20000, 0x0000000083a20000)
  from space 4352K,  64% used [0x0000000083a20000, 0x0000000083ce1078, 0x0000000083e60000)
  to   space 4352K,   0% used [0x0000000083e60000, 0x0000000083e60000, 0x00000000842a0000)
 concurrent mark-sweep generation total 87424K, used 17285K [0x00000000964c0000, 0x000000009ba20000, 0x0000000100000000)
 Metaspace       used 25322K, capacity 26154K, committed 26388K, reserved 1073152K
  class space    used 3290K, capacity 3521K, committed 3604K, reserved 1048576K
2019-05-24T17:21:44.524+0800: 5.995: [GC (Allocation Failure) 2019-05-24T17:21:44.524+0800: 5.996: [ParNew: 37764K->2858K(39296K), 0.0024821 secs] 55049K->20207K(126720K), 0.0026459 secs] [Times: user=0.00 sys=0.00, real=0.00 secs] 
Heap after GC invocations=31 (full 1):
 par new generation   total 39296K, used 2858K [0x0000000081800000, 0x00000000842a0000, 0x00000000964c0000)
  eden space 34944K,   0% used [0x0000000081800000, 0x0000000081800000, 0x0000000083a20000)
  from space 4352K,  65% used [0x0000000083e60000, 0x000000008412a910, 0x00000000842a0000)
  to   space 4352K,   0% used [0x0000000083a20000, 0x0000000083a20000, 0x0000000083e60000)
 concurrent mark-sweep generation total 87424K, used 17349K [0x00000000964c0000, 0x000000009ba20000, 0x0000000100000000)
 Metaspace       used 25322K, capacity 26154K, committed 26388K, reserved 1073152K
  class space    used 3290K, capacity 3521K, committed 3604K, reserved 1048576K
}
2019-05-24T17:21:44.588+0800: 6.060: Application time: 0.0615799 seconds
{Heap before GC invocations=31 (full 1):
 par new generation   total 39296K, used 37802K [0x0000000081800000, 0x00000000842a0000, 0x00000000964c0000)
  eden space 34944K, 100% used [0x0000000081800000, 0x0000000083a20000, 0x0000000083a20000)
  from space 4352K,  65% used [0x0000000083e60000, 0x000000008412a910, 0x00000000842a0000)
  to   space 4352K,   0% used [0x0000000083a20000, 0x0000000083a20000, 0x0000000083e60000)
 concurrent mark-sweep generation total 87424K, used 17349K [0x00000000964c0000, 0x000000009ba20000, 0x0000000100000000)
 Metaspace       used 25438K, capacity 26306K, committed 26644K, reserved 1073152K
  class space    used 3306K, capacity 3527K, committed 3604K, reserved 1048576K
2019-05-24T17:21:44.588+0800: 6.060: [GC (Allocation Failure) 2019-05-24T17:21:44.588+0800: 6.060: [ParNew: 37802K->2434K(39296K), 0.0032472 secs] 55151K->19940K(126720K), 0.0033735 secs] [Times: user=0.09 sys=0.00, real=0.00 secs] 
Heap after GC invocations=32 (full 1):
 par new generation   total 39296K, used 2434K [0x0000000081800000, 0x00000000842a0000, 0x00000000964c0000)
  eden space 34944K,   0% used [0x0000000081800000, 0x0000000081800000, 0x0000000083a20000)
  from space 4352K,  55% used [0x0000000083a20000, 0x0000000083c80840, 0x0000000083e60000)
  to   space 4352K,   0% used [0x0000000083e60000, 0x0000000083e60000, 0x00000000842a0000)
 concurrent mark-sweep generation total 87424K, used 17506K [0x00000000964c0000, 0x000000009ba20000, 0x0000000100000000)
 Metaspace       used 25438K, capacity 26306K, committed 26644K, reserved 1073152K
  class space    used 3306K, capacity 3527K, committed 3604K, reserved 1048576K
}
2019-05-24T17:21:44.941+0800: 6.413: Application time: 0.3500810 seconds
2019-05-24T17:21:44.947+0800: 6.419: Application time: 0.0056582 seconds
2019-05-24T17:21:44.993+0800: 6.465: Application time: 0.0459366 seconds
{Heap before GC invocations=32 (full 1):
 par new generation   total 39296K, used 37378K [0x0000000081800000, 0x00000000842a0000, 0x00000000964c0000)
  eden space 34944K, 100% used [0x0000000081800000, 0x0000000083a20000, 0x0000000083a20000)
  from space 4352K,  55% used [0x0000000083a20000, 0x0000000083c80840, 0x0000000083e60000)
  to   space 4352K,   0% used [0x0000000083e60000, 0x0000000083e60000, 0x00000000842a0000)
 concurrent mark-sweep generation total 87424K, used 17506K [0x00000000964c0000, 0x000000009ba20000, 0x0000000100000000)
 Metaspace       used 25803K, capacity 26806K, committed 26900K, reserved 1073152K
  class space    used 3351K, capacity 3591K, committed 3604K, reserved 1048576K
2019-05-24T17:21:44.993+0800: 6.466: [GC (Allocation Failure) 2019-05-24T17:21:44.994+0800: 6.466: [ParNew: 37378K->3092K(39296K), 0.0030794 secs] 54884K->20690K(126720K), 0.0031954 secs] [Times: user=0.08 sys=0.00, real=0.00 secs] 
Heap after GC invocations=33 (full 1):
 par new generation   total 39296K, used 3092K [0x0000000081800000, 0x00000000842a0000, 0x00000000964c0000)
  eden space 34944K,   0% used [0x0000000081800000, 0x0000000081800000, 0x0000000083a20000)
  from space 4352K,  71% used [0x0000000083e60000, 0x00000000841652f8, 0x00000000842a0000)
  to   space 4352K,   0% used [0x0000000083a20000, 0x0000000083a20000, 0x0000000083e60000)
 concurrent mark-sweep generation total 87424K, used 17597K [0x00000000964c0000, 0x000000009ba20000, 0x0000000100000000)
 Metaspace       used 25803K, capacity 26806K, committed 26900K, reserved 1073152K
  class space    used 3351K, capacity 3591K, committed 3604K, reserved 1048576K
}
2019-05-24T17:21:44.997+0800: 6.469: Application time: 0.0001246 seconds
2019-05-24T17:21:45.023+0800: 6.495: Application time: 0.0262497 seconds
2019-05-24T17:21:45.024+0800: 6.495: Application time: 0.0000990 seconds
2019-05-24T17:21:45.024+0800: 6.496: Application time: 0.0001052 seconds
2019-05-24T17:21:45.024+0800: 6.496: Application time: 0.0000711 seconds
2019-05-24T17:21:45.110+0800: 6.582: Application time: 0.0864773 seconds
2019-05-24T17:21:45.142+0800: 6.614: Application time: 0.0316757 seconds
{Heap before GC invocations=33 (full 1):
 par new generation   total 39296K, used 38036K [0x0000000081800000, 0x00000000842a0000, 0x00000000964c0000)
  eden space 34944K, 100% used [0x0000000081800000, 0x0000000083a20000, 0x0000000083a20000)
  from space 4352K,  71% used [0x0000000083e60000, 0x00000000841652f8, 0x00000000842a0000)
  to   space 4352K,   0% used [0x0000000083a20000, 0x0000000083a20000, 0x0000000083e60000)
 concurrent mark-sweep generation total 87424K, used 17597K [0x00000000964c0000, 0x000000009ba20000, 0x0000000100000000)
 Metaspace       used 26099K, capacity 27106K, committed 27284K, reserved 1073152K
  class space    used 3398K, capacity 3625K, committed 3732K, reserved 1048576K
2019-05-24T17:21:45.142+0800: 6.614: [GC (Allocation Failure) 2019-05-24T17:21:45.142+0800: 6.614: [ParNew: 38036K->2231K(39296K), 0.0042507 secs] 55634K->20282K(126720K), 0.0044146 secs] [Times: user=0.00 sys=0.00, real=0.01 secs] 
Heap after GC invocations=34 (full 1):
 par new generation   total 39296K, used 2231K [0x0000000081800000, 0x00000000842a0000, 0x00000000964c0000)
  eden space 34944K,   0% used [0x0000000081800000, 0x0000000081800000, 0x0000000083a20000)
  from space 4352K,  51% used [0x0000000083a20000, 0x0000000083c4de08, 0x0000000083e60000)
  to   space 4352K,   0% used [0x0000000083e60000, 0x0000000083e60000, 0x00000000842a0000)
 concurrent mark-sweep generation total 87424K, used 18050K [0x00000000964c0000, 0x000000009ba20000, 0x0000000100000000)
 Metaspace       used 26099K, capacity 27106K, committed 27284K, reserved 1073152K
  class space    used 3398K, capacity 3625K, committed 3732K, reserved 1048576K
}
2019-05-24T17:21:45.225+0800: 6.697: Application time: 0.0785385 seconds
{Heap before GC invocations=34 (full 1):
 par new generation   total 39296K, used 37175K [0x0000000081800000, 0x00000000842a0000, 0x00000000964c0000)
  eden space 34944K, 100% used [0x0000000081800000, 0x0000000083a20000, 0x0000000083a20000)
  from space 4352K,  51% used [0x0000000083a20000, 0x0000000083c4de08, 0x0000000083e60000)
  to   space 4352K,   0% used [0x0000000083e60000, 0x0000000083e60000, 0x00000000842a0000)
 concurrent mark-sweep generation total 87424K, used 18050K [0x00000000964c0000, 0x000000009ba20000, 0x0000000100000000)
 Metaspace       used 26220K, capacity 27180K, committed 27540K, reserved 1073152K
  class space    used 3417K, capacity 3626K, committed 3732K, reserved 1048576K
2019-05-24T17:21:45.225+0800: 6.697: [GC (Allocation Failure) 2019-05-24T17:21:45.225+0800: 6.697: [ParNew: 37175K->2385K(39296K), 0.0034310 secs] 55226K->20889K(126720K), 0.0035686 secs] [Times: user=0.00 sys=0.00, real=0.00 secs] 
Heap after GC invocations=35 (full 1):
 par new generation   total 39296K, used 2385K [0x0000000081800000, 0x00000000842a0000, 0x00000000964c0000)
  eden space 34944K,   0% used [0x0000000081800000, 0x0000000081800000, 0x0000000083a20000)
  from space 4352K,  54% used [0x0000000083e60000, 0x00000000840b4760, 0x00000000842a0000)
  to   space 4352K,   0% used [0x0000000083a20000, 0x0000000083a20000, 0x0000000083e60000)
 concurrent mark-sweep generation total 87424K, used 18503K [0x00000000964c0000, 0x000000009ba20000, 0x0000000100000000)
 Metaspace       used 26220K, capacity 27180K, committed 27540K, reserved 1073152K
  class space    used 3417K, capacity 3626K, committed 3732K, reserved 1048576K
}
2019-05-24T17:21:45.623+0800: 7.095: Application time: 0.3938587 seconds
{Heap before GC invocations=35 (full 1):
 par new generation   total 39296K, used 37329K [0x0000000081800000, 0x00000000842a0000, 0x00000000964c0000)
  eden space 34944K, 100% used [0x0000000081800000, 0x0000000083a20000, 0x0000000083a20000)
  from space 4352K,  54% used [0x0000000083e60000, 0x00000000840b4760, 0x00000000842a0000)
  to   space 4352K,   0% used [0x0000000083a20000, 0x0000000083a20000, 0x0000000083e60000)
 concurrent mark-sweep generation total 87424K, used 18503K [0x00000000964c0000, 0x000000009ba20000, 0x0000000100000000)
 Metaspace       used 26756K, capacity 27756K, committed 27796K, reserved 1073152K
  class space    used 3477K, capacity 3700K, committed 3732K, reserved 1048576K
2019-05-24T17:21:45.623+0800: 7.095: [GC (Allocation Failure) 2019-05-24T17:21:45.623+0800: 7.095: [ParNew: 37329K->3761K(39296K), 0.0045443 secs] 55833K->22631K(126720K), 0.0046729 secs] [Times: user=0.00 sys=0.00, real=0.01 secs] 
Heap after GC invocations=36 (full 1):
 par new generation   total 39296K, used 3761K [0x0000000081800000, 0x00000000842a0000, 0x00000000964c0000)
  eden space 34944K,   0% used [0x0000000081800000, 0x0000000081800000, 0x0000000083a20000)
  from space 4352K,  86% used [0x0000000083a20000, 0x0000000083dcc6f8, 0x0000000083e60000)
  to   space 4352K,   0% used [0x0000000083e60000, 0x0000000083e60000, 0x00000000842a0000)
 concurrent mark-sweep generation total 87424K, used 18869K [0x00000000964c0000, 0x000000009ba20000, 0x0000000100000000)
 Metaspace       used 26756K, capacity 27756K, committed 27796K, reserved 1073152K
  class space    used 3477K, capacity 3700K, committed 3732K, reserved 1048576K
}
2019-05-24T17:21:45.765+0800: 7.237: Application time: 0.1371164 seconds
2019-05-24T17:21:45.766+0800: 7.238: Application time: 0.0007936 seconds
2019-05-24T17:21:45.769+0800: 7.241: Application time: 0.0028609 seconds
2019-05-24T17:21:45.769+0800: 7.241: Application time: 0.0000381 seconds
2019-05-24T17:21:45.772+0800: 7.244: Application time: 0.0029707 seconds
2019-05-24T17:21:45.775+0800: 7.246: Application time: 0.0018830 seconds
2019-05-24T17:21:45.775+0800: 7.246: Application time: 0.0000478 seconds
2019-05-24T17:21:45.775+0800: 7.247: Application time: 0.0000313 seconds
2019-05-24T17:21:45.775+0800: 7.247: Application time: 0.0000307 seconds
2019-05-24T17:21:45.775+0800: 7.248: Application time: 0.0009489 seconds
2019-05-24T17:21:45.781+0800: 7.254: Application time: 0.0059273 seconds
{Heap before GC invocations=36 (full 1):
 par new generation   total 39296K, used 38705K [0x0000000081800000, 0x00000000842a0000, 0x00000000964c0000)
  eden space 34944K, 100% used [0x0000000081800000, 0x0000000083a20000, 0x0000000083a20000)
  from space 4352K,  86% used [0x0000000083a20000, 0x0000000083dcc6f8, 0x0000000083e60000)
  to   space 4352K,   0% used [0x0000000083e60000, 0x0000000083e60000, 0x00000000842a0000)
 concurrent mark-sweep generation total 87424K, used 18869K [0x00000000964c0000, 0x000000009ba20000, 0x0000000100000000)
 Metaspace       used 26998K, capacity 28014K, committed 28180K, reserved 1073152K
  class space    used 3504K, capacity 3741K, committed 3860K, reserved 1048576K
2019-05-24T17:21:45.782+0800: 7.254: [GC (Allocation Failure) 2019-05-24T17:21:45.782+0800: 7.254: [ParNew: 38705K->3045K(39296K), 0.0055740 secs] 57575K->22815K(126720K), 0.0057372 secs] [Times: user=0.00 sys=0.00, real=0.00 secs] 
Heap after GC invocations=37 (full 1):
 par new generation   total 39296K, used 3045K [0x0000000081800000, 0x00000000842a0000, 0x00000000964c0000)
  eden space 34944K,   0% used [0x0000000081800000, 0x0000000081800000, 0x0000000083a20000)
  from space 4352K,  69% used [0x0000000083e60000, 0x0000000084159728, 0x00000000842a0000)
  to   space 4352K,   0% used [0x0000000083a20000, 0x0000000083a20000, 0x0000000083e60000)
 concurrent mark-sweep generation total 87424K, used 19769K [0x00000000964c0000, 0x000000009ba20000, 0x0000000100000000)
 Metaspace       used 26998K, capacity 28014K, committed 28180K, reserved 1073152K
  class space    used 3504K, capacity 3741K, committed 3860K, reserved 1048576K
}
2019-05-24T17:21:45.795+0800: 7.267: Application time: 0.0077494 seconds
2019-05-24T17:21:45.796+0800: 7.268: Application time: 0.0000427 seconds
2019-05-24T17:21:45.797+0800: 7.269: Application time: 0.0010092 seconds
2019-05-24T17:21:45.798+0800: 7.270: Application time: 0.0009426 seconds
2019-05-24T17:21:45.799+0800: 7.271: Application time: 0.0007344 seconds
2019-05-24T17:21:45.799+0800: 7.271: Application time: 0.0000370 seconds
2019-05-24T17:21:45.802+0800: 7.274: Application time: 0.0026874 seconds
2019-05-24T17:21:45.818+0800: 7.290: Application time: 0.0164471 seconds
{Heap before GC invocations=37 (full 1):
 par new generation   total 39296K, used 37989K [0x0000000081800000, 0x00000000842a0000, 0x00000000964c0000)
  eden space 34944K, 100% used [0x0000000081800000, 0x0000000083a20000, 0x0000000083a20000)
  from space 4352K,  69% used [0x0000000083e60000, 0x0000000084159728, 0x00000000842a0000)
  to   space 4352K,   0% used [0x0000000083a20000, 0x0000000083a20000, 0x0000000083e60000)
 concurrent mark-sweep generation total 87424K, used 19769K [0x00000000964c0000, 0x000000009ba20000, 0x0000000100000000)
 Metaspace       used 27051K, capacity 28014K, committed 28180K, reserved 1073152K
  class space    used 3511K, capacity 3741K, committed 3860K, reserved 1048576K
2019-05-24T17:21:45.818+0800: 7.290: [GC (Allocation Failure) 2019-05-24T17:21:45.818+0800: 7.290: [ParNew: 37989K->2423K(39296K), 0.0030117 secs] 57759K->23143K(126720K), 0.0031653 secs] [Times: user=0.00 sys=0.00, real=0.00 secs] 
Heap after GC invocations=38 (full 1):
 par new generation   total 39296K, used 2423K [0x0000000081800000, 0x00000000842a0000, 0x00000000964c0000)
  eden space 34944K,   0% used [0x0000000081800000, 0x0000000081800000, 0x0000000083a20000)
  from space 4352K,  55% used [0x0000000083a20000, 0x0000000083c7dde0, 0x0000000083e60000)
  to   space 4352K,   0% used [0x0000000083e60000, 0x0000000083e60000, 0x00000000842a0000)
 concurrent mark-sweep generation total 87424K, used 20719K [0x00000000964c0000, 0x000000009ba20000, 0x0000000100000000)
 Metaspace       used 27051K, capacity 28014K, committed 28180K, reserved 1073152K
  class space    used 3511K, capacity 3741K, committed 3860K, reserved 1048576K
}
2019-05-24T17:21:45.822+0800: 7.294: Application time: 0.0001240 seconds
2019-05-24T17:21:45.858+0800: 7.330: Application time: 0.0363941 seconds
2019-05-24T17:21:45.861+0800: 7.333: Application time: 0.0030276 seconds
2019-05-24T17:21:45.861+0800: 7.333: Application time: 0.0000319 seconds
2019-05-24T17:21:45.862+0800: 7.334: Application time: 0.0005137 seconds
2019-05-24T17:21:45.866+0800: 7.338: Application time: 0.0037148 seconds
2019-05-24T17:21:45.866+0800: 7.338: Application time: 0.0000410 seconds
2019-05-24T17:21:45.867+0800: 7.339: Application time: 0.0006155 seconds
2019-05-24T17:21:45.881+0800: 7.353: Application time: 0.0141744 seconds
2019-05-24T17:21:45.881+0800: 7.353: Application time: 0.0000336 seconds
2019-05-24T17:21:45.882+0800: 7.354: Application time: 0.0005507 seconds
2019-05-24T17:21:45.899+0800: 7.371: Application time: 0.0170433 seconds
2019-05-24T17:21:45.899+0800: 7.371: Application time: 0.0000393 seconds
2019-05-24T17:21:45.935+0800: 7.407: Application time: 0.0360158 seconds
{Heap before GC invocations=38 (full 1):
 par new generation   total 39296K, used 37367K [0x0000000081800000, 0x00000000842a0000, 0x00000000964c0000)
  eden space 34944K, 100% used [0x0000000081800000, 0x0000000083a20000, 0x0000000083a20000)
  from space 4352K,  55% used [0x0000000083a20000, 0x0000000083c7dde0, 0x0000000083e60000)
  to   space 4352K,   0% used [0x0000000083e60000, 0x0000000083e60000, 0x00000000842a0000)
 concurrent mark-sweep generation total 87424K, used 20719K [0x00000000964c0000, 0x000000009ba20000, 0x0000000100000000)
 Metaspace       used 27234K, capacity 28334K, committed 28436K, reserved 1073152K
  class space    used 3531K, capacity 3805K, committed 3860K, reserved 1048576K
2019-05-24T17:21:45.935+0800: 7.407: [GC (Allocation Failure) 2019-05-24T17:21:45.935+0800: 7.407: [ParNew: 37367K->1336K(39296K), 0.0014546 secs] 58087K->22056K(126720K), 0.0015912 secs] [Times: user=0.00 sys=0.00, real=0.00 secs] 
Heap after GC invocations=39 (full 1):
 par new generation   total 39296K, used 1336K [0x0000000081800000, 0x00000000842a0000, 0x00000000964c0000)
  eden space 34944K,   0% used [0x0000000081800000, 0x0000000081800000, 0x0000000083a20000)
  from space 4352K,  30% used [0x0000000083e60000, 0x0000000083fae1c8, 0x00000000842a0000)
  to   space 4352K,   0% used [0x0000000083a20000, 0x0000000083a20000, 0x0000000083e60000)
 concurrent mark-sweep generation total 87424K, used 20719K [0x00000000964c0000, 0x000000009ba20000, 0x0000000100000000)
 Metaspace       used 27234K, capacity 28334K, committed 28436K, reserved 1073152K
  class space    used 3531K, capacity 3805K, committed 3860K, reserved 1048576K
}
2019-05-24T17:21:45.940+0800: 7.412: Application time: 0.0035459 seconds
2019-05-24T17:21:45.947+0800: 7.418: Application time: 0.0059142 seconds
2019-05-24T17:21:45.981+0800: 7.453: Application time: 0.0342778 seconds
{Heap before GC invocations=39 (full 1):
 par new generation   total 39296K, used 36280K [0x0000000081800000, 0x00000000842a0000, 0x00000000964c0000)
  eden space 34944K, 100% used [0x0000000081800000, 0x0000000083a20000, 0x0000000083a20000)
  from space 4352K,  30% used [0x0000000083e60000, 0x0000000083fae1c8, 0x00000000842a0000)
  to   space 4352K,   0% used [0x0000000083a20000, 0x0000000083a20000, 0x0000000083e60000)
 concurrent mark-sweep generation total 87424K, used 20719K [0x00000000964c0000, 0x000000009ba20000, 0x0000000100000000)
 Metaspace       used 27311K, capacity 28398K, committed 28692K, reserved 1075200K
  class space    used 3540K, capacity 3805K, committed 3860K, reserved 1048576K
2019-05-24T17:21:45.981+0800: 7.453: [GC (Allocation Failure) 2019-05-24T17:21:45.981+0800: 7.453: [ParNew: 36280K->1260K(39296K), 0.0013210 secs] 57000K->21980K(126720K), 0.0014478 secs] [Times: user=0.00 sys=0.00, real=0.00 secs] 
Heap after GC invocations=40 (full 1):
 par new generation   total 39296K, used 1260K [0x0000000081800000, 0x00000000842a0000, 0x00000000964c0000)
  eden space 34944K,   0% used [0x0000000081800000, 0x0000000081800000, 0x0000000083a20000)
  from space 4352K,  28% used [0x0000000083a20000, 0x0000000083b5b390, 0x0000000083e60000)
  to   space 4352K,   0% used [0x0000000083e60000, 0x0000000083e60000, 0x00000000842a0000)
 concurrent mark-sweep generation total 87424K, used 20719K [0x00000000964c0000, 0x000000009ba20000, 0x0000000100000000)
 Metaspace       used 27311K, capacity 28398K, committed 28692K, reserved 1075200K
  class space    used 3540K, capacity 3805K, committed 3860K, reserved 1048576K
}
2019-05-24T17:21:46.015+0800: 7.487: Application time: 0.0324204 seconds
2019-05-24T17:21:46.015+0800: 7.487: Application time: 0.0000529 seconds
2019-05-24T17:21:46.015+0800: 7.487: Application time: 0.0000387 seconds
2019-05-24T17:21:46.016+0800: 7.488: Application time: 0.0006986 seconds
2019-05-24T17:21:46.020+0800: 7.492: Application time: 0.0037097 seconds
2019-05-24T17:21:46.020+0800: 7.492: Application time: 0.0000546 seconds
2019-05-24T17:21:46.021+0800: 7.492: Application time: 0.0003834 seconds
2019-05-24T17:21:46.021+0800: 7.493: Application time: 0.0003482 seconds
2019-05-24T17:21:46.021+0800: 7.493: Application time: 0.0000387 seconds
2019-05-24T17:21:46.022+0800: 7.494: Application time: 0.0005865 seconds
2019-05-24T17:21:46.022+0800: 7.494: Application time: 0.0003698 seconds
{Heap before GC invocations=40 (full 1):
 par new generation   total 39296K, used 36204K [0x0000000081800000, 0x00000000842a0000, 0x00000000964c0000)
  eden space 34944K, 100% used [0x0000000081800000, 0x0000000083a20000, 0x0000000083a20000)
  from space 4352K,  28% used [0x0000000083a20000, 0x0000000083b5b390, 0x0000000083e60000)
  to   space 4352K,   0% used [0x0000000083e60000, 0x0000000083e60000, 0x00000000842a0000)
 concurrent mark-sweep generation total 87424K, used 20719K [0x00000000964c0000, 0x000000009ba20000, 0x0000000100000000)
 Metaspace       used 27382K, capacity 28462K, committed 28692K, reserved 1075200K
  class space    used 3555K, capacity 3805K, committed 3860K, reserved 1048576K
2019-05-24T17:21:46.022+0800: 7.494: [GC (Allocation Failure) 2019-05-24T17:21:46.022+0800: 7.494: [ParNew: 36204K->1382K(39296K), 0.0017362 secs] 56924K->22102K(126720K), 0.0018432 secs] [Times: user=0.00 sys=0.00, real=0.00 secs] 
Heap after GC invocations=41 (full 1):
 par new generation   total 39296K, used 1382K [0x0000000081800000, 0x00000000842a0000, 0x00000000964c0000)
  eden space 34944K,   0% used [0x0000000081800000, 0x0000000081800000, 0x0000000083a20000)
  from space 4352K,  31% used [0x0000000083e60000, 0x0000000083fb9b80, 0x00000000842a0000)
  to   space 4352K,   0% used [0x0000000083a20000, 0x0000000083a20000, 0x0000000083e60000)
 concurrent mark-sweep generation total 87424K, used 20719K [0x00000000964c0000, 0x000000009ba20000, 0x0000000100000000)
 Metaspace       used 27382K, capacity 28462K, committed 28692K, reserved 1075200K
  class space    used 3555K, capacity 3805K, committed 3860K, reserved 1048576K
}
2019-05-24T17:21:46.024+0800: 7.496: Application time: 0.0001758 seconds
2019-05-24T17:21:46.024+0800: 7.496: Application time: 0.0000455 seconds
2019-05-24T17:21:46.024+0800: 7.496: Application time: 0.0000296 seconds
2019-05-24T17:21:46.025+0800: 7.497: Application time: 0.0006326 seconds
2019-05-24T17:21:46.027+0800: 7.499: Application time: 0.0022141 seconds
2019-05-24T17:21:46.027+0800: 7.500: Application time: 0.0000410 seconds
2019-05-24T17:21:46.028+0800: 7.500: Application time: 0.0006161 seconds
2019-05-24T17:21:46.038+0800: 7.510: Application time: 0.0095101 seconds
2019-05-24T17:21:46.038+0800: 7.510: Application time: 0.0002731 seconds
{Heap before GC invocations=41 (full 1):
 par new generation   total 39296K, used 36326K [0x0000000081800000, 0x00000000842a0000, 0x00000000964c0000)
  eden space 34944K, 100% used [0x0000000081800000, 0x0000000083a20000, 0x0000000083a20000)
  from space 4352K,  31% used [0x0000000083e60000, 0x0000000083fb9b80, 0x00000000842a0000)
  to   space 4352K,   0% used [0x0000000083a20000, 0x0000000083a20000, 0x0000000083e60000)
 concurrent mark-sweep generation total 87424K, used 20719K [0x00000000964c0000, 0x000000009ba20000, 0x0000000100000000)
 Metaspace       used 27386K, capacity 28462K, committed 28692K, reserved 1075200K
  class space    used 3555K, capacity 3805K, committed 3860K, reserved 1048576K
2019-05-24T17:21:46.038+0800: 7.510: [GC (Allocation Failure) 2019-05-24T17:21:46.039+0800: 7.511: [ParNew: 36326K->1420K(39296K), 0.0012783 secs] 57046K->22140K(126720K), 0.0018142 secs] [Times: user=0.00 sys=0.00, real=0.00 secs] 
Heap after GC invocations=42 (full 1):
 par new generation   total 39296K, used 1420K [0x0000000081800000, 0x00000000842a0000, 0x00000000964c0000)
  eden space 34944K,   0% used [0x0000000081800000, 0x0000000081800000, 0x0000000083a20000)
  from space 4352K,  32% used [0x0000000083a20000, 0x0000000083b831d0, 0x0000000083e60000)
  to   space 4352K,   0% used [0x0000000083e60000, 0x0000000083e60000, 0x00000000842a0000)
 concurrent mark-sweep generation total 87424K, used 20719K [0x00000000964c0000, 0x000000009ba20000, 0x0000000100000000)
 Metaspace       used 27386K, capacity 28462K, committed 28692K, reserved 1075200K
  class space    used 3555K, capacity 3805K, committed 3860K, reserved 1048576K
}
2019-05-24T17:21:46.045+0800: 7.517: Application time: 0.0044356 seconds
2019-05-24T17:21:46.045+0800: 7.517: Application time: 0.0000387 seconds
2019-05-24T17:21:46.048+0800: 7.520: Application time: 0.0034566 seconds
2019-05-24T17:21:46.060+0800: 7.532: Application time: 0.0112009 seconds
{Heap before GC invocations=42 (full 1):
 par new generation   total 39296K, used 36364K [0x0000000081800000, 0x00000000842a0000, 0x00000000964c0000)
  eden space 34944K, 100% used [0x0000000081800000, 0x0000000083a20000, 0x0000000083a20000)
  from space 4352K,  32% used [0x0000000083a20000, 0x0000000083b831d0, 0x0000000083e60000)
  to   space 4352K,   0% used [0x0000000083e60000, 0x0000000083e60000, 0x00000000842a0000)
 concurrent mark-sweep generation total 87424K, used 20719K [0x00000000964c0000, 0x000000009ba20000, 0x0000000100000000)
 Metaspace       used 27386K, capacity 28462K, committed 28692K, reserved 1075200K
  class space    used 3555K, capacity 3805K, committed 3860K, reserved 1048576K
2019-05-24T17:21:46.060+0800: 7.532: [GC (Allocation Failure) 2019-05-24T17:21:46.060+0800: 7.532: [ParNew: 36364K->1438K(39296K), 0.0012379 secs] 57084K->22158K(126720K), 0.0013414 secs] [Times: user=0.00 sys=0.00, real=0.00 secs] 
Heap after GC invocations=43 (full 1):
 par new generation   total 39296K, used 1438K [0x0000000081800000, 0x00000000842a0000, 0x00000000964c0000)
  eden space 34944K,   0% used [0x0000000081800000, 0x0000000081800000, 0x0000000083a20000)
  from space 4352K,  33% used [0x0000000083e60000, 0x0000000083fc7910, 0x00000000842a0000)
  to   space 4352K,   0% used [0x0000000083a20000, 0x0000000083a20000, 0x0000000083e60000)
 concurrent mark-sweep generation total 87424K, used 20719K [0x00000000964c0000, 0x000000009ba20000, 0x0000000100000000)
 Metaspace       used 27386K, capacity 28462K, committed 28692K, reserved 1075200K
  class space    used 3555K, capacity 3805K, committed 3860K, reserved 1048576K
}
2019-05-24T17:21:46.083+0800: 7.555: Application time: 0.0216838 seconds
{Heap before GC invocations=43 (full 1):
 par new generation   total 39296K, used 36382K [0x0000000081800000, 0x00000000842a0000, 0x00000000964c0000)
  eden space 34944K, 100% used [0x0000000081800000, 0x0000000083a20000, 0x0000000083a20000)
  from space 4352K,  33% used [0x0000000083e60000, 0x0000000083fc7910, 0x00000000842a0000)
  to   space 4352K,   0% used [0x0000000083a20000, 0x0000000083a20000, 0x0000000083e60000)
 concurrent mark-sweep generation total 87424K, used 20719K [0x00000000964c0000, 0x000000009ba20000, 0x0000000100000000)
 Metaspace       used 27394K, capacity 28462K, committed 28692K, reserved 1075200K
  class space    used 3555K, capacity 3805K, committed 3860K, reserved 1048576K
2019-05-24T17:21:46.083+0800: 7.555: [GC (Allocation Failure) 2019-05-24T17:21:46.083+0800: 7.555: [ParNew: 36382K->1450K(39296K), 0.0011207 secs] 57102K->22170K(126720K), 0.0012425 secs] [Times: user=0.00 sys=0.00, real=0.00 secs] 
Heap after GC invocations=44 (full 1):
 par new generation   total 39296K, used 1450K [0x0000000081800000, 0x00000000842a0000, 0x00000000964c0000)
  eden space 34944K,   0% used [0x0000000081800000, 0x0000000081800000, 0x0000000083a20000)
  from space 4352K,  33% used [0x0000000083a20000, 0x0000000083b8a910, 0x0000000083e60000)
  to   space 4352K,   0% used [0x0000000083e60000, 0x0000000083e60000, 0x00000000842a0000)
 concurrent mark-sweep generation total 87424K, used 20719K [0x00000000964c0000, 0x000000009ba20000, 0x0000000100000000)
 Metaspace       used 27394K, capacity 28462K, committed 28692K, reserved 1075200K
  class space    used 3555K, capacity 3805K, committed 3860K, reserved 1048576K
}
2019-05-24T17:21:46.091+0800: 7.564: Application time: 0.0072533 seconds
2019-05-24T17:21:46.101+0800: 7.573: Application time: 0.0089287 seconds
{Heap before GC invocations=44 (full 1):
 par new generation   total 39296K, used 36394K [0x0000000081800000, 0x00000000842a0000, 0x00000000964c0000)
  eden space 34944K, 100% used [0x0000000081800000, 0x0000000083a20000, 0x0000000083a20000)
  from space 4352K,  33% used [0x0000000083a20000, 0x0000000083b8a910, 0x0000000083e60000)
  to   space 4352K,   0% used [0x0000000083e60000, 0x0000000083e60000, 0x00000000842a0000)
 concurrent mark-sweep generation total 87424K, used 20719K [0x00000000964c0000, 0x000000009ba20000, 0x0000000100000000)
 Metaspace       used 27395K, capacity 28462K, committed 28692K, reserved 1075200K
  class space    used 3555K, capacity 3805K, committed 3860K, reserved 1048576K
2019-05-24T17:21:46.101+0800: 7.573: [GC (Allocation Failure) 2019-05-24T17:21:46.101+0800: 7.573: [ParNew: 36394K->1546K(39296K), 0.0011452 secs] 57114K->22266K(126720K), 0.0012527 secs] [Times: user=0.00 sys=0.00, real=0.00 secs] 
Heap after GC invocations=45 (full 1):
 par new generation   total 39296K, used 1546K [0x0000000081800000, 0x00000000842a0000, 0x00000000964c0000)
  eden space 34944K,   0% used [0x0000000081800000, 0x0000000081800000, 0x0000000083a20000)
  from space 4352K,  35% used [0x0000000083e60000, 0x0000000083fe2a58, 0x00000000842a0000)
  to   space 4352K,   0% used [0x0000000083a20000, 0x0000000083a20000, 0x0000000083e60000)
 concurrent mark-sweep generation total 87424K, used 20719K [0x00000000964c0000, 0x000000009ba20000, 0x0000000100000000)
 Metaspace       used 27395K, capacity 28462K, committed 28692K, reserved 1075200K
  class space    used 3555K, capacity 3805K, committed 3860K, reserved 1048576K
}
2019-05-24T17:21:46.112+0800: 7.584: Application time: 0.0099578 seconds
2019-05-24T17:21:46.112+0800: 7.584: Application time: 0.0000961 seconds
{Heap before GC invocations=45 (full 1):
 par new generation   total 39296K, used 36490K [0x0000000081800000, 0x00000000842a0000, 0x00000000964c0000)
  eden space 34944K, 100% used [0x0000000081800000, 0x0000000083a20000, 0x0000000083a20000)
  from space 4352K,  35% used [0x0000000083e60000, 0x0000000083fe2a58, 0x00000000842a0000)
  to   space 4352K,   0% used [0x0000000083a20000, 0x0000000083a20000, 0x0000000083e60000)
 concurrent mark-sweep generation total 87424K, used 20719K [0x00000000964c0000, 0x000000009ba20000, 0x0000000100000000)
 Metaspace       used 27395K, capacity 28462K, committed 28692K, reserved 1075200K
  class space    used 3555K, capacity 3805K, committed 3860K, reserved 1048576K
2019-05-24T17:21:46.112+0800: 7.584: [GC (Allocation Failure) 2019-05-24T17:21:46.113+0800: 7.585: [ParNew: 36490K->1248K(39296K), 0.0017579 secs] 57210K->22419K(126720K), 0.0018722 secs] [Times: user=0.00 sys=0.00, real=0.00 secs] 
Heap after GC invocations=46 (full 1):
 par new generation   total 39296K, used 1248K [0x0000000081800000, 0x00000000842a0000, 0x00000000964c0000)
  eden space 34944K,   0% used [0x0000000081800000, 0x0000000081800000, 0x0000000083a20000)
  from space 4352K,  28% used [0x0000000083a20000, 0x0000000083b58120, 0x0000000083e60000)
  to   space 4352K,   0% used [0x0000000083e60000, 0x0000000083e60000, 0x00000000842a0000)
 concurrent mark-sweep generation total 87424K, used 21171K [0x00000000964c0000, 0x000000009ba20000, 0x0000000100000000)
 Metaspace       used 27395K, capacity 28462K, committed 28692K, reserved 1075200K
  class space    used 3555K, capacity 3805K, committed 3860K, reserved 1048576K
}
2019-05-24T17:21:46.135+0800: 7.607: Application time: 0.0204248 seconds
{Heap before GC invocations=46 (full 1):
 par new generation   total 39296K, used 36192K [0x0000000081800000, 0x00000000842a0000, 0x00000000964c0000)
  eden space 34944K, 100% used [0x0000000081800000, 0x0000000083a20000, 0x0000000083a20000)
  from space 4352K,  28% used [0x0000000083a20000, 0x0000000083b58120, 0x0000000083e60000)
  to   space 4352K,   0% used [0x0000000083e60000, 0x0000000083e60000, 0x00000000842a0000)
 concurrent mark-sweep generation total 87424K, used 21171K [0x00000000964c0000, 0x000000009ba20000, 0x0000000100000000)
 Metaspace       used 27401K, capacity 28462K, committed 28692K, reserved 1075200K
  class space    used 3555K, capacity 3805K, committed 3860K, reserved 1048576K
2019-05-24T17:21:46.135+0800: 7.607: [GC (Allocation Failure) 2019-05-24T17:21:46.135+0800: 7.607: [ParNew: 36192K->691K(39296K), 0.0009961 secs] 57363K->21880K(126720K), 0.0011116 secs] [Times: user=0.08 sys=0.00, real=0.00 secs] 
Heap after GC invocations=47 (full 1):
 par new generation   total 39296K, used 691K [0x0000000081800000, 0x00000000842a0000, 0x00000000964c0000)
  eden space 34944K,   0% used [0x0000000081800000, 0x0000000081800000, 0x0000000083a20000)
  from space 4352K,  15% used [0x0000000083e60000, 0x0000000083f0cda0, 0x00000000842a0000)
  to   space 4352K,   0% used [0x0000000083a20000, 0x0000000083a20000, 0x0000000083e60000)
 concurrent mark-sweep generation total 87424K, used 21188K [0x00000000964c0000, 0x000000009ba20000, 0x0000000100000000)
 Metaspace       used 27401K, capacity 28462K, committed 28692K, reserved 1075200K
  class space    used 3555K, capacity 3805K, committed 3860K, reserved 1048576K
}
2019-05-24T17:21:46.173+0800: 7.645: Application time: 0.0366546 seconds
{Heap before GC invocations=47 (full 1):
 par new generation   total 39296K, used 35635K [0x0000000081800000, 0x00000000842a0000, 0x00000000964c0000)
  eden space 34944K, 100% used [0x0000000081800000, 0x0000000083a20000, 0x0000000083a20000)
  from space 4352K,  15% used [0x0000000083e60000, 0x0000000083f0cda0, 0x00000000842a0000)
  to   space 4352K,   0% used [0x0000000083a20000, 0x0000000083a20000, 0x0000000083e60000)
 concurrent mark-sweep generation total 87424K, used 21188K [0x00000000964c0000, 0x000000009ba20000, 0x0000000100000000)
 Metaspace       used 27438K, capacity 28468K, committed 28692K, reserved 1075200K
  class space    used 3561K, capacity 3806K, committed 3860K, reserved 1048576K
2019-05-24T17:21:46.173+0800: 7.645: [GC (Allocation Failure) 2019-05-24T17:21:46.173+0800: 7.645: [ParNew: 35635K->1088K(39296K), 0.0013579 secs] 56824K->22313K(126720K), 0.0014655 secs] [Times: user=0.00 sys=0.00, real=0.00 secs] 
Heap after GC invocations=48 (full 1):
 par new generation   total 39296K, used 1088K [0x0000000081800000, 0x00000000842a0000, 0x00000000964c0000)
  eden space 34944K,   0% used [0x0000000081800000, 0x0000000081800000, 0x0000000083a20000)
  from space 4352K,  25% used [0x0000000083a20000, 0x0000000083b302f8, 0x0000000083e60000)
  to   space 4352K,   0% used [0x0000000083e60000, 0x0000000083e60000, 0x00000000842a0000)
 concurrent mark-sweep generation total 87424K, used 21225K [0x00000000964c0000, 0x000000009ba20000, 0x0000000100000000)
 Metaspace       used 27438K, capacity 28468K, committed 28692K, reserved 1075200K
  class space    used 3561K, capacity 3806K, committed 3860K, reserved 1048576K
}
2019-05-24T17:21:46.247+0800: 7.719: Application time: 0.0723922 seconds
{Heap before GC invocations=48 (full 1):
 par new generation   total 39296K, used 36032K [0x0000000081800000, 0x00000000842a0000, 0x00000000964c0000)
  eden space 34944K, 100% used [0x0000000081800000, 0x0000000083a20000, 0x0000000083a20000)
  from space 4352K,  25% used [0x0000000083a20000, 0x0000000083b302f8, 0x0000000083e60000)
  to   space 4352K,   0% used [0x0000000083e60000, 0x0000000083e60000, 0x00000000842a0000)
 concurrent mark-sweep generation total 87424K, used 21225K [0x00000000964c0000, 0x000000009ba20000, 0x0000000100000000)
 Metaspace       used 27810K, capacity 28886K, committed 29076K, reserved 1075200K
  class space    used 3605K, capacity 3877K, committed 3988K, reserved 1048576K
2019-05-24T17:21:46.247+0800: 7.719: [GC (Allocation Failure) 2019-05-24T17:21:46.247+0800: 7.719: [ParNew: 36032K->1068K(39296K), 0.0014148 secs] 57257K->22315K(126720K), 0.0015314 secs] [Times: user=0.00 sys=0.00, real=0.00 secs] 
Heap after GC invocations=49 (full 1):
 par new generation   total 39296K, used 1068K [0x0000000081800000, 0x00000000842a0000, 0x00000000964c0000)
  eden space 34944K,   0% used [0x0000000081800000, 0x0000000081800000, 0x0000000083a20000)
  from space 4352K,  24% used [0x0000000083e60000, 0x0000000083f6b170, 0x00000000842a0000)
  to   space 4352K,   0% used [0x0000000083a20000, 0x0000000083a20000, 0x0000000083e60000)
 concurrent mark-sweep generation total 87424K, used 21247K [0x00000000964c0000, 0x000000009ba20000, 0x0000000100000000)
 Metaspace       used 27810K, capacity 28886K, committed 29076K, reserved 1075200K
  class space    used 3605K, capacity 3877K, committed 3988K, reserved 1048576K
}
2019-05-24T17:21:46.320+0800: 7.792: Application time: 0.0709165 seconds
{Heap before GC invocations=49 (full 1):
 par new generation   total 39296K, used 36012K [0x0000000081800000, 0x00000000842a0000, 0x00000000964c0000)
  eden space 34944K, 100% used [0x0000000081800000, 0x0000000083a20000, 0x0000000083a20000)
  from space 4352K,  24% used [0x0000000083e60000, 0x0000000083f6b170, 0x00000000842a0000)
  to   space 4352K,   0% used [0x0000000083a20000, 0x0000000083a20000, 0x0000000083e60000)
 concurrent mark-sweep generation total 87424K, used 21247K [0x00000000964c0000, 0x000000009ba20000, 0x0000000100000000)
 Metaspace       used 27958K, capacity 29026K, committed 29332K, reserved 1075200K
  class space    used 3625K, capacity 3879K, committed 3988K, reserved 1048576K
2019-05-24T17:21:46.320+0800: 7.792: [GC (Allocation Failure) 2019-05-24T17:21:46.320+0800: 7.792: [ParNew: 36012K->904K(39296K), 0.0015081 secs] 57259K->22217K(126720K), 0.0016270 secs] [Times: user=0.00 sys=0.00, real=0.00 secs] 
Heap after GC invocations=50 (full 1):
 par new generation   total 39296K, used 904K [0x0000000081800000, 0x00000000842a0000, 0x00000000964c0000)
  eden space 34944K,   0% used [0x0000000081800000, 0x0000000081800000, 0x0000000083a20000)
  from space 4352K,  20% used [0x0000000083a20000, 0x0000000083b02198, 0x0000000083e60000)
  to   space 4352K,   0% used [0x0000000083e60000, 0x0000000083e60000, 0x00000000842a0000)
 concurrent mark-sweep generation total 87424K, used 21313K [0x00000000964c0000, 0x000000009ba20000, 0x0000000100000000)
 Metaspace       used 27958K, capacity 29026K, committed 29332K, reserved 1075200K
  class space    used 3625K, capacity 3879K, committed 3988K, reserved 1048576K
}
2019-05-24T17:21:46.429+0800: 7.901: Application time: 0.1071206 seconds
{Heap before GC invocations=50 (full 1):
 par new generation   total 39296K, used 35848K [0x0000000081800000, 0x00000000842a0000, 0x00000000964c0000)
  eden space 34944K, 100% used [0x0000000081800000, 0x0000000083a20000, 0x0000000083a20000)
  from space 4352K,  20% used [0x0000000083a20000, 0x0000000083b02198, 0x0000000083e60000)
  to   space 4352K,   0% used [0x0000000083e60000, 0x0000000083e60000, 0x00000000842a0000)
 concurrent mark-sweep generation total 87424K, used 21313K [0x00000000964c0000, 0x000000009ba20000, 0x0000000100000000)
 Metaspace       used 28134K, capacity 29242K, committed 29332K, reserved 1075200K
  class space    used 3646K, capacity 3921K, committed 3988K, reserved 1048576K
2019-05-24T17:21:46.429+0800: 7.901: [GC (Allocation Failure) 2019-05-24T17:21:46.429+0800: 7.901: [ParNew: 35848K->1328K(39296K), 0.0013659 secs] 57161K->22641K(126720K), 0.0014660 secs] [Times: user=0.00 sys=0.00, real=0.00 secs] 
Heap after GC invocations=51 (full 1):
 par new generation   total 39296K, used 1328K [0x0000000081800000, 0x00000000842a0000, 0x00000000964c0000)
  eden space 34944K,   0% used [0x0000000081800000, 0x0000000081800000, 0x0000000083a20000)
  from space 4352K,  30% used [0x0000000083e60000, 0x0000000083fac098, 0x00000000842a0000)
  to   space 4352K,   0% used [0x0000000083a20000, 0x0000000083a20000, 0x0000000083e60000)
 concurrent mark-sweep generation total 87424K, used 21313K [0x00000000964c0000, 0x000000009ba20000, 0x0000000100000000)
 Metaspace       used 28134K, capacity 29242K, committed 29332K, reserved 1075200K
  class space    used 3646K, capacity 3921K, committed 3988K, reserved 1048576K
}
2019-05-24T17:21:46.483+0800: 7.955: Application time: 0.0525767 seconds
{Heap before GC invocations=51 (full 1):
 par new generation   total 39296K, used 36272K [0x0000000081800000, 0x00000000842a0000, 0x00000000964c0000)
  eden space 34944K, 100% used [0x0000000081800000, 0x0000000083a20000, 0x0000000083a20000)
  from space 4352K,  30% used [0x0000000083e60000, 0x0000000083fac098, 0x00000000842a0000)
  to   space 4352K,   0% used [0x0000000083a20000, 0x0000000083a20000, 0x0000000083e60000)
 concurrent mark-sweep generation total 87424K, used 21313K [0x00000000964c0000, 0x000000009ba20000, 0x0000000100000000)
 Metaspace       used 28193K, capacity 29330K, committed 29588K, reserved 1075200K
  class space    used 3654K, capacity 3925K, committed 3988K, reserved 1048576K
2019-05-24T17:21:46.483+0800: 7.955: [GC (Allocation Failure) 2019-05-24T17:21:46.483+0800: 7.955: [ParNew: 36272K->1849K(39296K), 0.0016088 secs] 57585K->23164K(126720K), 0.0017175 secs] [Times: user=0.00 sys=0.00, real=0.00 secs] 
Heap after GC invocations=52 (full 1):
 par new generation   total 39296K, used 1849K [0x0000000081800000, 0x00000000842a0000, 0x00000000964c0000)
  eden space 34944K,   0% used [0x0000000081800000, 0x0000000081800000, 0x0000000083a20000)
  from space 4352K,  42% used [0x0000000083a20000, 0x0000000083bee510, 0x0000000083e60000)
  to   space 4352K,   0% used [0x0000000083e60000, 0x0000000083e60000, 0x00000000842a0000)
 concurrent mark-sweep generation total 87424K, used 21315K [0x00000000964c0000, 0x000000009ba20000, 0x0000000100000000)
 Metaspace       used 28193K, capacity 29330K, committed 29588K, reserved 1075200K
  class space    used 3654K, capacity 3925K, committed 3988K, reserved 1048576K
}
2019-05-24T17:21:46.547+0800: 8.019: Application time: 0.0624424 seconds
{Heap before GC invocations=52 (full 1):
 par new generation   total 39296K, used 36793K [0x0000000081800000, 0x00000000842a0000, 0x00000000964c0000)
  eden space 34944K, 100% used [0x0000000081800000, 0x0000000083a20000, 0x0000000083a20000)
  from space 4352K,  42% used [0x0000000083a20000, 0x0000000083bee510, 0x0000000083e60000)
  to   space 4352K,   0% used [0x0000000083e60000, 0x0000000083e60000, 0x00000000842a0000)
 concurrent mark-sweep generation total 87424K, used 21315K [0x00000000964c0000, 0x000000009ba20000, 0x0000000100000000)
 Metaspace       used 28235K, capacity 29330K, committed 29588K, reserved 1075200K
  class space    used 3658K, capacity 3925K, committed 3988K, reserved 1048576K
2019-05-24T17:21:46.547+0800: 8.019: [GC (Allocation Failure) 2019-05-24T17:21:46.547+0800: 8.019: [ParNew: 36793K->1577K(39296K), 0.0014410 secs] 58108K->22894K(126720K), 0.0015570 secs] [Times: user=0.00 sys=0.00, real=0.00 secs] 
Heap after GC invocations=53 (full 1):
 par new generation   total 39296K, used 1577K [0x0000000081800000, 0x00000000842a0000, 0x00000000964c0000)
  eden space 34944K,   0% used [0x0000000081800000, 0x0000000081800000, 0x0000000083a20000)
  from space 4352K,  36% used [0x0000000083e60000, 0x0000000083fea4a8, 0x00000000842a0000)
  to   space 4352K,   0% used [0x0000000083a20000, 0x0000000083a20000, 0x0000000083e60000)
 concurrent mark-sweep generation total 87424K, used 21317K [0x00000000964c0000, 0x000000009ba20000, 0x0000000100000000)
 Metaspace       used 28235K, capacity 29330K, committed 29588K, reserved 1075200K
  class space    used 3658K, capacity 3925K, committed 3988K, reserved 1048576K
}
2019-05-24T17:21:46.583+0800: 8.056: Application time: 0.0348205 seconds
{Heap before GC invocations=53 (full 1):
 par new generation   total 39296K, used 36521K [0x0000000081800000, 0x00000000842a0000, 0x00000000964c0000)
  eden space 34944K, 100% used [0x0000000081800000, 0x0000000083a20000, 0x0000000083a20000)
  from space 4352K,  36% used [0x0000000083e60000, 0x0000000083fea4a8, 0x00000000842a0000)
  to   space 4352K,   0% used [0x0000000083a20000, 0x0000000083a20000, 0x0000000083e60000)
 concurrent mark-sweep generation total 87424K, used 21317K [0x00000000964c0000, 0x000000009ba20000, 0x0000000100000000)
 Metaspace       used 28276K, capacity 29402K, committed 29588K, reserved 1075200K
  class space    used 3666K, capacity 3927K, committed 3988K, reserved 1048576K
2019-05-24T17:21:46.584+0800: 8.056: [GC (Allocation Failure) 2019-05-24T17:21:46.584+0800: 8.056: [ParNew: 36521K->2081K(39296K), 0.0014973 secs] 57838K->23415K(126720K), 0.0016071 secs] [Times: user=0.00 sys=0.00, real=0.00 secs] 
Heap after GC invocations=54 (full 1):
 par new generation   total 39296K, used 2081K [0x0000000081800000, 0x00000000842a0000, 0x00000000964c0000)
  eden space 34944K,   0% used [0x0000000081800000, 0x0000000081800000, 0x0000000083a20000)
  from space 4352K,  47% used [0x0000000083a20000, 0x0000000083c28470, 0x0000000083e60000)
  to   space 4352K,   0% used [0x0000000083e60000, 0x0000000083e60000, 0x00000000842a0000)
 concurrent mark-sweep generation total 87424K, used 21334K [0x00000000964c0000, 0x000000009ba20000, 0x0000000100000000)
 Metaspace       used 28276K, capacity 29402K, committed 29588K, reserved 1075200K
  class space    used 3666K, capacity 3927K, committed 3988K, reserved 1048576K
}
2019-05-24T17:21:46.675+0800: 8.147: Application time: 0.0894657 seconds
{Heap before GC invocations=54 (full 1):
 par new generation   total 39296K, used 37025K [0x0000000081800000, 0x00000000842a0000, 0x00000000964c0000)
  eden space 34944K, 100% used [0x0000000081800000, 0x0000000083a20000, 0x0000000083a20000)
  from space 4352K,  47% used [0x0000000083a20000, 0x0000000083c28470, 0x0000000083e60000)
  to   space 4352K,   0% used [0x0000000083e60000, 0x0000000083e60000, 0x00000000842a0000)
 concurrent mark-sweep generation total 87424K, used 21334K [0x00000000964c0000, 0x000000009ba20000, 0x0000000100000000)
 Metaspace       used 28375K, capacity 29526K, committed 29588K, reserved 1075200K
  class space    used 3681K, capacity 3967K, committed 3988K, reserved 1048576K
2019-05-24T17:21:46.675+0800: 8.147: [GC (Allocation Failure) 2019-05-24T17:21:46.675+0800: 8.147: [ParNew: 37025K->2818K(39296K), 0.0020753 secs] 58359K->24155K(126720K), 0.0021840 secs] [Times: user=0.00 sys=0.00, real=0.00 secs] 
Heap after GC invocations=55 (full 1):
 par new generation   total 39296K, used 2818K [0x0000000081800000, 0x00000000842a0000, 0x00000000964c0000)
  eden space 34944K,   0% used [0x0000000081800000, 0x0000000081800000, 0x0000000083a20000)
  from space 4352K,  64% used [0x0000000083e60000, 0x0000000084120bf0, 0x00000000842a0000)
  to   space 4352K,   0% used [0x0000000083a20000, 0x0000000083a20000, 0x0000000083e60000)
 concurrent mark-sweep generation total 87424K, used 21336K [0x00000000964c0000, 0x000000009ba20000, 0x0000000100000000)
 Metaspace       used 28375K, capacity 29526K, committed 29588K, reserved 1075200K
  class space    used 3681K, capacity 3967K, committed 3988K, reserved 1048576K
}
2019-05-24T17:21:46.726+0800: 8.198: Application time: 0.0486895 seconds
{Heap before GC invocations=55 (full 1):
 par new generation   total 39296K, used 37762K [0x0000000081800000, 0x00000000842a0000, 0x00000000964c0000)
  eden space 34944K, 100% used [0x0000000081800000, 0x0000000083a20000, 0x0000000083a20000)
  from space 4352K,  64% used [0x0000000083e60000, 0x0000000084120bf0, 0x00000000842a0000)
  to   space 4352K,   0% used [0x0000000083a20000, 0x0000000083a20000, 0x0000000083e60000)
 concurrent mark-sweep generation total 87424K, used 21336K [0x00000000964c0000, 0x000000009ba20000, 0x0000000100000000)
 Metaspace       used 28419K, capacity 29562K, committed 29588K, reserved 1075200K
  class space    used 3686K, capacity 3973K, committed 3988K, reserved 1048576K
2019-05-24T17:21:46.726+0800: 8.198: [GC (Allocation Failure) 2019-05-24T17:21:46.726+0800: 8.198: [ParNew: 37762K->2883K(39296K), 0.0018716 secs] 59099K->24219K(126720K), 0.0019809 secs] [Times: user=0.00 sys=0.00, real=0.00 secs] 
Heap after GC invocations=56 (full 1):
 par new generation   total 39296K, used 2883K [0x0000000081800000, 0x00000000842a0000, 0x00000000964c0000)
  eden space 34944K,   0% used [0x0000000081800000, 0x0000000081800000, 0x0000000083a20000)
  from space 4352K,  66% used [0x0000000083a20000, 0x0000000083cf0f60, 0x0000000083e60000)
  to   space 4352K,   0% used [0x0000000083e60000, 0x0000000083e60000, 0x00000000842a0000)
 concurrent mark-sweep generation total 87424K, used 21336K [0x00000000964c0000, 0x000000009ba20000, 0x0000000100000000)
 Metaspace       used 28419K, capacity 29562K, committed 29588K, reserved 1075200K
  class space    used 3686K, capacity 3973K, committed 3988K, reserved 1048576K
}
2019-05-24T17:21:46.783+0800: 8.255: Application time: 0.0546156 seconds
{Heap before GC invocations=56 (full 1):
 par new generation   total 39296K, used 37827K [0x0000000081800000, 0x00000000842a0000, 0x00000000964c0000)
  eden space 34944K, 100% used [0x0000000081800000, 0x0000000083a20000, 0x0000000083a20000)
  from space 4352K,  66% used [0x0000000083a20000, 0x0000000083cf0f60, 0x0000000083e60000)
  to   space 4352K,   0% used [0x0000000083e60000, 0x0000000083e60000, 0x00000000842a0000)
 concurrent mark-sweep generation total 87424K, used 21336K [0x00000000964c0000, 0x000000009ba20000, 0x0000000100000000)
 Metaspace       used 28523K, capacity 29626K, committed 29844K, reserved 1075200K
  class space    used 3701K, capacity 3973K, committed 3988K, reserved 1048576K
2019-05-24T17:21:46.783+0800: 8.255: [GC (Allocation Failure) 2019-05-24T17:21:46.783+0800: 8.255: [ParNew: 37827K->3941K(39296K), 0.0026044 secs] 59163K->25309K(126720K), 0.0027119 secs] [Times: user=0.00 sys=0.00, real=0.00 secs] 
Heap after GC invocations=57 (full 1):
 par new generation   total 39296K, used 3941K [0x0000000081800000, 0x00000000842a0000, 0x00000000964c0000)
  eden space 34944K,   0% used [0x0000000081800000, 0x0000000081800000, 0x0000000083a20000)
  from space 4352K,  90% used [0x0000000083e60000, 0x00000000842395c0, 0x00000000842a0000)
  to   space 4352K,   0% used [0x0000000083a20000, 0x0000000083a20000, 0x0000000083e60000)
 concurrent mark-sweep generation total 87424K, used 21368K [0x00000000964c0000, 0x000000009ba20000, 0x0000000100000000)
 Metaspace       used 28523K, capacity 29626K, committed 29844K, reserved 1075200K
  class space    used 3701K, capacity 3973K, committed 3988K, reserved 1048576K
}
2019-05-24T17:21:46.896+0800: 8.368: Application time: 0.1106568 seconds
{Heap before GC invocations=57 (full 1):
 par new generation   total 39296K, used 38885K [0x0000000081800000, 0x00000000842a0000, 0x00000000964c0000)
  eden space 34944K, 100% used [0x0000000081800000, 0x0000000083a20000, 0x0000000083a20000)
  from space 4352K,  90% used [0x0000000083e60000, 0x00000000842395c0, 0x00000000842a0000)
  to   space 4352K,   0% used [0x0000000083a20000, 0x0000000083a20000, 0x0000000083e60000)
 concurrent mark-sweep generation total 87424K, used 21368K [0x00000000964c0000, 0x000000009ba20000, 0x0000000100000000)
 Metaspace       used 28987K, capacity 30104K, committed 30228K, reserved 1075200K
  class space    used 3774K, capacity 4042K, committed 4116K, reserved 1048576K
2019-05-24T17:21:46.896+0800: 8.369: [GC (Allocation Failure) 2019-05-24T17:21:46.896+0800: 8.369: [ParNew: 38885K->3742K(39296K), 0.0040203 secs] 60253K->25647K(126720K), 0.0041353 secs] [Times: user=0.00 sys=0.00, real=0.01 secs] 
Heap after GC invocations=58 (full 1):
 par new generation   total 39296K, used 3742K [0x0000000081800000, 0x00000000842a0000, 0x00000000964c0000)
  eden space 34944K,   0% used [0x0000000081800000, 0x0000000081800000, 0x0000000083a20000)
  from space 4352K,  85% used [0x0000000083a20000, 0x0000000083dc7a60, 0x0000000083e60000)
  to   space 4352K,   0% used [0x0000000083e60000, 0x0000000083e60000, 0x00000000842a0000)
 concurrent mark-sweep generation total 87424K, used 21905K [0x00000000964c0000, 0x000000009ba20000, 0x0000000100000000)
 Metaspace       used 28987K, capacity 30104K, committed 30228K, reserved 1075200K
  class space    used 3774K, capacity 4042K, committed 4116K, reserved 1048576K
}
2019-05-24T17:21:46.992+0800: 8.464: Application time: 0.0910535 seconds
{Heap before GC invocations=58 (full 1):
 par new generation   total 39296K, used 38686K [0x0000000081800000, 0x00000000842a0000, 0x00000000964c0000)
  eden space 34944K, 100% used [0x0000000081800000, 0x0000000083a20000, 0x0000000083a20000)
  from space 4352K,  85% used [0x0000000083a20000, 0x0000000083dc7a60, 0x0000000083e60000)
  to   space 4352K,   0% used [0x0000000083e60000, 0x0000000083e60000, 0x00000000842a0000)
 concurrent mark-sweep generation total 87424K, used 21905K [0x00000000964c0000, 0x000000009ba20000, 0x0000000100000000)
 Metaspace       used 29501K, capacity 30666K, committed 30868K, reserved 1075200K
  class space    used 3854K, capacity 4141K, committed 4244K, reserved 1048576K
2019-05-24T17:21:46.992+0800: 8.464: [GC (Allocation Failure) 2019-05-24T17:21:46.992+0800: 8.464: [ParNew: 38686K->3546K(39296K), 0.0033030 secs] 60591K->25913K(126720K), 0.0034258 secs] [Times: user=0.00 sys=0.00, real=0.00 secs] 
Heap after GC invocations=59 (full 1):
 par new generation   total 39296K, used 3546K [0x0000000081800000, 0x00000000842a0000, 0x00000000964c0000)
  eden space 34944K,   0% used [0x0000000081800000, 0x0000000081800000, 0x0000000083a20000)
  from space 4352K,  81% used [0x0000000083e60000, 0x00000000841d6b48, 0x00000000842a0000)
  to   space 4352K,   0% used [0x0000000083a20000, 0x0000000083a20000, 0x0000000083e60000)
 concurrent mark-sweep generation total 87424K, used 22367K [0x00000000964c0000, 0x000000009ba20000, 0x0000000100000000)
 Metaspace       used 29501K, capacity 30666K, committed 30868K, reserved 1075200K
  class space    used 3854K, capacity 4141K, committed 4244K, reserved 1048576K
}
2019-05-24T17:21:47.207+0800: 8.679: Application time: 0.2115003 seconds
{Heap before GC invocations=59 (full 1):
 par new generation   total 39296K, used 38490K [0x0000000081800000, 0x00000000842a0000, 0x00000000964c0000)
  eden space 34944K, 100% used [0x0000000081800000, 0x0000000083a20000, 0x0000000083a20000)
  from space 4352K,  81% used [0x0000000083e60000, 0x00000000841d6b48, 0x00000000842a0000)
  to   space 4352K,   0% used [0x0000000083a20000, 0x0000000083a20000, 0x0000000083e60000)
 concurrent mark-sweep generation total 87424K, used 22367K [0x00000000964c0000, 0x000000009ba20000, 0x0000000100000000)
 Metaspace       used 29966K, capacity 31146K, committed 31380K, reserved 1077248K
  class space    used 3938K, capacity 4209K, committed 4244K, reserved 1048576K
2019-05-24T17:21:47.207+0800: 8.679: [GC (Allocation Failure) 2019-05-24T17:21:47.207+0800: 8.679: [ParNew: 38490K->3285K(39296K), 0.0024565 secs] 60857K->25652K(126720K), 0.0026027 secs] [Times: user=0.00 sys=0.00, real=0.00 secs] 
Heap after GC invocations=60 (full 1):
 par new generation   total 39296K, used 3285K [0x0000000081800000, 0x00000000842a0000, 0x00000000964c0000)
  eden space 34944K,   0% used [0x0000000081800000, 0x0000000081800000, 0x0000000083a20000)
  from space 4352K,  75% used [0x0000000083a20000, 0x0000000083d55690, 0x0000000083e60000)
  to   space 4352K,   0% used [0x0000000083e60000, 0x0000000083e60000, 0x00000000842a0000)
 concurrent mark-sweep generation total 87424K, used 22367K [0x00000000964c0000, 0x000000009ba20000, 0x0000000100000000)
 Metaspace       used 29966K, capacity 31146K, committed 31380K, reserved 1077248K
  class space    used 3938K, capacity 4209K, committed 4244K, reserved 1048576K
}
2019-05-24T17:21:47.258+0800: 8.730: Application time: 0.0476666 seconds
{Heap before GC invocations=60 (full 1):
 par new generation   total 39296K, used 38197K [0x0000000081800000, 0x00000000842a0000, 0x00000000964c0000)
  eden space 34944K,  99% used [0x0000000081800000, 0x0000000083a18118, 0x0000000083a20000)
  from space 4352K,  75% used [0x0000000083a20000, 0x0000000083d55690, 0x0000000083e60000)
  to   space 4352K,   0% used [0x0000000083e60000, 0x0000000083e60000, 0x00000000842a0000)
 concurrent mark-sweep generation total 87424K, used 22367K [0x00000000964c0000, 0x000000009ba20000, 0x0000000100000000)
 Metaspace       used 30183K, capacity 31388K, committed 31636K, reserved 1077248K
  class space    used 3968K, capacity 4244K, committed 4244K, reserved 1048576K
2019-05-24T17:21:47.258+0800: 8.730: [GC (Allocation Failure) 2019-05-24T17:21:47.258+0800: 8.730: [ParNew: 38197K->2368K(39296K), 0.0033508 secs] 60565K->25224K(126720K), 0.0034776 secs] [Times: user=0.05 sys=0.00, real=0.00 secs] 
Heap after GC invocations=61 (full 1):
 par new generation   total 39296K, used 2368K [0x0000000081800000, 0x00000000842a0000, 0x00000000964c0000)
  eden space 34944K,   0% used [0x0000000081800000, 0x0000000081800000, 0x0000000083a20000)
  from space 4352K,  54% used [0x0000000083e60000, 0x00000000840b02b8, 0x00000000842a0000)
  to   space 4352K,   0% used [0x0000000083a20000, 0x0000000083a20000, 0x0000000083e60000)
 concurrent mark-sweep generation total 87424K, used 22855K [0x00000000964c0000, 0x000000009ba20000, 0x0000000100000000)
 Metaspace       used 30183K, capacity 31388K, committed 31636K, reserved 1077248K
  class space    used 3968K, capacity 4244K, committed 4244K, reserved 1048576K
}
2019-05-24T17:21:47.346+0800: 8.818: Application time: 0.0850528 seconds
{Heap before GC invocations=61 (full 1):
 par new generation   total 39296K, used 37312K [0x0000000081800000, 0x00000000842a0000, 0x00000000964c0000)
  eden space 34944K, 100% used [0x0000000081800000, 0x0000000083a20000, 0x0000000083a20000)
  from space 4352K,  54% used [0x0000000083e60000, 0x00000000840b02b8, 0x00000000842a0000)
  to   space 4352K,   0% used [0x0000000083a20000, 0x0000000083a20000, 0x0000000083e60000)
 concurrent mark-sweep generation total 87424K, used 22855K [0x00000000964c0000, 0x000000009ba20000, 0x0000000100000000)
 Metaspace       used 30564K, capacity 31800K, committed 32020K, reserved 1077248K
  class space    used 4024K, capacity 4312K, committed 4372K, reserved 1048576K
2019-05-24T17:21:47.346+0800: 8.818: [GC (Allocation Failure) 2019-05-24T17:21:47.346+0800: 8.818: [ParNew: 37312K->3393K(39296K), 0.0028467 secs] 60168K->26248K(126720K), 0.0029878 secs] [Times: user=0.00 sys=0.00, real=0.00 secs] 
Heap after GC invocations=62 (full 1):
 par new generation   total 39296K, used 3393K [0x0000000081800000, 0x00000000842a0000, 0x00000000964c0000)
  eden space 34944K,   0% used [0x0000000081800000, 0x0000000081800000, 0x0000000083a20000)
  from space 4352K,  77% used [0x0000000083a20000, 0x0000000083d70500, 0x0000000083e60000)
  to   space 4352K,   0% used [0x0000000083e60000, 0x0000000083e60000, 0x00000000842a0000)
 concurrent mark-sweep generation total 87424K, used 22855K [0x00000000964c0000, 0x000000009ba20000, 0x0000000100000000)
 Metaspace       used 30564K, capacity 31800K, committed 32020K, reserved 1077248K
  class space    used 4024K, capacity 4312K, committed 4372K, reserved 1048576K
}
2019-05-24T17:21:47.366+0800: 8.838: Application time: 0.0165382 seconds
2019-05-24T17:21:47.371+0800: 8.843: Application time: 0.0041512 seconds
2019-05-24T17:21:47.416+0800: 8.888: Application time: 0.0454997 seconds
2019-05-24T17:21:47.489+0800: 8.961: Application time: 0.0728246 seconds
{Heap before GC invocations=62 (full 1):
 par new generation   total 39296K, used 38337K [0x0000000081800000, 0x00000000842a0000, 0x00000000964c0000)
  eden space 34944K, 100% used [0x0000000081800000, 0x0000000083a20000, 0x0000000083a20000)
  from space 4352K,  77% used [0x0000000083a20000, 0x0000000083d70500, 0x0000000083e60000)
  to   space 4352K,   0% used [0x0000000083e60000, 0x0000000083e60000, 0x00000000842a0000)
 concurrent mark-sweep generation total 87424K, used 22855K [0x00000000964c0000, 0x000000009ba20000, 0x0000000100000000)
 Metaspace       used 31149K, capacity 32486K, committed 32660K, reserved 1077248K
  class space    used 4090K, capacity 4377K, committed 4500K, reserved 1048576K
2019-05-24T17:21:47.490+0800: 8.962: [GC (Allocation Failure) 2019-05-24T17:21:47.490+0800: 8.962: [ParNew: 38337K->2884K(39296K), 0.0041882 secs] 61192K->26059K(126720K), 0.0043674 secs] [Times: user=0.00 sys=0.00, real=0.00 secs] 
Heap after GC invocations=63 (full 1):
 par new generation   total 39296K, used 2884K [0x0000000081800000, 0x00000000842a0000, 0x00000000964c0000)
  eden space 34944K,   0% used [0x0000000081800000, 0x0000000081800000, 0x0000000083a20000)
  from space 4352K,  66% used [0x0000000083e60000, 0x00000000841311d8, 0x00000000842a0000)
  to   space 4352K,   0% used [0x0000000083a20000, 0x0000000083a20000, 0x0000000083e60000)
 concurrent mark-sweep generation total 87424K, used 23175K [0x00000000964c0000, 0x000000009ba20000, 0x0000000100000000)
 Metaspace       used 31149K, capacity 32486K, committed 32660K, reserved 1077248K
  class space    used 4090K, capacity 4377K, committed 4500K, reserved 1048576K
}
2019-05-24T17:21:47.547+0800: 9.019: Application time: 0.0531439 seconds
{Heap before GC invocations=63 (full 1):
 par new generation   total 39296K, used 37828K [0x0000000081800000, 0x00000000842a0000, 0x00000000964c0000)
  eden space 34944K, 100% used [0x0000000081800000, 0x0000000083a20000, 0x0000000083a20000)
  from space 4352K,  66% used [0x0000000083e60000, 0x00000000841311d8, 0x00000000842a0000)
  to   space 4352K,   0% used [0x0000000083a20000, 0x0000000083a20000, 0x0000000083e60000)
 concurrent mark-sweep generation total 87424K, used 23175K [0x00000000964c0000, 0x000000009ba20000, 0x0000000100000000)
 Metaspace       used 31256K, capacity 32626K, committed 32916K, reserved 1077248K
  class space    used 4107K, capacity 4415K, committed 4500K, reserved 1048576K
2019-05-24T17:21:47.547+0800: 9.019: [GC (Allocation Failure) 2019-05-24T17:21:47.547+0800: 9.019: [ParNew: 37828K->1982K(39296K), 0.0030453 secs] 61003K->25481K(126720K), 0.0031625 secs] [Times: user=0.00 sys=0.00, real=0.00 secs] 
Heap after GC invocations=64 (full 1):
 par new generation   total 39296K, used 1982K [0x0000000081800000, 0x00000000842a0000, 0x00000000964c0000)
  eden space 34944K,   0% used [0x0000000081800000, 0x0000000081800000, 0x0000000083a20000)
  from space 4352K,  45% used [0x0000000083a20000, 0x0000000083c0fb00, 0x0000000083e60000)
  to   space 4352K,   0% used [0x0000000083e60000, 0x0000000083e60000, 0x00000000842a0000)
 concurrent mark-sweep generation total 87424K, used 23498K [0x00000000964c0000, 0x000000009ba20000, 0x0000000100000000)
 Metaspace       used 31256K, capacity 32626K, committed 32916K, reserved 1077248K
  class space    used 4107K, capacity 4415K, committed 4500K, reserved 1048576K
}
2019-05-24T17:21:47.624+0800: 9.096: Application time: 0.0731073 seconds
2019-05-24T17:21:47.626+0800: 9.098: Application time: 0.0020571 seconds
{Heap before GC invocations=64 (full 1):
 par new generation   total 39296K, used 36926K [0x0000000081800000, 0x00000000842a0000, 0x00000000964c0000)
  eden space 34944K, 100% used [0x0000000081800000, 0x0000000083a20000, 0x0000000083a20000)
  from space 4352K,  45% used [0x0000000083a20000, 0x0000000083c0fb00, 0x0000000083e60000)
  to   space 4352K,   0% used [0x0000000083e60000, 0x0000000083e60000, 0x00000000842a0000)
 concurrent mark-sweep generation total 87424K, used 23498K [0x00000000964c0000, 0x000000009ba20000, 0x0000000100000000)
 Metaspace       used 31439K, capacity 32890K, committed 33172K, reserved 1077248K
  class space    used 4140K, capacity 4439K, committed 4500K, reserved 1048576K
2019-05-24T17:21:47.626+0800: 9.098: [GC (Allocation Failure) 2019-05-24T17:21:47.627+0800: 9.098: [ParNew: 36926K->2049K(39296K), 0.0020639 secs] 60425K->25548K(126720K), 0.0021737 secs] [Times: user=0.00 sys=0.00, real=0.00 secs] 
Heap after GC invocations=65 (full 1):
 par new generation   total 39296K, used 2049K [0x0000000081800000, 0x00000000842a0000, 0x00000000964c0000)
  eden space 34944K,   0% used [0x0000000081800000, 0x0000000081800000, 0x0000000083a20000)
  from space 4352K,  47% used [0x0000000083e60000, 0x0000000084060650, 0x00000000842a0000)
  to   space 4352K,   0% used [0x0000000083a20000, 0x0000000083a20000, 0x0000000083e60000)
 concurrent mark-sweep generation total 87424K, used 23498K [0x00000000964c0000, 0x000000009ba20000, 0x0000000100000000)
 Metaspace       used 31439K, capacity 32890K, committed 33172K, reserved 1077248K
  class space    used 4140K, capacity 4439K, committed 4500K, reserved 1048576K
}
2019-05-24T17:21:47.716+0800: 9.188: Application time: 0.0877619 seconds
{Heap before GC invocations=65 (full 1):
 par new generation   total 39296K, used 36993K [0x0000000081800000, 0x00000000842a0000, 0x00000000964c0000)
  eden space 34944K, 100% used [0x0000000081800000, 0x0000000083a20000, 0x0000000083a20000)
  from space 4352K,  47% used [0x0000000083e60000, 0x0000000084060650, 0x00000000842a0000)
  to   space 4352K,   0% used [0x0000000083a20000, 0x0000000083a20000, 0x0000000083e60000)
 concurrent mark-sweep generation total 87424K, used 23498K [0x00000000964c0000, 0x000000009ba20000, 0x0000000100000000)
 Metaspace       used 31581K, capacity 33054K, committed 33172K, reserved 1077248K
  class space    used 4165K, capacity 4471K, committed 4500K, reserved 1048576K
2019-05-24T17:21:47.716+0800: 9.188: [GC (Allocation Failure) 2019-05-24T17:21:47.716+0800: 9.188: [ParNew: 36993K->2968K(39296K), 0.0020184 secs] 60492K->26467K(126720K), 0.0021316 secs] [Times: user=0.00 sys=0.00, real=0.00 secs] 
Heap after GC invocations=66 (full 1):
 par new generation   total 39296K, used 2968K [0x0000000081800000, 0x00000000842a0000, 0x00000000964c0000)
  eden space 34944K,   0% used [0x0000000081800000, 0x0000000081800000, 0x0000000083a20000)
  from space 4352K,  68% used [0x0000000083a20000, 0x0000000083d060c0, 0x0000000083e60000)
  to   space 4352K,   0% used [0x0000000083e60000, 0x0000000083e60000, 0x00000000842a0000)
 concurrent mark-sweep generation total 87424K, used 23498K [0x00000000964c0000, 0x000000009ba20000, 0x0000000100000000)
 Metaspace       used 31581K, capacity 33054K, committed 33172K, reserved 1077248K
  class space    used 4165K, capacity 4471K, committed 4500K, reserved 1048576K
}
2019-05-24T17:21:47.791+0800: 9.263: Application time: 0.0726152 seconds
{Heap before GC invocations=66 (full 1):
 par new generation   total 39296K, used 37912K [0x0000000081800000, 0x00000000842a0000, 0x00000000964c0000)
  eden space 34944K, 100% used [0x0000000081800000, 0x0000000083a20000, 0x0000000083a20000)
  from space 4352K,  68% used [0x0000000083a20000, 0x0000000083d060c0, 0x0000000083e60000)
  to   space 4352K,   0% used [0x0000000083e60000, 0x0000000083e60000, 0x00000000842a0000)
 concurrent mark-sweep generation total 87424K, used 23498K [0x00000000964c0000, 0x000000009ba20000, 0x0000000100000000)
 Metaspace       used 31828K, capacity 33290K, committed 33556K, reserved 1079296K
  class space    used 4210K, capacity 4505K, committed 4628K, reserved 1048576K
2019-05-24T17:21:47.791+0800: 9.263: [GC (Allocation Failure) 2019-05-24T17:21:47.791+0800: 9.263: [ParNew: 37912K->2864K(39296K), 0.0032381 secs] 61411K->26624K(126720K), 0.0033553 secs] [Times: user=0.09 sys=0.00, real=0.00 secs] 
Heap after GC invocations=67 (full 1):
 par new generation   total 39296K, used 2864K [0x0000000081800000, 0x00000000842a0000, 0x00000000964c0000)
  eden space 34944K,   0% used [0x0000000081800000, 0x0000000081800000, 0x0000000083a20000)
  from space 4352K,  65% used [0x0000000083e60000, 0x000000008412c3f8, 0x00000000842a0000)
  to   space 4352K,   0% used [0x0000000083a20000, 0x0000000083a20000, 0x0000000083e60000)
 concurrent mark-sweep generation total 87424K, used 23759K [0x00000000964c0000, 0x000000009ba20000, 0x0000000100000000)
 Metaspace       used 31828K, capacity 33290K, committed 33556K, reserved 1079296K
  class space    used 4210K, capacity 4505K, committed 4628K, reserved 1048576K
}
2019-05-24T17:21:47.869+0800: 9.340: Application time: 0.0735232 seconds
{Heap before GC invocations=67 (full 1):
 par new generation   total 39296K, used 37808K [0x0000000081800000, 0x00000000842a0000, 0x00000000964c0000)
  eden space 34944K, 100% used [0x0000000081800000, 0x0000000083a20000, 0x0000000083a20000)
  from space 4352K,  65% used [0x0000000083e60000, 0x000000008412c3f8, 0x00000000842a0000)
  to   space 4352K,   0% used [0x0000000083a20000, 0x0000000083a20000, 0x0000000083e60000)
 concurrent mark-sweep generation total 87424K, used 23759K [0x00000000964c0000, 0x000000009ba20000, 0x0000000100000000)
 Metaspace       used 32123K, capacity 33552K, committed 33812K, reserved 1079296K
  class space    used 4262K, capacity 4570K, committed 4628K, reserved 1048576K
2019-05-24T17:21:47.869+0800: 9.340: [GC (Allocation Failure) 2019-05-24T17:21:47.869+0800: 9.341: [ParNew: 37808K->2889K(39296K), 0.0026800 secs] 61568K->26866K(126720K), 0.0028467 secs] [Times: user=0.08 sys=0.00, real=0.00 secs] 
Heap after GC invocations=68 (full 1):
 par new generation   total 39296K, used 2889K [0x0000000081800000, 0x00000000842a0000, 0x00000000964c0000)
  eden space 34944K,   0% used [0x0000000081800000, 0x0000000081800000, 0x0000000083a20000)
  from space 4352K,  66% used [0x0000000083a20000, 0x0000000083cf2540, 0x0000000083e60000)
  to   space 4352K,   0% used [0x0000000083e60000, 0x0000000083e60000, 0x00000000842a0000)
 concurrent mark-sweep generation total 87424K, used 23977K [0x00000000964c0000, 0x000000009ba20000, 0x0000000100000000)
 Metaspace       used 32123K, capacity 33552K, committed 33812K, reserved 1079296K
  class space    used 4262K, capacity 4570K, committed 4628K, reserved 1048576K
}
2019-05-24T17:21:48.090+0800: 9.562: Application time: 0.2184282 seconds
{Heap before GC invocations=68 (full 1):
 par new generation   total 39296K, used 37833K [0x0000000081800000, 0x00000000842a0000, 0x00000000964c0000)
  eden space 34944K, 100% used [0x0000000081800000, 0x0000000083a20000, 0x0000000083a20000)
  from space 4352K,  66% used [0x0000000083a20000, 0x0000000083cf2540, 0x0000000083e60000)
  to   space 4352K,   0% used [0x0000000083e60000, 0x0000000083e60000, 0x00000000842a0000)
 concurrent mark-sweep generation total 87424K, used 23977K [0x00000000964c0000, 0x000000009ba20000, 0x0000000100000000)
 Metaspace       used 32808K, capacity 34222K, committed 34452K, reserved 1079296K
  class space    used 4323K, capacity 4637K, committed 4756K, reserved 1048576K
2019-05-24T17:21:48.090+0800: 9.562: [GC (Allocation Failure) 2019-05-24T17:21:48.090+0800: 9.562: [ParNew: 37833K->2795K(39296K), 0.0038719 secs] 61810K->27113K(126720K), 0.0040095 secs] [Times: user=0.00 sys=0.00, real=0.00 secs] 
Heap after GC invocations=69 (full 1):
 par new generation   total 39296K, used 2795K [0x0000000081800000, 0x00000000842a0000, 0x00000000964c0000)
  eden space 34944K,   0% used [0x0000000081800000, 0x0000000081800000, 0x0000000083a20000)
  from space 4352K,  64% used [0x0000000083e60000, 0x000000008411ac08, 0x00000000842a0000)
  to   space 4352K,   0% used [0x0000000083a20000, 0x0000000083a20000, 0x0000000083e60000)
 concurrent mark-sweep generation total 87424K, used 24318K [0x00000000964c0000, 0x000000009ba20000, 0x0000000100000000)
 Metaspace       used 32808K, capacity 34222K, committed 34452K, reserved 1079296K
  class space    used 4323K, capacity 4637K, committed 4756K, reserved 1048576K
}
2019-05-24T17:21:48.245+0800: 9.717: Application time: 0.1504318 seconds
2019-05-24T17:21:48.246+0800: 9.718: Application time: 0.0006298 seconds
2019-05-24T17:21:48.271+0800: 9.743: Application time: 0.0250345 seconds
{Heap before GC invocations=69 (full 1):
 par new generation   total 39296K, used 37739K [0x0000000081800000, 0x00000000842a0000, 0x00000000964c0000)
  eden space 34944K, 100% used [0x0000000081800000, 0x0000000083a20000, 0x0000000083a20000)
  from space 4352K,  64% used [0x0000000083e60000, 0x000000008411ac08, 0x00000000842a0000)
  to   space 4352K,   0% used [0x0000000083a20000, 0x0000000083a20000, 0x0000000083e60000)
 concurrent mark-sweep generation total 87424K, used 24318K [0x00000000964c0000, 0x000000009ba20000, 0x0000000100000000)
 Metaspace       used 33735K, capacity 35162K, committed 35220K, reserved 1079296K
  class space    used 4411K, capacity 4735K, committed 4756K, reserved 1048576K
2019-05-24T17:21:48.271+0800: 9.743: [GC (Allocation Failure) 2019-05-24T17:21:48.271+0800: 9.743: [ParNew: 37739K->3667K(39296K), 0.0039305 secs] 62057K->28363K(126720K), 0.0041324 secs] [Times: user=0.00 sys=0.00, real=0.00 secs] 
Heap after GC invocations=70 (full 1):
 par new generation   total 39296K, used 3667K [0x0000000081800000, 0x00000000842a0000, 0x00000000964c0000)
  eden space 34944K,   0% used [0x0000000081800000, 0x0000000081800000, 0x0000000083a20000)
  from space 4352K,  84% used [0x0000000083a20000, 0x0000000083db4c90, 0x0000000083e60000)
  to   space 4352K,   0% used [0x0000000083e60000, 0x0000000083e60000, 0x00000000842a0000)
 concurrent mark-sweep generation total 87424K, used 24696K [0x00000000964c0000, 0x000000009ba20000, 0x0000000100000000)
 Metaspace       used 33735K, capacity 35162K, committed 35220K, reserved 1079296K
  class space    used 4411K, capacity 4735K, committed 4756K, reserved 1048576K
}
2019-05-24T17:21:48.325+0800: 9.797: Application time: 0.0496407 seconds
{Heap before GC invocations=70 (full 1):
 par new generation   total 39296K, used 38611K [0x0000000081800000, 0x00000000842a0000, 0x00000000964c0000)
  eden space 34944K, 100% used [0x0000000081800000, 0x0000000083a20000, 0x0000000083a20000)
  from space 4352K,  84% used [0x0000000083a20000, 0x0000000083db4c90, 0x0000000083e60000)
  to   space 4352K,   0% used [0x0000000083e60000, 0x0000000083e60000, 0x00000000842a0000)
 concurrent mark-sweep generation total 87424K, used 24696K [0x00000000964c0000, 0x000000009ba20000, 0x0000000100000000)
 Metaspace       used 33787K, capacity 35234K, committed 35476K, reserved 1079296K
  class space    used 4416K, capacity 4737K, committed 4756K, reserved 1048576K
2019-05-24T17:21:48.325+0800: 9.797: [GC (Allocation Failure) 2019-05-24T17:21:48.325+0800: 9.797: [ParNew: 38611K->3610K(39296K), 0.0032529 secs] 63307K->28891K(126720K), 0.0033798 secs] [Times: user=0.00 sys=0.00, real=0.00 secs] 
Heap after GC invocations=71 (full 1):
 par new generation   total 39296K, used 3610K [0x0000000081800000, 0x00000000842a0000, 0x00000000964c0000)
  eden space 34944K,   0% used [0x0000000081800000, 0x0000000081800000, 0x0000000083a20000)
  from space 4352K,  82% used [0x0000000083e60000, 0x00000000841e6b40, 0x00000000842a0000)
  to   space 4352K,   0% used [0x0000000083a20000, 0x0000000083a20000, 0x0000000083e60000)
 concurrent mark-sweep generation total 87424K, used 25280K [0x00000000964c0000, 0x000000009ba20000, 0x0000000100000000)
 Metaspace       used 33787K, capacity 35234K, committed 35476K, reserved 1079296K
  class space    used 4416K, capacity 4737K, committed 4756K, reserved 1048576K
}
2019-05-24T17:21:48.360+0800: 9.832: Application time: 0.0309481 seconds
{Heap before GC invocations=71 (full 1):
 par new generation   total 39296K, used 38554K [0x0000000081800000, 0x00000000842a0000, 0x00000000964c0000)
  eden space 34944K, 100% used [0x0000000081800000, 0x0000000083a20000, 0x0000000083a20000)
  from space 4352K,  82% used [0x0000000083e60000, 0x00000000841e6b40, 0x00000000842a0000)
  to   space 4352K,   0% used [0x0000000083a20000, 0x0000000083a20000, 0x0000000083e60000)
 concurrent mark-sweep generation total 87424K, used 25280K [0x00000000964c0000, 0x000000009ba20000, 0x0000000100000000)
 Metaspace       used 33788K, capacity 35234K, committed 35476K, reserved 1079296K
  class space    used 4416K, capacity 4737K, committed 4756K, reserved 1048576K
2019-05-24T17:21:48.360+0800: 9.832: [GC (Allocation Failure) 2019-05-24T17:21:48.360+0800: 9.832: [ParNew: 38554K->2896K(39296K), 0.0040858 secs] 63835K->28388K(126720K), 0.0042194 secs] [Times: user=0.00 sys=0.00, real=0.00 secs] 
Heap after GC invocations=72 (full 1):
 par new generation   total 39296K, used 2896K [0x0000000081800000, 0x00000000842a0000, 0x00000000964c0000)
  eden space 34944K,   0% used [0x0000000081800000, 0x0000000081800000, 0x0000000083a20000)
  from space 4352K,  66% used [0x0000000083a20000, 0x0000000083cf4010, 0x0000000083e60000)
  to   space 4352K,   0% used [0x0000000083e60000, 0x0000000083e60000, 0x00000000842a0000)
 concurrent mark-sweep generation total 87424K, used 25492K [0x00000000964c0000, 0x000000009ba20000, 0x0000000100000000)
 Metaspace       used 33788K, capacity 35234K, committed 35476K, reserved 1079296K
  class space    used 4416K, capacity 4737K, committed 4756K, reserved 1048576K
}
2019-05-24T17:21:48.423+0800: 9.895: Application time: 0.0584960 seconds
{Heap before GC invocations=72 (full 1):
 par new generation   total 39296K, used 37840K [0x0000000081800000, 0x00000000842a0000, 0x00000000964c0000)
  eden space 34944K, 100% used [0x0000000081800000, 0x0000000083a20000, 0x0000000083a20000)
  from space 4352K,  66% used [0x0000000083a20000, 0x0000000083cf4010, 0x0000000083e60000)
  to   space 4352K,   0% used [0x0000000083e60000, 0x0000000083e60000, 0x00000000842a0000)
 concurrent mark-sweep generation total 87424K, used 25492K [0x00000000964c0000, 0x000000009ba20000, 0x0000000100000000)
 Metaspace       used 33930K, capacity 35368K, committed 35476K, reserved 1079296K
  class space    used 4441K, capacity 4738K, committed 4756K, reserved 1048576K
2019-05-24T17:21:48.423+0800: 9.895: [GC (Allocation Failure) 2019-05-24T17:21:48.423+0800: 9.895: [ParNew: 37840K->3291K(39296K), 0.0028848 secs] 63332K->28784K(126720K), 0.0030151 secs] [Times: user=0.00 sys=0.00, real=0.00 secs] 
Heap after GC invocations=73 (full 1):
 par new generation   total 39296K, used 3291K [0x0000000081800000, 0x00000000842a0000, 0x00000000964c0000)
  eden space 34944K,   0% used [0x0000000081800000, 0x0000000081800000, 0x0000000083a20000)
  from space 4352K,  75% used [0x0000000083e60000, 0x0000000084196e30, 0x00000000842a0000)
  to   space 4352K,   0% used [0x0000000083a20000, 0x0000000083a20000, 0x0000000083e60000)
 concurrent mark-sweep generation total 87424K, used 25492K [0x00000000964c0000, 0x000000009ba20000, 0x0000000100000000)
 Metaspace       used 33930K, capacity 35368K, committed 35476K, reserved 1079296K
  class space    used 4441K, capacity 4738K, committed 4756K, reserved 1048576K
}
2019-05-24T17:21:48.478+0800: 9.950: Application time: 0.0523645 seconds
{Heap before GC invocations=73 (full 1):
 par new generation   total 39296K, used 38235K [0x0000000081800000, 0x00000000842a0000, 0x00000000964c0000)
  eden space 34944K, 100% used [0x0000000081800000, 0x0000000083a20000, 0x0000000083a20000)
  from space 4352K,  75% used [0x0000000083e60000, 0x0000000084196e30, 0x00000000842a0000)
  to   space 4352K,   0% used [0x0000000083a20000, 0x0000000083a20000, 0x0000000083e60000)
 concurrent mark-sweep generation total 87424K, used 25492K [0x00000000964c0000, 0x000000009ba20000, 0x0000000100000000)
 Metaspace       used 34046K, capacity 35550K, committed 35860K, reserved 1081344K
  class space    used 4463K, capacity 4779K, committed 4884K, reserved 1048576K
2019-05-24T17:21:48.478+0800: 9.950: [GC (Allocation Failure) 2019-05-24T17:21:48.478+0800: 9.950: [ParNew: 38235K->3337K(39296K), 0.0027739 secs] 63728K->29033K(126720K), 0.0029059 secs] [Times: user=0.08 sys=0.00, real=0.00 secs] 
Heap after GC invocations=74 (full 1):
 par new generation   total 39296K, used 3337K [0x0000000081800000, 0x00000000842a0000, 0x00000000964c0000)
  eden space 34944K,   0% used [0x0000000081800000, 0x0000000081800000, 0x0000000083a20000)
  from space 4352K,  76% used [0x0000000083a20000, 0x0000000083d62658, 0x0000000083e60000)
  to   space 4352K,   0% used [0x0000000083e60000, 0x0000000083e60000, 0x00000000842a0000)
 concurrent mark-sweep generation total 87424K, used 25695K [0x00000000964c0000, 0x000000009ba20000, 0x0000000100000000)
 Metaspace       used 34046K, capacity 35550K, committed 35860K, reserved 1081344K
  class space    used 4463K, capacity 4779K, committed 4884K, reserved 1048576K
}
2019-05-24T17:21:48.523+0800: 9.995: Application time: 0.0421279 seconds
{Heap before GC invocations=74 (full 1):
 par new generation   total 39296K, used 38281K [0x0000000081800000, 0x00000000842a0000, 0x00000000964c0000)
  eden space 34944K, 100% used [0x0000000081800000, 0x0000000083a20000, 0x0000000083a20000)
  from space 4352K,  76% used [0x0000000083a20000, 0x0000000083d62658, 0x0000000083e60000)
  to   space 4352K,   0% used [0x0000000083e60000, 0x0000000083e60000, 0x00000000842a0000)
 concurrent mark-sweep generation total 87424K, used 25695K [0x00000000964c0000, 0x000000009ba20000, 0x0000000100000000)
 Metaspace       used 34076K, capacity 35550K, committed 35860K, reserved 1081344K
  class space    used 4467K, capacity 4779K, committed 4884K, reserved 1048576K
2019-05-24T17:21:48.524+0800: 9.996: [GC (Allocation Failure) 2019-05-24T17:21:48.524+0800: 9.996: [ParNew: 38281K->3219K(39296K), 0.0030549 secs] 63977K->29399K(126720K), 0.0031750 secs] [Times: user=0.03 sys=0.00, real=0.00 secs] 
Heap after GC invocations=75 (full 1):
 par new generation   total 39296K, used 3219K [0x0000000081800000, 0x00000000842a0000, 0x00000000964c0000)
  eden space 34944K,   0% used [0x0000000081800000, 0x0000000081800000, 0x0000000083a20000)
  from space 4352K,  73% used [0x0000000083e60000, 0x0000000084184f88, 0x00000000842a0000)
  to   space 4352K,   0% used [0x0000000083a20000, 0x0000000083a20000, 0x0000000083e60000)
 concurrent mark-sweep generation total 87424K, used 26179K [0x00000000964c0000, 0x000000009ba20000, 0x0000000100000000)
 Metaspace       used 34076K, capacity 35550K, committed 35860K, reserved 1081344K
  class space    used 4467K, capacity 4779K, committed 4884K, reserved 1048576K
}
2019-05-24T17:21:48.720+0800: 10.192: Application time: 0.1934796 seconds
{Heap before GC invocations=75 (full 1):
 par new generation   total 39296K, used 38163K [0x0000000081800000, 0x00000000842a0000, 0x00000000964c0000)
  eden space 34944K, 100% used [0x0000000081800000, 0x0000000083a20000, 0x0000000083a20000)
  from space 4352K,  73% used [0x0000000083e60000, 0x0000000084184f88, 0x00000000842a0000)
  to   space 4352K,   0% used [0x0000000083a20000, 0x0000000083a20000, 0x0000000083e60000)
 concurrent mark-sweep generation total 87424K, used 26179K [0x00000000964c0000, 0x000000009ba20000, 0x0000000100000000)
 Metaspace       used 35223K, capacity 36730K, committed 37012K, reserved 1081344K
  class space    used 4601K, capacity 4923K, committed 5012K, reserved 1048576K
2019-05-24T17:21:48.721+0800: 10.193: [GC (Allocation Failure) 2019-05-24T17:21:48.721+0800: 10.193: [ParNew: 38163K->4040K(39296K), 0.0033826 secs] 64343K->30219K(126720K), 0.0035072 secs] [Times: user=0.00 sys=0.00, real=0.00 secs] 
Heap after GC invocations=76 (full 1):
 par new generation   total 39296K, used 4040K [0x0000000081800000, 0x00000000842a0000, 0x00000000964c0000)
  eden space 34944K,   0% used [0x0000000081800000, 0x0000000081800000, 0x0000000083a20000)
  from space 4352K,  92% used [0x0000000083a20000, 0x0000000083e12108, 0x0000000083e60000)
  to   space 4352K,   0% used [0x0000000083e60000, 0x0000000083e60000, 0x00000000842a0000)
 concurrent mark-sweep generation total 87424K, used 26179K [0x00000000964c0000, 0x000000009ba20000, 0x0000000100000000)
 Metaspace       used 35223K, capacity 36730K, committed 37012K, reserved 1081344K
  class space    used 4601K, capacity 4923K, committed 5012K, reserved 1048576K
}
2019-05-24T17:21:48.765+0800: 10.238: Application time: 0.0413537 seconds
2019-05-24T17:21:48.769+0800: 10.241: Application time: 0.0035243 seconds
2019-05-24T17:21:48.770+0800: 10.242: Application time: 0.0007680 seconds
2019-05-24T17:21:48.925+0800: 10.397: Application time: 0.1544055 seconds
{Heap before GC invocations=76 (full 1):
 par new generation   total 39296K, used 38984K [0x0000000081800000, 0x00000000842a0000, 0x00000000964c0000)
  eden space 34944K, 100% used [0x0000000081800000, 0x0000000083a20000, 0x0000000083a20000)
  from space 4352K,  92% used [0x0000000083a20000, 0x0000000083e12108, 0x0000000083e60000)
  to   space 4352K,   0% used [0x0000000083e60000, 0x0000000083e60000, 0x00000000842a0000)
 concurrent mark-sweep generation total 87424K, used 26179K [0x00000000964c0000, 0x000000009ba20000, 0x0000000100000000)
 Metaspace       used 36562K, capacity 38060K, committed 38136K, reserved 1083392K
  class space    used 4765K, capacity 5086K, committed 5140K, reserved 1048576K
2019-05-24T17:21:48.925+0800: 10.397: [GC (Allocation Failure) 2019-05-24T17:21:48.926+0800: 10.397: [ParNew: 38984K->3607K(39296K), 0.0051467 secs] 65163K->31063K(126720K), 0.0052804 secs] [Times: user=0.00 sys=0.00, real=0.01 secs] 
Heap after GC invocations=77 (full 1):
 par new generation   total 39296K, used 3607K [0x0000000081800000, 0x00000000842a0000, 0x00000000964c0000)
  eden space 34944K,   0% used [0x0000000081800000, 0x0000000081800000, 0x0000000083a20000)
  from space 4352K,  82% used [0x0000000083e60000, 0x00000000841e5f90, 0x00000000842a0000)
  to   space 4352K,   0% used [0x0000000083a20000, 0x0000000083a20000, 0x0000000083e60000)
 concurrent mark-sweep generation total 87424K, used 27455K [0x00000000964c0000, 0x000000009ba20000, 0x0000000100000000)
 Metaspace       used 36562K, capacity 38060K, committed 38136K, reserved 1083392K
  class space    used 4765K, capacity 5086K, committed 5140K, reserved 1048576K
}
2019-05-24T17:21:48.943+0800: 10.415: Application time: 0.0125320 seconds
2019-05-24T17:21:49.002+0800: 10.475: Application time: 0.0593613 seconds
{Heap before GC invocations=77 (full 1):
 par new generation   total 39296K, used 38551K [0x0000000081800000, 0x00000000842a0000, 0x00000000964c0000)
  eden space 34944K, 100% used [0x0000000081800000, 0x0000000083a20000, 0x0000000083a20000)
  from space 4352K,  82% used [0x0000000083e60000, 0x00000000841e5f90, 0x00000000842a0000)
  to   space 4352K,   0% used [0x0000000083a20000, 0x0000000083a20000, 0x0000000083e60000)
 concurrent mark-sweep generation total 87424K, used 27455K [0x00000000964c0000, 0x000000009ba20000, 0x0000000100000000)
 Metaspace       used 36684K, capacity 38130K, committed 38392K, reserved 1083392K
  class space    used 4781K, capacity 5087K, committed 5140K, reserved 1048576K
2019-05-24T17:21:49.003+0800: 10.475: [GC (Allocation Failure) 2019-05-24T17:21:49.003+0800: 10.475: [ParNew: 38551K->1773K(39296K), 0.0034577 secs] 66007K->29424K(126720K), 0.0036124 secs] [Times: user=0.00 sys=0.00, real=0.00 secs] 
Heap after GC invocations=78 (full 1):
 par new generation   total 39296K, used 1773K [0x0000000081800000, 0x00000000842a0000, 0x00000000964c0000)
  eden space 34944K,   0% used [0x0000000081800000, 0x0000000081800000, 0x0000000083a20000)
  from space 4352K,  40% used [0x0000000083a20000, 0x0000000083bdb4c0, 0x0000000083e60000)
  to   space 4352K,   0% used [0x0000000083e60000, 0x0000000083e60000, 0x00000000842a0000)
 concurrent mark-sweep generation total 87424K, used 27650K [0x00000000964c0000, 0x000000009ba20000, 0x0000000100000000)
 Metaspace       used 36684K, capacity 38130K, committed 38392K, reserved 1083392K
  class space    used 4781K, capacity 5087K, committed 5140K, reserved 1048576K
}
2019-05-24T17:21:49.006+0800: 10.479: Application time: 0.0000535 seconds
2019-05-24T17:21:49.007+0800: 10.479: [GC (CMS Initial Mark) [1 CMS-initial-mark: 27650K(87424K)] 30122K(126720K), 0.0011310 secs] [Times: user=0.00 sys=0.00, real=0.00 secs] 
2019-05-24T17:21:49.008+0800: 10.480: [CMS-concurrent-mark-start]
2019-05-24T17:21:49.066+0800: 10.539: [CMS-concurrent-mark: 0.059/0.059 secs] [Times: user=0.30 sys=0.02, real=0.06 secs] 
2019-05-24T17:21:49.066+0800: 10.539: [CMS-concurrent-preclean-start]
2019-05-24T17:21:49.068+0800: 10.540: [CMS-concurrent-preclean: 0.001/0.001 secs] [Times: user=0.00 sys=0.00, real=0.00 secs] 
2019-05-24T17:21:49.068+0800: 10.540: [CMS-concurrent-abortable-preclean-start]
2019-05-24T17:21:49.100+0800: 10.572: Application time: 0.0921725 seconds
{Heap before GC invocations=78 (full 2):
 par new generation   total 39296K, used 36717K [0x0000000081800000, 0x00000000842a0000, 0x00000000964c0000)
  eden space 34944K, 100% used [0x0000000081800000, 0x0000000083a20000, 0x0000000083a20000)
  from space 4352K,  40% used [0x0000000083a20000, 0x0000000083bdb4c0, 0x0000000083e60000)
  to   space 4352K,   0% used [0x0000000083e60000, 0x0000000083e60000, 0x00000000842a0000)
 concurrent mark-sweep generation total 87424K, used 27650K [0x00000000964c0000, 0x000000009ba20000, 0x0000000100000000)
 Metaspace       used 36802K, capacity 38354K, committed 38392K, reserved 1083392K
  class space    used 4797K, capacity 5119K, committed 5140K, reserved 1048576K
2019-05-24T17:21:49.100+0800: 10.572: [GC (Allocation Failure) 2019-05-24T17:21:49.100+0800: 10.572: [ParNew: 36717K->1786K(39296K), 0.0030168 secs] 64368K->29437K(126720K), 0.0031414 secs] [Times: user=0.00 sys=0.00, real=0.00 secs] 
Heap after GC invocations=79 (full 2):
 par new generation   total 39296K, used 1786K [0x0000000081800000, 0x00000000842a0000, 0x00000000964c0000)
  eden space 34944K,   0% used [0x0000000081800000, 0x0000000081800000, 0x0000000083a20000)
  from space 4352K,  41% used [0x0000000083e60000, 0x000000008401ebc8, 0x00000000842a0000)
  to   space 4352K,   0% used [0x0000000083a20000, 0x0000000083a20000, 0x0000000083e60000)
 concurrent mark-sweep generation total 87424K, used 27650K [0x00000000964c0000, 0x000000009ba20000, 0x0000000100000000)
 Metaspace       used 36802K, capacity 38354K, committed 38392K, reserved 1083392K
  class space    used 4797K, capacity 5119K, committed 5140K, reserved 1048576K
}
2019-05-24T17:21:49.218+0800: 10.690: Application time: 0.1141487 seconds
{Heap before GC invocations=79 (full 2):
 par new generation   total 39296K, used 36730K [0x0000000081800000, 0x00000000842a0000, 0x00000000964c0000)
  eden space 34944K, 100% used [0x0000000081800000, 0x0000000083a20000, 0x0000000083a20000)
  from space 4352K,  41% used [0x0000000083e60000, 0x000000008401ebc8, 0x00000000842a0000)
  to   space 4352K,   0% used [0x0000000083a20000, 0x0000000083a20000, 0x0000000083e60000)
 concurrent mark-sweep generation total 87424K, used 27650K [0x00000000964c0000, 0x000000009ba20000, 0x0000000100000000)
 Metaspace       used 36910K, capacity 38418K, committed 38468K, reserved 1083392K
  class space    used 4805K, capacity 5119K, committed 5140K, reserved 1048576K
2019-05-24T17:21:49.218+0800: 10.690: [GC (Allocation Failure) 2019-05-24T17:21:49.218+0800: 10.690: [ParNew: 36730K->2302K(39296K), 0.0030771 secs] 64381K->29953K(126720K), 0.0032256 secs] [Times: user=0.00 sys=0.00, real=0.00 secs] 
Heap after GC invocations=80 (full 2):
 par new generation   total 39296K, used 2302K [0x0000000081800000, 0x00000000842a0000, 0x00000000964c0000)
  eden space 34944K,   0% used [0x0000000081800000, 0x0000000081800000, 0x0000000083a20000)
  from space 4352K,  52% used [0x0000000083a20000, 0x0000000083c5f9c0, 0x0000000083e60000)
  to   space 4352K,   0% used [0x0000000083e60000, 0x0000000083e60000, 0x00000000842a0000)
 concurrent mark-sweep generation total 87424K, used 27650K [0x00000000964c0000, 0x000000009ba20000, 0x0000000100000000)
 Metaspace       used 36910K, capacity 38418K, committed 38468K, reserved 1083392K
  class space    used 4805K, capacity 5119K, committed 5140K, reserved 1048576K
}
2019-05-24T17:21:49.236+0800: 10.708: Application time: 0.0150317 seconds
2019-05-24T17:21:49.347+0800: 10.819: Application time: 0.1103729 seconds
{Heap before GC invocations=80 (full 2):
 par new generation   total 39296K, used 37246K [0x0000000081800000, 0x00000000842a0000, 0x00000000964c0000)
  eden space 34944K, 100% used [0x0000000081800000, 0x0000000083a20000, 0x0000000083a20000)
  from space 4352K,  52% used [0x0000000083a20000, 0x0000000083c5f9c0, 0x0000000083e60000)
  to   space 4352K,   0% used [0x0000000083e60000, 0x0000000083e60000, 0x00000000842a0000)
 concurrent mark-sweep generation total 87424K, used 27650K [0x00000000964c0000, 0x000000009ba20000, 0x0000000100000000)
 Metaspace       used 37004K, capacity 38482K, committed 38724K, reserved 1083392K
  class space    used 4819K, capacity 5119K, committed 5140K, reserved 1048576K
2019-05-24T17:21:49.347+0800: 10.819: [GC (Allocation Failure) 2019-05-24T17:21:49.347+0800: 10.819: [ParNew: 37246K->2263K(39296K), 0.0032085 secs] 64897K->29914K(126720K), 0.0033678 secs] [Times: user=0.00 sys=0.00, real=0.00 secs] 
Heap after GC invocations=81 (full 2):
 par new generation   total 39296K, used 2263K [0x0000000081800000, 0x00000000842a0000, 0x00000000964c0000)
  eden space 34944K,   0% used [0x0000000081800000, 0x0000000081800000, 0x0000000083a20000)
  from space 4352K,  52% used [0x0000000083e60000, 0x0000000084095e58, 0x00000000842a0000)
  to   space 4352K,   0% used [0x0000000083a20000, 0x0000000083a20000, 0x0000000083e60000)
 concurrent mark-sweep generation total 87424K, used 27650K [0x00000000964c0000, 0x000000009ba20000, 0x0000000100000000)
 Metaspace       used 37004K, capacity 38482K, committed 38724K, reserved 1083392K
  class space    used 4819K, capacity 5119K, committed 5140K, reserved 1048576K
}
2019-05-24T17:21:49.390+0800: 10.863: Application time: 0.0400685 seconds
2019-05-24T17:21:49.391+0800: 10.863: Application time: 0.0000603 seconds
2019-05-24T17:21:49.412+0800: 10.884: Application time: 0.0214778 seconds
2019-05-24T17:21:49.469+0800: 10.941: Application time: 0.0568638 seconds
{Heap before GC invocations=81 (full 2):
 par new generation   total 39296K, used 37207K [0x0000000081800000, 0x00000000842a0000, 0x00000000964c0000)
  eden space 34944K, 100% used [0x0000000081800000, 0x0000000083a20000, 0x0000000083a20000)
  from space 4352K,  52% used [0x0000000083e60000, 0x0000000084095e58, 0x00000000842a0000)
  to   space 4352K,   0% used [0x0000000083a20000, 0x0000000083a20000, 0x0000000083e60000)
 concurrent mark-sweep generation total 87424K, used 27650K [0x00000000964c0000, 0x000000009ba20000, 0x0000000100000000)
 Metaspace       used 37353K, capacity 38872K, committed 39056K, reserved 1083392K
  class space    used 4856K, capacity 5184K, committed 5216K, reserved 1048576K
2019-05-24T17:21:49.469+0800: 10.941: [GC (Allocation Failure) 2019-05-24T17:21:49.469+0800: 10.941: [ParNew: 37207K->2941K(39296K), 0.0036016 secs] 64858K->30591K(126720K), 0.0037552 secs] [Times: user=0.00 sys=0.00, real=0.00 secs] 
Heap after GC invocations=82 (full 2):
 par new generation   total 39296K, used 2941K [0x0000000081800000, 0x00000000842a0000, 0x00000000964c0000)
  eden space 34944K,   0% used [0x0000000081800000, 0x0000000081800000, 0x0000000083a20000)
  from space 4352K,  67% used [0x0000000083a20000, 0x0000000083cff400, 0x0000000083e60000)
  to   space 4352K,   0% used [0x0000000083e60000, 0x0000000083e60000, 0x00000000842a0000)
 concurrent mark-sweep generation total 87424K, used 27650K [0x00000000964c0000, 0x000000009ba20000, 0x0000000100000000)
 Metaspace       used 37353K, capacity 38872K, committed 39056K, reserved 1083392K
  class space    used 4856K, capacity 5184K, committed 5216K, reserved 1048576K
}
2019-05-24T17:21:49.473+0800: 10.945: [CMS-concurrent-abortable-preclean: 0.143/0.405 secs] [Times: user=1.64 sys=0.13, real=0.40 secs] 
2019-05-24T17:21:49.473+0800: 10.945: Application time: 0.0001104 seconds
2019-05-24T17:21:49.474+0800: 10.946: [GC (CMS Final Remark) [YG occupancy: 3639 K (39296 K)]2019-05-24T17:21:49.474+0800: 10.946: [Rescan (parallel) , 0.0017362 secs]2019-05-24T17:21:49.475+0800: 10.947: [weak refs processing, 0.0007054 secs]2019-05-24T17:21:49.476+0800: 10.948: [class unloading, 0.0124746 secs]2019-05-24T17:21:49.489+0800: 10.961: [scrub symbol table, 0.0119057 secs]2019-05-24T17:21:49.500+0800: 10.973: [scrub string table, 0.0007976 secs][1 CMS-remark: 27650K(87424K)] 31290K(126720K), 0.0326588 secs] [Times: user=0.13 sys=0.00, real=0.03 secs] 
2019-05-24T17:21:49.506+0800: 10.978: [CMS-concurrent-sweep-start]
2019-05-24T17:21:49.524+0800: 10.996: [CMS-concurrent-sweep: 0.018/0.018 secs] [Times: user=0.08 sys=0.00, real=0.02 secs] 
2019-05-24T17:21:49.524+0800: 10.996: [CMS-concurrent-reset-start]
2019-05-24T17:21:49.527+0800: 10.999: [CMS-concurrent-reset: 0.003/0.003 secs] [Times: user=0.08 sys=0.02, real=0.00 secs] 
2019-05-24T17:21:49.581+0800: 11.054: Application time: 0.0752139 seconds
{Heap before GC invocations=82 (full 2):
 par new generation   total 39296K, used 37885K [0x0000000081800000, 0x00000000842a0000, 0x00000000964c0000)
  eden space 34944K, 100% used [0x0000000081800000, 0x0000000083a20000, 0x0000000083a20000)
  from space 4352K,  67% used [0x0000000083a20000, 0x0000000083cff400, 0x0000000083e60000)
  to   space 4352K,   0% used [0x0000000083e60000, 0x0000000083e60000, 0x00000000842a0000)
 concurrent mark-sweep generation total 87424K, used 25051K [0x00000000964c0000, 0x000000009ba20000, 0x0000000100000000)
 Metaspace       used 37242K, capacity 38692K, committed 39056K, reserved 1083392K
  class space    used 4834K, capacity 5142K, committed 5216K, reserved 1048576K
2019-05-24T17:21:49.582+0800: 11.054: [GC (Allocation Failure) 2019-05-24T17:21:49.582+0800: 11.054: [ParNew: 37885K->4185K(39296K), 0.0052025 secs] 62936K->29342K(126720K), 0.0053476 secs] [Times: user=0.00 sys=0.00, real=0.00 secs] 
Heap after GC invocations=83 (full 2):
 par new generation   total 39296K, used 4185K [0x0000000081800000, 0x00000000842a0000, 0x00000000964c0000)
  eden space 34944K,   0% used [0x0000000081800000, 0x0000000081800000, 0x0000000083a20000)
  from space 4352K,  96% used [0x0000000083e60000, 0x00000000842767a8, 0x00000000842a0000)
  to   space 4352K,   0% used [0x0000000083a20000, 0x0000000083a20000, 0x0000000083e60000)
 concurrent mark-sweep generation total 87424K, used 25156K [0x00000000964c0000, 0x000000009ba20000, 0x0000000100000000)
 Metaspace       used 37242K, capacity 38692K, committed 39056K, reserved 1083392K
  class space    used 4834K, capacity 5142K, committed 5216K, reserved 1048576K
}
2019-05-24T17:21:49.696+0800: 11.168: Application time: 0.1087249 seconds
{Heap before GC invocations=83 (full 2):
 par new generation   total 39296K, used 39129K [0x0000000081800000, 0x00000000842a0000, 0x00000000964c0000)
  eden space 34944K, 100% used [0x0000000081800000, 0x0000000083a20000, 0x0000000083a20000)
  from space 4352K,  96% used [0x0000000083e60000, 0x00000000842767a8, 0x00000000842a0000)
  to   space 4352K,   0% used [0x0000000083a20000, 0x0000000083a20000, 0x0000000083e60000)
 concurrent mark-sweep generation total 87424K, used 25156K [0x00000000964c0000, 0x000000009ba20000, 0x0000000100000000)
 Metaspace       used 37339K, capacity 38780K, committed 39056K, reserved 1083392K
  class space    used 4847K, capacity 5146K, committed 5216K, reserved 1048576K
2019-05-24T17:21:49.696+0800: 11.168: [GC (Allocation Failure) 2019-05-24T17:21:49.696+0800: 11.168: [ParNew: 39129K->3381K(39296K), 0.0060029 secs] 64286K->29454K(126720K), 0.0061394 secs] [Times: user=0.11 sys=0.00, real=0.01 secs] 
Heap after GC invocations=84 (full 2):
 par new generation   total 39296K, used 3381K [0x0000000081800000, 0x00000000842a0000, 0x00000000964c0000)
  eden space 34944K,   0% used [0x0000000081800000, 0x0000000081800000, 0x0000000083a20000)
  from space 4352K,  77% used [0x0000000083a20000, 0x0000000083d6d770, 0x0000000083e60000)
  to   space 4352K,   0% used [0x0000000083e60000, 0x0000000083e60000, 0x00000000842a0000)
 concurrent mark-sweep generation total 87424K, used 26072K [0x00000000964c0000, 0x000000009ba20000, 0x0000000100000000)
 Metaspace       used 37339K, capacity 38780K, committed 39056K, reserved 1083392K
  class space    used 4847K, capacity 5146K, committed 5216K, reserved 1048576K
}
2019-05-24T17:21:49.759+0800: 11.231: Application time: 0.0569714 seconds
{Heap before GC invocations=84 (full 2):
 par new generation   total 39296K, used 38325K [0x0000000081800000, 0x00000000842a0000, 0x00000000964c0000)
  eden space 34944K, 100% used [0x0000000081800000, 0x0000000083a20000, 0x0000000083a20000)
  from space 4352K,  77% used [0x0000000083a20000, 0x0000000083d6d770, 0x0000000083e60000)
  to   space 4352K,   0% used [0x0000000083e60000, 0x0000000083e60000, 0x00000000842a0000)
 concurrent mark-sweep generation total 87424K, used 26072K [0x00000000964c0000, 0x000000009ba20000, 0x0000000100000000)
 Metaspace       used 37360K, capacity 38780K, committed 39056K, reserved 1083392K
  class space    used 4849K, capacity 5146K, committed 5216K, reserved 1048576K
2019-05-24T17:21:49.760+0800: 11.232: [GC (Allocation Failure) 2019-05-24T17:21:49.760+0800: 11.232: [ParNew: 38325K->3125K(39296K), 0.0040937 secs] 64398K->29631K(126720K), 0.0042775 secs] [Times: user=0.09 sys=0.00, real=0.00 secs] 
Heap after GC invocations=85 (full 2):
 par new generation   total 39296K, used 3125K [0x0000000081800000, 0x00000000842a0000, 0x00000000964c0000)
  eden space 34944K,   0% used [0x0000000081800000, 0x0000000081800000, 0x0000000083a20000)
  from space 4352K,  71% used [0x0000000083e60000, 0x000000008416d580, 0x00000000842a0000)
  to   space 4352K,   0% used [0x0000000083a20000, 0x0000000083a20000, 0x0000000083e60000)
 concurrent mark-sweep generation total 87424K, used 26506K [0x00000000964c0000, 0x000000009ba20000, 0x0000000100000000)
 Metaspace       used 37360K, capacity 38780K, committed 39056K, reserved 1083392K
  class space    used 4849K, capacity 5146K, committed 5216K, reserved 1048576K
}
2019-05-24T17:21:49.861+0800: 11.333: Application time: 0.0971241 seconds
{Heap before GC invocations=85 (full 2):
 par new generation   total 39296K, used 38069K [0x0000000081800000, 0x00000000842a0000, 0x00000000964c0000)
  eden space 34944K, 100% used [0x0000000081800000, 0x0000000083a20000, 0x0000000083a20000)
  from space 4352K,  71% used [0x0000000083e60000, 0x000000008416d580, 0x00000000842a0000)
  to   space 4352K,   0% used [0x0000000083a20000, 0x0000000083a20000, 0x0000000083e60000)
 concurrent mark-sweep generation total 87424K, used 26506K [0x00000000964c0000, 0x000000009ba20000, 0x0000000100000000)
 Metaspace       used 37591K, capacity 39278K, committed 39440K, reserved 1083392K
  class space    used 4904K, capacity 5229K, committed 5344K, reserved 1048576K
2019-05-24T17:21:49.862+0800: 11.333: [GC (Allocation Failure) 2019-05-24T17:21:49.862+0800: 11.333: [ParNew: 38069K->4233K(39296K), 0.0035032 secs] 64575K->30740K(126720K), 0.0036449 secs] [Times: user=0.00 sys=0.00, real=0.00 secs] 
Heap after GC invocations=86 (full 2):
 par new generation   total 39296K, used 4233K [0x0000000081800000, 0x00000000842a0000, 0x00000000964c0000)
  eden space 34944K,   0% used [0x0000000081800000, 0x0000000081800000, 0x0000000083a20000)
  from space 4352K,  97% used [0x0000000083a20000, 0x0000000083e426a8, 0x0000000083e60000)
  to   space 4352K,   0% used [0x0000000083e60000, 0x0000000083e60000, 0x00000000842a0000)
 concurrent mark-sweep generation total 87424K, used 26506K [0x00000000964c0000, 0x000000009ba20000, 0x0000000100000000)
 Metaspace       used 37591K, capacity 39278K, committed 39440K, reserved 1083392K
  class space    used 4904K, capacity 5229K, committed 5344K, reserved 1048576K
}
2019-05-24T17:21:49.947+0800: 11.419: Application time: 0.0819735 seconds
{Heap before GC invocations=86 (full 2):
 par new generation   total 39296K, used 39177K [0x0000000081800000, 0x00000000842a0000, 0x00000000964c0000)
  eden space 34944K, 100% used [0x0000000081800000, 0x0000000083a20000, 0x0000000083a20000)
  from space 4352K,  97% used [0x0000000083a20000, 0x0000000083e426a8, 0x0000000083e60000)
  to   space 4352K,   0% used [0x0000000083e60000, 0x0000000083e60000, 0x00000000842a0000)
 concurrent mark-sweep generation total 87424K, used 26506K [0x00000000964c0000, 0x000000009ba20000, 0x0000000100000000)
 Metaspace       used 37666K, capacity 39348K, committed 39696K, reserved 1083392K
  class space    used 4911K, capacity 5230K, committed 5344K, reserved 1048576K
2019-05-24T17:21:49.947+0800: 11.419: [GC (Allocation Failure) 2019-05-24T17:21:49.947+0800: 11.419: [ParNew: 39177K->2860K(39296K), 0.0049738 secs] 65684K->29801K(126720K), 0.0051513 secs] [Times: user=0.09 sys=0.00, real=0.00 secs] 
Heap after GC invocations=87 (full 2):
 par new generation   total 39296K, used 2860K [0x0000000081800000, 0x00000000842a0000, 0x00000000964c0000)
  eden space 34944K,   0% used [0x0000000081800000, 0x0000000081800000, 0x0000000083a20000)
  from space 4352K,  65% used [0x0000000083e60000, 0x000000008412b350, 0x00000000842a0000)
  to   space 4352K,   0% used [0x0000000083a20000, 0x0000000083a20000, 0x0000000083e60000)
 concurrent mark-sweep generation total 87424K, used 26940K [0x00000000964c0000, 0x000000009ba20000, 0x0000000100000000)
 Metaspace       used 37666K, capacity 39348K, committed 39696K, reserved 1083392K
  class space    used 4911K, capacity 5230K, committed 5344K, reserved 1048576K
}
2019-05-24T17:21:50.055+0800: 11.527: Application time: 0.1027043 seconds
{Heap before GC invocations=87 (full 2):
 par new generation   total 39296K, used 37804K [0x0000000081800000, 0x00000000842a0000, 0x00000000964c0000)
  eden space 34944K, 100% used [0x0000000081800000, 0x0000000083a20000, 0x0000000083a20000)
  from space 4352K,  65% used [0x0000000083e60000, 0x000000008412b350, 0x00000000842a0000)
  to   space 4352K,   0% used [0x0000000083a20000, 0x0000000083a20000, 0x0000000083e60000)
 concurrent mark-sweep generation total 87424K, used 26940K [0x00000000964c0000, 0x000000009ba20000, 0x0000000100000000)
 Metaspace       used 37783K, capacity 39454K, committed 39696K, reserved 1083392K
  class space    used 4934K, capacity 5263K, committed 5344K, reserved 1048576K
2019-05-24T17:21:50.055+0800: 11.528: [GC (Allocation Failure) 2019-05-24T17:21:50.055+0800: 11.528: [ParNew: 37804K->3486K(39296K), 0.0036409 secs] 64745K->30426K(126720K), 0.0037865 secs] [Times: user=0.09 sys=0.00, real=0.00 secs] 
Heap after GC invocations=88 (full 2):
 par new generation   total 39296K, used 3486K [0x0000000081800000, 0x00000000842a0000, 0x00000000964c0000)
  eden space 34944K,   0% used [0x0000000081800000, 0x0000000081800000, 0x0000000083a20000)
  from space 4352K,  80% used [0x0000000083a20000, 0x0000000083d87848, 0x0000000083e60000)
  to   space 4352K,   0% used [0x0000000083e60000, 0x0000000083e60000, 0x00000000842a0000)
 concurrent mark-sweep generation total 87424K, used 26940K [0x00000000964c0000, 0x000000009ba20000, 0x0000000100000000)
 Metaspace       used 37783K, capacity 39454K, committed 39696K, reserved 1083392K
  class space    used 4934K, capacity 5263K, committed 5344K, reserved 1048576K
}
2019-05-24T17:21:50.062+0800: 11.534: Application time: 0.0025583 seconds
2019-05-24T17:21:50.167+0800: 11.639: Application time: 0.1050720 seconds
{Heap before GC invocations=88 (full 2):
 par new generation   total 39296K, used 38430K [0x0000000081800000, 0x00000000842a0000, 0x00000000964c0000)
  eden space 34944K, 100% used [0x0000000081800000, 0x0000000083a20000, 0x0000000083a20000)
  from space 4352K,  80% used [0x0000000083a20000, 0x0000000083d87848, 0x0000000083e60000)
  to   space 4352K,   0% used [0x0000000083e60000, 0x0000000083e60000, 0x00000000842a0000)
 concurrent mark-sweep generation total 87424K, used 26940K [0x00000000964c0000, 0x000000009ba20000, 0x0000000100000000)
 Metaspace       used 37860K, capacity 39534K, committed 39696K, reserved 1083392K
  class space    used 4944K, capacity 5267K, committed 5344K, reserved 1048576K
2019-05-24T17:21:50.168+0800: 11.639: [GC (Allocation Failure) 2019-05-24T17:21:50.168+0800: 11.639: [ParNew: 38430K->2407K(39296K), 0.0059426 secs] 65370K->30550K(126720K), 0.0061065 secs] [Times: user=0.00 sys=0.00, real=0.01 secs] 
Heap after GC invocations=89 (full 2):
 par new generation   total 39296K, used 2407K [0x0000000081800000, 0x00000000842a0000, 0x00000000964c0000)
  eden space 34944K,   0% used [0x0000000081800000, 0x0000000081800000, 0x0000000083a20000)
  from space 4352K,  55% used [0x0000000083e60000, 0x00000000840b9c70, 0x00000000842a0000)
  to   space 4352K,   0% used [0x0000000083a20000, 0x0000000083a20000, 0x0000000083e60000)
 concurrent mark-sweep generation total 87424K, used 28143K [0x00000000964c0000, 0x000000009ba20000, 0x0000000100000000)
 Metaspace       used 37860K, capacity 39534K, committed 39696K, reserved 1083392K
  class space    used 4944K, capacity 5267K, committed 5344K, reserved 1048576K
}
2019-05-24T17:21:50.229+0800: 11.701: Application time: 0.0555617 seconds
2019-05-24T17:21:50.484+0800: 11.956: Application time: 0.2546608 seconds
2019-05-24T17:21:50.792+0800: 12.263: Application time: 0.3065337 seconds
2019-05-24T17:21:50.982+0800: 12.454: Application time: 0.1902899 seconds
2019-05-24T17:21:51.230+0800: 12.702: Application time: 0.2479069 seconds
2019-05-24T17:21:51.481+0800: 12.953: Application time: 0.2514067 seconds
2019-05-24T17:21:51.732+0800: 13.204: Application time: 0.2508629 seconds
2019-05-24T17:21:51.982+0800: 13.454: Application time: 0.2499743 seconds
2019-05-24T17:21:52.231+0800: 13.703: Application time: 0.2488922 seconds
2019-05-24T17:21:52.481+0800: 13.953: Application time: 0.2493604 seconds
2019-05-24T17:21:52.732+0800: 14.204: Application time: 0.2509061 seconds
2019-05-24T17:21:52.982+0800: 14.454: Application time: 0.2498872 seconds
2019-05-24T17:21:53.232+0800: 14.704: Application time: 0.2500220 seconds
2019-05-24T17:21:53.481+0800: 14.953: Application time: 0.2488678 seconds
2019-05-24T17:21:53.731+0800: 15.203: Application time: 0.2503668 seconds
2019-05-24T17:21:53.985+0800: 15.457: Application time: 0.2539104 seconds
2019-05-24T17:21:54.231+0800: 15.703: Application time: 0.2454135 seconds
2019-05-24T17:21:54.731+0800: 16.203: Application time: 0.4998461 seconds
2019-05-24T17:21:54.982+0800: 16.454: Application time: 0.2510017 seconds
2019-05-24T17:21:55.232+0800: 16.704: Application time: 0.2503480 seconds
2019-05-24T17:21:55.317+0800: 16.789: Application time: 0.0844902 seconds
{Heap before GC invocations=89 (full 2):
 par new generation   total 39296K, used 37351K [0x0000000081800000, 0x00000000842a0000, 0x00000000964c0000)
  eden space 34944K, 100% used [0x0000000081800000, 0x0000000083a20000, 0x0000000083a20000)
  from space 4352K,  55% used [0x0000000083e60000, 0x00000000840b9c70, 0x00000000842a0000)
  to   space 4352K,   0% used [0x0000000083a20000, 0x0000000083a20000, 0x0000000083e60000)
 concurrent mark-sweep generation total 87424K, used 28143K [0x00000000964c0000, 0x000000009ba20000, 0x0000000100000000)
 Metaspace       used 38336K, capacity 40116K, committed 40160K, reserved 1083392K
  class space    used 4995K, capacity 5332K, committed 5344K, reserved 1048576K
2019-05-24T17:21:55.317+0800: 16.789: [GC (Allocation Failure) 2019-05-24T17:21:55.317+0800: 16.789: [ParNew: 37351K->2877K(39296K), 0.0030015 secs] 65494K->31020K(126720K), 0.0031551 secs] [Times: user=0.00 sys=0.00, real=0.00 secs] 
Heap after GC invocations=90 (full 2):
 par new generation   total 39296K, used 2877K [0x0000000081800000, 0x00000000842a0000, 0x00000000964c0000)
  eden space 34944K,   0% used [0x0000000081800000, 0x0000000081800000, 0x0000000083a20000)
  from space 4352K,  66% used [0x0000000083a20000, 0x0000000083cef580, 0x0000000083e60000)
  to   space 4352K,   0% used [0x0000000083e60000, 0x0000000083e60000, 0x00000000842a0000)
 concurrent mark-sweep generation total 87424K, used 28143K [0x00000000964c0000, 0x000000009ba20000, 0x0000000100000000)
 Metaspace       used 38336K, capacity 40116K, committed 40160K, reserved 1083392K
  class space    used 4995K, capacity 5332K, committed 5344K, reserved 1048576K
}
2019-05-24T17:21:55.320+0800: 16.792: Application time: 0.0001183 seconds
2019-05-24T17:21:55.418+0800: 16.890: Application time: 0.0978454 seconds
2019-05-24T17:21:55.481+0800: 16.953: Application time: 0.0627206 seconds
2019-05-24T17:21:55.563+0800: 17.035: Application time: 0.0818085 seconds
{Heap before GC invocations=90 (full 2):
 par new generation   total 39296K, used 37821K [0x0000000081800000, 0x00000000842a0000, 0x00000000964c0000)
  eden space 34944K, 100% used [0x0000000081800000, 0x0000000083a20000, 0x0000000083a20000)
  from space 4352K,  66% used [0x0000000083a20000, 0x0000000083cef580, 0x0000000083e60000)
  to   space 4352K,   0% used [0x0000000083e60000, 0x0000000083e60000, 0x00000000842a0000)
 concurrent mark-sweep generation total 87424K, used 28143K [0x00000000964c0000, 0x000000009ba20000, 0x0000000100000000)
 Metaspace       used 39155K, capacity 40884K, committed 41056K, reserved 1085440K
  class space    used 5109K, capacity 5460K, committed 5472K, reserved 1048576K
2019-05-24T17:21:55.563+0800: 17.035: [GC (Allocation Failure) 2019-05-24T17:21:55.563+0800: 17.035: [ParNew: 37821K->4352K(39296K), 0.0036068 secs] 65964K->32871K(126720K), 0.0037325 secs] [Times: user=0.00 sys=0.00, real=0.00 secs] 
Heap after GC invocations=91 (full 2):
 par new generation   total 39296K, used 4352K [0x0000000081800000, 0x00000000842a0000, 0x00000000964c0000)
  eden space 34944K,   0% used [0x0000000081800000, 0x0000000081800000, 0x0000000083a20000)
  from space 4352K, 100% used [0x0000000083e60000, 0x00000000842a0000, 0x00000000842a0000)
  to   space 4352K,   0% used [0x0000000083a20000, 0x0000000083a20000, 0x0000000083e60000)
 concurrent mark-sweep generation total 87424K, used 28519K [0x00000000964c0000, 0x000000009ba20000, 0x0000000100000000)
 Metaspace       used 39155K, capacity 40884K, committed 41056K, reserved 1085440K
  class space    used 5109K, capacity 5460K, committed 5472K, reserved 1048576K
}
2019-05-24T17:21:55.584+0800: 17.056: Application time: 0.0169398 seconds
2019-05-24T17:21:55.592+0800: 17.064: Application time: 0.0074712 seconds
2019-05-24T17:21:55.732+0800: 17.204: Application time: 0.1391695 seconds
2019-05-24T17:21:55.860+0800: 17.332: Application time: 0.1283612 seconds
{Heap before GC invocations=91 (full 2):
 par new generation   total 39296K, used 39296K [0x0000000081800000, 0x00000000842a0000, 0x00000000964c0000)
  eden space 34944K, 100% used [0x0000000081800000, 0x0000000083a20000, 0x0000000083a20000)
  from space 4352K, 100% used [0x0000000083e60000, 0x00000000842a0000, 0x00000000842a0000)
  to   space 4352K,   0% used [0x0000000083a20000, 0x0000000083a20000, 0x0000000083e60000)
 concurrent mark-sweep generation total 87424K, used 28519K [0x00000000964c0000, 0x000000009ba20000, 0x0000000100000000)
 Metaspace       used 40033K, capacity 41762K, committed 41952K, reserved 1085440K
  class space    used 5215K, capacity 5559K, committed 5600K, reserved 1048576K
2019-05-24T17:21:55.860+0800: 17.332: [GC (Allocation Failure) 2019-05-24T17:21:55.860+0800: 17.332: [ParNew: 39296K->4352K(39296K), 0.0067794 secs] 67815K->37199K(126720K), 0.0069274 secs] [Times: user=0.00 sys=0.00, real=0.01 secs] 
Heap after GC invocations=92 (full 2):
 par new generation   total 39296K, used 4352K [0x0000000081800000, 0x00000000842a0000, 0x00000000964c0000)
  eden space 34944K,   0% used [0x0000000081800000, 0x0000000081800000, 0x0000000083a20000)
  from space 4352K, 100% used [0x0000000083a20000, 0x0000000083e60000, 0x0000000083e60000)
  to   space 4352K,   0% used [0x0000000083e60000, 0x0000000083e60000, 0x00000000842a0000)
 concurrent mark-sweep generation total 87424K, used 32847K [0x00000000964c0000, 0x000000009ba20000, 0x0000000100000000)
 Metaspace       used 40033K, capacity 41762K, committed 41952K, reserved 1085440K
  class space    used 5215K, capacity 5559K, committed 5600K, reserved 1048576K
}
2019-05-24T17:21:55.872+0800: 17.344: Application time: 0.0045005 seconds
2019-05-24T17:21:55.872+0800: 17.344: Application time: 0.0000364 seconds
2019-05-24T17:21:55.874+0800: 17.346: Application time: 0.0022477 seconds
2019-05-24T17:21:55.884+0800: 17.357: Application time: 0.0105722 seconds
2019-05-24T17:21:55.889+0800: 17.362: Application time: 0.0047195 seconds
2019-05-24T17:21:55.889+0800: 17.362: Application time: 0.0000592 seconds
2019-05-24T17:21:55.890+0800: 17.362: Application time: 0.0000523 seconds
2019-05-24T17:21:55.955+0800: 17.427: Application time: 0.0653807 seconds
2019-05-24T17:21:55.959+0800: 17.431: Application time: 0.0035049 seconds
2019-05-24T17:21:55.975+0800: 17.447: Application time: 0.0153896 seconds
2019-05-24T17:21:55.977+0800: 17.449: Application time: 0.0016486 seconds
2019-05-24T17:21:55.978+0800: 17.450: Application time: 0.0000802 seconds
2019-05-24T17:21:55.978+0800: 17.450: Application time: 0.0000939 seconds
2019-05-24T17:21:55.978+0800: 17.450: Application time: 0.0001263 seconds
2019-05-24T17:21:55.978+0800: 17.450: Application time: 0.0001792 seconds
2019-05-24T17:21:55.979+0800: 17.451: Application time: 0.0001377 seconds
2019-05-24T17:21:55.979+0800: 17.451: Application time: 0.0001206 seconds
2019-05-24T17:21:55.979+0800: 17.451: Application time: 0.0000637 seconds
2019-05-24T17:21:55.984+0800: 17.456: Application time: 0.0046945 seconds
2019-05-24T17:21:55.984+0800: 17.456: Application time: 0.0004443 seconds
2019-05-24T17:21:56.046+0800: 17.518: Application time: 0.0612921 seconds
2019-05-24T17:21:56.050+0800: 17.522: Application time: 0.0042479 seconds
2019-05-24T17:21:56.154+0800: 17.626: Application time: 0.1032874 seconds
2019-05-24T17:21:56.154+0800: 17.626: Application time: 0.0000410 seconds
2019-05-24T17:21:56.154+0800: 17.626: Application time: 0.0000273 seconds
2019-05-24T17:21:56.159+0800: 17.631: Application time: 0.0047548 seconds
{Heap before GC invocations=92 (full 2):
 par new generation   total 39296K, used 39296K [0x0000000081800000, 0x00000000842a0000, 0x00000000964c0000)
  eden space 34944K, 100% used [0x0000000081800000, 0x0000000083a20000, 0x0000000083a20000)
  from space 4352K, 100% used [0x0000000083a20000, 0x0000000083e60000, 0x0000000083e60000)
  to   space 4352K,   0% used [0x0000000083e60000, 0x0000000083e60000, 0x00000000842a0000)
 concurrent mark-sweep generation total 87424K, used 32847K [0x00000000964c0000, 0x000000009ba20000, 0x0000000100000000)
 Metaspace       used 40744K, capacity 42454K, committed 42720K, reserved 1087488K
  class space    used 5287K, capacity 5595K, committed 5600K, reserved 1048576K
2019-05-24T17:21:56.168+0800: 17.640: [GC (Allocation Failure) 2019-05-24T17:21:56.168+0800: 17.640: [ParNew: 39296K->3167K(39296K), 0.0031374 secs] 72143K->36015K(126720K), 0.0033200 secs] [Times: user=0.00 sys=0.00, real=0.00 secs] 
Heap after GC invocations=93 (full 2):
 par new generation   total 39296K, used 3167K [0x0000000081800000, 0x00000000842a0000, 0x00000000964c0000)
  eden space 34944K,   0% used [0x0000000081800000, 0x0000000081800000, 0x0000000083a20000)
  from space 4352K,  72% used [0x0000000083e60000, 0x0000000084177fe8, 0x00000000842a0000)
  to   space 4352K,   0% used [0x0000000083a20000, 0x0000000083a20000, 0x0000000083e60000)
 concurrent mark-sweep generation total 87424K, used 32847K [0x00000000964c0000, 0x000000009ba20000, 0x0000000100000000)
 Metaspace       used 40744K, capacity 42454K, committed 42720K, reserved 1087488K
  class space    used 5287K, capacity 5595K, committed 5600K, reserved 1048576K
}
2019-05-24T17:21:56.213+0800: 17.685: Application time: 0.0418196 seconds
2019-05-24T17:21:56.236+0800: 17.708: Application time: 0.0224392 seconds
2019-05-24T17:21:56.258+0800: 17.730: Application time: 0.0218590 seconds
2019-05-24T17:21:56.309+0800: 17.781: Application time: 0.0477571 seconds
2019-05-24T17:21:56.309+0800: 17.781: Application time: 0.0000381 seconds
2019-05-24T17:21:56.312+0800: 17.783: Application time: 0.0026027 seconds
2019-05-24T17:21:56.313+0800: 17.784: Application time: 0.0010769 seconds
2019-05-24T17:21:56.314+0800: 17.787: Application time: 0.0019843 seconds
2019-05-24T17:21:56.314+0800: 17.787: Application time: 0.0000307 seconds
2019-05-24T17:21:56.314+0800: 17.787: Application time: 0.0000284 seconds
2019-05-24T17:21:56.315+0800: 17.787: Application time: 0.0000319 seconds
2019-05-24T17:21:56.315+0800: 17.787: Application time: 0.0000279 seconds
2019-05-24T17:21:56.315+0800: 17.787: Application time: 0.0000284 seconds
2019-05-24T17:21:56.315+0800: 17.787: Application time: 0.0000284 seconds
2019-05-24T17:21:56.315+0800: 17.787: Application time: 0.0000284 seconds
2019-05-24T17:21:56.315+0800: 17.787: Application time: 0.0000284 seconds
2019-05-24T17:21:56.315+0800: 17.787: Application time: 0.0000279 seconds
2019-05-24T17:21:56.315+0800: 17.787: Application time: 0.0000279 seconds
2019-05-24T17:21:56.315+0800: 17.787: Application time: 0.0000284 seconds
2019-05-24T17:21:56.315+0800: 17.788: Application time: 0.0000302 seconds
2019-05-24T17:21:56.315+0800: 17.788: Application time: 0.0001178 seconds
2019-05-24T17:21:56.316+0800: 17.788: Application time: 0.0001047 seconds
2019-05-24T17:21:56.316+0800: 17.788: Application time: 0.0000455 seconds
2019-05-24T17:21:56.316+0800: 17.788: Application time: 0.0000688 seconds
2019-05-24T17:21:56.319+0800: 17.791: Application time: 0.0027125 seconds
2019-05-24T17:21:56.322+0800: 17.795: Application time: 0.0035874 seconds
{Heap before GC invocations=93 (full 2):
 par new generation   total 39296K, used 38111K [0x0000000081800000, 0x00000000842a0000, 0x00000000964c0000)
  eden space 34944K, 100% used [0x0000000081800000, 0x0000000083a20000, 0x0000000083a20000)
  from space 4352K,  72% used [0x0000000083e60000, 0x0000000084177fe8, 0x00000000842a0000)
  to   space 4352K,   0% used [0x0000000083a20000, 0x0000000083a20000, 0x0000000083e60000)
 concurrent mark-sweep generation total 87424K, used 32847K [0x00000000964c0000, 0x000000009ba20000, 0x0000000100000000)
 Metaspace       used 41081K, capacity 42890K, committed 43104K, reserved 1087488K
  class space    used 5330K, capacity 5697K, committed 5728K, reserved 1048576K
2019-05-24T17:21:56.322+0800: 17.795: [GC (Allocation Failure) 2019-05-24T17:21:56.323+0800: 17.795: [ParNew: 38111K->2074K(39296K), 0.0026863 secs] 70959K->36556K(126720K), 0.0028712 secs] [Times: user=0.08 sys=0.00, real=0.00 secs] 
Heap after GC invocations=94 (full 2):
 par new generation   total 39296K, used 2074K [0x0000000081800000, 0x00000000842a0000, 0x00000000964c0000)
  eden space 34944K,   0% used [0x0000000081800000, 0x0000000081800000, 0x0000000083a20000)
  from space 4352K,  47% used [0x0000000083a20000, 0x0000000083c268d8, 0x0000000083e60000)
  to   space 4352K,   0% used [0x0000000083e60000, 0x0000000083e60000, 0x00000000842a0000)
 concurrent mark-sweep generation total 87424K, used 34482K [0x00000000964c0000, 0x000000009ba20000, 0x0000000100000000)
 Metaspace       used 41081K, capacity 42890K, committed 43104K, reserved 1087488K
  class space    used 5330K, capacity 5697K, committed 5728K, reserved 1048576K
}
2019-05-24T17:21:56.332+0800: 17.804: Application time: 0.0066856 seconds
2019-05-24T17:21:56.333+0800: 17.805: Application time: 0.0001991 seconds
2019-05-24T17:21:56.333+0800: 17.805: Application time: 0.0001462 seconds
2019-05-24T17:21:56.333+0800: 17.805: Application time: 0.0000330 seconds
2019-05-24T17:21:56.333+0800: 17.805: Application time: 0.0000631 seconds
2019-05-24T17:21:56.333+0800: 17.805: Application time: 0.0003408 seconds
2019-05-24T17:21:56.334+0800: 17.806: Application time: 0.0000472 seconds
2019-05-24T17:21:56.334+0800: 17.806: Application time: 0.0000711 seconds
2019-05-24T17:21:56.334+0800: 17.806: Application time: 0.0003095 seconds
2019-05-24T17:21:56.334+0800: 17.806: Application time: 0.0000273 seconds
2019-05-24T17:21:56.334+0800: 17.806: Application time: 0.0000671 seconds
2019-05-24T17:21:56.335+0800: 17.807: Application time: 0.0002304 seconds
2019-05-24T17:21:56.335+0800: 17.807: Application time: 0.0000341 seconds
2019-05-24T17:21:56.335+0800: 17.807: Application time: 0.0000694 seconds
2019-05-24T17:21:56.335+0800: 17.807: Application time: 0.0001826 seconds
2019-05-24T17:21:56.335+0800: 17.807: Application time: 0.0000341 seconds
2019-05-24T17:21:56.335+0800: 17.807: Application time: 0.0000683 seconds
2019-05-24T17:21:56.336+0800: 17.808: Application time: 0.0001900 seconds
2019-05-24T17:21:56.336+0800: 17.808: Application time: 0.0000319 seconds
2019-05-24T17:21:56.336+0800: 17.808: Application time: 0.0000711 seconds
2019-05-24T17:21:56.336+0800: 17.808: Application time: 0.0002048 seconds
2019-05-24T17:21:56.336+0800: 17.808: Application time: 0.0000313 seconds
2019-05-24T17:21:56.336+0800: 17.808: Application time: 0.0000677 seconds
2019-05-24T17:21:56.337+0800: 17.809: Application time: 0.0001525 seconds
2019-05-24T17:21:56.337+0800: 17.809: Application time: 0.0000319 seconds
2019-05-24T17:21:56.337+0800: 17.809: Application time: 0.0000711 seconds
2019-05-24T17:21:56.337+0800: 17.809: Application time: 0.0002435 seconds
2019-05-24T17:21:56.337+0800: 17.809: Application time: 0.0000404 seconds
2019-05-24T17:21:56.337+0800: 17.810: Application time: 0.0000814 seconds
2019-05-24T17:21:56.338+0800: 17.810: Application time: 0.0004221 seconds
2019-05-24T17:21:56.358+0800: 17.830: Application time: 0.0199191 seconds
2019-05-24T17:21:56.384+0800: 17.856: Application time: 0.0259436 seconds
2019-05-24T17:21:56.392+0800: 17.864: Application time: 0.0080634 seconds
2019-05-24T17:21:56.392+0800: 17.865: Application time: 0.0001104 seconds
2019-05-24T17:21:56.395+0800: 17.867: Application time: 0.0024252 seconds
2019-05-24T17:21:56.395+0800: 17.867: Application time: 0.0000421 seconds
2019-05-24T17:21:56.428+0800: 17.900: Application time: 0.0326155 seconds
{Heap before GC invocations=94 (full 2):
 par new generation   total 39296K, used 37018K [0x0000000081800000, 0x00000000842a0000, 0x00000000964c0000)
  eden space 34944K, 100% used [0x0000000081800000, 0x0000000083a20000, 0x0000000083a20000)
  from space 4352K,  47% used [0x0000000083a20000, 0x0000000083c268d8, 0x0000000083e60000)
  to   space 4352K,   0% used [0x0000000083e60000, 0x0000000083e60000, 0x00000000842a0000)
 concurrent mark-sweep generation total 87424K, used 34482K [0x00000000964c0000, 0x000000009ba20000, 0x0000000100000000)
 Metaspace       used 41123K, capacity 42890K, committed 43104K, reserved 1087488K
  class space    used 5335K, capacity 5697K, committed 5728K, reserved 1048576K
2019-05-24T17:21:56.428+0800: 17.900: [GC (Allocation Failure) 2019-05-24T17:21:56.429+0800: 17.900: [ParNew: 37018K->1385K(39296K), 0.0024872 secs] 71500K->35867K(126720K), 0.0026334 secs] [Times: user=0.00 sys=0.00, real=0.00 secs] 
Heap after GC invocations=95 (full 2):
 par new generation   total 39296K, used 1385K [0x0000000081800000, 0x00000000842a0000, 0x00000000964c0000)
  eden space 34944K,   0% used [0x0000000081800000, 0x0000000081800000, 0x0000000083a20000)
  from space 4352K,  31% used [0x0000000083e60000, 0x0000000083fba4e8, 0x00000000842a0000)
  to   space 4352K,   0% used [0x0000000083a20000, 0x0000000083a20000, 0x0000000083e60000)
 concurrent mark-sweep generation total 87424K, used 34482K [0x00000000964c0000, 0x000000009ba20000, 0x0000000100000000)
 Metaspace       used 41123K, capacity 42890K, committed 43104K, reserved 1087488K
  class space    used 5335K, capacity 5697K, committed 5728K, reserved 1048576K
}
2019-05-24T17:21:56.465+0800: 17.937: Application time: 0.0341720 seconds
2019-05-24T17:21:56.517+0800: 17.989: Application time: 0.0448461 seconds
2019-05-24T17:21:56.741+0800: 18.213: Application time: 0.0234155 seconds
2019-05-24T17:21:56.957+0800: 18.429: Application time: 0.2163637 seconds
2019-05-24T17:21:57.227+0800: 18.699: Application time: 0.2696242 seconds
2019-05-24T17:21:57.510+0800: 18.982: Application time: 0.1155123 seconds
{Heap before GC invocations=95 (full 2):
 par new generation   total 39296K, used 36329K [0x0000000081800000, 0x00000000842a0000, 0x00000000964c0000)
  eden space 34944K, 100% used [0x0000000081800000, 0x0000000083a20000, 0x0000000083a20000)
  from space 4352K,  31% used [0x0000000083e60000, 0x0000000083fba4e8, 0x00000000842a0000)
  to   space 4352K,   0% used [0x0000000083a20000, 0x0000000083a20000, 0x0000000083e60000)
 concurrent mark-sweep generation total 87424K, used 34482K [0x00000000964c0000, 0x000000009ba20000, 0x0000000100000000)
 Metaspace       used 41367K, capacity 43122K, committed 43488K, reserved 1087488K
  class space    used 5365K, capacity 5733K, committed 5856K, reserved 1048576K
2019-05-24T17:21:57.540+0800: 19.011: [GC (Allocation Failure) 2019-05-24T17:21:57.540+0800: 19.012: [ParNew: 36329K->1944K(39296K), 0.0032239 secs] 70811K->36426K(126720K), 0.0034150 secs] [Times: user=0.03 sys=0.00, real=0.00 secs] 
Heap after GC invocations=96 (full 2):
 par new generation   total 39296K, used 1944K [0x0000000081800000, 0x00000000842a0000, 0x00000000964c0000)
  eden space 34944K,   0% used [0x0000000081800000, 0x0000000081800000, 0x0000000083a20000)
  from space 4352K,  44% used [0x0000000083a20000, 0x0000000083c06060, 0x0000000083e60000)
  to   space 4352K,   0% used [0x0000000083e60000, 0x0000000083e60000, 0x00000000842a0000)
 concurrent mark-sweep generation total 87424K, used 34482K [0x00000000964c0000, 0x000000009ba20000, 0x0000000100000000)
 Metaspace       used 41367K, capacity 43122K, committed 43488K, reserved 1087488K
  class space    used 5365K, capacity 5733K, committed 5856K, reserved 1048576K
}
2019-05-24T17:21:57.565+0800: 19.037: Application time: 0.0219381 seconds
2019-05-24T17:21:57.586+0800: 19.058: Application time: 0.0205375 seconds
2019-05-24T17:21:57.586+0800: 19.058: Application time: 0.0003794 seconds
2019-05-24T17:21:57.640+0800: 19.112: Application time: 0.0535250 seconds
2019-05-24T17:21:57.678+0800: 19.149: Application time: 0.0373265 seconds
{Heap before GC invocations=96 (full 2):
 par new generation   total 39296K, used 36888K [0x0000000081800000, 0x00000000842a0000, 0x00000000964c0000)
  eden space 34944K, 100% used [0x0000000081800000, 0x0000000083a20000, 0x0000000083a20000)
  from space 4352K,  44% used [0x0000000083a20000, 0x0000000083c06060, 0x0000000083e60000)
  to   space 4352K,   0% used [0x0000000083e60000, 0x0000000083e60000, 0x00000000842a0000)
 concurrent mark-sweep generation total 87424K, used 34482K [0x00000000964c0000, 0x000000009ba20000, 0x0000000100000000)
 Metaspace       used 41417K, capacity 43192K, committed 43488K, reserved 1087488K
  class space    used 5369K, capacity 5734K, committed 5856K, reserved 1048576K
2019-05-24T17:21:57.746+0800: 19.218: [GC (Allocation Failure) 2019-05-24T17:21:57.746+0800: 19.218: [ParNew: 36888K->2183K(39296K), 0.0029605 secs] 71370K->36666K(126720K), 0.0031249 secs] [Times: user=0.00 sys=0.00, real=0.00 secs] 
Heap after GC invocations=97 (full 2):
 par new generation   total 39296K, used 2183K [0x0000000081800000, 0x00000000842a0000, 0x00000000964c0000)
  eden space 34944K,   0% used [0x0000000081800000, 0x0000000081800000, 0x0000000083a20000)
  from space 4352K,  50% used [0x0000000083e60000, 0x0000000084081ef0, 0x00000000842a0000)
  to   space 4352K,   0% used [0x0000000083a20000, 0x0000000083a20000, 0x0000000083e60000)
 concurrent mark-sweep generation total 87424K, used 34482K [0x00000000964c0000, 0x000000009ba20000, 0x0000000100000000)
 Metaspace       used 41417K, capacity 43192K, committed 43488K, reserved 1087488K
  class space    used 5369K, capacity 5734K, committed 5856K, reserved 1048576K
}
2019-05-24T17:21:57.811+0800: 19.284: Application time: 0.0625277 seconds
2019-05-24T17:21:57.930+0800: 19.403: Application time: 0.1183783 seconds
{Heap before GC invocations=97 (full 2):
 par new generation   total 39296K, used 37127K [0x0000000081800000, 0x00000000842a0000, 0x00000000964c0000)
  eden space 34944K, 100% used [0x0000000081800000, 0x0000000083a20000, 0x0000000083a20000)
  from space 4352K,  50% used [0x0000000083e60000, 0x0000000084081ef0, 0x00000000842a0000)
  to   space 4352K,   0% used [0x0000000083a20000, 0x0000000083a20000, 0x0000000083e60000)
 concurrent mark-sweep generation total 87424K, used 34482K [0x00000000964c0000, 0x000000009ba20000, 0x0000000100000000)
 Metaspace       used 41465K, capacity 43256K, committed 43488K, reserved 1087488K
  class space    used 5372K, capacity 5734K, committed 5856K, reserved 1048576K
2019-05-24T17:21:57.930+0800: 19.403: [GC (Allocation Failure) 2019-05-24T17:21:57.931+0800: 19.403: [ParNew: 37127K->2384K(39296K), 0.0036272 secs] 71610K->36867K(126720K), 0.0038309 secs] [Times: user=0.11 sys=0.00, real=0.00 secs] 
Heap after GC invocations=98 (full 2):
 par new generation   total 39296K, used 2384K [0x0000000081800000, 0x00000000842a0000, 0x00000000964c0000)
  eden space 34944K,   0% used [0x0000000081800000, 0x0000000081800000, 0x0000000083a20000)
  from space 4352K,  54% used [0x0000000083a20000, 0x0000000083c74230, 0x0000000083e60000)
  to   space 4352K,   0% used [0x0000000083e60000, 0x0000000083e60000, 0x00000000842a0000)
 concurrent mark-sweep generation total 87424K, used 34482K [0x00000000964c0000, 0x000000009ba20000, 0x0000000100000000)
 Metaspace       used 41465K, capacity 43256K, committed 43488K, reserved 1087488K
  class space    used 5372K, capacity 5734K, committed 5856K, reserved 1048576K
}
2019-05-24T17:21:57.936+0800: 19.408: Application time: 0.0013358 seconds
2019-05-24T17:21:58.108+0800: 19.579: Application time: 0.1711513 seconds
2019-05-24T17:21:58.108+0800: 19.580: Application time: 0.0000375 seconds
2019-05-24T17:21:58.108+0800: 19.580: Application time: 0.0000296 seconds
2019-05-24T17:21:58.112+0800: 19.584: Application time: 0.0041734 seconds
2019-05-24T17:21:58.115+0800: 19.587: Application time: 0.0013335 seconds
2019-05-24T17:21:58.168+0800: 19.640: Application time: 0.0529101 seconds
2019-05-24T17:21:58.342+0800: 19.814: Application time: 0.1728022 seconds
2019-05-24T17:21:58.342+0800: 19.814: Application time: 0.0006070 seconds
2019-05-24T17:21:58.406+0800: 19.878: Application time: 0.0633975 seconds
{Heap before GC invocations=98 (full 2):
 par new generation   total 39296K, used 37328K [0x0000000081800000, 0x00000000842a0000, 0x00000000964c0000)
  eden space 34944K, 100% used [0x0000000081800000, 0x0000000083a20000, 0x0000000083a20000)
  from space 4352K,  54% used [0x0000000083a20000, 0x0000000083c74230, 0x0000000083e60000)
  to   space 4352K,   0% used [0x0000000083e60000, 0x0000000083e60000, 0x00000000842a0000)
 concurrent mark-sweep generation total 87424K, used 34482K [0x00000000964c0000, 0x000000009ba20000, 0x0000000100000000)
 Metaspace       used 41962K, capacity 43898K, committed 44000K, reserved 1087488K
  class space    used 5472K, capacity 5853K, committed 5856K, reserved 1048576K
2019-05-24T17:21:58.406+0800: 19.878: [GC (Allocation Failure) 2019-05-24T17:21:58.406+0800: 19.878: [ParNew: 37328K->2849K(39296K), 0.0041347 secs] 71811K->37331K(126720K), 0.0042991 secs] [Times: user=0.00 sys=0.00, real=0.01 secs] 
Heap after GC invocations=99 (full 2):
 par new generation   total 39296K, used 2849K [0x0000000081800000, 0x00000000842a0000, 0x00000000964c0000)
  eden space 34944K,   0% used [0x0000000081800000, 0x0000000081800000, 0x0000000083a20000)
  from space 4352K,  65% used [0x0000000083e60000, 0x0000000084128498, 0x00000000842a0000)
  to   space 4352K,   0% used [0x0000000083a20000, 0x0000000083a20000, 0x0000000083e60000)
 concurrent mark-sweep generation total 87424K, used 34482K [0x00000000964c0000, 0x000000009ba20000, 0x0000000100000000)
 Metaspace       used 41962K, capacity 43898K, committed 44000K, reserved 1087488K
  class space    used 5472K, capacity 5853K, committed 5856K, reserved 1048576K
}
2019-05-24T17:21:58.538+0800: 20.010: Application time: 0.1271728 seconds
2019-05-24T17:21:58.687+0800: 20.159: Application time: 0.1490409 seconds
{Heap before GC invocations=99 (full 2):
 par new generation   total 39296K, used 37793K [0x0000000081800000, 0x00000000842a0000, 0x00000000964c0000)
  eden space 34944K, 100% used [0x0000000081800000, 0x0000000083a20000, 0x0000000083a20000)
  from space 4352K,  65% used [0x0000000083e60000, 0x0000000084128498, 0x00000000842a0000)
  to   space 4352K,   0% used [0x0000000083a20000, 0x0000000083a20000, 0x0000000083e60000)
 concurrent mark-sweep generation total 87424K, used 34482K [0x00000000964c0000, 0x000000009ba20000, 0x0000000100000000)
 Metaspace       used 42639K, capacity 44660K, committed 44896K, reserved 1087488K
  class space    used 5579K, capacity 5968K, committed 5984K, reserved 1048576K
2019-05-24T17:21:58.689+0800: 20.161: [GC (Allocation Failure) 2019-05-24T17:21:58.689+0800: 20.161: [ParNew: 37793K->3269K(39296K), 0.0046404 secs] 72275K->38178K(126720K), 0.0048236 secs] [Times: user=0.00 sys=0.00, real=0.01 secs] 
Heap after GC invocations=100 (full 2):
 par new generation   total 39296K, used 3269K [0x0000000081800000, 0x00000000842a0000, 0x00000000964c0000)
  eden space 34944K,   0% used [0x0000000081800000, 0x0000000081800000, 0x0000000083a20000)
  from space 4352K,  75% used [0x0000000083a20000, 0x0000000083d51778, 0x0000000083e60000)
  to   space 4352K,   0% used [0x0000000083e60000, 0x0000000083e60000, 0x00000000842a0000)
 concurrent mark-sweep generation total 87424K, used 34908K [0x00000000964c0000, 0x000000009ba20000, 0x0000000100000000)
 Metaspace       used 42639K, capacity 44660K, committed 44896K, reserved 1087488K
  class space    used 5579K, capacity 5968K, committed 5984K, reserved 1048576K
}
2019-05-24T17:21:58.696+0800: 20.168: Application time: 0.0017300 seconds
2019-05-24T17:21:58.731+0800: 20.202: Application time: 0.0336111 seconds
2019-05-24T17:21:58.737+0800: 20.209: Application time: 0.0000916 seconds
2019-05-24T17:21:58.737+0800: 20.209: Application time: 0.0002793 seconds
2019-05-24T17:21:59.007+0800: 20.479: Application time: 0.2694132 seconds
{Heap before GC invocations=100 (full 2):
 par new generation   total 39296K, used 38213K [0x0000000081800000, 0x00000000842a0000, 0x00000000964c0000)
  eden space 34944K, 100% used [0x0000000081800000, 0x0000000083a20000, 0x0000000083a20000)
  from space 4352K,  75% used [0x0000000083a20000, 0x0000000083d51778, 0x0000000083e60000)
  to   space 4352K,   0% used [0x0000000083e60000, 0x0000000083e60000, 0x00000000842a0000)
 concurrent mark-sweep generation total 87424K, used 34908K [0x00000000964c0000, 0x000000009ba20000, 0x0000000100000000)
 Metaspace       used 42683K, capacity 44744K, committed 44896K, reserved 1087488K
  class space    used 5587K, capacity 5972K, committed 5984K, reserved 1048576K
2019-05-24T17:21:59.040+0800: 20.512: [GC (Allocation Failure) 2019-05-24T17:21:59.040+0800: 20.512: [ParNew: 38213K->2433K(39296K), 0.0041990 secs] 73122K->37537K(126720K), 0.0043503 secs] [Times: user=0.09 sys=0.00, real=0.00 secs] 
Heap after GC invocations=101 (full 2):
 par new generation   total 39296K, used 2433K [0x0000000081800000, 0x00000000842a0000, 0x00000000964c0000)
  eden space 34944K,   0% used [0x0000000081800000, 0x0000000081800000, 0x0000000083a20000)
  from space 4352K,  55% used [0x0000000083e60000, 0x00000000840c06c0, 0x00000000842a0000)
  to   space 4352K,   0% used [0x0000000083a20000, 0x0000000083a20000, 0x0000000083e60000)
 concurrent mark-sweep generation total 87424K, used 35103K [0x00000000964c0000, 0x000000009ba20000, 0x0000000100000000)
 Metaspace       used 42683K, capacity 44744K, committed 44896K, reserved 1087488K
  class space    used 5587K, capacity 5972K, committed 5984K, reserved 1048576K
}
2019-05-24T17:21:59.078+0800: 20.550: Application time: 0.0336936 seconds
2019-05-24T17:21:59.141+0800: 20.613: Application time: 0.0626517 seconds
2019-05-24T17:21:59.155+0800: 20.627: Application time: 0.0124530 seconds
2019-05-24T17:21:59.243+0800: 20.715: Application time: 0.0856837 seconds
{Heap before GC invocations=101 (full 2):
 par new generation   total 39296K, used 37377K [0x0000000081800000, 0x00000000842a0000, 0x00000000964c0000)
  eden space 34944K, 100% used [0x0000000081800000, 0x0000000083a20000, 0x0000000083a20000)
  from space 4352K,  55% used [0x0000000083e60000, 0x00000000840c06c0, 0x00000000842a0000)
  to   space 4352K,   0% used [0x0000000083a20000, 0x0000000083a20000, 0x0000000083e60000)
 concurrent mark-sweep generation total 87424K, used 35103K [0x00000000964c0000, 0x000000009ba20000, 0x0000000100000000)
 Metaspace       used 42757K, capacity 44842K, committed 45024K, reserved 1087488K
  class space    used 5596K, capacity 6005K, committed 6112K, reserved 1048576K
2019-05-24T17:21:59.247+0800: 20.720: [GC (Allocation Failure) 2019-05-24T17:21:59.248+0800: 20.720: [ParNew: 37377K->3376K(39296K), 0.0057378 secs] 72481K->38480K(126720K), 0.0059563 secs] [Times: user=0.00 sys=0.00, real=0.01 secs] 
Heap after GC invocations=102 (full 2):
 par new generation   total 39296K, used 3376K [0x0000000081800000, 0x00000000842a0000, 0x00000000964c0000)
  eden space 34944K,   0% used [0x0000000081800000, 0x0000000081800000, 0x0000000083a20000)
  from space 4352K,  77% used [0x0000000083a20000, 0x0000000083d6c310, 0x0000000083e60000)
  to   space 4352K,   0% used [0x0000000083e60000, 0x0000000083e60000, 0x00000000842a0000)
 concurrent mark-sweep generation total 87424K, used 35103K [0x00000000964c0000, 0x000000009ba20000, 0x0000000100000000)
 Metaspace       used 42757K, capacity 44842K, committed 45024K, reserved 1087488K
  class space    used 5596K, capacity 6005K, committed 6112K, reserved 1048576K
}
2019-05-24T17:21:59.455+0800: 20.927: Application time: 0.2017063 seconds
2019-05-24T17:21:59.495+0800: 20.967: Application time: 0.0300504 seconds
2019-05-24T17:21:59.528+0800: 21.000: Application time: 0.0194788 seconds
{Heap before GC invocations=102 (full 2):
 par new generation   total 39296K, used 38320K [0x0000000081800000, 0x00000000842a0000, 0x00000000964c0000)
  eden space 34944K, 100% used [0x0000000081800000, 0x0000000083a20000, 0x0000000083a20000)
  from space 4352K,  77% used [0x0000000083a20000, 0x0000000083d6c310, 0x0000000083e60000)
  to   space 4352K,   0% used [0x0000000083e60000, 0x0000000083e60000, 0x00000000842a0000)
 concurrent mark-sweep generation total 87424K, used 35103K [0x00000000964c0000, 0x000000009ba20000, 0x0000000100000000)
 Metaspace       used 42841K, capacity 44928K, committed 45280K, reserved 1089536K
  class space    used 5611K, capacity 6012K, committed 6112K, reserved 1048576K
2019-05-24T17:21:59.528+0800: 21.000: [GC (Allocation Failure) 2019-05-24T17:21:59.528+0800: 21.000: [ParNew: 38320K->4152K(39296K), 0.0046689 secs] 73424K->39256K(126720K), 0.0048481 secs] [Times: user=0.00 sys=0.00, real=0.00 secs] 
Heap after GC invocations=103 (full 2):
 par new generation   total 39296K, used 4152K [0x0000000081800000, 0x00000000842a0000, 0x00000000964c0000)
  eden space 34944K,   0% used [0x0000000081800000, 0x0000000081800000, 0x0000000083a20000)
  from space 4352K,  95% used [0x0000000083e60000, 0x000000008426e300, 0x00000000842a0000)
  to   space 4352K,   0% used [0x0000000083a20000, 0x0000000083a20000, 0x0000000083e60000)
 concurrent mark-sweep generation total 87424K, used 35103K [0x00000000964c0000, 0x000000009ba20000, 0x0000000100000000)
 Metaspace       used 42841K, capacity 44928K, committed 45280K, reserved 1089536K
  class space    used 5611K, capacity 6012K, committed 6112K, reserved 1048576K
}
2019-05-24T17:21:59.709+0800: 21.181: Application time: 0.1758828 seconds
2019-05-24T17:21:59.753+0800: 21.225: Application time: 0.0309771 seconds
{Heap before GC invocations=103 (full 2):
 par new generation   total 39296K, used 39096K [0x0000000081800000, 0x00000000842a0000, 0x00000000964c0000)
  eden space 34944K, 100% used [0x0000000081800000, 0x0000000083a20000, 0x0000000083a20000)
  from space 4352K,  95% used [0x0000000083e60000, 0x000000008426e300, 0x00000000842a0000)
  to   space 4352K,   0% used [0x0000000083a20000, 0x0000000083a20000, 0x0000000083e60000)
 concurrent mark-sweep generation total 87424K, used 35103K [0x00000000964c0000, 0x000000009ba20000, 0x0000000100000000)
 Metaspace       used 42890K, capacity 44992K, committed 45280K, reserved 1089536K
  class space    used 5616K, capacity 6012K, committed 6112K, reserved 1048576K
2019-05-24T17:21:59.753+0800: 21.225: [GC (Allocation Failure) 2019-05-24T17:21:59.753+0800: 21.225: [ParNew: 39096K->2384K(39296K), 0.0055472 secs] 74200K->38046K(126720K), 0.0057247 secs] [Times: user=0.00 sys=0.00, real=0.01 secs] 
Heap after GC invocations=104 (full 2):
 par new generation   total 39296K, used 2384K [0x0000000081800000, 0x00000000842a0000, 0x00000000964c0000)
  eden space 34944K,   0% used [0x0000000081800000, 0x0000000081800000, 0x0000000083a20000)
  from space 4352K,  54% used [0x0000000083a20000, 0x0000000083c741c8, 0x0000000083e60000)
  to   space 4352K,   0% used [0x0000000083e60000, 0x0000000083e60000, 0x00000000842a0000)
 concurrent mark-sweep generation total 87424K, used 35661K [0x00000000964c0000, 0x000000009ba20000, 0x0000000100000000)
 Metaspace       used 42890K, capacity 44992K, committed 45280K, reserved 1089536K
  class space    used 5616K, capacity 6012K, committed 6112K, reserved 1048576K
}
2019-05-24T17:21:59.841+0800: 21.313: Application time: 0.0818358 seconds
2019-05-24T17:22:00.119+0800: 21.591: Application time: 0.2755953 seconds
{Heap before GC invocations=104 (full 2):
 par new generation   total 39296K, used 37328K [0x0000000081800000, 0x00000000842a0000, 0x00000000964c0000)
  eden space 34944K, 100% used [0x0000000081800000, 0x0000000083a20000, 0x0000000083a20000)
  from space 4352K,  54% used [0x0000000083a20000, 0x0000000083c741c8, 0x0000000083e60000)
  to   space 4352K,   0% used [0x0000000083e60000, 0x0000000083e60000, 0x00000000842a0000)
 concurrent mark-sweep generation total 87424K, used 35661K [0x00000000964c0000, 0x000000009ba20000, 0x0000000100000000)
 Metaspace       used 42991K, capacity 45086K, committed 45280K, reserved 1089536K
  class space    used 5629K, capacity 6019K, committed 6112K, reserved 1048576K
2019-05-24T17:22:00.119+0800: 21.591: [GC (Allocation Failure) 2019-05-24T17:22:00.119+0800: 21.591: [ParNew: 37328K->3667K(39296K), 0.0041773 secs] 72990K->39328K(126720K), 0.0043315 secs] [Times: user=0.08 sys=0.00, real=0.00 secs] 
Heap after GC invocations=105 (full 2):
 par new generation   total 39296K, used 3667K [0x0000000081800000, 0x00000000842a0000, 0x00000000964c0000)
  eden space 34944K,   0% used [0x0000000081800000, 0x0000000081800000, 0x0000000083a20000)
  from space 4352K,  84% used [0x0000000083e60000, 0x00000000841f4c30, 0x00000000842a0000)
  to   space 4352K,   0% used [0x0000000083a20000, 0x0000000083a20000, 0x0000000083e60000)
 concurrent mark-sweep generation total 87424K, used 35661K [0x00000000964c0000, 0x000000009ba20000, 0x0000000100000000)
 Metaspace       used 42991K, capacity 45086K, committed 45280K, reserved 1089536K
  class space    used 5629K, capacity 6019K, committed 6112K, reserved 1048576K
}
2019-05-24T17:22:00.166+0800: 21.638: Application time: 0.0430546 seconds
2019-05-24T17:22:00.168+0800: 21.640: Application time: 0.0013648 seconds
2019-05-24T17:22:00.314+0800: 21.786: Application time: 0.1461048 seconds
{Heap before GC invocations=105 (full 2):
 par new generation   total 39296K, used 38611K [0x0000000081800000, 0x00000000842a0000, 0x00000000964c0000)
  eden space 34944K, 100% used [0x0000000081800000, 0x0000000083a20000, 0x0000000083a20000)
  from space 4352K,  84% used [0x0000000083e60000, 0x00000000841f4c30, 0x00000000842a0000)
  to   space 4352K,   0% used [0x0000000083a20000, 0x0000000083a20000, 0x0000000083e60000)
 concurrent mark-sweep generation total 87424K, used 35661K [0x00000000964c0000, 0x000000009ba20000, 0x0000000100000000)
 Metaspace       used 43039K, capacity 45094K, committed 45280K, reserved 1089536K
  class space    used 5635K, capacity 6021K, committed 6112K, reserved 1048576K
2019-05-24T17:22:00.331+0800: 21.802: [GC (Allocation Failure) 2019-05-24T17:22:00.331+0800: 21.803: [ParNew: 38611K->3878K(39296K), 0.0048054 secs] 74272K->39704K(126720K), 0.0049783 secs] [Times: user=0.00 sys=0.00, real=0.00 secs] 
Heap after GC invocations=106 (full 2):
 par new generation   total 39296K, used 3878K [0x0000000081800000, 0x00000000842a0000, 0x00000000964c0000)
  eden space 34944K,   0% used [0x0000000081800000, 0x0000000081800000, 0x0000000083a20000)
  from space 4352K,  89% used [0x0000000083a20000, 0x0000000083de98e0, 0x0000000083e60000)
  to   space 4352K,   0% used [0x0000000083e60000, 0x0000000083e60000, 0x00000000842a0000)
 concurrent mark-sweep generation total 87424K, used 35825K [0x00000000964c0000, 0x000000009ba20000, 0x0000000100000000)
 Metaspace       used 43039K, capacity 45094K, committed 45280K, reserved 1089536K
  class space    used 5635K, capacity 6021K, committed 6112K, reserved 1048576K
}
2019-05-24T17:22:00.432+0800: 21.904: Application time: 0.0968425 seconds
2019-05-24T17:22:00.498+0800: 21.970: Application time: 0.0654205 seconds
2019-05-24T17:22:00.564+0800: 22.036: Application time: 0.0660764 seconds
2019-05-24T17:22:00.598+0800: 22.070: Application time: 0.0330206 seconds
2019-05-24T17:22:00.609+0800: 22.081: Application time: 0.0098475 seconds
2019-05-24T17:22:00.631+0800: 22.103: Application time: 0.0218129 seconds
2019-05-24T17:22:00.776+0800: 22.248: Application time: 0.1432268 seconds
{Heap before GC invocations=106 (full 2):
 par new generation   total 39296K, used 38822K [0x0000000081800000, 0x00000000842a0000, 0x00000000964c0000)
  eden space 34944K, 100% used [0x0000000081800000, 0x0000000083a20000, 0x0000000083a20000)
  from space 4352K,  89% used [0x0000000083a20000, 0x0000000083de98e0, 0x0000000083e60000)
  to   space 4352K,   0% used [0x0000000083e60000, 0x0000000083e60000, 0x00000000842a0000)
 concurrent mark-sweep generation total 87424K, used 35825K [0x00000000964c0000, 0x000000009ba20000, 0x0000000100000000)
 Metaspace       used 43334K, capacity 45414K, committed 45536K, reserved 1089536K
  class space    used 5671K, capacity 6059K, committed 6112K, reserved 1048576K
2019-05-24T17:22:00.777+0800: 22.249: [GC (Allocation Failure) 2019-05-24T17:22:00.777+0800: 22.249: [ParNew: 38822K->3661K(39296K), 0.0067203 secs] 74648K->40120K(126720K), 0.0072573 secs] [Times: user=0.06 sys=0.00, real=0.01 secs] 
Heap after GC invocations=107 (full 2):
 par new generation   total 39296K, used 3661K [0x0000000081800000, 0x00000000842a0000, 0x00000000964c0000)
  eden space 34944K,   0% used [0x0000000081800000, 0x0000000081800000, 0x0000000083a20000)
  from space 4352K,  84% used [0x0000000083e60000, 0x00000000841f3568, 0x00000000842a0000)
  to   space 4352K,   0% used [0x0000000083a20000, 0x0000000083a20000, 0x0000000083e60000)
 concurrent mark-sweep generation total 87424K, used 36458K [0x00000000964c0000, 0x000000009ba20000, 0x0000000100000000)
 Metaspace       used 43334K, capacity 45414K, committed 45536K, reserved 1089536K
  class space    used 5671K, capacity 6059K, committed 6112K, reserved 1048576K
}
2019-05-24T17:22:00.797+0800: 22.269: Application time: 0.0126424 seconds
2019-05-24T17:22:01.130+0800: 22.602: Application time: 0.3107794 seconds
2019-05-24T17:22:01.140+0800: 22.612: Application time: 0.0053254 seconds
{Heap before GC invocations=107 (full 2):
 par new generation   total 39296K, used 38605K [0x0000000081800000, 0x00000000842a0000, 0x00000000964c0000)
  eden space 34944K, 100% used [0x0000000081800000, 0x0000000083a20000, 0x0000000083a20000)
  from space 4352K,  84% used [0x0000000083e60000, 0x00000000841f3568, 0x00000000842a0000)
  to   space 4352K,   0% used [0x0000000083a20000, 0x0000000083a20000, 0x0000000083e60000)
 concurrent mark-sweep generation total 87424K, used 36458K [0x00000000964c0000, 0x000000009ba20000, 0x0000000100000000)
 Metaspace       used 43527K, capacity 45614K, committed 45792K, reserved 1089536K
  class space    used 5699K, capacity 6101K, committed 6112K, reserved 1048576K
2019-05-24T17:22:01.141+0800: 22.613: [GC (Allocation Failure) 2019-05-24T17:22:01.141+0800: 22.613: [ParNew: 38605K->3397K(39296K), 0.0057941 secs] 75064K->40149K(126720K), 0.0059637 secs] [Times: user=0.00 sys=0.00, real=0.01 secs] 
Heap after GC invocations=108 (full 2):
 par new generation   total 39296K, used 3397K [0x0000000081800000, 0x00000000842a0000, 0x00000000964c0000)
  eden space 34944K,   0% used [0x0000000081800000, 0x0000000081800000, 0x0000000083a20000)
  from space 4352K,  78% used [0x0000000083a20000, 0x0000000083d71540, 0x0000000083e60000)
  to   space 4352K,   0% used [0x0000000083e60000, 0x0000000083e60000, 0x00000000842a0000)
 concurrent mark-sweep generation total 87424K, used 36752K [0x00000000964c0000, 0x000000009ba20000, 0x0000000100000000)
 Metaspace       used 43527K, capacity 45614K, committed 45792K, reserved 1089536K
  class space    used 5699K, capacity 6101K, committed 6112K, reserved 1048576K
}
2019-05-24T17:22:01.316+0800: 22.788: Application time: 0.1694566 seconds
{Heap before GC invocations=108 (full 2):
 par new generation   total 39296K, used 38341K [0x0000000081800000, 0x00000000842a0000, 0x00000000964c0000)
  eden space 34944K, 100% used [0x0000000081800000, 0x0000000083a20000, 0x0000000083a20000)
  from space 4352K,  78% used [0x0000000083a20000, 0x0000000083d71540, 0x0000000083e60000)
  to   space 4352K,   0% used [0x0000000083e60000, 0x0000000083e60000, 0x00000000842a0000)
 concurrent mark-sweep generation total 87424K, used 36752K [0x00000000964c0000, 0x000000009ba20000, 0x0000000100000000)
 Metaspace       used 43681K, capacity 45778K, committed 45792K, reserved 1089536K
  class space    used 5715K, capacity 6109K, committed 6112K, reserved 1048576K
2019-05-24T17:22:01.316+0800: 22.788: [GC (Allocation Failure) 2019-05-24T17:22:01.316+0800: 22.788: [ParNew: 38341K->2409K(39296K), 0.0057930 secs] 75093K->39823K(126720K), 0.0059642 secs] [Times: user=0.00 sys=0.00, real=0.01 secs] 
Heap after GC invocations=109 (full 2):
 par new generation   total 39296K, used 2409K [0x0000000081800000, 0x00000000842a0000, 0x00000000964c0000)
  eden space 34944K,   0% used [0x0000000081800000, 0x0000000081800000, 0x0000000083a20000)
  from space 4352K,  55% used [0x0000000083e60000, 0x00000000840ba400, 0x00000000842a0000)
  to   space 4352K,   0% used [0x0000000083a20000, 0x0000000083a20000, 0x0000000083e60000)
 concurrent mark-sweep generation total 87424K, used 37414K [0x00000000964c0000, 0x000000009ba20000, 0x0000000100000000)
 Metaspace       used 43681K, capacity 45778K, committed 45792K, reserved 1089536K
  class space    used 5715K, capacity 6109K, committed 6112K, reserved 1048576K
}
2019-05-24T17:22:01.387+0800: 22.859: Application time: 0.0648141 seconds
{Heap before GC invocations=109 (full 2):
 par new generation   total 39296K, used 37353K [0x0000000081800000, 0x00000000842a0000, 0x00000000964c0000)
  eden space 34944K, 100% used [0x0000000081800000, 0x0000000083a20000, 0x0000000083a20000)
  from space 4352K,  55% used [0x0000000083e60000, 0x00000000840ba400, 0x00000000842a0000)
  to   space 4352K,   0% used [0x0000000083a20000, 0x0000000083a20000, 0x0000000083e60000)
 concurrent mark-sweep generation total 87424K, used 37414K [0x00000000964c0000, 0x000000009ba20000, 0x0000000100000000)
 Metaspace       used 43694K, capacity 45780K, committed 45792K, reserved 1089536K
  class space    used 5717K, capacity 6110K, committed 6112K, reserved 1048576K
2019-05-24T17:22:01.388+0800: 22.859: [GC (Allocation Failure) 2019-05-24T17:22:01.388+0800: 22.860: [ParNew: 37353K->3135K(39296K), 0.0040727 secs] 74767K->40549K(126720K), 0.0042724 secs] [Times: user=0.00 sys=0.00, real=0.00 secs] 
Heap after GC invocations=110 (full 2):
 par new generation   total 39296K, used 3135K [0x0000000081800000, 0x00000000842a0000, 0x00000000964c0000)
  eden space 34944K,   0% used [0x0000000081800000, 0x0000000081800000, 0x0000000083a20000)
  from space 4352K,  72% used [0x0000000083a20000, 0x0000000083d2fd20, 0x0000000083e60000)
  to   space 4352K,   0% used [0x0000000083e60000, 0x0000000083e60000, 0x00000000842a0000)
 concurrent mark-sweep generation total 87424K, used 37414K [0x00000000964c0000, 0x000000009ba20000, 0x0000000100000000)
 Metaspace       used 43694K, capacity 45780K, committed 45792K, reserved 1089536K
  class space    used 5717K, capacity 6110K, committed 6112K, reserved 1048576K
}
2019-05-24T17:22:01.486+0800: 22.958: Application time: 0.0941426 seconds
{Heap before GC invocations=110 (full 2):
 par new generation   total 39296K, used 38052K [0x0000000081800000, 0x00000000842a0000, 0x00000000964c0000)
  eden space 34944K,  99% used [0x0000000081800000, 0x0000000083a192f0, 0x0000000083a20000)
  from space 4352K,  72% used [0x0000000083a20000, 0x0000000083d2fd20, 0x0000000083e60000)
  to   space 4352K,   0% used [0x0000000083e60000, 0x0000000083e60000, 0x00000000842a0000)
 concurrent mark-sweep generation total 87424K, used 37414K [0x00000000964c0000, 0x000000009ba20000, 0x0000000100000000)
 Metaspace       used 43738K, capacity 45846K, committed 46048K, reserved 1089536K
  class space    used 5723K, capacity 6111K, committed 6112K, reserved 1048576K
2019-05-24T17:22:01.486+0800: 22.958: [GC (Allocation Failure) 2019-05-24T17:22:01.486+0800: 22.958: [ParNew: 38052K->3425K(39296K), 0.0039344 secs] 75466K->40840K(126720K), 0.0041244 secs] [Times: user=0.00 sys=0.00, real=0.00 secs] 
Heap after GC invocations=111 (full 2):
 par new generation   total 39296K, used 3425K [0x0000000081800000, 0x00000000842a0000, 0x00000000964c0000)
  eden space 34944K,   0% used [0x0000000081800000, 0x0000000081800000, 0x0000000083a20000)
  from space 4352K,  78% used [0x0000000083e60000, 0x00000000841b8750, 0x00000000842a0000)
  to   space 4352K,   0% used [0x0000000083a20000, 0x0000000083a20000, 0x0000000083e60000)
 concurrent mark-sweep generation total 87424K, used 37414K [0x00000000964c0000, 0x000000009ba20000, 0x0000000100000000)
 Metaspace       used 43738K, capacity 45846K, committed 46048K, reserved 1089536K
  class space    used 5723K, capacity 6111K, committed 6112K, reserved 1048576K
}
2019-05-24T17:22:02.729+0800: 24.202: Application time: 1.2390607 seconds
2019-05-24T17:22:02.730+0800: 24.202: Application time: 0.0000375 seconds
2019-05-24T17:22:02.777+0800: 24.249: Application time: 0.0475068 seconds
2019-05-24T17:22:02.928+0800: 24.400: Application time: 0.1507356 seconds
{Heap before GC invocations=111 (full 2):
 par new generation   total 39296K, used 38369K [0x0000000081800000, 0x00000000842a0000, 0x00000000964c0000)
  eden space 34944K, 100% used [0x0000000081800000, 0x0000000083a20000, 0x0000000083a20000)
  from space 4352K,  78% used [0x0000000083e60000, 0x00000000841b8750, 0x00000000842a0000)
  to   space 4352K,   0% used [0x0000000083a20000, 0x0000000083a20000, 0x0000000083e60000)
 concurrent mark-sweep generation total 87424K, used 37414K [0x00000000964c0000, 0x000000009ba20000, 0x0000000100000000)
 Metaspace       used 44611K, capacity 46784K, committed 46944K, reserved 1089536K
  class space    used 5797K, capacity 6210K, committed 6240K, reserved 1048576K
2019-05-24T17:22:02.929+0800: 24.401: [GC (Allocation Failure) 2019-05-24T17:22:02.929+0800: 24.401: [ParNew: 38369K->4351K(39296K), 0.0048492 secs] 75784K->41936K(126720K), 0.0050290 secs] [Times: user=0.05 sys=0.00, real=0.01 secs] 
Heap after GC invocations=112 (full 2):
 par new generation   total 39296K, used 4351K [0x0000000081800000, 0x00000000842a0000, 0x00000000964c0000)
  eden space 34944K,   0% used [0x0000000081800000, 0x0000000081800000, 0x0000000083a20000)
  from space 4352K,  99% used [0x0000000083a20000, 0x0000000083e5fff8, 0x0000000083e60000)
  to   space 4352K,   0% used [0x0000000083e60000, 0x0000000083e60000, 0x00000000842a0000)
 concurrent mark-sweep generation total 87424K, used 37584K [0x00000000964c0000, 0x000000009ba20000, 0x0000000100000000)
 Metaspace       used 44611K, capacity 46784K, committed 46944K, reserved 1089536K
  class space    used 5797K, capacity 6210K, committed 6240K, reserved 1048576K
}
2019-05-24T17:22:03.285+0800: 24.758: Application time: 0.3518975 seconds
2019-05-24T17:22:03.646+0800: 25.119: Application time: 0.3600565 seconds
2019-05-24T17:22:03.769+0800: 25.241: Application time: 0.1217951 seconds
2019-05-24T17:22:03.778+0800: 25.250: Application time: 0.0067430 seconds
2019-05-24T17:22:03.785+0800: 25.257: Application time: 0.0060672 seconds
2019-05-24T17:22:04.037+0800: 25.509: Application time: 0.2513288 seconds
{Heap before GC invocations=112 (full 2):
 par new generation   total 39296K, used 39295K [0x0000000081800000, 0x00000000842a0000, 0x00000000964c0000)
  eden space 34944K, 100% used [0x0000000081800000, 0x0000000083a20000, 0x0000000083a20000)
  from space 4352K,  99% used [0x0000000083a20000, 0x0000000083e5fff8, 0x0000000083e60000)
  to   space 4352K,   0% used [0x0000000083e60000, 0x0000000083e60000, 0x00000000842a0000)
 concurrent mark-sweep generation total 87424K, used 37584K [0x00000000964c0000, 0x000000009ba20000, 0x0000000100000000)
 Metaspace       used 46681K, capacity 48818K, committed 48992K, reserved 1091584K
  class space    used 6005K, capacity 6415K, committed 6496K, reserved 1048576K
2019-05-24T17:22:04.037+0800: 25.509: [GC (Allocation Failure) 2019-05-24T17:22:04.037+0800: 25.509: [ParNew: 39295K->4352K(39296K), 0.0076305 secs] 76880K->43292K(126720K), 0.0077881 secs] [Times: user=0.08 sys=0.00, real=0.01 secs] 
Heap after GC invocations=113 (full 2):
 par new generation   total 39296K, used 4352K [0x0000000081800000, 0x00000000842a0000, 0x00000000964c0000)
  eden space 34944K,   0% used [0x0000000081800000, 0x0000000081800000, 0x0000000083a20000)
  from space 4352K, 100% used [0x0000000083e60000, 0x00000000842a0000, 0x00000000842a0000)
  to   space 4352K,   0% used [0x0000000083a20000, 0x0000000083a20000, 0x0000000083e60000)
 concurrent mark-sweep generation total 87424K, used 38940K [0x00000000964c0000, 0x000000009ba20000, 0x0000000100000000)
 Metaspace       used 46681K, capacity 48818K, committed 48992K, reserved 1091584K
  class space    used 6005K, capacity 6415K, committed 6496K, reserved 1048576K
}
2019-05-24T17:22:04.265+0800: 25.737: Application time: 0.2196843 seconds
2019-05-24T17:22:04.440+0800: 25.912: Application time: 0.1749873 seconds
{Heap before GC invocations=113 (full 2):
 par new generation   total 39296K, used 39296K [0x0000000081800000, 0x00000000842a0000, 0x00000000964c0000)
  eden space 34944K, 100% used [0x0000000081800000, 0x0000000083a20000, 0x0000000083a20000)
  from space 4352K, 100% used [0x0000000083e60000, 0x00000000842a0000, 0x00000000842a0000)
  to   space 4352K,   0% used [0x0000000083a20000, 0x0000000083a20000, 0x0000000083e60000)
 concurrent mark-sweep generation total 87424K, used 38940K [0x00000000964c0000, 0x000000009ba20000, 0x0000000100000000)
 Metaspace       used 46921K, capacity 49054K, committed 49248K, reserved 1091584K
  class space    used 6035K, capacity 6449K, committed 6496K, reserved 1048576K
2019-05-24T17:22:04.440+0800: 25.912: [GC (Allocation Failure) 2019-05-24T17:22:04.440+0800: 25.912: [ParNew: 39296K->3951K(39296K), 0.0066958 secs] 78236K->43966K(126720K), 0.0068870 secs] [Times: user=0.00 sys=0.00, real=0.01 secs] 
Heap after GC invocations=114 (full 2):
 par new generation   total 39296K, used 3951K [0x0000000081800000, 0x00000000842a0000, 0x00000000964c0000)
  eden space 34944K,   0% used [0x0000000081800000, 0x0000000081800000, 0x0000000083a20000)
  from space 4352K,  90% used [0x0000000083a20000, 0x0000000083dfbff8, 0x0000000083e60000)
  to   space 4352K,   0% used [0x0000000083e60000, 0x0000000083e60000, 0x00000000842a0000)
 concurrent mark-sweep generation total 87424K, used 40014K [0x00000000964c0000, 0x000000009ba20000, 0x0000000100000000)
 Metaspace       used 46921K, capacity 49054K, committed 49248K, reserved 1091584K
  class space    used 6035K, capacity 6449K, committed 6496K, reserved 1048576K
}
2019-05-24T17:22:04.758+0800: 26.230: Application time: 0.3109557 seconds
{Heap before GC invocations=114 (full 2):
 par new generation   total 39296K, used 38895K [0x0000000081800000, 0x00000000842a0000, 0x00000000964c0000)
  eden space 34944K, 100% used [0x0000000081800000, 0x0000000083a20000, 0x0000000083a20000)
  from space 4352K,  90% used [0x0000000083a20000, 0x0000000083dfbff8, 0x0000000083e60000)
  to   space 4352K,   0% used [0x0000000083e60000, 0x0000000083e60000, 0x00000000842a0000)
 concurrent mark-sweep generation total 87424K, used 40014K [0x00000000964c0000, 0x000000009ba20000, 0x0000000100000000)
 Metaspace       used 48192K, capacity 50400K, committed 50528K, reserved 1093632K
  class space    used 6235K, capacity 6642K, committed 6752K, reserved 1048576K
2019-05-24T17:22:04.758+0800: 26.230: [GC (Allocation Failure) 2019-05-24T17:22:04.759+0800: 26.230: [ParNew: 38895K->3161K(39296K), 0.0048600 secs] 78910K->43824K(126720K), 0.0050404 secs] [Times: user=0.06 sys=0.00, real=0.01 secs] 
Heap after GC invocations=115 (full 2):
 par new generation   total 39296K, used 3161K [0x0000000081800000, 0x00000000842a0000, 0x00000000964c0000)
  eden space 34944K,   0% used [0x0000000081800000, 0x0000000081800000, 0x0000000083a20000)
  from space 4352K,  72% used [0x0000000083e60000, 0x0000000084176568, 0x00000000842a0000)
  to   space 4352K,   0% used [0x0000000083a20000, 0x0000000083a20000, 0x0000000083e60000)
 concurrent mark-sweep generation total 87424K, used 40662K [0x00000000964c0000, 0x000000009ba20000, 0x0000000100000000)
 Metaspace       used 48192K, capacity 50400K, committed 50528K, reserved 1093632K
  class space    used 6235K, capacity 6642K, committed 6752K, reserved 1048576K
}
2019-05-24T17:22:05.173+0800: 26.646: Application time: 0.4101955 seconds
{Heap before GC invocations=115 (full 2):
 par new generation   total 39296K, used 38105K [0x0000000081800000, 0x00000000842a0000, 0x00000000964c0000)
  eden space 34944K, 100% used [0x0000000081800000, 0x0000000083a20000, 0x0000000083a20000)
  from space 4352K,  72% used [0x0000000083e60000, 0x0000000084176568, 0x00000000842a0000)
  to   space 4352K,   0% used [0x0000000083a20000, 0x0000000083a20000, 0x0000000083e60000)
 concurrent mark-sweep generation total 87424K, used 40662K [0x00000000964c0000, 0x000000009ba20000, 0x0000000100000000)
 Metaspace       used 48546K, capacity 50720K, committed 50784K, reserved 1093632K
  class space    used 6291K, capacity 6706K, committed 6752K, reserved 1048576K
2019-05-24T17:22:05.174+0800: 26.646: [GC (Allocation Failure) 2019-05-24T17:22:05.174+0800: 26.646: [ParNew: 38105K->2214K(39296K), 0.0032808 secs] 78768K->44246K(126720K), 0.0034128 secs] [Times: user=0.00 sys=0.00, real=0.00 secs] 
Heap after GC invocations=116 (full 2):
 par new generation   total 39296K, used 2214K [0x0000000081800000, 0x00000000842a0000, 0x00000000964c0000)
  eden space 34944K,   0% used [0x0000000081800000, 0x0000000081800000, 0x0000000083a20000)
  from space 4352K,  50% used [0x0000000083a20000, 0x0000000083c49be8, 0x0000000083e60000)
  to   space 4352K,   0% used [0x0000000083e60000, 0x0000000083e60000, 0x00000000842a0000)
 concurrent mark-sweep generation total 87424K, used 42031K [0x00000000964c0000, 0x000000009ba20000, 0x0000000100000000)
 Metaspace       used 48546K, capacity 50720K, committed 50784K, reserved 1093632K
  class space    used 6291K, capacity 6706K, committed 6752K, reserved 1048576K
}
2019-05-24T17:22:05.586+0800: 27.058: Application time: 0.4084576 seconds
{Heap before GC invocations=116 (full 2):
 par new generation   total 39296K, used 37158K [0x0000000081800000, 0x00000000842a0000, 0x00000000964c0000)
  eden space 34944K, 100% used [0x0000000081800000, 0x0000000083a20000, 0x0000000083a20000)
  from space 4352K,  50% used [0x0000000083a20000, 0x0000000083c49be8, 0x0000000083e60000)
  to   space 4352K,   0% used [0x0000000083e60000, 0x0000000083e60000, 0x00000000842a0000)
 concurrent mark-sweep generation total 87424K, used 42031K [0x00000000964c0000, 0x000000009ba20000, 0x0000000100000000)
 Metaspace       used 49027K, capacity 51190K, committed 51424K, reserved 1093632K
  class space    used 6373K, capacity 6773K, committed 6880K, reserved 1048576K
2019-05-24T17:22:05.586+0800: 27.058: [GC (Allocation Failure) 2019-05-24T17:22:05.586+0800: 27.058: [ParNew: 37158K->1271K(39296K), 0.0031767 secs] 79190K->43302K(126720K), 0.0033758 secs] [Times: user=0.00 sys=0.02, real=0.00 secs] 
Heap after GC invocations=117 (full 2):
 par new generation   total 39296K, used 1271K [0x0000000081800000, 0x00000000842a0000, 0x00000000964c0000)
  eden space 34944K,   0% used [0x0000000081800000, 0x0000000081800000, 0x0000000083a20000)
  from space 4352K,  29% used [0x0000000083e60000, 0x0000000083f9dca8, 0x00000000842a0000)
  to   space 4352K,   0% used [0x0000000083a20000, 0x0000000083a20000, 0x0000000083e60000)
 concurrent mark-sweep generation total 87424K, used 42031K [0x00000000964c0000, 0x000000009ba20000, 0x0000000100000000)
 Metaspace       used 49027K, capacity 51190K, committed 51424K, reserved 1093632K
  class space    used 6373K, capacity 6773K, committed 6880K, reserved 1048576K
}
2019-05-24T17:22:06.590+0800: 28.062: Application time: 1.0006468 seconds
2019-05-24T17:22:06.947+0800: 28.419: Application time: 0.3565476 seconds
{Heap before GC invocations=117 (full 2):
 par new generation   total 39296K, used 36215K [0x0000000081800000, 0x00000000842a0000, 0x00000000964c0000)
  eden space 34944K, 100% used [0x0000000081800000, 0x0000000083a20000, 0x0000000083a20000)
  from space 4352K,  29% used [0x0000000083e60000, 0x0000000083f9dca8, 0x00000000842a0000)
  to   space 4352K,   0% used [0x0000000083a20000, 0x0000000083a20000, 0x0000000083e60000)
 concurrent mark-sweep generation total 87424K, used 42031K [0x00000000964c0000, 0x000000009ba20000, 0x0000000100000000)
 Metaspace       used 49382K, capacity 51574K, committed 51680K, reserved 1093632K
  class space    used 6416K, capacity 6837K, committed 6880K, reserved 1048576K
2019-05-24T17:22:06.947+0800: 28.419: [GC (Allocation Failure) 2019-05-24T17:22:06.947+0800: 28.419: [ParNew: 36215K->1591K(39296K), 0.0022613 secs] 78246K->43622K(126720K), 0.0023910 secs] [Times: user=0.06 sys=0.00, real=0.00 secs] 
Heap after GC invocations=118 (full 2):
 par new generation   total 39296K, used 1591K [0x0000000081800000, 0x00000000842a0000, 0x00000000964c0000)
  eden space 34944K,   0% used [0x0000000081800000, 0x0000000081800000, 0x0000000083a20000)
  from space 4352K,  36% used [0x0000000083a20000, 0x0000000083badc80, 0x0000000083e60000)
  to   space 4352K,   0% used [0x0000000083e60000, 0x0000000083e60000, 0x00000000842a0000)
 concurrent mark-sweep generation total 87424K, used 42031K [0x00000000964c0000, 0x000000009ba20000, 0x0000000100000000)
 Metaspace       used 49382K, capacity 51574K, committed 51680K, reserved 1093632K
  class space    used 6416K, capacity 6837K, committed 6880K, reserved 1048576K
}
2019-05-24T17:22:08.133+0800: 29.605: Application time: 1.1839081 seconds
{Heap before GC invocations=118 (full 2):
 par new generation   total 39296K, used 32775K [0x0000000081800000, 0x00000000842a0000, 0x00000000964c0000)
  eden space 34944K,  89% used [0x0000000081800000, 0x0000000083674308, 0x0000000083a20000)
  from space 4352K,  36% used [0x0000000083a20000, 0x0000000083badc80, 0x0000000083e60000)
  to   space 4352K,   0% used [0x0000000083e60000, 0x0000000083e60000, 0x00000000842a0000)
 concurrent mark-sweep generation total 87424K, used 42031K [0x00000000964c0000, 0x000000009ba20000, 0x0000000100000000)
 Metaspace       used 49382K, capacity 51574K, committed 51680K, reserved 1093632K
  class space    used 6416K, capacity 6837K, committed 6880K, reserved 1048576K
2019-05-24T17:22:08.134+0800: 29.606: [GC (Allocation Failure) 2019-05-24T17:22:08.134+0800: 29.606: [ParNew: 32775K->4352K(39296K), 0.0067163 secs] 74807K->49329K(126720K), 0.0068295 secs] [Times: user=0.06 sys=0.00, real=0.01 secs] 
Heap after GC invocations=119 (full 2):
 par new generation   total 39296K, used 4352K [0x0000000081800000, 0x00000000842a0000, 0x00000000964c0000)
  eden space 34944K,   0% used [0x0000000081800000, 0x0000000081800000, 0x0000000083a20000)
  from space 4352K, 100% used [0x0000000083e60000, 0x00000000842a0000, 0x00000000842a0000)
  to   space 4352K,   0% used [0x0000000083a20000, 0x0000000083a20000, 0x0000000083e60000)
 concurrent mark-sweep generation total 87424K, used 44977K [0x00000000964c0000, 0x000000009ba20000, 0x0000000100000000)
 Metaspace       used 49382K, capacity 51574K, committed 51680K, reserved 1093632K
  class space    used 6416K, capacity 6837K, committed 6880K, reserved 1048576K
}
2019-05-24T17:22:09.740+0800: 31.212: Application time: 1.5994551 seconds
{Heap before GC invocations=119 (full 2):
 par new generation   total 39296K, used 39296K [0x0000000081800000, 0x00000000842a0000, 0x00000000964c0000)
  eden space 34944K, 100% used [0x0000000081800000, 0x0000000083a20000, 0x0000000083a20000)
  from space 4352K, 100% used [0x0000000083e60000, 0x00000000842a0000, 0x00000000842a0000)
  to   space 4352K,   0% used [0x0000000083a20000, 0x0000000083a20000, 0x0000000083e60000)
 concurrent mark-sweep generation total 87424K, used 44977K [0x00000000964c0000, 0x000000009ba20000, 0x0000000100000000)
 Metaspace       used 49385K, capacity 51574K, committed 51680K, reserved 1093632K
  class space    used 6416K, capacity 6837K, committed 6880K, reserved 1048576K
2019-05-24T17:22:09.740+0800: 31.212: [GC (Allocation Failure) 2019-05-24T17:22:09.740+0800: 31.212: [ParNew: 39296K->2591K(39296K), 0.0063579 secs] 84273K->51888K(126720K), 0.0064808 secs] [Times: user=0.06 sys=0.00, real=0.01 secs] 
Heap after GC invocations=120 (full 2):
 par new generation   total 39296K, used 2591K [0x0000000081800000, 0x00000000842a0000, 0x00000000964c0000)
  eden space 34944K,   0% used [0x0000000081800000, 0x0000000081800000, 0x0000000083a20000)
  from space 4352K,  59% used [0x0000000083a20000, 0x0000000083ca7f08, 0x0000000083e60000)
  to   space 4352K,   0% used [0x0000000083e60000, 0x0000000083e60000, 0x00000000842a0000)
 concurrent mark-sweep generation total 87424K, used 49296K [0x00000000964c0000, 0x000000009ba20000, 0x0000000100000000)
 Metaspace       used 49385K, capacity 51574K, committed 51680K, reserved 1093632K
  class space    used 6416K, capacity 6837K, committed 6880K, reserved 1048576K
}
2019-05-24T17:22:10.572+0800: 32.043: Application time: 0.8247618 seconds
{Heap before GC invocations=120 (full 2):
 par new generation   total 39296K, used 37535K [0x0000000081800000, 0x00000000842a0000, 0x00000000964c0000)
  eden space 34944K, 100% used [0x0000000081800000, 0x0000000083a20000, 0x0000000083a20000)
  from space 4352K,  59% used [0x0000000083a20000, 0x0000000083ca7f08, 0x0000000083e60000)
  to   space 4352K,   0% used [0x0000000083e60000, 0x0000000083e60000, 0x00000000842a0000)
 concurrent mark-sweep generation total 87424K, used 49296K [0x00000000964c0000, 0x000000009ba20000, 0x0000000100000000)
 Metaspace       used 49391K, capacity 51574K, committed 51680K, reserved 1093632K
  class space    used 6416K, capacity 6837K, committed 6880K, reserved 1048576K
2019-05-24T17:22:10.572+0800: 32.044: [GC (Allocation Failure) 2019-05-24T17:22:10.572+0800: 32.044: [ParNew: 37535K->718K(39296K), 0.0017101 secs] 86832K->50014K(126720K), 0.0018352 secs] [Times: user=0.02 sys=0.00, real=0.00 secs] 
Heap after GC invocations=121 (full 2):
 par new generation   total 39296K, used 718K [0x0000000081800000, 0x00000000842a0000, 0x00000000964c0000)
  eden space 34944K,   0% used [0x0000000081800000, 0x0000000081800000, 0x0000000083a20000)
  from space 4352K,  16% used [0x0000000083e60000, 0x0000000083f13a20, 0x00000000842a0000)
  to   space 4352K,   0% used [0x0000000083a20000, 0x0000000083a20000, 0x0000000083e60000)
 concurrent mark-sweep generation total 87424K, used 49296K [0x00000000964c0000, 0x000000009ba20000, 0x0000000100000000)
 Metaspace       used 49391K, capacity 51574K, committed 51680K, reserved 1093632K
  class space    used 6416K, capacity 6837K, committed 6880K, reserved 1048576K
}
2019-05-24T17:22:10.851+0800: 32.323: Application time: 0.2779585 seconds
{Heap before GC invocations=121 (full 2):
 par new generation   total 39296K, used 35662K [0x0000000081800000, 0x00000000842a0000, 0x00000000964c0000)
  eden space 34944K, 100% used [0x0000000081800000, 0x0000000083a20000, 0x0000000083a20000)
  from space 4352K,  16% used [0x0000000083e60000, 0x0000000083f13a20, 0x00000000842a0000)
  to   space 4352K,   0% used [0x0000000083a20000, 0x0000000083a20000, 0x0000000083e60000)
 concurrent mark-sweep generation total 87424K, used 49296K [0x00000000964c0000, 0x000000009ba20000, 0x0000000100000000)
 Metaspace       used 50257K, capacity 52420K, committed 52704K, reserved 1095680K
  class space    used 6618K, capacity 7036K, committed 7136K, reserved 1048576K
2019-05-24T17:22:10.852+0800: 32.324: [GC (Allocation Failure) 2019-05-24T17:22:10.852+0800: 32.324: [ParNew: 35662K->1116K(39296K), 0.0019166 secs] 84958K->50412K(126720K), 0.0020702 secs] [Times: user=0.00 sys=0.00, real=0.00 secs] 
Heap after GC invocations=122 (full 2):
 par new generation   total 39296K, used 1116K [0x0000000081800000, 0x00000000842a0000, 0x00000000964c0000)
  eden space 34944K,   0% used [0x0000000081800000, 0x0000000081800000, 0x0000000083a20000)
  from space 4352K,  25% used [0x0000000083a20000, 0x0000000083b37228, 0x0000000083e60000)
  to   space 4352K,   0% used [0x0000000083e60000, 0x0000000083e60000, 0x00000000842a0000)
 concurrent mark-sweep generation total 87424K, used 49296K [0x00000000964c0000, 0x000000009ba20000, 0x0000000100000000)
 Metaspace       used 50257K, capacity 52420K, committed 52704K, reserved 1095680K
  class space    used 6618K, capacity 7036K, committed 7136K, reserved 1048576K
}
2019-05-24T17:22:10.968+0800: 32.440: Application time: 0.1139638 seconds
2019-05-24T17:22:10.991+0800: 32.463: Application time: 0.0226503 seconds
{Heap before GC invocations=122 (full 2):
 par new generation   total 39296K, used 36060K [0x0000000081800000, 0x00000000842a0000, 0x00000000964c0000)
  eden space 34944K, 100% used [0x0000000081800000, 0x0000000083a20000, 0x0000000083a20000)
  from space 4352K,  25% used [0x0000000083a20000, 0x0000000083b37228, 0x0000000083e60000)
  to   space 4352K,   0% used [0x0000000083e60000, 0x0000000083e60000, 0x00000000842a0000)
 concurrent mark-sweep generation total 87424K, used 49296K [0x00000000964c0000, 0x000000009ba20000, 0x0000000100000000)
 Metaspace       used 50943K, capacity 53092K, committed 53216K, reserved 1095680K
  class space    used 6720K, capacity 7132K, committed 7136K, reserved 1048576K
2019-05-24T17:22:10.991+0800: 32.463: [GC (Allocation Failure) 2019-05-24T17:22:10.991+0800: 32.463: [ParNew: 36060K->854K(39296K), 0.0017203 secs] 85356K->50151K(126720K), 0.0018421 secs] [Times: user=0.00 sys=0.00, real=0.00 secs] 
Heap after GC invocations=123 (full 2):
 par new generation   total 39296K, used 854K [0x0000000081800000, 0x00000000842a0000, 0x00000000964c0000)
  eden space 34944K,   0% used [0x0000000081800000, 0x0000000081800000, 0x0000000083a20000)
  from space 4352K,  19% used [0x0000000083e60000, 0x0000000083f35bd0, 0x00000000842a0000)
  to   space 4352K,   0% used [0x0000000083a20000, 0x0000000083a20000, 0x0000000083e60000)
 concurrent mark-sweep generation total 87424K, used 49296K [0x00000000964c0000, 0x000000009ba20000, 0x0000000100000000)
 Metaspace       used 50943K, capacity 53092K, committed 53216K, reserved 1095680K
  class space    used 6720K, capacity 7132K, committed 7136K, reserved 1048576K
}
2019-05-24T17:22:11.099+0800: 32.572: Application time: 0.1063577 seconds
2019-05-24T17:22:11.122+0800: 32.594: Application time: 0.0224831 seconds
{Heap before GC invocations=123 (full 2):
 par new generation   total 39296K, used 35798K [0x0000000081800000, 0x00000000842a0000, 0x00000000964c0000)
  eden space 34944K, 100% used [0x0000000081800000, 0x0000000083a20000, 0x0000000083a20000)
  from space 4352K,  19% used [0x0000000083e60000, 0x0000000083f35bd0, 0x00000000842a0000)
  to   space 4352K,   0% used [0x0000000083a20000, 0x0000000083a20000, 0x0000000083e60000)
 concurrent mark-sweep generation total 87424K, used 49296K [0x00000000964c0000, 0x000000009ba20000, 0x0000000100000000)
 Metaspace       used 51960K, capacity 54134K, committed 54368K, reserved 1095680K
  class space    used 6857K, capacity 7263K, committed 7264K, reserved 1048576K
2019-05-24T17:22:11.123+0800: 32.594: [GC (Allocation Failure) 2019-05-24T17:22:11.123+0800: 32.595: [ParNew: 35798K->1158K(39296K), 0.0022027 secs] 85095K->50454K(126720K), 0.0023745 secs] [Times: user=0.00 sys=0.00, real=0.00 secs] 
Heap after GC invocations=124 (full 2):
 par new generation   total 39296K, used 1158K [0x0000000081800000, 0x00000000842a0000, 0x00000000964c0000)
  eden space 34944K,   0% used [0x0000000081800000, 0x0000000081800000, 0x0000000083a20000)
  from space 4352K,  26% used [0x0000000083a20000, 0x0000000083b41890, 0x0000000083e60000)
  to   space 4352K,   0% used [0x0000000083e60000, 0x0000000083e60000, 0x00000000842a0000)
 concurrent mark-sweep generation total 87424K, used 49296K [0x00000000964c0000, 0x000000009ba20000, 0x0000000100000000)
 Metaspace       used 51960K, capacity 54134K, committed 54368K, reserved 1095680K
  class space    used 6857K, capacity 7263K, committed 7264K, reserved 1048576K
}
2019-05-24T17:22:11.178+0800: 32.650: Application time: 0.0526051 seconds
2019-05-24T17:22:11.196+0800: 32.668: Application time: 0.0182386 seconds
2019-05-24T17:22:11.302+0800: 32.774: Application time: 0.1053593 seconds
{Heap before GC invocations=124 (full 2):
 par new generation   total 39296K, used 36102K [0x0000000081800000, 0x00000000842a0000, 0x00000000964c0000)
  eden space 34944K, 100% used [0x0000000081800000, 0x0000000083a20000, 0x0000000083a20000)
  from space 4352K,  26% used [0x0000000083a20000, 0x0000000083b41890, 0x0000000083e60000)
  to   space 4352K,   0% used [0x0000000083e60000, 0x0000000083e60000, 0x00000000842a0000)
 concurrent mark-sweep generation total 87424K, used 49296K [0x00000000964c0000, 0x000000009ba20000, 0x0000000100000000)
 Metaspace       used 52568K, capacity 54754K, committed 55008K, reserved 1097728K
  class space    used 6952K, capacity 7361K, committed 7392K, reserved 1048576K
2019-05-24T17:22:11.303+0800: 32.774: [GC (Allocation Failure) 2019-05-24T17:22:11.303+0800: 32.774: [ParNew: 36102K->1510K(39296K), 0.0029349 secs] 85398K->50806K(126720K), 0.0031135 secs] [Times: user=0.00 sys=0.00, real=0.00 secs] 
Heap after GC invocations=125 (full 2):
 par new generation   total 39296K, used 1510K [0x0000000081800000, 0x00000000842a0000, 0x00000000964c0000)
  eden space 34944K,   0% used [0x0000000081800000, 0x0000000081800000, 0x0000000083a20000)
  from space 4352K,  34% used [0x0000000083e60000, 0x0000000083fd9a98, 0x00000000842a0000)
  to   space 4352K,   0% used [0x0000000083a20000, 0x0000000083a20000, 0x0000000083e60000)
 concurrent mark-sweep generation total 87424K, used 49296K [0x00000000964c0000, 0x000000009ba20000, 0x0000000100000000)
 Metaspace       used 52568K, capacity 54754K, committed 55008K, reserved 1097728K
  class space    used 6952K, capacity 7361K, committed 7392K, reserved 1048576K
}
2019-05-24T17:22:11.540+0800: 33.012: Application time: 0.2341677 seconds
{Heap before GC invocations=125 (full 2):
 par new generation   total 39296K, used 36454K [0x0000000081800000, 0x00000000842a0000, 0x00000000964c0000)
  eden space 34944K, 100% used [0x0000000081800000, 0x0000000083a20000, 0x0000000083a20000)
  from space 4352K,  34% used [0x0000000083e60000, 0x0000000083fd9a98, 0x00000000842a0000)
  to   space 4352K,   0% used [0x0000000083a20000, 0x0000000083a20000, 0x0000000083e60000)
 concurrent mark-sweep generation total 87424K, used 49296K [0x00000000964c0000, 0x000000009ba20000, 0x0000000100000000)
 Metaspace       used 53384K, capacity 55624K, committed 55904K, reserved 1097728K
  class space    used 7051K, capacity 7458K, committed 7520K, reserved 1048576K
2019-05-24T17:22:11.540+0800: 33.012: [GC (Allocation Failure) 2019-05-24T17:22:11.540+0800: 33.012: [ParNew: 36454K->1978K(39296K), 0.0032916 secs] 85750K->51274K(126720K), 0.0034862 secs] [Times: user=0.06 sys=0.00, real=0.00 secs] 
Heap after GC invocations=126 (full 2):
 par new generation   total 39296K, used 1978K [0x0000000081800000, 0x00000000842a0000, 0x00000000964c0000)
  eden space 34944K,   0% used [0x0000000081800000, 0x0000000081800000, 0x0000000083a20000)
  from space 4352K,  45% used [0x0000000083a20000, 0x0000000083c0ea40, 0x0000000083e60000)
  to   space 4352K,   0% used [0x0000000083e60000, 0x0000000083e60000, 0x00000000842a0000)
 concurrent mark-sweep generation total 87424K, used 49296K [0x00000000964c0000, 0x000000009ba20000, 0x0000000100000000)
 Metaspace       used 53384K, capacity 55624K, committed 55904K, reserved 1097728K
  class space    used 7051K, capacity 7458K, committed 7520K, reserved 1048576K
}
2019-05-24T17:22:11.677+0800: 33.149: Application time: 0.1335353 seconds
{Heap before GC invocations=126 (full 2):
 par new generation   total 39296K, used 36922K [0x0000000081800000, 0x00000000842a0000, 0x00000000964c0000)
  eden space 34944K, 100% used [0x0000000081800000, 0x0000000083a20000, 0x0000000083a20000)
  from space 4352K,  45% used [0x0000000083a20000, 0x0000000083c0ea40, 0x0000000083e60000)
  to   space 4352K,   0% used [0x0000000083e60000, 0x0000000083e60000, 0x00000000842a0000)
 concurrent mark-sweep generation total 87424K, used 49296K [0x00000000964c0000, 0x000000009ba20000, 0x0000000100000000)
 Metaspace       used 53859K, capacity 56072K, committed 56544K, reserved 1097728K
  class space    used 7103K, capacity 7522K, committed 7648K, reserved 1048576K
2019-05-24T17:22:11.678+0800: 33.149: [GC (Allocation Failure) 2019-05-24T17:22:11.678+0800: 33.150: [ParNew: 36922K->1965K(39296K), 0.0032159 secs] 86218K->51262K(126720K), 0.0034207 secs] [Times: user=0.00 sys=0.00, real=0.00 secs] 
Heap after GC invocations=127 (full 2):
 par new generation   total 39296K, used 1965K [0x0000000081800000, 0x00000000842a0000, 0x00000000964c0000)
  eden space 34944K,   0% used [0x0000000081800000, 0x0000000081800000, 0x0000000083a20000)
  from space 4352K,  45% used [0x0000000083e60000, 0x000000008404b7e8, 0x00000000842a0000)
  to   space 4352K,   0% used [0x0000000083a20000, 0x0000000083a20000, 0x0000000083e60000)
 concurrent mark-sweep generation total 87424K, used 49296K [0x00000000964c0000, 0x000000009ba20000, 0x0000000100000000)
 Metaspace       used 53859K, capacity 56072K, committed 56544K, reserved 1097728K
  class space    used 7103K, capacity 7522K, committed 7648K, reserved 1048576K
}
2019-05-24T17:22:11.972+0800: 33.444: Application time: 0.2908745 seconds
{Heap before GC invocations=127 (full 2):
 par new generation   total 39296K, used 36909K [0x0000000081800000, 0x00000000842a0000, 0x00000000964c0000)
  eden space 34944K, 100% used [0x0000000081800000, 0x0000000083a20000, 0x0000000083a20000)
  from space 4352K,  45% used [0x0000000083e60000, 0x000000008404b7e8, 0x00000000842a0000)
  to   space 4352K,   0% used [0x0000000083a20000, 0x0000000083a20000, 0x0000000083e60000)
 concurrent mark-sweep generation total 87424K, used 49296K [0x00000000964c0000, 0x000000009ba20000, 0x0000000100000000)
 Metaspace       used 54427K, capacity 56734K, committed 56800K, reserved 1097728K
  class space    used 7182K, capacity 7645K, committed 7648K, reserved 1048576K
2019-05-24T17:22:11.973+0800: 33.445: [GC (Allocation Failure) 2019-05-24T17:22:11.973+0800: 33.445: [ParNew: 36909K->2397K(39296K), 0.0057645 secs] 86206K->51693K(126720K), 0.0059665 secs] [Times: user=0.00 sys=0.00, real=0.01 secs] 
Heap after GC invocations=128 (full 2):
 par new generation   total 39296K, used 2397K [0x0000000081800000, 0x00000000842a0000, 0x00000000964c0000)
  eden space 34944K,   0% used [0x0000000081800000, 0x0000000081800000, 0x0000000083a20000)
  from space 4352K,  55% used [0x0000000083a20000, 0x0000000083c77638, 0x0000000083e60000)
  to   space 4352K,   0% used [0x0000000083e60000, 0x0000000083e60000, 0x00000000842a0000)
 concurrent mark-sweep generation total 87424K, used 49296K [0x00000000964c0000, 0x000000009ba20000, 0x0000000100000000)
 Metaspace       used 54427K, capacity 56734K, committed 56800K, reserved 1097728K
  class space    used 7182K, capacity 7645K, committed 7648K, reserved 1048576K
}
2019-05-24T17:22:12.069+0800: 33.541: Application time: 0.0901069 seconds
2019-05-24T17:22:12.259+0800: 33.731: Application time: 0.1893609 seconds
{Heap before GC invocations=128 (full 2):
 par new generation   total 39296K, used 37341K [0x0000000081800000, 0x00000000842a0000, 0x00000000964c0000)
  eden space 34944K, 100% used [0x0000000081800000, 0x0000000083a20000, 0x0000000083a20000)
  from space 4352K,  55% used [0x0000000083a20000, 0x0000000083c77638, 0x0000000083e60000)
  to   space 4352K,   0% used [0x0000000083e60000, 0x0000000083e60000, 0x00000000842a0000)
 concurrent mark-sweep generation total 87424K, used 49296K [0x00000000964c0000, 0x000000009ba20000, 0x0000000100000000)
 Metaspace       used 55287K, capacity 57560K, committed 57696K, reserved 1099776K
  class space    used 7319K, capacity 7744K, committed 7776K, reserved 1048576K
2019-05-24T17:22:12.259+0800: 33.732: [GC (Allocation Failure) 2019-05-24T17:22:12.260+0800: 33.732: [ParNew: 37341K->2333K(39296K), 0.0041887 secs] 86637K->51630K(126720K), 0.0043947 secs] [Times: user=0.06 sys=0.00, real=0.00 secs] 
Heap after GC invocations=129 (full 2):
 par new generation   total 39296K, used 2333K [0x0000000081800000, 0x00000000842a0000, 0x00000000964c0000)
  eden space 34944K,   0% used [0x0000000081800000, 0x0000000081800000, 0x0000000083a20000)
  from space 4352K,  53% used [0x0000000083e60000, 0x00000000840a7730, 0x00000000842a0000)
  to   space 4352K,   0% used [0x0000000083a20000, 0x0000000083a20000, 0x0000000083e60000)
 concurrent mark-sweep generation total 87424K, used 49296K [0x00000000964c0000, 0x000000009ba20000, 0x0000000100000000)
 Metaspace       used 55287K, capacity 57560K, committed 57696K, reserved 1099776K
  class space    used 7319K, capacity 7744K, committed 7776K, reserved 1048576K
}
2019-05-24T17:22:12.308+0800: 33.779: Application time: 0.0431781 seconds
2019-05-24T17:22:12.478+0800: 33.950: Application time: 0.1704322 seconds
{Heap before GC invocations=129 (full 2):
 par new generation   total 39296K, used 37277K [0x0000000081800000, 0x00000000842a0000, 0x00000000964c0000)
  eden space 34944K, 100% used [0x0000000081800000, 0x0000000083a20000, 0x0000000083a20000)
  from space 4352K,  53% used [0x0000000083e60000, 0x00000000840a7730, 0x00000000842a0000)
  to   space 4352K,   0% used [0x0000000083a20000, 0x0000000083a20000, 0x0000000083e60000)
 concurrent mark-sweep generation total 87424K, used 49296K [0x00000000964c0000, 0x000000009ba20000, 0x0000000100000000)
 Metaspace       used 56018K, capacity 58336K, committed 58592K, reserved 1099776K
  class space    used 7395K, capacity 7834K, committed 7904K, reserved 1048576K
2019-05-24T17:22:12.478+0800: 33.950: [GC (Allocation Failure) 2019-05-24T17:22:12.478+0800: 33.950: [ParNew: 37277K->3473K(39296K), 0.0041762 secs] 86574K->52770K(126720K), 0.0043270 secs] [Times: user=0.09 sys=0.00, real=0.01 secs] 
Heap after GC invocations=130 (full 2):
 par new generation   total 39296K, used 3473K [0x0000000081800000, 0x00000000842a0000, 0x00000000964c0000)
  eden space 34944K,   0% used [0x0000000081800000, 0x0000000081800000, 0x0000000083a20000)
  from space 4352K,  79% used [0x0000000083a20000, 0x0000000083d84500, 0x0000000083e60000)
  to   space 4352K,   0% used [0x0000000083e60000, 0x0000000083e60000, 0x00000000842a0000)
 concurrent mark-sweep generation total 87424K, used 49297K [0x00000000964c0000, 0x000000009ba20000, 0x0000000100000000)
 Metaspace       used 56018K, capacity 58336K, committed 58592K, reserved 1099776K
  class space    used 7395K, capacity 7834K, committed 7904K, reserved 1048576K
}
2019-05-24T17:22:12.647+0800: 34.119: Application time: 0.1647126 seconds
{Heap before GC invocations=130 (full 2):
 par new generation   total 39296K, used 38417K [0x0000000081800000, 0x00000000842a0000, 0x00000000964c0000)
  eden space 34944K, 100% used [0x0000000081800000, 0x0000000083a20000, 0x0000000083a20000)
  from space 4352K,  79% used [0x0000000083a20000, 0x0000000083d84500, 0x0000000083e60000)
  to   space 4352K,   0% used [0x0000000083e60000, 0x0000000083e60000, 0x00000000842a0000)
 concurrent mark-sweep generation total 87424K, used 49297K [0x00000000964c0000, 0x000000009ba20000, 0x0000000100000000)
 Metaspace       used 56751K, capacity 59088K, committed 59232K, reserved 1099776K
  class space    used 7497K, capacity 7934K, committed 8032K, reserved 1048576K
2019-05-24T17:22:12.647+0800: 34.120: [GC (Allocation Failure) 2019-05-24T17:22:12.648+0800: 34.120: [ParNew: 38417K->3533K(39296K), 0.0047485 secs] 87714K->53128K(126720K), 0.0049129 secs] [Times: user=0.08 sys=0.00, real=0.00 secs] 
Heap after GC invocations=131 (full 2):
 par new generation   total 39296K, used 3533K [0x0000000081800000, 0x00000000842a0000, 0x00000000964c0000)
  eden space 34944K,   0% used [0x0000000081800000, 0x0000000081800000, 0x0000000083a20000)
  from space 4352K,  81% used [0x0000000083e60000, 0x00000000841d3488, 0x00000000842a0000)
  to   space 4352K,   0% used [0x0000000083a20000, 0x0000000083a20000, 0x0000000083e60000)
 concurrent mark-sweep generation total 87424K, used 49595K [0x00000000964c0000, 0x000000009ba20000, 0x0000000100000000)
 Metaspace       used 56751K, capacity 59088K, committed 59232K, reserved 1099776K
  class space    used 7497K, capacity 7934K, committed 8032K, reserved 1048576K
}
2019-05-24T17:22:12.731+0800: 34.203: Application time: 0.0780453 seconds
{Heap before GC invocations=131 (full 2):
 par new generation   total 39296K, used 38477K [0x0000000081800000, 0x00000000842a0000, 0x00000000964c0000)
  eden space 34944K, 100% used [0x0000000081800000, 0x0000000083a20000, 0x0000000083a20000)
  from space 4352K,  81% used [0x0000000083e60000, 0x00000000841d3488, 0x00000000842a0000)
  to   space 4352K,   0% used [0x0000000083a20000, 0x0000000083a20000, 0x0000000083e60000)
 concurrent mark-sweep generation total 87424K, used 49595K [0x00000000964c0000, 0x000000009ba20000, 0x0000000100000000)
 Metaspace       used 56917K, capacity 59250K, committed 59488K, reserved 1101824K
  class space    used 7523K, capacity 7967K, committed 8032K, reserved 1048576K
2019-05-24T17:22:12.731+0800: 34.203: [GC (Allocation Failure) 2019-05-24T17:22:12.731+0800: 34.203: [ParNew: 38477K->2874K(39296K), 0.0046780 secs] 88072K->53121K(126720K), 0.0048304 secs] [Times: user=0.00 sys=0.00, real=0.01 secs] 
Heap after GC invocations=132 (full 2):
 par new generation   total 39296K, used 2874K [0x0000000081800000, 0x00000000842a0000, 0x00000000964c0000)
  eden space 34944K,   0% used [0x0000000081800000, 0x0000000081800000, 0x0000000083a20000)
  from space 4352K,  66% used [0x0000000083a20000, 0x0000000083ceea80, 0x0000000083e60000)
  to   space 4352K,   0% used [0x0000000083e60000, 0x0000000083e60000, 0x00000000842a0000)
 concurrent mark-sweep generation total 87424K, used 50246K [0x00000000964c0000, 0x000000009ba20000, 0x0000000100000000)
 Metaspace       used 56917K, capacity 59250K, committed 59488K, reserved 1101824K
  class space    used 7523K, capacity 7967K, committed 8032K, reserved 1048576K
}
2019-05-24T17:22:12.891+0800: 34.363: Application time: 0.1550091 seconds
{Heap before GC invocations=132 (full 2):
 par new generation   total 39296K, used 37818K [0x0000000081800000, 0x00000000842a0000, 0x00000000964c0000)
  eden space 34944K, 100% used [0x0000000081800000, 0x0000000083a20000, 0x0000000083a20000)
  from space 4352K,  66% used [0x0000000083a20000, 0x0000000083ceea80, 0x0000000083e60000)
  to   space 4352K,   0% used [0x0000000083e60000, 0x0000000083e60000, 0x00000000842a0000)
 concurrent mark-sweep generation total 87424K, used 50246K [0x00000000964c0000, 0x000000009ba20000, 0x0000000100000000)
 Metaspace       used 57141K, capacity 59492K, committed 59744K, reserved 1101824K
  class space    used 7544K, capacity 8002K, committed 8032K, reserved 1048576K
2019-05-24T17:22:12.891+0800: 34.363: [GC (Allocation Failure) 2019-05-24T17:22:12.891+0800: 34.364: [ParNew: 37818K->3746K(39296K), 0.0053299 secs] 88065K->53992K(126720K), 0.0059591 secs] [Times: user=0.00 sys=0.00, real=0.01 secs] 
Heap after GC invocations=133 (full 2):
 par new generation   total 39296K, used 3746K [0x0000000081800000, 0x00000000842a0000, 0x00000000964c0000)
  eden space 34944K,   0% used [0x0000000081800000, 0x0000000081800000, 0x0000000083a20000)
  from space 4352K,  86% used [0x0000000083e60000, 0x0000000084208878, 0x00000000842a0000)
  to   space 4352K,   0% used [0x0000000083a20000, 0x0000000083a20000, 0x0000000083e60000)
 concurrent mark-sweep generation total 87424K, used 50246K [0x00000000964c0000, 0x000000009ba20000, 0x0000000100000000)
 Metaspace       used 57141K, capacity 59492K, committed 59744K, reserved 1101824K
  class space    used 7544K, capacity 8002K, committed 8032K, reserved 1048576K
}
2019-05-24T17:22:13.054+0800: 34.525: Application time: 0.1563107 seconds
2019-05-24T17:22:13.106+0800: 34.578: Application time: 0.0522775 seconds
{Heap before GC invocations=133 (full 2):
 par new generation   total 39296K, used 38690K [0x0000000081800000, 0x00000000842a0000, 0x00000000964c0000)
  eden space 34944K, 100% used [0x0000000081800000, 0x0000000083a20000, 0x0000000083a20000)
  from space 4352K,  86% used [0x0000000083e60000, 0x0000000084208878, 0x00000000842a0000)
  to   space 4352K,   0% used [0x0000000083a20000, 0x0000000083a20000, 0x0000000083e60000)
 concurrent mark-sweep generation total 87424K, used 50246K [0x00000000964c0000, 0x000000009ba20000, 0x0000000100000000)
 Metaspace       used 57971K, capacity 60310K, committed 60640K, reserved 1101824K
  class space    used 7643K, capacity 8081K, committed 8160K, reserved 1048576K
2019-05-24T17:22:13.106+0800: 34.578: [GC (Allocation Failure) 2019-05-24T17:22:13.106+0800: 34.578: [ParNew: 38690K->3503K(39296K), 0.0080594 secs] 88936K->54926K(126720K), 0.0084161 secs] [Times: user=0.00 sys=0.00, real=0.01 secs] 
Heap after GC invocations=134 (full 2):
 par new generation   total 39296K, used 3503K [0x0000000081800000, 0x00000000842a0000, 0x00000000964c0000)
  eden space 34944K,   0% used [0x0000000081800000, 0x0000000081800000, 0x0000000083a20000)
  from space 4352K,  80% used [0x0000000083a20000, 0x0000000083d8bd90, 0x0000000083e60000)
  to   space 4352K,   0% used [0x0000000083e60000, 0x0000000083e60000, 0x00000000842a0000)
 concurrent mark-sweep generation total 87424K, used 51423K [0x00000000964c0000, 0x000000009ba20000, 0x0000000100000000)
 Metaspace       used 57971K, capacity 60310K, committed 60640K, reserved 1101824K
  class space    used 7643K, capacity 8081K, committed 8160K, reserved 1048576K
}
2019-05-24T17:22:13.464+0800: 34.936: Application time: 0.3496458 seconds
{Heap before GC invocations=134 (full 2):
 par new generation   total 39296K, used 38447K [0x0000000081800000, 0x00000000842a0000, 0x00000000964c0000)
  eden space 34944K, 100% used [0x0000000081800000, 0x0000000083a20000, 0x0000000083a20000)
  from space 4352K,  80% used [0x0000000083a20000, 0x0000000083d8bd90, 0x0000000083e60000)
  to   space 4352K,   0% used [0x0000000083e60000, 0x0000000083e60000, 0x00000000842a0000)
 concurrent mark-sweep generation total 87424K, used 51423K [0x00000000964c0000, 0x000000009ba20000, 0x0000000100000000)
 Metaspace       used 58830K, capacity 61486K, committed 61536K, reserved 1101824K
  class space    used 7777K, capacity 8267K, committed 8288K, reserved 1048576K
2019-05-24T17:22:13.465+0800: 34.937: [GC (Allocation Failure) 2019-05-24T17:22:13.465+0800: 34.937: [ParNew: 38447K->3059K(39296K), 0.0052901 secs] 89870K->54482K(126720K), 0.0055182 secs] [Times: user=0.00 sys=0.00, real=0.01 secs] 
Heap after GC invocations=135 (full 2):
 par new generation   total 39296K, used 3059K [0x0000000081800000, 0x00000000842a0000, 0x00000000964c0000)
  eden space 34944K,   0% used [0x0000000081800000, 0x0000000081800000, 0x0000000083a20000)
  from space 4352K,  70% used [0x0000000083e60000, 0x000000008415ce48, 0x00000000842a0000)
  to   space 4352K,   0% used [0x0000000083a20000, 0x0000000083a20000, 0x0000000083e60000)
 concurrent mark-sweep generation total 87424K, used 51423K [0x00000000964c0000, 0x000000009ba20000, 0x0000000100000000)
 Metaspace       used 58830K, capacity 61486K, committed 61536K, reserved 1101824K
  class space    used 7777K, capacity 8267K, committed 8288K, reserved 1048576K
}
2019-05-24T17:22:13.475+0800: 34.946: Application time: 0.0040636 seconds
2019-05-24T17:22:13.799+0800: 35.272: Application time: 0.3241153 seconds
{Heap before GC invocations=135 (full 2):
 par new generation   total 39296K, used 38003K [0x0000000081800000, 0x00000000842a0000, 0x00000000964c0000)
  eden space 34944K, 100% used [0x0000000081800000, 0x0000000083a20000, 0x0000000083a20000)
  from space 4352K,  70% used [0x0000000083e60000, 0x000000008415ce48, 0x00000000842a0000)
  to   space 4352K,   0% used [0x0000000083a20000, 0x0000000083a20000, 0x0000000083e60000)
 concurrent mark-sweep generation total 87424K, used 51423K [0x00000000964c0000, 0x000000009ba20000, 0x0000000100000000)
 Metaspace       used 59954K, capacity 62736K, committed 62816K, reserved 1103872K
  class space    used 7956K, capacity 8474K, committed 8544K, reserved 1048576K
2019-05-24T17:22:13.800+0800: 35.272: [GC (Allocation Failure) 2019-05-24T17:22:13.800+0800: 35.272: [ParNew: 38003K->3837K(39296K), 0.0058072 secs] 89426K->55716K(126720K), 0.0059864 secs] [Times: user=0.00 sys=0.00, real=0.01 secs] 
Heap after GC invocations=136 (full 2):
 par new generation   total 39296K, used 3837K [0x0000000081800000, 0x00000000842a0000, 0x00000000964c0000)
  eden space 34944K,   0% used [0x0000000081800000, 0x0000000081800000, 0x0000000083a20000)
  from space 4352K,  88% used [0x0000000083a20000, 0x0000000083ddf6c8, 0x0000000083e60000)
  to   space 4352K,   0% used [0x0000000083e60000, 0x0000000083e60000, 0x00000000842a0000)
 concurrent mark-sweep generation total 87424K, used 51878K [0x00000000964c0000, 0x000000009ba20000, 0x0000000100000000)
 Metaspace       used 59954K, capacity 62736K, committed 62816K, reserved 1103872K
  class space    used 7956K, capacity 8474K, committed 8544K, reserved 1048576K
}
2019-05-24T17:22:13.924+0800: 35.396: Application time: 0.1180820 seconds
2019-05-24T17:22:13.954+0800: 35.426: Application time: 0.0294559 seconds
2019-05-24T17:22:14.021+0800: 35.493: Application time: 0.0661345 seconds
{Heap before GC invocations=136 (full 2):
 par new generation   total 39296K, used 38781K [0x0000000081800000, 0x00000000842a0000, 0x00000000964c0000)
  eden space 34944K, 100% used [0x0000000081800000, 0x0000000083a20000, 0x0000000083a20000)
  from space 4352K,  88% used [0x0000000083a20000, 0x0000000083ddf6c8, 0x0000000083e60000)
  to   space 4352K,   0% used [0x0000000083e60000, 0x0000000083e60000, 0x00000000842a0000)
 concurrent mark-sweep generation total 87424K, used 51878K [0x00000000964c0000, 0x000000009ba20000, 0x0000000100000000)
 Metaspace       used 60929K, capacity 63672K, committed 63968K, reserved 1103872K
  class space    used 8066K, capacity 8586K, committed 8672K, reserved 1048576K
2019-05-24T17:22:14.021+0800: 35.493: [GC (Allocation Failure) 2019-05-24T17:22:14.021+0800: 35.493: [ParNew: 38781K->2781K(39296K), 0.0049004 secs] 90660K->55075K(126720K), 0.0050506 secs] [Times: user=0.00 sys=0.00, real=0.01 secs] 
Heap after GC invocations=137 (full 2):
 par new generation   total 39296K, used 2781K [0x0000000081800000, 0x00000000842a0000, 0x00000000964c0000)
  eden space 34944K,   0% used [0x0000000081800000, 0x0000000081800000, 0x0000000083a20000)
  from space 4352K,  63% used [0x0000000083e60000, 0x0000000084117460, 0x00000000842a0000)
  to   space 4352K,   0% used [0x0000000083a20000, 0x0000000083a20000, 0x0000000083e60000)
 concurrent mark-sweep generation total 87424K, used 52294K [0x00000000964c0000, 0x000000009ba20000, 0x0000000100000000)
 Metaspace       used 60929K, capacity 63672K, committed 63968K, reserved 1103872K
  class space    used 8066K, capacity 8586K, committed 8672K, reserved 1048576K
}
2019-05-24T17:22:14.137+0800: 35.609: Application time: 0.1109885 seconds
2019-05-24T17:22:14.137+0800: 35.609: Application time: 0.0003038 seconds
2019-05-24T17:22:14.159+0800: 35.631: Application time: 0.0212434 seconds
2019-05-24T17:22:14.162+0800: 35.633: Application time: 0.0014911 seconds
2019-05-24T17:22:14.251+0800: 35.723: Application time: 0.0896830 seconds
{Heap before GC invocations=137 (full 2):
 par new generation   total 39296K, used 37725K [0x0000000081800000, 0x00000000842a0000, 0x00000000964c0000)
  eden space 34944K, 100% used [0x0000000081800000, 0x0000000083a20000, 0x0000000083a20000)
  from space 4352K,  63% used [0x0000000083e60000, 0x0000000084117460, 0x00000000842a0000)
  to   space 4352K,   0% used [0x0000000083a20000, 0x0000000083a20000, 0x0000000083e60000)
 concurrent mark-sweep generation total 87424K, used 52294K [0x00000000964c0000, 0x000000009ba20000, 0x0000000100000000)
 Metaspace       used 61500K, capacity 64324K, committed 64480K, reserved 1105920K
  class space    used 8135K, capacity 8652K, committed 8672K, reserved 1048576K
2019-05-24T17:22:14.252+0800: 35.724: [GC (Allocation Failure) 2019-05-24T17:22:14.252+0800: 35.724: [ParNew: 37725K->3170K(39296K), 0.0090738 secs] 90019K->55970K(126720K), 0.0093127 secs] [Times: user=0.00 sys=0.02, real=0.01 secs] 
Heap after GC invocations=138 (full 2):
 par new generation   total 39296K, used 3170K [0x0000000081800000, 0x00000000842a0000, 0x00000000964c0000)
  eden space 34944K,   0% used [0x0000000081800000, 0x0000000081800000, 0x0000000083a20000)
  from space 4352K,  72% used [0x0000000083a20000, 0x0000000083d38958, 0x0000000083e60000)
  to   space 4352K,   0% used [0x0000000083e60000, 0x0000000083e60000, 0x00000000842a0000)
 concurrent mark-sweep generation total 87424K, used 52799K [0x00000000964c0000, 0x000000009ba20000, 0x0000000100000000)
 Metaspace       used 61500K, capacity 64324K, committed 64480K, reserved 1105920K
  class space    used 8135K, capacity 8652K, committed 8672K, reserved 1048576K
}
2019-05-24T17:22:14.261+0800: 35.733: Application time: 0.0000586 seconds
2019-05-24T17:22:14.261+0800: 35.733: [GC (CMS Initial Mark) [1 CMS-initial-mark: 52799K(87424K)] 56670K(126720K), 0.0023074 secs] [Times: user=0.00 sys=0.00, real=0.00 secs] 
2019-05-24T17:22:14.264+0800: 35.736: [CMS-concurrent-mark-start]
2019-05-24T17:22:14.388+0800: 35.860: [CMS-concurrent-mark: 0.124/0.124 secs] [Times: user=0.59 sys=0.01, real=0.12 secs] 
2019-05-24T17:22:14.388+0800: 35.860: [CMS-concurrent-preclean-start]
2019-05-24T17:22:14.391+0800: 35.863: [CMS-concurrent-preclean: 0.003/0.003 secs] [Times: user=0.00 sys=0.00, real=0.00 secs] 
2019-05-24T17:22:14.391+0800: 35.863: [CMS-concurrent-abortable-preclean-start]
2019-05-24T17:22:14.798+0800: 36.270: Application time: 0.5340591 seconds
{Heap before GC invocations=138 (full 3):
 par new generation   total 39296K, used 38114K [0x0000000081800000, 0x00000000842a0000, 0x00000000964c0000)
  eden space 34944K, 100% used [0x0000000081800000, 0x0000000083a20000, 0x0000000083a20000)
  from space 4352K,  72% used [0x0000000083a20000, 0x0000000083d38958, 0x0000000083e60000)
  to   space 4352K,   0% used [0x0000000083e60000, 0x0000000083e60000, 0x00000000842a0000)
 concurrent mark-sweep generation total 87424K, used 52799K [0x00000000964c0000, 0x000000009ba20000, 0x0000000100000000)
 Metaspace       used 61620K, capacity 64442K, committed 64480K, reserved 1105920K
  class space    used 8146K, capacity 8661K, committed 8672K, reserved 1048576K
2019-05-24T17:22:14.798+0800: 36.270: [GC (Allocation Failure) 2019-05-24T17:22:14.798+0800: 36.270: [ParNew: 38114K->2956K(39296K), 0.0057975 secs] 90914K->55756K(126720K), 0.0060194 secs] [Times: user=0.00 sys=0.00, real=0.01 secs] 
Heap after GC invocations=139 (full 3):
 par new generation   total 39296K, used 2956K [0x0000000081800000, 0x00000000842a0000, 0x00000000964c0000)
  eden space 34944K,   0% used [0x0000000081800000, 0x0000000081800000, 0x0000000083a20000)
  from space 4352K,  67% used [0x0000000083e60000, 0x00000000841433a0, 0x00000000842a0000)
  to   space 4352K,   0% used [0x0000000083a20000, 0x0000000083a20000, 0x0000000083e60000)
 concurrent mark-sweep generation total 87424K, used 52799K [0x00000000964c0000, 0x000000009ba20000, 0x0000000100000000)
 Metaspace       used 61620K, capacity 64442K, committed 64480K, reserved 1105920K
  class space    used 8146K, capacity 8661K, committed 8672K, reserved 1048576K
}
2019-05-24T17:22:14.993+0800: 36.466: [CMS-concurrent-abortable-preclean: 0.195/0.602 secs] [Times: user=1.95 sys=0.11, real=0.60 secs] 
2019-05-24T17:22:14.994+0800: 36.466: Application time: 0.1891168 seconds
2019-05-24T17:22:14.994+0800: 36.466: [GC (CMS Final Remark) [YG occupancy: 23237 K (39296 K)]2019-05-24T17:22:14.994+0800: 36.466: [Rescan (parallel) , 0.0051843 secs]2019-05-24T17:22:14.999+0800: 36.471: [weak refs processing, 0.0002014 secs]2019-05-24T17:22:14.999+0800: 36.472: [class unloading, 0.0276298 secs]2019-05-24T17:22:15.027+0800: 36.499: [scrub symbol table, 0.0291675 secs]2019-05-24T17:22:15.056+0800: 36.529: [scrub string table, 0.0013898 secs][1 CMS-remark: 52799K(87424K)] 76037K(126720K), 0.0645774 secs] [Times: user=0.26 sys=0.00, real=0.06 secs] 
2019-05-24T17:22:15.059+0800: 36.531: [CMS-concurrent-sweep-start]
2019-05-24T17:22:15.088+0800: 36.560: [CMS-concurrent-sweep: 0.029/0.029 secs] [Times: user=0.06 sys=0.01, real=0.03 secs] 
2019-05-24T17:22:15.088+0800: 36.560: [CMS-concurrent-reset-start]
2019-05-24T17:22:15.092+0800: 36.564: [CMS-concurrent-reset: 0.004/0.004 secs] [Times: user=0.06 sys=0.00, real=0.00 secs] 
2019-05-24T17:22:15.152+0800: 36.624: Application time: 0.0929251 seconds
{Heap before GC invocations=139 (full 3):
 par new generation   total 39296K, used 37900K [0x0000000081800000, 0x00000000842a0000, 0x00000000964c0000)
  eden space 34944K, 100% used [0x0000000081800000, 0x0000000083a20000, 0x0000000083a20000)
  from space 4352K,  67% used [0x0000000083e60000, 0x00000000841433a0, 0x00000000842a0000)
  to   space 4352K,   0% used [0x0000000083a20000, 0x0000000083a20000, 0x0000000083e60000)
 concurrent mark-sweep generation total 87424K, used 43470K [0x00000000964c0000, 0x000000009ba20000, 0x0000000100000000)
 Metaspace       used 61511K, capacity 64298K, committed 64736K, reserved 1105920K
  class space    used 8126K, capacity 8621K, committed 8672K, reserved 1048576K
2019-05-24T17:22:15.152+0800: 36.624: [GC (Allocation Failure) 2019-05-24T17:22:15.152+0800: 36.624: [ParNew: 37900K->3108K(39296K), 0.0058089 secs] 81371K->46818K(126720K), 0.0060041 secs] [Times: user=0.00 sys=0.00, real=0.01 secs] 
Heap after GC invocations=140 (full 3):
 par new generation   total 39296K, used 3108K [0x0000000081800000, 0x00000000842a0000, 0x00000000964c0000)
  eden space 34944K,   0% used [0x0000000081800000, 0x0000000081800000, 0x0000000083a20000)
  from space 4352K,  71% used [0x0000000083a20000, 0x0000000083d292d0, 0x0000000083e60000)
  to   space 4352K,   0% used [0x0000000083e60000, 0x0000000083e60000, 0x00000000842a0000)
 concurrent mark-sweep generation total 87424K, used 43709K [0x00000000964c0000, 0x000000009ba20000, 0x0000000100000000)
 Metaspace       used 61511K, capacity 64298K, committed 64736K, reserved 1105920K
  class space    used 8126K, capacity 8621K, committed 8672K, reserved 1048576K
}
2019-05-24T17:22:15.860+0800: 37.332: Application time: 0.7022362 seconds
{Heap before GC invocations=140 (full 3):
 par new generation   total 39296K, used 38052K [0x0000000081800000, 0x00000000842a0000, 0x00000000964c0000)
  eden space 34944K, 100% used [0x0000000081800000, 0x0000000083a20000, 0x0000000083a20000)
  from space 4352K,  71% used [0x0000000083a20000, 0x0000000083d292d0, 0x0000000083e60000)
  to   space 4352K,   0% used [0x0000000083e60000, 0x0000000083e60000, 0x00000000842a0000)
 concurrent mark-sweep generation total 87424K, used 43709K [0x00000000964c0000, 0x000000009ba20000, 0x0000000100000000)
 Metaspace       used 61514K, capacity 64298K, committed 64736K, reserved 1105920K
  class space    used 8127K, capacity 8621K, committed 8672K, reserved 1048576K
2019-05-24T17:22:15.861+0800: 37.333: [GC (Allocation Failure) 2019-05-24T17:22:15.861+0800: 37.333: [ParNew: 38052K->3356K(39296K), 0.0046131 secs] 81762K->47066K(126720K), 0.0048003 secs] [Times: user=0.00 sys=0.00, real=0.00 secs] 
Heap after GC invocations=141 (full 3):
 par new generation   total 39296K, used 3356K [0x0000000081800000, 0x00000000842a0000, 0x00000000964c0000)
  eden space 34944K,   0% used [0x0000000081800000, 0x0000000081800000, 0x0000000083a20000)
  from space 4352K,  77% used [0x0000000083e60000, 0x00000000841a7120, 0x00000000842a0000)
  to   space 4352K,   0% used [0x0000000083a20000, 0x0000000083a20000, 0x0000000083e60000)
 concurrent mark-sweep generation total 87424K, used 43709K [0x00000000964c0000, 0x000000009ba20000, 0x0000000100000000)
 Metaspace       used 61514K, capacity 64298K, committed 64736K, reserved 1105920K
  class space    used 8127K, capacity 8621K, committed 8672K, reserved 1048576K
}
2019-05-24T17:22:16.372+0800: 37.844: Application time: 0.5067041 seconds
{Heap before GC invocations=141 (full 3):
 par new generation   total 39296K, used 38300K [0x0000000081800000, 0x00000000842a0000, 0x00000000964c0000)
  eden space 34944K, 100% used [0x0000000081800000, 0x0000000083a20000, 0x0000000083a20000)
  from space 4352K,  77% used [0x0000000083e60000, 0x00000000841a7120, 0x00000000842a0000)
  to   space 4352K,   0% used [0x0000000083a20000, 0x0000000083a20000, 0x0000000083e60000)
 concurrent mark-sweep generation total 87424K, used 43709K [0x00000000964c0000, 0x000000009ba20000, 0x0000000100000000)
 Metaspace       used 61574K, capacity 64306K, committed 64736K, reserved 1105920K
  class space    used 8138K, capacity 8621K, committed 8672K, reserved 1048576K
2019-05-24T17:22:16.373+0800: 37.845: [GC (Allocation Failure) 2019-05-24T17:22:16.373+0800: 37.845: [ParNew: 38300K->3769K(39296K), 0.0062674 secs] 82010K->47757K(126720K), 0.0064671 secs] [Times: user=0.00 sys=0.00, real=0.01 secs] 
Heap after GC invocations=142 (full 3):
 par new generation   total 39296K, used 3769K [0x0000000081800000, 0x00000000842a0000, 0x00000000964c0000)
  eden space 34944K,   0% used [0x0000000081800000, 0x0000000081800000, 0x0000000083a20000)
  from space 4352K,  86% used [0x0000000083a20000, 0x0000000083dce4e8, 0x0000000083e60000)
  to   space 4352K,   0% used [0x0000000083e60000, 0x0000000083e60000, 0x00000000842a0000)
 concurrent mark-sweep generation total 87424K, used 43988K [0x00000000964c0000, 0x000000009ba20000, 0x0000000100000000)
 Metaspace       used 61574K, capacity 64306K, committed 64736K, reserved 1105920K
  class space    used 8138K, capacity 8621K, committed 8672K, reserved 1048576K
}
2019-05-24T17:22:17.380+0800: 38.852: Application time: 1.0005484 seconds
2019-05-24T17:22:17.382+0800: 38.854: Application time: 0.0015053 seconds
2019-05-24T17:22:17.956+0800: 39.428: Application time: 0.5740781 seconds
{Heap before GC invocations=142 (full 3):
 par new generation   total 39296K, used 38713K [0x0000000081800000, 0x00000000842a0000, 0x00000000964c0000)
  eden space 34944K, 100% used [0x0000000081800000, 0x0000000083a20000, 0x0000000083a20000)
  from space 4352K,  86% used [0x0000000083a20000, 0x0000000083dce4e8, 0x0000000083e60000)
  to   space 4352K,   0% used [0x0000000083e60000, 0x0000000083e60000, 0x00000000842a0000)
 concurrent mark-sweep generation total 87424K, used 43988K [0x00000000964c0000, 0x000000009ba20000, 0x0000000100000000)
 Metaspace       used 62071K, capacity 64814K, committed 65120K, reserved 1105920K
  class space    used 8230K, capacity 8721K, committed 8800K, reserved 1048576K
2019-05-24T17:22:17.957+0800: 39.429: [GC (Allocation Failure) 2019-05-24T17:22:17.957+0800: 39.429: [ParNew: 38713K->4352K(39296K), 0.0079519 secs] 82701K->49067K(126720K), 0.0081397 secs] [Times: user=0.03 sys=0.00, real=0.01 secs] 
Heap after GC invocations=143 (full 3):
 par new generation   total 39296K, used 4352K [0x0000000081800000, 0x00000000842a0000, 0x00000000964c0000)
  eden space 34944K,   0% used [0x0000000081800000, 0x0000000081800000, 0x0000000083a20000)
  from space 4352K, 100% used [0x0000000083e60000, 0x00000000842a0000, 0x00000000842a0000)
  to   space 4352K,   0% used [0x0000000083a20000, 0x0000000083a20000, 0x0000000083e60000)
 concurrent mark-sweep generation total 87424K, used 44715K [0x00000000964c0000, 0x000000009ba20000, 0x0000000100000000)
 Metaspace       used 62071K, capacity 64814K, committed 65120K, reserved 1105920K
  class space    used 8230K, capacity 8721K, committed 8800K, reserved 1048576K
}
2019-05-24T17:22:18.033+0800: 39.505: Application time: 0.0678167 seconds
2019-05-24T17:22:18.326+0800: 39.798: Application time: 0.2928440 seconds
{Heap before GC invocations=143 (full 3):
 par new generation   total 39296K, used 39279K [0x0000000081800000, 0x00000000842a0000, 0x00000000964c0000)
  eden space 34944K,  99% used [0x0000000081800000, 0x0000000083a1bf08, 0x0000000083a20000)
  from space 4352K, 100% used [0x0000000083e60000, 0x00000000842a0000, 0x00000000842a0000)
  to   space 4352K,   0% used [0x0000000083a20000, 0x0000000083a20000, 0x0000000083e60000)
 concurrent mark-sweep generation total 87424K, used 44715K [0x00000000964c0000, 0x000000009ba20000, 0x0000000100000000)
 Metaspace       used 62286K, capacity 65056K, committed 65376K, reserved 1105920K
  class space    used 8269K, capacity 8756K, committed 8800K, reserved 1048576K
2019-05-24T17:22:18.326+0800: 39.799: [GC (Allocation Failure) 2019-05-24T17:22:18.327+0800: 39.799: [ParNew: 39279K->2937K(39296K), 0.0085015 secs] 83995K->48723K(126720K), 0.0087245 secs] [Times: user=0.00 sys=0.00, real=0.01 secs] 
Heap after GC invocations=144 (full 3):
 par new generation   total 39296K, used 2937K [0x0000000081800000, 0x00000000842a0000, 0x00000000964c0000)
  eden space 34944K,   0% used [0x0000000081800000, 0x0000000081800000, 0x0000000083a20000)
  from space 4352K,  67% used [0x0000000083a20000, 0x0000000083cfe558, 0x0000000083e60000)
  to   space 4352K,   0% used [0x0000000083e60000, 0x0000000083e60000, 0x00000000842a0000)
 concurrent mark-sweep generation total 87424K, used 45786K [0x00000000964c0000, 0x000000009ba20000, 0x0000000100000000)
 Metaspace       used 62286K, capacity 65056K, committed 65376K, reserved 1105920K
  class space    used 8269K, capacity 8756K, committed 8800K, reserved 1048576K
}
2019-05-24T17:22:18.954+0800: 40.427: Application time: 0.6189669 seconds
{Heap before GC invocations=144 (full 3):
 par new generation   total 39296K, used 37881K [0x0000000081800000, 0x00000000842a0000, 0x00000000964c0000)
  eden space 34944K, 100% used [0x0000000081800000, 0x0000000083a20000, 0x0000000083a20000)
  from space 4352K,  67% used [0x0000000083a20000, 0x0000000083cfe558, 0x0000000083e60000)
  to   space 4352K,   0% used [0x0000000083e60000, 0x0000000083e60000, 0x00000000842a0000)
 concurrent mark-sweep generation total 87424K, used 45786K [0x00000000964c0000, 0x000000009ba20000, 0x0000000100000000)
 Metaspace       used 62826K, capacity 65628K, committed 66016K, reserved 1105920K
  class space    used 8341K, capacity 8832K, committed 8928K, reserved 1048576K
2019-05-24T17:22:18.955+0800: 40.427: [GC (Allocation Failure) 2019-05-24T17:22:18.955+0800: 40.427: [ParNew: 37881K->3403K(39296K), 0.0335388 secs] 83667K->49190K(126720K), 0.0337425 secs] [Times: user=0.00 sys=0.00, real=0.03 secs] 
Heap after GC invocations=145 (full 3):
 par new generation   total 39296K, used 3403K [0x0000000081800000, 0x00000000842a0000, 0x00000000964c0000)
  eden space 34944K,   0% used [0x0000000081800000, 0x0000000081800000, 0x0000000083a20000)
  from space 4352K,  78% used [0x0000000083e60000, 0x00000000841b2fc0, 0x00000000842a0000)
  to   space 4352K,   0% used [0x0000000083a20000, 0x0000000083a20000, 0x0000000083e60000)
 concurrent mark-sweep generation total 87424K, used 45786K [0x00000000964c0000, 0x000000009ba20000, 0x0000000100000000)
 Metaspace       used 62826K, capacity 65628K, committed 66016K, reserved 1105920K
  class space    used 8341K, capacity 8832K, committed 8928K, reserved 1048576K
}
2019-05-24T17:22:19.964+0800: 41.436: Application time: 0.9748949 seconds
{Heap before GC invocations=145 (full 3):
 par new generation   total 39296K, used 38347K [0x0000000081800000, 0x00000000842a0000, 0x00000000964c0000)
  eden space 34944K, 100% used [0x0000000081800000, 0x0000000083a20000, 0x0000000083a20000)
  from space 4352K,  78% used [0x0000000083e60000, 0x00000000841b2fc0, 0x00000000842a0000)
  to   space 4352K,   0% used [0x0000000083a20000, 0x0000000083a20000, 0x0000000083e60000)
 concurrent mark-sweep generation total 87424K, used 45786K [0x00000000964c0000, 0x000000009ba20000, 0x0000000100000000)
 Metaspace       used 62986K, capacity 65804K, committed 66016K, reserved 1105920K
  class space    used 8367K, capacity 8868K, committed 8928K, reserved 1048576K
2019-05-24T17:22:19.964+0800: 41.436: [GC (Allocation Failure) 2019-05-24T17:22:19.964+0800: 41.436: [ParNew: 38347K->3655K(39296K), 0.0061138 secs] 84134K->49593K(126720K), 0.0063562 secs] [Times: user=0.03 sys=0.02, real=0.01 secs] 
Heap after GC invocations=146 (full 3):
 par new generation   total 39296K, used 3655K [0x0000000081800000, 0x00000000842a0000, 0x00000000964c0000)
  eden space 34944K,   0% used [0x0000000081800000, 0x0000000081800000, 0x0000000083a20000)
  from space 4352K,  84% used [0x0000000083a20000, 0x0000000083db1fd0, 0x0000000083e60000)
  to   space 4352K,   0% used [0x0000000083e60000, 0x0000000083e60000, 0x00000000842a0000)
 concurrent mark-sweep generation total 87424K, used 45937K [0x00000000964c0000, 0x000000009ba20000, 0x0000000100000000)
 Metaspace       used 62986K, capacity 65804K, committed 66016K, reserved 1105920K
  class space    used 8367K, capacity 8868K, committed 8928K, reserved 1048576K
}
2019-05-24T17:22:20.973+0800: 42.445: Application time: 1.0030327 seconds
2019-05-24T17:22:22.565+0800: 44.037: Application time: 1.5911448 seconds
{Heap before GC invocations=146 (full 3):
 par new generation   total 39296K, used 38599K [0x0000000081800000, 0x00000000842a0000, 0x00000000964c0000)
  eden space 34944K, 100% used [0x0000000081800000, 0x0000000083a20000, 0x0000000083a20000)
  from space 4352K,  84% used [0x0000000083a20000, 0x0000000083db1fd0, 0x0000000083e60000)
  to   space 4352K,   0% used [0x0000000083e60000, 0x0000000083e60000, 0x00000000842a0000)
 concurrent mark-sweep generation total 87424K, used 45937K [0x00000000964c0000, 0x000000009ba20000, 0x0000000100000000)
 Metaspace       used 63037K, capacity 65814K, committed 66016K, reserved 1105920K
  class space    used 8374K, capacity 8869K, committed 8928K, reserved 1048576K
2019-05-24T17:22:22.565+0800: 44.037: [GC (Allocation Failure) 2019-05-24T17:22:22.565+0800: 44.037: [ParNew: 38599K->2904K(39296K), 0.0064836 secs] 84537K->49402K(126720K), 0.0067191 secs] [Times: user=0.00 sys=0.00, real=0.01 secs] 
Heap after GC invocations=147 (full 3):
 par new generation   total 39296K, used 2904K [0x0000000081800000, 0x00000000842a0000, 0x00000000964c0000)
  eden space 34944K,   0% used [0x0000000081800000, 0x0000000081800000, 0x0000000083a20000)
  from space 4352K,  66% used [0x0000000083e60000, 0x0000000084136338, 0x00000000842a0000)
  to   space 4352K,   0% used [0x0000000083a20000, 0x0000000083a20000, 0x0000000083e60000)
 concurrent mark-sweep generation total 87424K, used 46498K [0x00000000964c0000, 0x000000009ba20000, 0x0000000100000000)
 Metaspace       used 63037K, capacity 65814K, committed 66016K, reserved 1105920K
  class space    used 8374K, capacity 8869K, committed 8928K, reserved 1048576K
}
2019-05-24T17:22:22.904+0800: 44.376: Application time: 0.3320649 seconds
{Heap before GC invocations=147 (full 3):
 par new generation   total 39296K, used 37848K [0x0000000081800000, 0x00000000842a0000, 0x00000000964c0000)
  eden space 34944K, 100% used [0x0000000081800000, 0x0000000083a20000, 0x0000000083a20000)
  from space 4352K,  66% used [0x0000000083e60000, 0x0000000084136338, 0x00000000842a0000)
  to   space 4352K,   0% used [0x0000000083a20000, 0x0000000083a20000, 0x0000000083e60000)
 concurrent mark-sweep generation total 87424K, used 46498K [0x00000000964c0000, 0x000000009ba20000, 0x0000000100000000)
 Metaspace       used 63066K, capacity 65878K, committed 66016K, reserved 1105920K
  class space    used 8378K, capacity 8869K, committed 8928K, reserved 1048576K
2019-05-24T17:22:22.905+0800: 44.376: [GC (Allocation Failure) 2019-05-24T17:22:22.905+0800: 44.377: [ParNew: 37848K->2623K(39296K), 0.0049584 secs] 84346K->49121K(126720K), 0.0051894 secs] [Times: user=0.00 sys=0.00, real=0.01 secs] 
Heap after GC invocations=148 (full 3):
 par new generation   total 39296K, used 2623K [0x0000000081800000, 0x00000000842a0000, 0x00000000964c0000)
  eden space 34944K,   0% used [0x0000000081800000, 0x0000000081800000, 0x0000000083a20000)
  from space 4352K,  60% used [0x0000000083a20000, 0x0000000083cafc50, 0x0000000083e60000)
  to   space 4352K,   0% used [0x0000000083e60000, 0x0000000083e60000, 0x00000000842a0000)
 concurrent mark-sweep generation total 87424K, used 46498K [0x00000000964c0000, 0x000000009ba20000, 0x0000000100000000)
 Metaspace       used 63066K, capacity 65878K, committed 66016K, reserved 1105920K
  class space    used 8378K, capacity 8869K, committed 8928K, reserved 1048576K
}
2019-05-24T17:22:23.088+0800: 44.560: Application time: 0.1780866 seconds
{Heap before GC invocations=148 (full 3):
 par new generation   total 39296K, used 37567K [0x0000000081800000, 0x00000000842a0000, 0x00000000964c0000)
  eden space 34944K, 100% used [0x0000000081800000, 0x0000000083a20000, 0x0000000083a20000)
  from space 4352K,  60% used [0x0000000083a20000, 0x0000000083cafc50, 0x0000000083e60000)
  to   space 4352K,   0% used [0x0000000083e60000, 0x0000000083e60000, 0x00000000842a0000)
 concurrent mark-sweep generation total 87424K, used 46498K [0x00000000964c0000, 0x000000009ba20000, 0x0000000100000000)
 Metaspace       used 63136K, capacity 65974K, committed 66272K, reserved 1105920K
  class space    used 8390K, capacity 8901K, committed 8928K, reserved 1048576K
2019-05-24T17:22:23.088+0800: 44.560: [GC (Allocation Failure) 2019-05-24T17:22:23.088+0800: 44.560: [ParNew: 37567K->3594K(39296K), 0.0065712 secs] 84065K->50092K(126720K), 0.0067578 secs] [Times: user=0.08 sys=0.00, real=0.01 secs] 
Heap after GC invocations=149 (full 3):
 par new generation   total 39296K, used 3594K [0x0000000081800000, 0x00000000842a0000, 0x00000000964c0000)
  eden space 34944K,   0% used [0x0000000081800000, 0x0000000081800000, 0x0000000083a20000)
  from space 4352K,  82% used [0x0000000083e60000, 0x00000000841e29c0, 0x00000000842a0000)
  to   space 4352K,   0% used [0x0000000083a20000, 0x0000000083a20000, 0x0000000083e60000)
 concurrent mark-sweep generation total 87424K, used 46498K [0x00000000964c0000, 0x000000009ba20000, 0x0000000100000000)
 Metaspace       used 63136K, capacity 65974K, committed 66272K, reserved 1105920K
  class space    used 8390K, capacity 8901K, committed 8928K, reserved 1048576K
}
2019-05-24T17:22:23.532+0800: 45.003: Application time: 0.4362404 seconds
{Heap before GC invocations=149 (full 3):
 par new generation   total 39296K, used 38538K [0x0000000081800000, 0x00000000842a0000, 0x00000000964c0000)
  eden space 34944K, 100% used [0x0000000081800000, 0x0000000083a20000, 0x0000000083a20000)
  from space 4352K,  82% used [0x0000000083e60000, 0x00000000841e29c0, 0x00000000842a0000)
  to   space 4352K,   0% used [0x0000000083a20000, 0x0000000083a20000, 0x0000000083e60000)
 concurrent mark-sweep generation total 87424K, used 46498K [0x00000000964c0000, 0x000000009ba20000, 0x0000000100000000)
 Metaspace       used 63168K, capacity 65978K, committed 66272K, reserved 1105920K
  class space    used 8395K, capacity 8903K, committed 8928K, reserved 1048576K
2019-05-24T17:22:23.532+0800: 45.004: [GC (Allocation Failure) 2019-05-24T17:22:23.532+0800: 45.004: [ParNew: 38538K->2211K(39296K), 0.0069268 secs] 85036K->49347K(126720K), 0.0071350 secs] [Times: user=0.00 sys=0.00, real=0.01 secs] 
Heap after GC invocations=150 (full 3):
 par new generation   total 39296K, used 2211K [0x0000000081800000, 0x00000000842a0000, 0x00000000964c0000)
  eden space 34944K,   0% used [0x0000000081800000, 0x0000000081800000, 0x0000000083a20000)
  from space 4352K,  50% used [0x0000000083a20000, 0x0000000083c48c08, 0x0000000083e60000)
  to   space 4352K,   0% used [0x0000000083e60000, 0x0000000083e60000, 0x00000000842a0000)
 concurrent mark-sweep generation total 87424K, used 47136K [0x00000000964c0000, 0x000000009ba20000, 0x0000000100000000)
 Metaspace       used 63168K, capacity 65978K, committed 66272K, reserved 1105920K
  class space    used 8395K, capacity 8903K, committed 8928K, reserved 1048576K
}
2019-05-24T17:22:23.737+0800: 45.209: Application time: 0.1978094 seconds
{Heap before GC invocations=150 (full 3):
 par new generation   total 39296K, used 37155K [0x0000000081800000, 0x00000000842a0000, 0x00000000964c0000)
  eden space 34944K, 100% used [0x0000000081800000, 0x0000000083a20000, 0x0000000083a20000)
  from space 4352K,  50% used [0x0000000083a20000, 0x0000000083c48c08, 0x0000000083e60000)
  to   space 4352K,   0% used [0x0000000083e60000, 0x0000000083e60000, 0x00000000842a0000)
 concurrent mark-sweep generation total 87424K, used 47136K [0x00000000964c0000, 0x000000009ba20000, 0x0000000100000000)
 Metaspace       used 63204K, capacity 66010K, committed 66400K, reserved 1105920K
  class space    used 8399K, capacity 8935K, committed 9056K, reserved 1048576K
2019-05-24T17:22:23.737+0800: 45.209: [GC (Allocation Failure) 2019-05-24T17:22:23.737+0800: 45.209: [ParNew: 37155K->2916K(39296K), 0.0051473 secs] 84291K->50052K(126720K), 0.0053714 secs] [Times: user=0.00 sys=0.00, real=0.01 secs] 
Heap after GC invocations=151 (full 3):
 par new generation   total 39296K, used 2916K [0x0000000081800000, 0x00000000842a0000, 0x00000000964c0000)
  eden space 34944K,   0% used [0x0000000081800000, 0x0000000081800000, 0x0000000083a20000)
  from space 4352K,  67% used [0x0000000083e60000, 0x0000000084139288, 0x00000000842a0000)
  to   space 4352K,   0% used [0x0000000083a20000, 0x0000000083a20000, 0x0000000083e60000)
 concurrent mark-sweep generation total 87424K, used 47136K [0x00000000964c0000, 0x000000009ba20000, 0x0000000100000000)
 Metaspace       used 63204K, capacity 66010K, committed 66400K, reserved 1105920K
  class space    used 8399K, capacity 8935K, committed 9056K, reserved 1048576K
}
2019-05-24T17:22:24.004+0800: 45.476: Application time: 0.2615068 seconds
{Heap before GC invocations=151 (full 3):
 par new generation   total 39296K, used 37860K [0x0000000081800000, 0x00000000842a0000, 0x00000000964c0000)
  eden space 34944K, 100% used [0x0000000081800000, 0x0000000083a20000, 0x0000000083a20000)
  from space 4352K,  67% used [0x0000000083e60000, 0x0000000084139288, 0x00000000842a0000)
  to   space 4352K,   0% used [0x0000000083a20000, 0x0000000083a20000, 0x0000000083e60000)
 concurrent mark-sweep generation total 87424K, used 47136K [0x00000000964c0000, 0x000000009ba20000, 0x0000000100000000)
 Metaspace       used 63256K, capacity 66074K, committed 66400K, reserved 1105920K
  class space    used 8406K, capacity 8935K, committed 9056K, reserved 1048576K
2019-05-24T17:22:24.004+0800: 45.476: [GC (Allocation Failure) 2019-05-24T17:22:24.004+0800: 45.476: [ParNew: 37860K->3555K(39296K), 0.0051092 secs] 84996K->50691K(126720K), 0.0053237 secs] [Times: user=0.00 sys=0.00, real=0.01 secs] 
Heap after GC invocations=152 (full 3):
 par new generation   total 39296K, used 3555K [0x0000000081800000, 0x00000000842a0000, 0x00000000964c0000)
  eden space 34944K,   0% used [0x0000000081800000, 0x0000000081800000, 0x0000000083a20000)
  from space 4352K,  81% used [0x0000000083a20000, 0x0000000083d98ea0, 0x0000000083e60000)
  to   space 4352K,   0% used [0x0000000083e60000, 0x0000000083e60000, 0x00000000842a0000)
 concurrent mark-sweep generation total 87424K, used 47136K [0x00000000964c0000, 0x000000009ba20000, 0x0000000100000000)
 Metaspace       used 63256K, capacity 66074K, committed 66400K, reserved 1105920K
  class space    used 8406K, capacity 8935K, committed 9056K, reserved 1048576K
}
2019-05-24T17:22:24.162+0800: 45.634: Application time: 0.1523063 seconds
{Heap before GC invocations=152 (full 3):
 par new generation   total 39296K, used 38499K [0x0000000081800000, 0x00000000842a0000, 0x00000000964c0000)
  eden space 34944K, 100% used [0x0000000081800000, 0x0000000083a20000, 0x0000000083a20000)
  from space 4352K,  81% used [0x0000000083a20000, 0x0000000083d98ea0, 0x0000000083e60000)
  to   space 4352K,   0% used [0x0000000083e60000, 0x0000000083e60000, 0x00000000842a0000)
 concurrent mark-sweep generation total 87424K, used 47136K [0x00000000964c0000, 0x000000009ba20000, 0x0000000100000000)
 Metaspace       used 63324K, capacity 66148K, committed 66400K, reserved 1105920K
  class space    used 8417K, capacity 8938K, committed 9056K, reserved 1048576K
2019-05-24T17:22:24.162+0800: 45.634: [GC (Allocation Failure) 2019-05-24T17:22:24.162+0800: 45.634: [ParNew: 38499K->3203K(39296K), 0.0056900 secs] 85635K->50632K(126720K), 0.0058829 secs] [Times: user=0.08 sys=0.00, real=0.01 secs] 
Heap after GC invocations=153 (full 3):
 par new generation   total 39296K, used 3203K [0x0000000081800000, 0x00000000842a0000, 0x00000000964c0000)
  eden space 34944K,   0% used [0x0000000081800000, 0x0000000081800000, 0x0000000083a20000)
  from space 4352K,  73% used [0x0000000083e60000, 0x0000000084180da0, 0x00000000842a0000)
  to   space 4352K,   0% used [0x0000000083a20000, 0x0000000083a20000, 0x0000000083e60000)
 concurrent mark-sweep generation total 87424K, used 47428K [0x00000000964c0000, 0x000000009ba20000, 0x0000000100000000)
 Metaspace       used 63324K, capacity 66148K, committed 66400K, reserved 1105920K
  class space    used 8417K, capacity 8938K, committed 9056K, reserved 1048576K
}
2019-05-24T17:22:24.428+0800: 45.900: Application time: 0.2597074 seconds
{Heap before GC invocations=153 (full 3):
 par new generation   total 39296K, used 38147K [0x0000000081800000, 0x00000000842a0000, 0x00000000964c0000)
  eden space 34944K, 100% used [0x0000000081800000, 0x0000000083a20000, 0x0000000083a20000)
  from space 4352K,  73% used [0x0000000083e60000, 0x0000000084180da0, 0x00000000842a0000)
  to   space 4352K,   0% used [0x0000000083a20000, 0x0000000083a20000, 0x0000000083e60000)
 concurrent mark-sweep generation total 87424K, used 47428K [0x00000000964c0000, 0x000000009ba20000, 0x0000000100000000)
 Metaspace       used 63379K, capacity 66246K, committed 66400K, reserved 1105920K
  class space    used 8425K, capacity 8971K, committed 9056K, reserved 1048576K
2019-05-24T17:22:24.428+0800: 45.900: [GC (Allocation Failure) 2019-05-24T17:22:24.428+0800: 45.900: [ParNew: 38147K->3619K(39296K), 0.0052520 secs] 85576K->51140K(126720K), 0.0054647 secs] [Times: user=0.08 sys=0.00, real=0.01 secs] 
Heap after GC invocations=154 (full 3):
 par new generation   total 39296K, used 3619K [0x0000000081800000, 0x00000000842a0000, 0x00000000964c0000)
  eden space 34944K,   0% used [0x0000000081800000, 0x0000000081800000, 0x0000000083a20000)
  from space 4352K,  83% used [0x0000000083a20000, 0x0000000083da8c20, 0x0000000083e60000)
  to   space 4352K,   0% used [0x0000000083e60000, 0x0000000083e60000, 0x00000000842a0000)
 concurrent mark-sweep generation total 87424K, used 47521K [0x00000000964c0000, 0x000000009ba20000, 0x0000000100000000)
 Metaspace       used 63379K, capacity 66246K, committed 66400K, reserved 1105920K
  class space    used 8425K, capacity 8971K, committed 9056K, reserved 1048576K
}
2019-05-24T17:22:24.621+0800: 46.093: Application time: 0.1873681 seconds
{Heap before GC invocations=154 (full 3):
 par new generation   total 39296K, used 38563K [0x0000000081800000, 0x00000000842a0000, 0x00000000964c0000)
  eden space 34944K, 100% used [0x0000000081800000, 0x0000000083a20000, 0x0000000083a20000)
  from space 4352K,  83% used [0x0000000083a20000, 0x0000000083da8c20, 0x0000000083e60000)
  to   space 4352K,   0% used [0x0000000083e60000, 0x0000000083e60000, 0x00000000842a0000)
 concurrent mark-sweep generation total 87424K, used 47521K [0x00000000964c0000, 0x000000009ba20000, 0x0000000100000000)
 Metaspace       used 63428K, capacity 66246K, committed 66400K, reserved 1105920K
  class space    used 8430K, capacity 8971K, committed 9056K, reserved 1048576K
2019-05-24T17:22:24.622+0800: 46.094: [GC (Allocation Failure) 2019-05-24T17:22:24.622+0800: 46.094: [ParNew: 38563K->2281K(39296K), 0.0058669 secs] 86084K->50442K(126720K), 0.0060444 secs] [Times: user=0.00 sys=0.00, real=0.01 secs] 
Heap after GC invocations=155 (full 3):
 par new generation   total 39296K, used 2281K [0x0000000081800000, 0x00000000842a0000, 0x00000000964c0000)
  eden space 34944K,   0% used [0x0000000081800000, 0x0000000081800000, 0x0000000083a20000)
  from space 4352K,  52% used [0x0000000083e60000, 0x000000008409a5b8, 0x00000000842a0000)
  to   space 4352K,   0% used [0x0000000083a20000, 0x0000000083a20000, 0x0000000083e60000)
 concurrent mark-sweep generation total 87424K, used 48161K [0x00000000964c0000, 0x000000009ba20000, 0x0000000100000000)
 Metaspace       used 63428K, capacity 66246K, committed 66400K, reserved 1105920K
  class space    used 8430K, capacity 8971K, committed 9056K, reserved 1048576K
}
2019-05-24T17:22:24.826+0800: 46.298: Application time: 0.1981149 seconds
{Heap before GC invocations=155 (full 3):
 par new generation   total 39296K, used 37225K [0x0000000081800000, 0x00000000842a0000, 0x00000000964c0000)
  eden space 34944K, 100% used [0x0000000081800000, 0x0000000083a20000, 0x0000000083a20000)
  from space 4352K,  52% used [0x0000000083e60000, 0x000000008409a5b8, 0x00000000842a0000)
  to   space 4352K,   0% used [0x0000000083a20000, 0x0000000083a20000, 0x0000000083e60000)
 concurrent mark-sweep generation total 87424K, used 48161K [0x00000000964c0000, 0x000000009ba20000, 0x0000000100000000)
 Metaspace       used 63486K, capacity 66310K, committed 66656K, reserved 1107968K
  class space    used 8435K, capacity 8971K, committed 9056K, reserved 1048576K
2019-05-24T17:22:24.826+0800: 46.298: [GC (Allocation Failure) 2019-05-24T17:22:24.826+0800: 46.298: [ParNew: 37225K->2677K(39296K), 0.0056599 secs] 85386K->51033K(126720K), 0.0058539 secs] [Times: user=0.00 sys=0.00, real=0.01 secs] 
Heap after GC invocations=156 (full 3):
 par new generation   total 39296K, used 2677K [0x0000000081800000, 0x00000000842a0000, 0x00000000964c0000)
  eden space 34944K,   0% used [0x0000000081800000, 0x0000000081800000, 0x0000000083a20000)
  from space 4352K,  61% used [0x0000000083a20000, 0x0000000083cbd798, 0x0000000083e60000)
  to   space 4352K,   0% used [0x0000000083e60000, 0x0000000083e60000, 0x00000000842a0000)
 concurrent mark-sweep generation total 87424K, used 48355K [0x00000000964c0000, 0x000000009ba20000, 0x0000000100000000)
 Metaspace       used 63486K, capacity 66310K, committed 66656K, reserved 1107968K
  class space    used 8435K, capacity 8971K, committed 9056K, reserved 1048576K
}
2019-05-24T17:22:25.078+0800: 46.549: Application time: 0.2453179 seconds
{Heap before GC invocations=156 (full 3):
 par new generation   total 39296K, used 37621K [0x0000000081800000, 0x00000000842a0000, 0x00000000964c0000)
  eden space 34944K, 100% used [0x0000000081800000, 0x0000000083a20000, 0x0000000083a20000)
  from space 4352K,  61% used [0x0000000083a20000, 0x0000000083cbd798, 0x0000000083e60000)
  to   space 4352K,   0% used [0x0000000083e60000, 0x0000000083e60000, 0x00000000842a0000)
 concurrent mark-sweep generation total 87424K, used 48355K [0x00000000964c0000, 0x000000009ba20000, 0x0000000100000000)
 Metaspace       used 63607K, capacity 66470K, committed 66656K, reserved 1107968K
  class space    used 8448K, capacity 8979K, committed 9056K, reserved 1048576K
2019-05-24T17:22:25.078+0800: 46.550: [GC (Allocation Failure) 2019-05-24T17:22:25.078+0800: 46.550: [ParNew: 37621K->2971K(39296K), 0.0053953 secs] 85977K->51446K(126720K), 0.0056041 secs] [Times: user=0.00 sys=0.00, real=0.00 secs] 
Heap after GC invocations=157 (full 3):
 par new generation   total 39296K, used 2971K [0x0000000081800000, 0x00000000842a0000, 0x00000000964c0000)
  eden space 34944K,   0% used [0x0000000081800000, 0x0000000081800000, 0x0000000083a20000)
  from space 4352K,  68% used [0x0000000083e60000, 0x0000000084146c58, 0x00000000842a0000)
  to   space 4352K,   0% used [0x0000000083a20000, 0x0000000083a20000, 0x0000000083e60000)
 concurrent mark-sweep generation total 87424K, used 48475K [0x00000000964c0000, 0x000000009ba20000, 0x0000000100000000)
 Metaspace       used 63607K, capacity 66470K, committed 66656K, reserved 1107968K
  class space    used 8448K, capacity 8979K, committed 9056K, reserved 1048576K
}
2019-05-24T17:22:25.664+0800: 47.136: Application time: 0.5806488 seconds
{Heap before GC invocations=157 (full 3):
 par new generation   total 39296K, used 37915K [0x0000000081800000, 0x00000000842a0000, 0x00000000964c0000)
  eden space 34944K, 100% used [0x0000000081800000, 0x0000000083a20000, 0x0000000083a20000)
  from space 4352K,  68% used [0x0000000083e60000, 0x0000000084146c58, 0x00000000842a0000)
  to   space 4352K,   0% used [0x0000000083a20000, 0x0000000083a20000, 0x0000000083e60000)
 concurrent mark-sweep generation total 87424K, used 48475K [0x00000000964c0000, 0x000000009ba20000, 0x0000000100000000)
 Metaspace       used 63651K, capacity 66546K, committed 66656K, reserved 1107968K
  class space    used 8455K, capacity 8981K, committed 9056K, reserved 1048576K
2019-05-24T17:22:25.664+0800: 47.137: [GC (Allocation Failure) 2019-05-24T17:22:25.665+0800: 47.137: [ParNew: 37915K->2285K(39296K), 0.0055717 secs] 86390K->50955K(126720K), 0.0057970 secs] [Times: user=0.08 sys=0.00, real=0.01 secs] 
Heap after GC invocations=158 (full 3):
 par new generation   total 39296K, used 2285K [0x0000000081800000, 0x00000000842a0000, 0x00000000964c0000)
  eden space 34944K,   0% used [0x0000000081800000, 0x0000000081800000, 0x0000000083a20000)
  from space 4352K,  52% used [0x0000000083a20000, 0x0000000083c5b560, 0x0000000083e60000)
  to   space 4352K,   0% used [0x0000000083e60000, 0x0000000083e60000, 0x00000000842a0000)
 concurrent mark-sweep generation total 87424K, used 48670K [0x00000000964c0000, 0x000000009ba20000, 0x0000000100000000)
 Metaspace       used 63651K, capacity 66546K, committed 66656K, reserved 1107968K
  class space    used 8455K, capacity 8981K, committed 9056K, reserved 1048576K
}
2019-05-24T17:22:26.205+0800: 47.677: Application time: 0.5345278 seconds
{Heap before GC invocations=158 (full 3):
 par new generation   total 39296K, used 37229K [0x0000000081800000, 0x00000000842a0000, 0x00000000964c0000)
  eden space 34944K, 100% used [0x0000000081800000, 0x0000000083a20000, 0x0000000083a20000)
  from space 4352K,  52% used [0x0000000083a20000, 0x0000000083c5b560, 0x0000000083e60000)
  to   space 4352K,   0% used [0x0000000083e60000, 0x0000000083e60000, 0x00000000842a0000)
 concurrent mark-sweep generation total 87424K, used 48670K [0x00000000964c0000, 0x000000009ba20000, 0x0000000100000000)
 Metaspace       used 63682K, capacity 66546K, committed 66656K, reserved 1107968K
  class space    used 8457K, capacity 8981K, committed 9056K, reserved 1048576K
2019-05-24T17:22:26.205+0800: 47.677: [GC (Allocation Failure) 2019-05-24T17:22:26.205+0800: 47.677: [ParNew: 37229K->2294K(39296K), 0.0053180 secs] 85899K->51155K(126720K), 0.0055341 secs] [Times: user=0.00 sys=0.00, real=0.01 secs] 
Heap after GC invocations=159 (full 3):
 par new generation   total 39296K, used 2294K [0x0000000081800000, 0x00000000842a0000, 0x00000000964c0000)
  eden space 34944K,   0% used [0x0000000081800000, 0x0000000081800000, 0x0000000083a20000)
  from space 4352K,  52% used [0x0000000083e60000, 0x000000008409d8a8, 0x00000000842a0000)
  to   space 4352K,   0% used [0x0000000083a20000, 0x0000000083a20000, 0x0000000083e60000)
 concurrent mark-sweep generation total 87424K, used 48861K [0x00000000964c0000, 0x000000009ba20000, 0x0000000100000000)
 Metaspace       used 63682K, capacity 66546K, committed 66656K, reserved 1107968K
  class space    used 8457K, capacity 8981K, committed 9056K, reserved 1048576K
}
2019-05-24T17:22:26.331+0800: 47.803: Application time: 0.1201977 seconds
2019-05-24T17:22:26.332+0800: 47.804: Application time: 0.0007509 seconds
2019-05-24T17:22:26.347+0800: 47.819: Application time: 0.0150061 seconds
{Heap before GC invocations=159 (full 3):
 par new generation   total 39296K, used 37238K [0x0000000081800000, 0x00000000842a0000, 0x00000000964c0000)
  eden space 34944K, 100% used [0x0000000081800000, 0x0000000083a20000, 0x0000000083a20000)
  from space 4352K,  52% used [0x0000000083e60000, 0x000000008409d8a8, 0x00000000842a0000)
  to   space 4352K,   0% used [0x0000000083a20000, 0x0000000083a20000, 0x0000000083e60000)
 concurrent mark-sweep generation total 87424K, used 48861K [0x00000000964c0000, 0x000000009ba20000, 0x0000000100000000)
 Metaspace       used 63701K, capacity 66578K, committed 66656K, reserved 1107968K
  class space    used 8460K, capacity 9013K, committed 9056K, reserved 1048576K
2019-05-24T17:22:26.347+0800: 47.820: [GC (Allocation Failure) 2019-05-24T17:22:26.348+0800: 47.820: [ParNew: 37238K->2209K(39296K), 0.0060228 secs] 86099K->51279K(126720K), 0.0062822 secs] [Times: user=0.00 sys=0.00, real=0.01 secs] 
Heap after GC invocations=160 (full 3):
 par new generation   total 39296K, used 2209K [0x0000000081800000, 0x00000000842a0000, 0x00000000964c0000)
  eden space 34944K,   0% used [0x0000000081800000, 0x0000000081800000, 0x0000000083a20000)
  from space 4352K,  50% used [0x0000000083a20000, 0x0000000083c48460, 0x0000000083e60000)
  to   space 4352K,   0% used [0x0000000083e60000, 0x0000000083e60000, 0x00000000842a0000)
 concurrent mark-sweep generation total 87424K, used 49070K [0x00000000964c0000, 0x000000009ba20000, 0x0000000100000000)
 Metaspace       used 63701K, capacity 66578K, committed 66656K, reserved 1107968K
  class space    used 8460K, capacity 9013K, committed 9056K, reserved 1048576K
}
2019-05-24T17:22:26.573+0800: 48.045: Application time: 0.2191416 seconds
{Heap before GC invocations=160 (full 3):
 par new generation   total 39296K, used 37153K [0x0000000081800000, 0x00000000842a0000, 0x00000000964c0000)
  eden space 34944K, 100% used [0x0000000081800000, 0x0000000083a20000, 0x0000000083a20000)
  from space 4352K,  50% used [0x0000000083a20000, 0x0000000083c48460, 0x0000000083e60000)
  to   space 4352K,   0% used [0x0000000083e60000, 0x0000000083e60000, 0x00000000842a0000)
 concurrent mark-sweep generation total 87424K, used 49070K [0x00000000964c0000, 0x000000009ba20000, 0x0000000100000000)
 Metaspace       used 63733K, capacity 66642K, committed 66912K, reserved 1107968K
  class space    used 8463K, capacity 9013K, committed 9056K, reserved 1048576K
2019-05-24T17:22:26.573+0800: 48.045: [GC (Allocation Failure) 2019-05-24T17:22:26.573+0800: 48.046: [ParNew: 37153K->2047K(39296K), 0.0048532 secs] 86223K->51275K(126720K), 0.0050392 secs] [Times: user=0.06 sys=0.00, real=0.01 secs] 
Heap after GC invocations=161 (full 3):
 par new generation   total 39296K, used 2047K [0x0000000081800000, 0x00000000842a0000, 0x00000000964c0000)
  eden space 34944K,   0% used [0x0000000081800000, 0x0000000081800000, 0x0000000083a20000)
  from space 4352K,  47% used [0x0000000083e60000, 0x000000008405fd58, 0x00000000842a0000)
  to   space 4352K,   0% used [0x0000000083a20000, 0x0000000083a20000, 0x0000000083e60000)
 concurrent mark-sweep generation total 87424K, used 49228K [0x00000000964c0000, 0x000000009ba20000, 0x0000000100000000)
 Metaspace       used 63733K, capacity 66642K, committed 66912K, reserved 1107968K
  class space    used 8463K, capacity 9013K, committed 9056K, reserved 1048576K
}
2019-05-24T17:22:26.802+0800: 48.274: Application time: 0.2231045 seconds
{Heap before GC invocations=161 (full 3):
 par new generation   total 39296K, used 36991K [0x0000000081800000, 0x00000000842a0000, 0x00000000964c0000)
  eden space 34944K, 100% used [0x0000000081800000, 0x0000000083a20000, 0x0000000083a20000)
  from space 4352K,  47% used [0x0000000083e60000, 0x000000008405fd58, 0x00000000842a0000)
  to   space 4352K,   0% used [0x0000000083a20000, 0x0000000083a20000, 0x0000000083e60000)
 concurrent mark-sweep generation total 87424K, used 49228K [0x00000000964c0000, 0x000000009ba20000, 0x0000000100000000)
 Metaspace       used 63735K, capacity 66642K, committed 66912K, reserved 1107968K
  class space    used 8464K, capacity 9013K, committed 9056K, reserved 1048576K
2019-05-24T17:22:26.802+0800: 48.274: [GC (Allocation Failure) 2019-05-24T17:22:26.802+0800: 48.274: [ParNew: 36991K->2067K(39296K), 0.0049977 secs] 86219K->51478K(126720K), 0.0052457 secs] [Times: user=0.00 sys=0.00, real=0.00 secs] 
Heap after GC invocations=162 (full 3):
 par new generation   total 39296K, used 2067K [0x0000000081800000, 0x00000000842a0000, 0x00000000964c0000)
  eden space 34944K,   0% used [0x0000000081800000, 0x0000000081800000, 0x0000000083a20000)
  from space 4352K,  47% used [0x0000000083a20000, 0x0000000083c24d60, 0x0000000083e60000)
  to   space 4352K,   0% used [0x0000000083e60000, 0x0000000083e60000, 0x00000000842a0000)
 concurrent mark-sweep generation total 87424K, used 49410K [0x00000000964c0000, 0x000000009ba20000, 0x0000000100000000)
 Metaspace       used 63735K, capacity 66642K, committed 66912K, reserved 1107968K
  class space    used 8464K, capacity 9013K, committed 9056K, reserved 1048576K
}
2019-05-24T17:22:26.831+0800: 48.303: Application time: 0.0234155 seconds
2019-05-24T17:22:27.121+0800: 48.593: Application time: 0.2888333 seconds
2019-05-24T17:22:27.188+0800: 48.659: Application time: 0.0656640 seconds
{Heap before GC invocations=162 (full 3):
 par new generation   total 39296K, used 37011K [0x0000000081800000, 0x00000000842a0000, 0x00000000964c0000)
  eden space 34944K, 100% used [0x0000000081800000, 0x0000000083a20000, 0x0000000083a20000)
  from space 4352K,  47% used [0x0000000083a20000, 0x0000000083c24d60, 0x0000000083e60000)
  to   space 4352K,   0% used [0x0000000083e60000, 0x0000000083e60000, 0x00000000842a0000)
 concurrent mark-sweep generation total 87424K, used 49410K [0x00000000964c0000, 0x000000009ba20000, 0x0000000100000000)
 Metaspace       used 63958K, capacity 66846K, committed 67168K, reserved 1107968K
  class space    used 8495K, capacity 9017K, committed 9056K, reserved 1048576K
2019-05-24T17:22:27.188+0800: 48.660: [GC (Allocation Failure) 2019-05-24T17:22:27.188+0800: 48.660: [ParNew: 37011K->2430K(39296K), 0.0058817 secs] 86422K->51999K(126720K), 0.0061383 secs] [Times: user=0.00 sys=0.00, real=0.01 secs] 
Heap after GC invocations=163 (full 3):
 par new generation   total 39296K, used 2430K [0x0000000081800000, 0x00000000842a0000, 0x00000000964c0000)
  eden space 34944K,   0% used [0x0000000081800000, 0x0000000081800000, 0x0000000083a20000)
  from space 4352K,  55% used [0x0000000083e60000, 0x00000000840bfbf0, 0x00000000842a0000)
  to   space 4352K,   0% used [0x0000000083a20000, 0x0000000083a20000, 0x0000000083e60000)
 concurrent mark-sweep generation total 87424K, used 49568K [0x00000000964c0000, 0x000000009ba20000, 0x0000000100000000)
 Metaspace       used 63958K, capacity 66846K, committed 67168K, reserved 1107968K
  class space    used 8495K, capacity 9017K, committed 9056K, reserved 1048576K
}
2019-05-24T17:22:27.194+0800: 48.666: Application time: 0.0002367 seconds
2019-05-24T17:22:27.194+0800: 48.667: Application time: 0.0000836 seconds
2019-05-24T17:22:27.219+0800: 48.691: Application time: 0.0247370 seconds
2019-05-24T17:22:27.220+0800: 48.692: Application time: 0.0000694 seconds
2019-05-24T17:22:27.224+0800: 48.696: Application time: 0.0037507 seconds
2019-05-24T17:22:27.231+0800: 48.703: Application time: 0.0004124 seconds
2019-05-24T17:22:27.234+0800: 48.706: Application time: 0.0031471 seconds
2019-05-24T17:22:27.258+0800: 48.731: Application time: 0.0222384 seconds
2019-05-24T17:22:27.268+0800: 48.740: Application time: 0.0062919 seconds
2019-05-24T17:22:27.339+0800: 48.811: Application time: 0.0705735 seconds
{Heap before GC invocations=163 (full 3):
 par new generation   total 39296K, used 37374K [0x0000000081800000, 0x00000000842a0000, 0x00000000964c0000)
  eden space 34944K, 100% used [0x0000000081800000, 0x0000000083a20000, 0x0000000083a20000)
  from space 4352K,  55% used [0x0000000083e60000, 0x00000000840bfbf0, 0x00000000842a0000)
  to   space 4352K,   0% used [0x0000000083a20000, 0x0000000083a20000, 0x0000000083e60000)
 concurrent mark-sweep generation total 87424K, used 49568K [0x00000000964c0000, 0x000000009ba20000, 0x0000000100000000)
 Metaspace       used 63993K, capacity 66878K, committed 67168K, reserved 1107968K
  class space    used 8500K, capacity 9049K, committed 9056K, reserved 1048576K
2019-05-24T17:22:27.339+0800: 48.811: [GC (Allocation Failure) 2019-05-24T17:22:27.339+0800: 48.811: [ParNew: 37374K->2237K(39296K), 0.0049709 secs] 86943K->51954K(126720K), 0.0051507 secs] [Times: user=0.00 sys=0.02, real=0.01 secs] 
Heap after GC invocations=164 (full 3):
 par new generation   total 39296K, used 2237K [0x0000000081800000, 0x00000000842a0000, 0x00000000964c0000)
  eden space 34944K,   0% used [0x0000000081800000, 0x0000000081800000, 0x0000000083a20000)
  from space 4352K,  51% used [0x0000000083a20000, 0x0000000083c4f718, 0x0000000083e60000)
  to   space 4352K,   0% used [0x0000000083e60000, 0x0000000083e60000, 0x00000000842a0000)
 concurrent mark-sweep generation total 87424K, used 49716K [0x00000000964c0000, 0x000000009ba20000, 0x0000000100000000)
 Metaspace       used 63993K, capacity 66878K, committed 67168K, reserved 1107968K
  class space    used 8500K, capacity 9049K, committed 9056K, reserved 1048576K
}
2019-05-24T17:22:27.348+0800: 48.820: Application time: 0.0035920 seconds
2019-05-24T17:22:27.348+0800: 48.820: Application time: 0.0004545 seconds
2019-05-24T17:22:27.410+0800: 48.882: Application time: 0.0609217 seconds
2019-05-24T17:22:27.410+0800: 48.882: Application time: 0.0000438 seconds
2019-05-24T17:22:27.410+0800: 48.882: Application time: 0.0000375 seconds
2019-05-24T17:22:27.410+0800: 48.882: Application time: 0.0000398 seconds
2019-05-24T17:22:27.441+0800: 48.913: Application time: 0.0308235 seconds
{Heap before GC invocations=164 (full 3):
 par new generation   total 39296K, used 37181K [0x0000000081800000, 0x00000000842a0000, 0x00000000964c0000)
  eden space 34944K, 100% used [0x0000000081800000, 0x0000000083a20000, 0x0000000083a20000)
  from space 4352K,  51% used [0x0000000083a20000, 0x0000000083c4f718, 0x0000000083e60000)
  to   space 4352K,   0% used [0x0000000083e60000, 0x0000000083e60000, 0x00000000842a0000)
 concurrent mark-sweep generation total 87424K, used 49716K [0x00000000964c0000, 0x000000009ba20000, 0x0000000100000000)
 Metaspace       used 64027K, capacity 66878K, committed 67168K, reserved 1107968K
  class space    used 8506K, capacity 9049K, committed 9056K, reserved 1048576K
2019-05-24T17:22:27.441+0800: 48.913: [GC (Allocation Failure) 2019-05-24T17:22:27.441+0800: 48.913: [ParNew: 37181K->1810K(39296K), 0.0053385 secs] 86898K->51758K(126720K), 0.0055518 secs] [Times: user=0.00 sys=0.00, real=0.01 secs] 
Heap after GC invocations=165 (full 3):
 par new generation   total 39296K, used 1810K [0x0000000081800000, 0x00000000842a0000, 0x00000000964c0000)
  eden space 34944K,   0% used [0x0000000081800000, 0x0000000081800000, 0x0000000083a20000)
  from space 4352K,  41% used [0x0000000083e60000, 0x0000000084024988, 0x00000000842a0000)
  to   space 4352K,   0% used [0x0000000083a20000, 0x0000000083a20000, 0x0000000083e60000)
 concurrent mark-sweep generation total 87424K, used 49948K [0x00000000964c0000, 0x000000009ba20000, 0x0000000100000000)
 Metaspace       used 64027K, capacity 66878K, committed 67168K, reserved 1107968K
  class space    used 8506K, capacity 9049K, committed 9056K, reserved 1048576K
}
2019-05-24T17:22:27.459+0800: 48.932: Application time: 0.0127681 seconds
2019-05-24T17:22:27.460+0800: 48.932: Application time: 0.0000398 seconds
2019-05-24T17:22:27.460+0800: 48.932: Application time: 0.0000273 seconds
2019-05-24T17:22:27.460+0800: 48.932: Application time: 0.0000273 seconds
2019-05-24T17:22:27.460+0800: 48.932: Application time: 0.0000233 seconds
2019-05-24T17:22:27.460+0800: 48.932: Application time: 0.0000228 seconds
2019-05-24T17:22:27.460+0800: 48.932: Application time: 0.0001974 seconds
2019-05-24T17:22:27.460+0800: 48.932: Application time: 0.0000296 seconds
2019-05-24T17:22:27.461+0800: 48.933: Application time: 0.0000302 seconds
2019-05-24T17:22:27.461+0800: 48.933: Application time: 0.0000239 seconds
2019-05-24T17:22:27.461+0800: 48.933: Application time: 0.0000256 seconds
2019-05-24T17:22:27.461+0800: 48.933: Application time: 0.0005342 seconds
2019-05-24T17:22:27.463+0800: 48.935: Application time: 0.0012009 seconds
2019-05-24T17:22:27.463+0800: 48.935: Application time: 0.0000370 seconds
2019-05-24T17:22:27.463+0800: 48.935: Application time: 0.0000279 seconds
2019-05-24T17:22:27.463+0800: 48.935: Application time: 0.0000262 seconds
2019-05-24T17:22:27.463+0800: 48.935: Application time: 0.0000330 seconds
2019-05-24T17:22:27.469+0800: 48.941: Application time: 0.0052708 seconds
2019-05-24T17:22:27.471+0800: 48.943: Application time: 0.0018443 seconds
2019-05-24T17:22:27.483+0800: 48.955: Application time: 0.0118738 seconds
2019-05-24T17:22:27.535+0800: 49.007: Application time: 0.0524180 seconds
2019-05-24T17:22:27.535+0800: 49.007: Application time: 0.0000484 seconds
2019-05-24T17:22:27.536+0800: 49.008: Application time: 0.0000478 seconds
2019-05-24T17:22:27.536+0800: 49.008: Application time: 0.0005990 seconds
2019-05-24T17:22:27.550+0800: 49.021: Application time: 0.0130799 seconds
{Heap before GC invocations=165 (full 3):
 par new generation   total 39296K, used 36754K [0x0000000081800000, 0x00000000842a0000, 0x00000000964c0000)
  eden space 34944K, 100% used [0x0000000081800000, 0x0000000083a20000, 0x0000000083a20000)
  from space 4352K,  41% used [0x0000000083e60000, 0x0000000084024988, 0x00000000842a0000)
  to   space 4352K,   0% used [0x0000000083a20000, 0x0000000083a20000, 0x0000000083e60000)
 concurrent mark-sweep generation total 87424K, used 49948K [0x00000000964c0000, 0x000000009ba20000, 0x0000000100000000)
 Metaspace       used 64081K, capacity 66968K, committed 67168K, reserved 1107968K
  class space    used 8515K, capacity 9054K, committed 9056K, reserved 1048576K
2019-05-24T17:22:27.550+0800: 49.022: [GC (Allocation Failure) 2019-05-24T17:22:27.550+0800: 49.022: [ParNew: 36754K->2581K(39296K), 0.0056530 secs] 86702K->52750K(126720K), 0.0058812 secs] [Times: user=0.00 sys=0.00, real=0.01 secs] 
Heap after GC invocations=166 (full 3):
 par new generation   total 39296K, used 2581K [0x0000000081800000, 0x00000000842a0000, 0x00000000964c0000)
  eden space 34944K,   0% used [0x0000000081800000, 0x0000000081800000, 0x0000000083a20000)
  from space 4352K,  59% used [0x0000000083a20000, 0x0000000083ca5550, 0x0000000083e60000)
  to   space 4352K,   0% used [0x0000000083e60000, 0x0000000083e60000, 0x00000000842a0000)
 concurrent mark-sweep generation total 87424K, used 50169K [0x00000000964c0000, 0x000000009ba20000, 0x0000000100000000)
 Metaspace       used 64081K, capacity 66968K, committed 67168K, reserved 1107968K
  class space    used 8515K, capacity 9054K, committed 9056K, reserved 1048576K
}
2019-05-24T17:22:27.640+0800: 49.112: Application time: 0.0838184 seconds
2019-05-24T17:22:27.641+0800: 49.113: Application time: 0.0009296 seconds
2019-05-24T17:22:27.676+0800: 49.148: Application time: 0.0350026 seconds
2019-05-24T17:22:27.676+0800: 49.148: Application time: 0.0000489 seconds
2019-05-24T17:22:27.817+0800: 49.289: Application time: 0.1412869 seconds
{Heap before GC invocations=166 (full 3):
 par new generation   total 39296K, used 37525K [0x0000000081800000, 0x00000000842a0000, 0x00000000964c0000)
  eden space 34944K, 100% used [0x0000000081800000, 0x0000000083a20000, 0x0000000083a20000)
  from space 4352K,  59% used [0x0000000083a20000, 0x0000000083ca5550, 0x0000000083e60000)
  to   space 4352K,   0% used [0x0000000083e60000, 0x0000000083e60000, 0x00000000842a0000)
 concurrent mark-sweep generation total 87424K, used 50169K [0x00000000964c0000, 0x000000009ba20000, 0x0000000100000000)
 Metaspace       used 64318K, capacity 67220K, committed 67552K, reserved 1107968K
  class space    used 8532K, capacity 9064K, committed 9184K, reserved 1048576K
2019-05-24T17:22:27.818+0800: 49.290: [GC (Allocation Failure) 2019-05-24T17:22:27.818+0800: 49.290: [ParNew: 37525K->3540K(39296K), 0.0058789 secs] 87694K->53904K(126720K), 0.0060723 secs] [Times: user=0.06 sys=0.00, real=0.01 secs] 
Heap after GC invocations=167 (full 3):
 par new generation   total 39296K, used 3540K [0x0000000081800000, 0x00000000842a0000, 0x00000000964c0000)
  eden space 34944K,   0% used [0x0000000081800000, 0x0000000081800000, 0x0000000083a20000)
  from space 4352K,  81% used [0x0000000083e60000, 0x00000000841d50a0, 0x00000000842a0000)
  to   space 4352K,   0% used [0x0000000083a20000, 0x0000000083a20000, 0x0000000083e60000)
 concurrent mark-sweep generation total 87424K, used 50364K [0x00000000964c0000, 0x000000009ba20000, 0x0000000100000000)
 Metaspace       used 64318K, capacity 67220K, committed 67552K, reserved 1107968K
  class space    used 8532K, capacity 9064K, committed 9184K, reserved 1048576K
}
2019-05-24T17:22:28.234+0800: 49.706: Application time: 0.4101858 seconds
{Heap before GC invocations=167 (full 3):
 par new generation   total 39296K, used 38484K [0x0000000081800000, 0x00000000842a0000, 0x00000000964c0000)
  eden space 34944K, 100% used [0x0000000081800000, 0x0000000083a20000, 0x0000000083a20000)
  from space 4352K,  81% used [0x0000000083e60000, 0x00000000841d50a0, 0x00000000842a0000)
  to   space 4352K,   0% used [0x0000000083a20000, 0x0000000083a20000, 0x0000000083e60000)
 concurrent mark-sweep generation total 87424K, used 50364K [0x00000000964c0000, 0x000000009ba20000, 0x0000000100000000)
 Metaspace       used 64480K, capacity 67426K, committed 67552K, reserved 1107968K
  class space    used 8558K, capacity 9105K, committed 9184K, reserved 1048576K
2019-05-24T17:22:28.235+0800: 49.706: [GC (Allocation Failure) 2019-05-24T17:22:28.235+0800: 49.707: [ParNew: 38484K->3898K(39296K), 0.0065786 secs] 88848K->54535K(126720K), 0.0069114 secs] [Times: user=0.00 sys=0.00, real=0.01 secs] 
Heap after GC invocations=168 (full 3):
 par new generation   total 39296K, used 3898K [0x0000000081800000, 0x00000000842a0000, 0x00000000964c0000)
  eden space 34944K,   0% used [0x0000000081800000, 0x0000000081800000, 0x0000000083a20000)
  from space 4352K,  89% used [0x0000000083a20000, 0x0000000083dee860, 0x0000000083e60000)
  to   space 4352K,   0% used [0x0000000083e60000, 0x0000000083e60000, 0x00000000842a0000)
 concurrent mark-sweep generation total 87424K, used 50637K [0x00000000964c0000, 0x000000009ba20000, 0x0000000100000000)
 Metaspace       used 64480K, capacity 67426K, committed 67552K, reserved 1107968K
  class space    used 8558K, capacity 9105K, committed 9184K, reserved 1048576K
}
2019-05-24T17:22:28.375+0800: 49.847: Application time: 0.1332178 seconds
{Heap before GC invocations=168 (full 3):
 par new generation   total 39296K, used 38842K [0x0000000081800000, 0x00000000842a0000, 0x00000000964c0000)
  eden space 34944K, 100% used [0x0000000081800000, 0x0000000083a20000, 0x0000000083a20000)
  from space 4352K,  89% used [0x0000000083a20000, 0x0000000083dee860, 0x0000000083e60000)
  to   space 4352K,   0% used [0x0000000083e60000, 0x0000000083e60000, 0x00000000842a0000)
 concurrent mark-sweep generation total 87424K, used 50637K [0x00000000964c0000, 0x000000009ba20000, 0x0000000100000000)
 Metaspace       used 64502K, capacity 67426K, committed 67552K, reserved 1107968K
  class space    used 8559K, capacity 9105K, committed 9184K, reserved 1048576K
2019-05-24T17:22:28.375+0800: 49.847: [GC (Allocation Failure) 2019-05-24T17:22:28.375+0800: 49.847: [ParNew: 38842K->2788K(39296K), 0.0056468 secs] 89479K->53631K(126720K), 0.0058635 secs] [Times: user=0.00 sys=0.00, real=0.01 secs] 
Heap after GC invocations=169 (full 3):
 par new generation   total 39296K, used 2788K [0x0000000081800000, 0x00000000842a0000, 0x00000000964c0000)
  eden space 34944K,   0% used [0x0000000081800000, 0x0000000081800000, 0x0000000083a20000)
  from space 4352K,  64% used [0x0000000083e60000, 0x0000000084119140, 0x00000000842a0000)
  to   space 4352K,   0% used [0x0000000083a20000, 0x0000000083a20000, 0x0000000083e60000)
 concurrent mark-sweep generation total 87424K, used 50843K [0x00000000964c0000, 0x000000009ba20000, 0x0000000100000000)
 Metaspace       used 64502K, capacity 67426K, committed 67552K, reserved 1107968K
  class space    used 8559K, capacity 9105K, committed 9184K, reserved 1048576K
}
2019-05-24T17:22:28.518+0800: 49.990: Application time: 0.1372336 seconds
{Heap before GC invocations=169 (full 3):
 par new generation   total 39296K, used 37732K [0x0000000081800000, 0x00000000842a0000, 0x00000000964c0000)
  eden space 34944K, 100% used [0x0000000081800000, 0x0000000083a20000, 0x0000000083a20000)
  from space 4352K,  64% used [0x0000000083e60000, 0x0000000084119140, 0x00000000842a0000)
  to   space 4352K,   0% used [0x0000000083a20000, 0x0000000083a20000, 0x0000000083e60000)
 concurrent mark-sweep generation total 87424K, used 50843K [0x00000000964c0000, 0x000000009ba20000, 0x0000000100000000)
 Metaspace       used 64527K, capacity 67432K, committed 67552K, reserved 1107968K
  class space    used 8561K, capacity 9106K, committed 9184K, reserved 1048576K
2019-05-24T17:22:28.518+0800: 49.991: [GC (Allocation Failure) 2019-05-24T17:22:28.519+0800: 49.991: [ParNew: 37732K->3262K(39296K), 0.0050893 secs] 88575K->54105K(126720K), 0.0053515 secs] [Times: user=0.00 sys=0.00, real=0.01 secs] 
Heap after GC invocations=170 (full 3):
 par new generation   total 39296K, used 3262K [0x0000000081800000, 0x00000000842a0000, 0x00000000964c0000)
  eden space 34944K,   0% used [0x0000000081800000, 0x0000000081800000, 0x0000000083a20000)
  from space 4352K,  74% used [0x0000000083a20000, 0x0000000083d4f988, 0x0000000083e60000)
  to   space 4352K,   0% used [0x0000000083e60000, 0x0000000083e60000, 0x00000000842a0000)
 concurrent mark-sweep generation total 87424K, used 50843K [0x00000000964c0000, 0x000000009ba20000, 0x0000000100000000)
 Metaspace       used 64527K, capacity 67432K, committed 67552K, reserved 1107968K
  class space    used 8561K, capacity 9106K, committed 9184K, reserved 1048576K
}
2019-05-24T17:22:28.623+0800: 50.096: Application time: 0.0994935 seconds
{Heap before GC invocations=170 (full 3):
 par new generation   total 39296K, used 38206K [0x0000000081800000, 0x00000000842a0000, 0x00000000964c0000)
  eden space 34944K, 100% used [0x0000000081800000, 0x0000000083a20000, 0x0000000083a20000)
  from space 4352K,  74% used [0x0000000083a20000, 0x0000000083d4f988, 0x0000000083e60000)
  to   space 4352K,   0% used [0x0000000083e60000, 0x0000000083e60000, 0x00000000842a0000)
 concurrent mark-sweep generation total 87424K, used 50843K [0x00000000964c0000, 0x000000009ba20000, 0x0000000100000000)
 Metaspace       used 64530K, capacity 67438K, committed 67552K, reserved 1107968K
  class space    used 8562K, capacity 9107K, committed 9184K, reserved 1048576K
2019-05-24T17:22:28.624+0800: 50.096: [GC (Allocation Failure) 2019-05-24T17:22:28.624+0800: 50.096: [ParNew: 38206K->3122K(39296K), 0.0046592 secs] 89049K->53965K(126720K), 0.0048964 secs] [Times: user=0.00 sys=0.00, real=0.00 secs] 
Heap after GC invocations=171 (full 3):
 par new generation   total 39296K, used 3122K [0x0000000081800000, 0x00000000842a0000, 0x00000000964c0000)
  eden space 34944K,   0% used [0x0000000081800000, 0x0000000081800000, 0x0000000083a20000)
  from space 4352K,  71% used [0x0000000083e60000, 0x000000008416cab0, 0x00000000842a0000)
  to   space 4352K,   0% used [0x0000000083a20000, 0x0000000083a20000, 0x0000000083e60000)
 concurrent mark-sweep generation total 87424K, used 50843K [0x00000000964c0000, 0x000000009ba20000, 0x0000000100000000)
 Metaspace       used 64530K, capacity 67438K, committed 67552K, reserved 1107968K
  class space    used 8562K, capacity 9107K, committed 9184K, reserved 1048576K
}
2019-05-24T17:22:29.170+0800: 50.642: Application time: 0.5410513 seconds
{Heap before GC invocations=171 (full 3):
 par new generation   total 39296K, used 38066K [0x0000000081800000, 0x00000000842a0000, 0x00000000964c0000)
  eden space 34944K, 100% used [0x0000000081800000, 0x0000000083a20000, 0x0000000083a20000)
  from space 4352K,  71% used [0x0000000083e60000, 0x000000008416cab0, 0x00000000842a0000)
  to   space 4352K,   0% used [0x0000000083a20000, 0x0000000083a20000, 0x0000000083e60000)
 concurrent mark-sweep generation total 87424K, used 50843K [0x00000000964c0000, 0x000000009ba20000, 0x0000000100000000)
 Metaspace       used 64602K, capacity 67510K, committed 67808K, reserved 1107968K
  class space    used 8571K, capacity 9109K, committed 9184K, reserved 1048576K
2019-05-24T17:22:29.170+0800: 50.642: [GC (Allocation Failure) 2019-05-24T17:22:29.171+0800: 50.642: [ParNew: 38066K->3681K(39296K), 0.0059693 secs] 88909K->54698K(126720K), 0.0061980 secs] [Times: user=0.00 sys=0.00, real=0.01 secs] 
Heap after GC invocations=172 (full 3):
 par new generation   total 39296K, used 3681K [0x0000000081800000, 0x00000000842a0000, 0x00000000964c0000)
  eden space 34944K,   0% used [0x0000000081800000, 0x0000000081800000, 0x0000000083a20000)
  from space 4352K,  84% used [0x0000000083a20000, 0x0000000083db8578, 0x0000000083e60000)
  to   space 4352K,   0% used [0x0000000083e60000, 0x0000000083e60000, 0x00000000842a0000)
 concurrent mark-sweep generation total 87424K, used 51017K [0x00000000964c0000, 0x000000009ba20000, 0x0000000100000000)
 Metaspace       used 64602K, capacity 67510K, committed 67808K, reserved 1107968K
  class space    used 8571K, capacity 9109K, committed 9184K, reserved 1048576K
}
2019-05-24T17:22:29.652+0800: 51.124: Application time: 0.4749032 seconds
{Heap before GC invocations=172 (full 3):
 par new generation   total 39296K, used 38625K [0x0000000081800000, 0x00000000842a0000, 0x00000000964c0000)
  eden space 34944K, 100% used [0x0000000081800000, 0x0000000083a20000, 0x0000000083a20000)
  from space 4352K,  84% used [0x0000000083a20000, 0x0000000083db8578, 0x0000000083e60000)
  to   space 4352K,   0% used [0x0000000083e60000, 0x0000000083e60000, 0x00000000842a0000)
 concurrent mark-sweep generation total 87424K, used 51017K [0x00000000964c0000, 0x000000009ba20000, 0x0000000100000000)
 Metaspace       used 64658K, capacity 67578K, committed 67808K, reserved 1107968K
  class space    used 8575K, capacity 9109K, committed 9184K, reserved 1048576K
2019-05-24T17:22:29.652+0800: 51.124: [GC (Allocation Failure) 2019-05-24T17:22:29.652+0800: 51.124: [ParNew: 38625K->2909K(39296K), 0.0064506 secs] 89642K->54205K(126720K), 0.0067391 secs] [Times: user=0.00 sys=0.00, real=0.01 secs] 
Heap after GC invocations=173 (full 3):
 par new generation   total 39296K, used 2909K [0x0000000081800000, 0x00000000842a0000, 0x00000000964c0000)
  eden space 34944K,   0% used [0x0000000081800000, 0x0000000081800000, 0x0000000083a20000)
  from space 4352K,  66% used [0x0000000083e60000, 0x0000000084137748, 0x00000000842a0000)
  to   space 4352K,   0% used [0x0000000083a20000, 0x0000000083a20000, 0x0000000083e60000)
 concurrent mark-sweep generation total 87424K, used 51295K [0x00000000964c0000, 0x000000009ba20000, 0x0000000100000000)
 Metaspace       used 64658K, capacity 67578K, committed 67808K, reserved 1107968K
  class space    used 8575K, capacity 9109K, committed 9184K, reserved 1048576K
}
2019-05-24T17:22:29.941+0800: 51.413: Application time: 0.2821927 seconds
2019-05-24T17:22:30.550+0800: 52.022: Application time: 0.6025442 seconds
{Heap before GC invocations=173 (full 3):
 par new generation   total 39296K, used 37853K [0x0000000081800000, 0x00000000842a0000, 0x00000000964c0000)
  eden space 34944K, 100% used [0x0000000081800000, 0x0000000083a20000, 0x0000000083a20000)
  from space 4352K,  66% used [0x0000000083e60000, 0x0000000084137748, 0x00000000842a0000)
  to   space 4352K,   0% used [0x0000000083a20000, 0x0000000083a20000, 0x0000000083e60000)
 concurrent mark-sweep generation total 87424K, used 51295K [0x00000000964c0000, 0x000000009ba20000, 0x0000000100000000)
 Metaspace       used 64893K, capacity 67838K, committed 68064K, reserved 1107968K
  class space    used 8616K, capacity 9175K, committed 9184K, reserved 1048576K
2019-05-24T17:22:30.550+0800: 52.022: [GC (Allocation Failure) 2019-05-24T17:22:30.550+0800: 52.022: [ParNew: 37853K->3485K(39296K), 0.0101899 secs] 89149K->55026K(126720K), 0.0104704 secs] [Times: user=0.00 sys=0.00, real=0.01 secs] 
Heap after GC invocations=174 (full 3):
 par new generation   total 39296K, used 3485K [0x0000000081800000, 0x00000000842a0000, 0x00000000964c0000)
  eden space 34944K,   0% used [0x0000000081800000, 0x0000000081800000, 0x0000000083a20000)
  from space 4352K,  80% used [0x0000000083a20000, 0x0000000083d87548, 0x0000000083e60000)
  to   space 4352K,   0% used [0x0000000083e60000, 0x0000000083e60000, 0x00000000842a0000)
 concurrent mark-sweep generation total 87424K, used 51540K [0x00000000964c0000, 0x000000009ba20000, 0x0000000100000000)
 Metaspace       used 64893K, capacity 67838K, committed 68064K, reserved 1107968K
  class space    used 8616K, capacity 9175K, committed 9184K, reserved 1048576K
}
2019-05-24T17:22:30.571+0800: 52.043: Application time: 0.0102121 seconds
2019-05-24T17:22:31.125+0800: 52.597: Application time: 0.5537074 seconds
{Heap before GC invocations=174 (full 3):
 par new generation   total 39296K, used 38429K [0x0000000081800000, 0x00000000842a0000, 0x00000000964c0000)
  eden space 34944K, 100% used [0x0000000081800000, 0x0000000083a20000, 0x0000000083a20000)
  from space 4352K,  80% used [0x0000000083a20000, 0x0000000083d87548, 0x0000000083e60000)
  to   space 4352K,   0% used [0x0000000083e60000, 0x0000000083e60000, 0x00000000842a0000)
 concurrent mark-sweep generation total 87424K, used 51540K [0x00000000964c0000, 0x000000009ba20000, 0x0000000100000000)
 Metaspace       used 65143K, capacity 68172K, committed 68448K, reserved 1107968K
  class space    used 8629K, capacity 9188K, committed 9312K, reserved 1048576K
2019-05-24T17:22:31.125+0800: 52.597: [GC (Allocation Failure) 2019-05-24T17:22:31.125+0800: 52.597: [ParNew: 38429K->4352K(39296K), 0.0079218 secs] 89970K->56500K(126720K), 0.0081311 secs] [Times: user=0.00 sys=0.00, real=0.01 secs] 
Heap after GC invocations=175 (full 3):
 par new generation   total 39296K, used 4352K [0x0000000081800000, 0x00000000842a0000, 0x00000000964c0000)
  eden space 34944K,   0% used [0x0000000081800000, 0x0000000081800000, 0x0000000083a20000)
  from space 4352K, 100% used [0x0000000083e60000, 0x00000000842a0000, 0x00000000842a0000)
  to   space 4352K,   0% used [0x0000000083a20000, 0x0000000083a20000, 0x0000000083e60000)
 concurrent mark-sweep generation total 87424K, used 52148K [0x00000000964c0000, 0x000000009ba20000, 0x0000000100000000)
 Metaspace       used 65143K, capacity 68172K, committed 68448K, reserved 1107968K
  class space    used 8629K, capacity 9188K, committed 9312K, reserved 1048576K
}
2019-05-24T17:22:31.436+0800: 52.908: Application time: 0.3028866 seconds
{Heap before GC invocations=175 (full 3):
 par new generation   total 39296K, used 39296K [0x0000000081800000, 0x00000000842a0000, 0x00000000964c0000)
  eden space 34944K, 100% used [0x0000000081800000, 0x0000000083a20000, 0x0000000083a20000)
  from space 4352K, 100% used [0x0000000083e60000, 0x00000000842a0000, 0x00000000842a0000)
  to   space 4352K,   0% used [0x0000000083a20000, 0x0000000083a20000, 0x0000000083e60000)
 concurrent mark-sweep generation total 87424K, used 52148K [0x00000000964c0000, 0x000000009ba20000, 0x0000000100000000)
 Metaspace       used 65518K, capacity 68496K, committed 68704K, reserved 1107968K
  class space    used 8654K, capacity 9198K, committed 9312K, reserved 1048576K
2019-05-24T17:22:31.437+0800: 52.909: [GC (Allocation Failure) 2019-05-24T17:22:31.437+0800: 52.909: [ParNew: 39296K->4242K(39296K), 0.0085003 secs] 91444K->57177K(126720K), 0.0086824 secs] [Times: user=0.00 sys=0.00, real=0.01 secs] 
Heap after GC invocations=176 (full 3):
 par new generation   total 39296K, used 4242K [0x0000000081800000, 0x00000000842a0000, 0x00000000964c0000)
  eden space 34944K,   0% used [0x0000000081800000, 0x0000000081800000, 0x0000000083a20000)
  from space 4352K,  97% used [0x0000000083a20000, 0x0000000083e44ab0, 0x0000000083e60000)
  to   space 4352K,   0% used [0x0000000083e60000, 0x0000000083e60000, 0x00000000842a0000)
 concurrent mark-sweep generation total 87424K, used 52934K [0x00000000964c0000, 0x000000009ba20000, 0x0000000100000000)
 Metaspace       used 65518K, capacity 68496K, committed 68704K, reserved 1107968K
  class space    used 8654K, capacity 9198K, committed 9312K, reserved 1048576K
}
2019-05-24T17:22:31.447+0800: 52.919: Application time: 0.0019837 seconds
2019-05-24T17:22:31.448+0800: 52.919: [GC (CMS Initial Mark) [1 CMS-initial-mark: 52934K(87424K)] 57201K(126720K), 0.0028439 secs] [Times: user=0.06 sys=0.00, real=0.00 secs] 
2019-05-24T17:22:31.451+0800: 52.923: [CMS-concurrent-mark-start]
2019-05-24T17:22:31.582+0800: 53.054: [CMS-concurrent-mark: 0.132/0.132 secs] [Times: user=0.33 sys=0.00, real=0.13 secs] 
2019-05-24T17:22:31.582+0800: 53.054: [CMS-concurrent-preclean-start]
2019-05-24T17:22:31.585+0800: 53.057: [CMS-concurrent-preclean: 0.003/0.003 secs] [Times: user=0.00 sys=0.00, real=0.00 secs] 
2019-05-24T17:22:31.585+0800: 53.057: [CMS-concurrent-abortable-preclean-start]
2019-05-24T17:22:31.691+0800: 53.163: Application time: 0.2405518 seconds
{Heap before GC invocations=176 (full 4):
 par new generation   total 39296K, used 39186K [0x0000000081800000, 0x00000000842a0000, 0x00000000964c0000)
  eden space 34944K, 100% used [0x0000000081800000, 0x0000000083a20000, 0x0000000083a20000)
  from space 4352K,  97% used [0x0000000083a20000, 0x0000000083e44ab0, 0x0000000083e60000)
  to   space 4352K,   0% used [0x0000000083e60000, 0x0000000083e60000, 0x00000000842a0000)
 concurrent mark-sweep generation total 87424K, used 52934K [0x00000000964c0000, 0x000000009ba20000, 0x0000000100000000)
 Metaspace       used 65699K, capacity 68750K, committed 68960K, reserved 1110016K
  class space    used 8670K, capacity 9245K, committed 9312K, reserved 1048576K
2019-05-24T17:22:31.691+0800: 53.163: [GC (Allocation Failure) 2019-05-24T17:22:31.691+0800: 53.163: [ParNew: 39186K->2996K(39296K), 0.0101188 secs] 92121K->57978K(126720K), 0.0103310 secs] [Times: user=0.06 sys=0.02, real=0.01 secs] 
Heap after GC invocations=177 (full 4):
 par new generation   total 39296K, used 2996K [0x0000000081800000, 0x00000000842a0000, 0x00000000964c0000)
  eden space 34944K,   0% used [0x0000000081800000, 0x0000000081800000, 0x0000000083a20000)
  from space 4352K,  68% used [0x0000000083e60000, 0x000000008414d288, 0x00000000842a0000)
  to   space 4352K,   0% used [0x0000000083a20000, 0x0000000083a20000, 0x0000000083e60000)
 concurrent mark-sweep generation total 87424K, used 54982K [0x00000000964c0000, 0x000000009ba20000, 0x0000000100000000)
 Metaspace       used 65699K, capacity 68750K, committed 68960K, reserved 1110016K
  class space    used 8670K, capacity 9245K, committed 9312K, reserved 1048576K
}
2019-05-24T17:22:31.818+0800: 53.290: [CMS-concurrent-abortable-preclean: 0.222/0.233 secs] [Times: user=0.75 sys=0.02, real=0.23 secs] 
2019-05-24T17:22:31.818+0800: 53.290: Application time: 0.1165767 seconds
2019-05-24T17:22:31.819+0800: 53.291: [GC (CMS Final Remark) [YG occupancy: 23290 K (39296 K)]2019-05-24T17:22:31.819+0800: 53.291: [Rescan (parallel) , 0.0073586 secs]2019-05-24T17:22:31.826+0800: 53.298: [weak refs processing, 0.0021441 secs]2019-05-24T17:22:31.828+0800: 53.300: [class unloading, 0.0255824 secs]2019-05-24T17:22:31.854+0800: 53.326: [scrub symbol table, 0.0234866 secs]2019-05-24T17:22:31.878+0800: 53.350: [scrub string table, 0.0012971 secs][1 CMS-remark: 54982K(87424K)] 78272K(126720K), 0.0695085 secs] [Times: user=0.20 sys=0.00, real=0.07 secs] 
2019-05-24T17:22:31.888+0800: 53.360: [CMS-concurrent-sweep-start]
2019-05-24T17:22:31.925+0800: 53.397: [CMS-concurrent-sweep: 0.036/0.036 secs] [Times: user=0.13 sys=0.00, real=0.04 secs] 
2019-05-24T17:22:31.925+0800: 53.397: [CMS-concurrent-reset-start]
2019-05-24T17:22:31.929+0800: 53.401: [CMS-concurrent-reset: 0.004/0.004 secs] [Times: user=0.00 sys=0.00, real=0.00 secs] 
2019-05-24T17:22:31.967+0800: 53.439: Application time: 0.0788195 seconds
2019-05-24T17:22:32.009+0800: 53.481: Application time: 0.0417729 seconds
{Heap before GC invocations=177 (full 4):
 par new generation   total 39296K, used 37940K [0x0000000081800000, 0x00000000842a0000, 0x00000000964c0000)
  eden space 34944K, 100% used [0x0000000081800000, 0x0000000083a20000, 0x0000000083a20000)
  from space 4352K,  68% used [0x0000000083e60000, 0x000000008414d288, 0x00000000842a0000)
  to   space 4352K,   0% used [0x0000000083a20000, 0x0000000083a20000, 0x0000000083e60000)
 concurrent mark-sweep generation total 89532K, used 53717K [0x00000000964c0000, 0x000000009bc2f000, 0x0000000100000000)
 Metaspace       used 65780K, capacity 68790K, committed 69216K, reserved 1110016K
  class space    used 8664K, capacity 9227K, committed 9312K, reserved 1048576K
2019-05-24T17:22:32.009+0800: 53.481: [GC (Allocation Failure) 2019-05-24T17:22:32.010+0800: 53.481: [ParNew: 37940K->3377K(39296K), 0.0053259 secs] 91658K->57094K(128828K), 0.0055444 secs] [Times: user=0.08 sys=0.00, real=0.01 secs] 
Heap after GC invocations=178 (full 4):
 par new generation   total 39296K, used 3377K [0x0000000081800000, 0x00000000842a0000, 0x00000000964c0000)
  eden space 34944K,   0% used [0x0000000081800000, 0x0000000081800000, 0x0000000083a20000)
  from space 4352K,  77% used [0x0000000083a20000, 0x0000000083d6c550, 0x0000000083e60000)
  to   space 4352K,   0% used [0x0000000083e60000, 0x0000000083e60000, 0x00000000842a0000)
 concurrent mark-sweep generation total 89532K, used 53717K [0x00000000964c0000, 0x000000009bc2f000, 0x0000000100000000)
 Metaspace       used 65780K, capacity 68790K, committed 69216K, reserved 1110016K
  class space    used 8664K, capacity 9227K, committed 9312K, reserved 1048576K
}
2019-05-24T17:22:32.211+0800: 53.683: Application time: 0.1954423 seconds
{Heap before GC invocations=178 (full 4):
 par new generation   total 39296K, used 38321K [0x0000000081800000, 0x00000000842a0000, 0x00000000964c0000)
  eden space 34944K, 100% used [0x0000000081800000, 0x0000000083a20000, 0x0000000083a20000)
  from space 4352K,  77% used [0x0000000083a20000, 0x0000000083d6c550, 0x0000000083e60000)
  to   space 4352K,   0% used [0x0000000083e60000, 0x0000000083e60000, 0x00000000842a0000)
 concurrent mark-sweep generation total 89532K, used 53717K [0x00000000964c0000, 0x000000009bc2f000, 0x0000000100000000)
 Metaspace       used 65954K, capacity 69004K, committed 69216K, reserved 1110016K
  class space    used 8679K, capacity 9232K, committed 9312K, reserved 1048576K
2019-05-24T17:22:32.211+0800: 53.683: [GC (Allocation Failure) 2019-05-24T17:22:32.211+0800: 53.683: [ParNew: 38321K->4080K(39296K), 0.0083951 secs] 92038K->58680K(128828K), 0.0085851 secs] [Times: user=0.06 sys=0.00, real=0.01 secs] 
Heap after GC invocations=179 (full 4):
 par new generation   total 39296K, used 4080K [0x0000000081800000, 0x00000000842a0000, 0x00000000964c0000)
  eden space 34944K,   0% used [0x0000000081800000, 0x0000000081800000, 0x0000000083a20000)
  from space 4352K,  93% used [0x0000000083e60000, 0x000000008425c3b0, 0x00000000842a0000)
  to   space 4352K,   0% used [0x0000000083a20000, 0x0000000083a20000, 0x0000000083e60000)
 concurrent mark-sweep generation total 89532K, used 54599K [0x00000000964c0000, 0x000000009bc2f000, 0x0000000100000000)
 Metaspace       used 65954K, capacity 69004K, committed 69216K, reserved 1110016K
  class space    used 8679K, capacity 9232K, committed 9312K, reserved 1048576K
}
2019-05-24T17:22:32.219+0800: 53.692: Application time: 0.0000842 seconds
2019-05-24T17:22:32.220+0800: 53.692: [GC (CMS Initial Mark) [1 CMS-initial-mark: 54599K(89532K)] 59382K(128828K), 0.0033343 secs] [Times: user=0.00 sys=0.00, real=0.00 secs] 
2019-05-24T17:22:32.223+0800: 53.695: [CMS-concurrent-mark-start]
2019-05-24T17:22:32.367+0800: 53.839: [CMS-concurrent-mark: 0.144/0.144 secs] [Times: user=0.28 sys=0.00, real=0.14 secs] 
2019-05-24T17:22:32.367+0800: 53.839: [CMS-concurrent-preclean-start]
2019-05-24T17:22:32.374+0800: 53.846: [CMS-concurrent-preclean: 0.006/0.006 secs] [Times: user=0.03 sys=0.00, real=0.01 secs] 
2019-05-24T17:22:32.374+0800: 53.846: [CMS-concurrent-abortable-preclean-start]
2019-05-24T17:22:32.376+0800: 53.848: Application time: 0.1529480 seconds
{Heap before GC invocations=179 (full 5):
 par new generation   total 39296K, used 39024K [0x0000000081800000, 0x00000000842a0000, 0x00000000964c0000)
  eden space 34944K, 100% used [0x0000000081800000, 0x0000000083a20000, 0x0000000083a20000)
  from space 4352K,  93% used [0x0000000083e60000, 0x000000008425c3b0, 0x00000000842a0000)
  to   space 4352K,   0% used [0x0000000083a20000, 0x0000000083a20000, 0x0000000083e60000)
 concurrent mark-sweep generation total 89532K, used 54599K [0x00000000964c0000, 0x000000009bc2f000, 0x0000000100000000)
 Metaspace       used 66126K, capacity 69182K, committed 69472K, reserved 1110016K
  class space    used 8696K, capacity 9267K, committed 9312K, reserved 1048576K
2019-05-24T17:22:32.377+0800: 53.849: [GC (Allocation Failure) 2019-05-24T17:22:32.377+0800: 53.849: [ParNew: 39024K->3078K(39296K), 0.0069200 secs] 93624K->58252K(128828K), 0.0071322 secs] [Times: user=0.00 sys=0.00, real=0.01 secs] 
Heap after GC invocations=180 (full 5):
 par new generation   total 39296K, used 3078K [0x0000000081800000, 0x00000000842a0000, 0x00000000964c0000)
  eden space 34944K,   0% used [0x0000000081800000, 0x0000000081800000, 0x0000000083a20000)
  from space 4352K,  70% used [0x0000000083a20000, 0x0000000083d21ba0, 0x0000000083e60000)
  to   space 4352K,   0% used [0x0000000083e60000, 0x0000000083e60000, 0x00000000842a0000)
 concurrent mark-sweep generation total 89532K, used 55173K [0x00000000964c0000, 0x000000009bc2f000, 0x0000000100000000)
 Metaspace       used 66126K, capacity 69182K, committed 69472K, reserved 1110016K
  class space    used 8696K, capacity 9267K, committed 9312K, reserved 1048576K
}
2019-05-24T17:22:32.425+0800: 53.897: [CMS-concurrent-abortable-preclean: 0.043/0.051 secs] [Times: user=0.08 sys=0.00, real=0.05 secs] 
2019-05-24T17:22:32.425+0800: 53.897: Application time: 0.0411642 seconds
2019-05-24T17:22:32.425+0800: 53.897: [GC (CMS Final Remark) [YG occupancy: 22022 K (39296 K)]2019-05-24T17:22:32.425+0800: 53.897: [Rescan (parallel) , 0.0064740 secs]2019-05-24T17:22:32.432+0800: 53.904: [weak refs processing, 0.0001849 secs]2019-05-24T17:22:32.432+0800: 53.904: [class unloading, 0.0271661 secs]2019-05-24T17:22:32.460+0800: 53.931: [scrub symbol table, 0.0228551 secs]2019-05-24T17:22:32.482+0800: 53.954: [scrub string table, 0.0012561 secs][1 CMS-remark: 55173K(89532K)] 77196K(128828K), 0.0585307 secs] [Times: user=0.06 sys=0.00, real=0.06 secs] 
2019-05-24T17:22:32.484+0800: 53.956: [CMS-concurrent-sweep-start]
2019-05-24T17:22:32.520+0800: 53.992: [CMS-concurrent-sweep: 0.036/0.036 secs] [Times: user=0.05 sys=0.01, real=0.04 secs] 
2019-05-24T17:22:32.520+0800: 53.992: [CMS-concurrent-reset-start]
2019-05-24T17:22:32.523+0800: 53.995: [CMS-concurrent-reset: 0.003/0.003 secs] [Times: user=0.00 sys=0.00, real=0.00 secs] 
2019-05-24T17:22:32.532+0800: 54.004: Application time: 0.0478504 seconds
2019-05-24T17:22:32.642+0800: 54.114: Application time: 0.1090099 seconds
{Heap before GC invocations=180 (full 5):
 par new generation   total 39296K, used 38022K [0x0000000081800000, 0x00000000842a0000, 0x00000000964c0000)
  eden space 34944K, 100% used [0x0000000081800000, 0x0000000083a20000, 0x0000000083a20000)
  from space 4352K,  70% used [0x0000000083a20000, 0x0000000083d21ba0, 0x0000000083e60000)
  to   space 4352K,   0% used [0x0000000083e60000, 0x0000000083e60000, 0x00000000842a0000)
 concurrent mark-sweep generation total 91164K, used 54697K [0x00000000964c0000, 0x000000009bdc7000, 0x0000000100000000)
 Metaspace       used 66493K, capacity 69484K, committed 69856K, reserved 1110016K
  class space    used 8741K, capacity 9292K, committed 9440K, reserved 1048576K
2019-05-24T17:22:32.642+0800: 54.114: [GC (Allocation Failure) 2019-05-24T17:22:32.643+0800: 54.114: [ParNew: 38022K->2590K(39296K), 0.0099408 secs] 92720K->58396K(130460K), 0.0101592 secs] [Times: user=0.02 sys=0.00, real=0.01 secs] 
Heap after GC invocations=181 (full 5):
 par new generation   total 39296K, used 2590K [0x0000000081800000, 0x00000000842a0000, 0x00000000964c0000)
  eden space 34944K,   0% used [0x0000000081800000, 0x0000000081800000, 0x0000000083a20000)
  from space 4352K,  59% used [0x0000000083e60000, 0x00000000840e78c8, 0x00000000842a0000)
  to   space 4352K,   0% used [0x0000000083a20000, 0x0000000083a20000, 0x0000000083e60000)
 concurrent mark-sweep generation total 91164K, used 55806K [0x00000000964c0000, 0x000000009bdc7000, 0x0000000100000000)
 Metaspace       used 66493K, capacity 69484K, committed 69856K, reserved 1110016K
  class space    used 8741K, capacity 9292K, committed 9440K, reserved 1048576K
}
2019-05-24T17:22:32.664+0800: 54.136: Application time: 0.0116571 seconds
2019-05-24T17:22:32.664+0800: 54.136: [GC (CMS Initial Mark) [1 CMS-initial-mark: 55806K(91164K)] 58421K(130460K), 0.0024274 secs] [Times: user=0.00 sys=0.00, real=0.00 secs] 
2019-05-24T17:22:32.667+0800: 54.139: [CMS-concurrent-mark-start]
2019-05-24T17:22:32.821+0800: 54.293: [CMS-concurrent-mark: 0.153/0.153 secs] [Times: user=0.27 sys=0.00, real=0.15 secs] 
2019-05-24T17:22:32.821+0800: 54.293: [CMS-concurrent-preclean-start]
2019-05-24T17:22:32.825+0800: 54.297: Application time: 0.1575259 seconds
{Heap before GC invocations=181 (full 6):
 par new generation   total 39296K, used 37534K [0x0000000081800000, 0x00000000842a0000, 0x00000000964c0000)
  eden space 34944K, 100% used [0x0000000081800000, 0x0000000083a20000, 0x0000000083a20000)
  from space 4352K,  59% used [0x0000000083e60000, 0x00000000840e78c8, 0x00000000842a0000)
  to   space 4352K,   0% used [0x0000000083a20000, 0x0000000083a20000, 0x0000000083e60000)
 concurrent mark-sweep generation total 91164K, used 55806K [0x00000000964c0000, 0x000000009bdc7000, 0x0000000100000000)
 Metaspace       used 66572K, capacity 69580K, committed 69856K, reserved 1110016K
  class space    used 8755K, capacity 9324K, committed 9440K, reserved 1048576K
2019-05-24T17:22:32.825+0800: 54.297: [GC (Allocation Failure) 2019-05-24T17:22:32.825+0800: 54.297: [ParNew: 37534K->2092K(39296K), 0.0044937 secs] 93340K->57898K(130460K), 0.0046802 secs] [Times: user=0.00 sys=0.00, real=0.00 secs] 
Heap after GC invocations=182 (full 6):
 par new generation   total 39296K, used 2092K [0x0000000081800000, 0x00000000842a0000, 0x00000000964c0000)
  eden space 34944K,   0% used [0x0000000081800000, 0x0000000081800000, 0x0000000083a20000)
  from space 4352K,  48% used [0x0000000083a20000, 0x0000000083c2b040, 0x0000000083e60000)
  to   space 4352K,   0% used [0x0000000083e60000, 0x0000000083e60000, 0x00000000842a0000)
 concurrent mark-sweep generation total 91164K, used 55806K [0x00000000964c0000, 0x000000009bdc7000, 0x0000000100000000)
 Metaspace       used 66572K, capacity 69580K, committed 69856K, reserved 1110016K
  class space    used 8755K, capacity 9324K, committed 9440K, reserved 1048576K
}
2019-05-24T17:22:32.830+0800: 54.302: [CMS-concurrent-preclean: 0.004/0.009 secs] [Times: user=0.03 sys=0.00, real=0.01 secs] 
2019-05-24T17:22:32.831+0800: 54.302: Application time: 0.0007834 seconds
2019-05-24T17:22:32.831+0800: 54.303: [GC (CMS Final Remark) [YG occupancy: 2815 K (39296 K)]2019-05-24T17:22:32.831+0800: 54.303: [Rescan (parallel) , 0.0029525 secs]2019-05-24T17:22:32.833+0800: 54.306: [weak refs processing, 0.0001223 secs]2019-05-24T17:22:32.834+0800: 54.306: [class unloading, 0.0217771 secs]2019-05-24T17:22:32.856+0800: 54.328: [scrub symbol table, 0.0219762 secs]2019-05-24T17:22:32.878+0800: 54.350: [scrub string table, 0.0011133 secs][1 CMS-remark: 55806K(91164K)] 58621K(130460K), 0.0577075 secs] [Times: user=0.06 sys=0.00, real=0.06 secs] 
2019-05-24T17:22:32.889+0800: 54.361: [CMS-concurrent-sweep-start]
2019-05-24T17:22:32.926+0800: 54.398: [CMS-concurrent-sweep: 0.038/0.038 secs] [Times: user=0.06 sys=0.00, real=0.04 secs] 
2019-05-24T17:22:32.927+0800: 54.399: [CMS-concurrent-reset-start]
2019-05-24T17:22:32.930+0800: 54.402: [CMS-concurrent-reset: 0.004/0.004 secs] [Times: user=0.00 sys=0.00, real=0.00 secs] 
2019-05-24T17:22:33.126+0800: 54.598: Application time: 0.2375969 seconds
{Heap before GC invocations=182 (full 6):
 par new generation   total 39296K, used 37036K [0x0000000081800000, 0x00000000842a0000, 0x00000000964c0000)
  eden space 34944K, 100% used [0x0000000081800000, 0x0000000083a20000, 0x0000000083a20000)
  from space 4352K,  48% used [0x0000000083a20000, 0x0000000083c2b040, 0x0000000083e60000)
  to   space 4352K,   0% used [0x0000000083e60000, 0x0000000083e60000, 0x00000000842a0000)
 concurrent mark-sweep generation total 92808K, used 55683K [0x00000000964c0000, 0x000000009bf62000, 0x0000000100000000)
 Metaspace       used 66987K, capacity 69946K, committed 70368K, reserved 1110016K
  class space    used 8821K, capacity 9365K, committed 9440K, reserved 1048576K
2019-05-24T17:22:33.126+0800: 54.598: [GC (Allocation Failure) 2019-05-24T17:22:33.127+0800: 54.598: [ParNew: 37036K->2681K(39296K), 0.0050722 secs] 92719K->58364K(132104K), 0.0052690 secs] [Times: user=0.00 sys=0.00, real=0.01 secs] 
Heap after GC invocations=183 (full 6):
 par new generation   total 39296K, used 2681K [0x0000000081800000, 0x00000000842a0000, 0x00000000964c0000)
  eden space 34944K,   0% used [0x0000000081800000, 0x0000000081800000, 0x0000000083a20000)
  from space 4352K,  61% used [0x0000000083e60000, 0x00000000840fe710, 0x00000000842a0000)
  to   space 4352K,   0% used [0x0000000083a20000, 0x0000000083a20000, 0x0000000083e60000)
 concurrent mark-sweep generation total 92808K, used 55683K [0x00000000964c0000, 0x000000009bf62000, 0x0000000100000000)
 Metaspace       used 66987K, capacity 69946K, committed 70368K, reserved 1110016K
  class space    used 8821K, capacity 9365K, committed 9440K, reserved 1048576K
}
2019-05-24T17:22:33.246+0800: 54.718: Application time: 0.1142465 seconds
{Heap before GC invocations=183 (full 6):
 par new generation   total 39296K, used 37625K [0x0000000081800000, 0x00000000842a0000, 0x00000000964c0000)
  eden space 34944K, 100% used [0x0000000081800000, 0x0000000083a20000, 0x0000000083a20000)
  from space 4352K,  61% used [0x0000000083e60000, 0x00000000840fe710, 0x00000000842a0000)
  to   space 4352K,   0% used [0x0000000083a20000, 0x0000000083a20000, 0x0000000083e60000)
 concurrent mark-sweep generation total 92808K, used 55683K [0x00000000964c0000, 0x000000009bf62000, 0x0000000100000000)
 Metaspace       used 67020K, capacity 69948K, committed 70368K, reserved 1110016K
  class space    used 8828K, capacity 9366K, committed 9440K, reserved 1048576K
2019-05-24T17:22:33.246+0800: 54.718: [GC (Allocation Failure) 2019-05-24T17:22:33.246+0800: 54.718: [ParNew: 37625K->1653K(39296K), 0.0060553 secs] 93308K->57975K(132104K), 0.0062470 secs] [Times: user=0.00 sys=0.00, real=0.01 secs] 
Heap after GC invocations=184 (full 6):
 par new generation   total 39296K, used 1653K [0x0000000081800000, 0x00000000842a0000, 0x00000000964c0000)
  eden space 34944K,   0% used [0x0000000081800000, 0x0000000081800000, 0x0000000083a20000)
  from space 4352K,  37% used [0x0000000083a20000, 0x0000000083bbd4d0, 0x0000000083e60000)
  to   space 4352K,   0% used [0x0000000083e60000, 0x0000000083e60000, 0x00000000842a0000)
 concurrent mark-sweep generation total 92808K, used 56322K [0x00000000964c0000, 0x000000009bf62000, 0x0000000100000000)
 Metaspace       used 67020K, capacity 69948K, committed 70368K, reserved 1110016K
  class space    used 8828K, capacity 9366K, committed 9440K, reserved 1048576K
}
2019-05-24T17:22:33.253+0800: 54.725: Application time: 0.0000614 seconds
2019-05-24T17:22:33.253+0800: 54.725: [GC (CMS Initial Mark) [1 CMS-initial-mark: 56322K(92808K)] 58676K(132104K), 0.0035362 secs] [Times: user=0.00 sys=0.00, real=0.00 secs] 
2019-05-24T17:22:33.257+0800: 54.729: [CMS-concurrent-mark-start]
2019-05-24T17:22:33.320+0800: 54.792: Application time: 0.0630022 seconds
{Heap before GC invocations=184 (full 7):
 par new generation   total 39296K, used 36597K [0x0000000081800000, 0x00000000842a0000, 0x00000000964c0000)
  eden space 34944K, 100% used [0x0000000081800000, 0x0000000083a20000, 0x0000000083a20000)
  from space 4352K,  37% used [0x0000000083a20000, 0x0000000083bbd4d0, 0x0000000083e60000)
  to   space 4352K,   0% used [0x0000000083e60000, 0x0000000083e60000, 0x00000000842a0000)
 concurrent mark-sweep generation total 92808K, used 56322K [0x00000000964c0000, 0x000000009bf62000, 0x0000000100000000)
 Metaspace       used 67034K, capacity 69948K, committed 70368K, reserved 1110016K
  class space    used 8829K, capacity 9366K, committed 9440K, reserved 1048576K
2019-05-24T17:22:33.320+0800: 54.792: [GC (Allocation Failure) 2019-05-24T17:22:33.320+0800: 54.792: [ParNew: 36597K->1562K(39296K), 0.0039265 secs] 92919K->57884K(132104K), 0.0041426 secs] [Times: user=0.06 sys=0.00, real=0.00 secs] 
Heap after GC invocations=185 (full 7):
 par new generation   total 39296K, used 1562K [0x0000000081800000, 0x00000000842a0000, 0x00000000964c0000)
  eden space 34944K,   0% used [0x0000000081800000, 0x0000000081800000, 0x0000000083a20000)
  from space 4352K,  35% used [0x0000000083e60000, 0x0000000083fe6860, 0x00000000842a0000)
  to   space 4352K,   0% used [0x0000000083a20000, 0x0000000083a20000, 0x0000000083e60000)
 concurrent mark-sweep generation total 92808K, used 56322K [0x00000000964c0000, 0x000000009bf62000, 0x0000000100000000)
 Metaspace       used 67034K, capacity 69948K, committed 70368K, reserved 1110016K
  class space    used 8829K, capacity 9366K, committed 9440K, reserved 1048576K
}
2019-05-24T17:22:33.409+0800: 54.881: Application time: 0.0847422 seconds
{Heap before GC invocations=185 (full 7):
 par new generation   total 39296K, used 36506K [0x0000000081800000, 0x00000000842a0000, 0x00000000964c0000)
  eden space 34944K, 100% used [0x0000000081800000, 0x0000000083a20000, 0x0000000083a20000)
  from space 4352K,  35% used [0x0000000083e60000, 0x0000000083fe6860, 0x00000000842a0000)
  to   space 4352K,   0% used [0x0000000083a20000, 0x0000000083a20000, 0x0000000083e60000)
 concurrent mark-sweep generation total 92808K, used 56322K [0x00000000964c0000, 0x000000009bf62000, 0x0000000100000000)
 Metaspace       used 67040K, capacity 69948K, committed 70368K, reserved 1110016K
  class space    used 8830K, capacity 9366K, committed 9440K, reserved 1048576K
2019-05-24T17:22:33.409+0800: 54.881: [GC (Allocation Failure) 2019-05-24T17:22:33.409+0800: 54.881: [ParNew: 36506K->2081K(39296K), 0.0036983 secs] 92828K->58404K(132104K), 0.0038992 secs] [Times: user=0.00 sys=0.00, real=0.00 secs] 
Heap after GC invocations=186 (full 7):
 par new generation   total 39296K, used 2081K [0x0000000081800000, 0x00000000842a0000, 0x00000000964c0000)
  eden space 34944K,   0% used [0x0000000081800000, 0x0000000081800000, 0x0000000083a20000)
  from space 4352K,  47% used [0x0000000083a20000, 0x0000000083c28618, 0x0000000083e60000)
  to   space 4352K,   0% used [0x0000000083e60000, 0x0000000083e60000, 0x00000000842a0000)
 concurrent mark-sweep generation total 92808K, used 56322K [0x00000000964c0000, 0x000000009bf62000, 0x0000000100000000)
 Metaspace       used 67040K, capacity 69948K, committed 70368K, reserved 1110016K
  class space    used 8830K, capacity 9366K, committed 9440K, reserved 1048576K
}
2019-05-24T17:22:33.427+0800: 54.899: [CMS-concurrent-mark: 0.161/0.170 secs] [Times: user=0.41 sys=0.00, real=0.17 secs] 
2019-05-24T17:22:33.427+0800: 54.899: [CMS-concurrent-preclean-start]
2019-05-24T17:22:33.435+0800: 54.907: [CMS-concurrent-preclean: 0.008/0.008 secs] [Times: user=0.03 sys=0.00, real=0.01 secs] 
2019-05-24T17:22:33.436+0800: 54.907: [CMS-concurrent-abortable-preclean-start]
2019-05-24T17:22:33.468+0800: 54.941: Application time: 0.0551924 seconds
{Heap before GC invocations=186 (full 7):
 par new generation   total 39296K, used 37025K [0x0000000081800000, 0x00000000842a0000, 0x00000000964c0000)
  eden space 34944K, 100% used [0x0000000081800000, 0x0000000083a20000, 0x0000000083a20000)
  from space 4352K,  47% used [0x0000000083a20000, 0x0000000083c28618, 0x0000000083e60000)
  to   space 4352K,   0% used [0x0000000083e60000, 0x0000000083e60000, 0x00000000842a0000)
 concurrent mark-sweep generation total 92808K, used 56322K [0x00000000964c0000, 0x000000009bf62000, 0x0000000100000000)
 Metaspace       used 67064K, capacity 70012K, committed 70368K, reserved 1110016K
  class space    used 8834K, capacity 9366K, committed 9440K, reserved 1048576K
2019-05-24T17:22:33.469+0800: 54.941: [GC (Allocation Failure) 2019-05-24T17:22:33.469+0800: 54.941: [ParNew: 37025K->2173K(39296K), 0.0037615 secs] 93348K->58495K(132104K), 0.0039401 secs] [Times: user=0.00 sys=0.00, real=0.00 secs] 
Heap after GC invocations=187 (full 7):
 par new generation   total 39296K, used 2173K [0x0000000081800000, 0x00000000842a0000, 0x00000000964c0000)
  eden space 34944K,   0% used [0x0000000081800000, 0x0000000081800000, 0x0000000083a20000)
  from space 4352K,  49% used [0x0000000083e60000, 0x000000008407f440, 0x00000000842a0000)
  to   space 4352K,   0% used [0x0000000083a20000, 0x0000000083a20000, 0x0000000083e60000)
 concurrent mark-sweep generation total 92808K, used 56322K [0x00000000964c0000, 0x000000009bf62000, 0x0000000100000000)
 Metaspace       used 67064K, capacity 70012K, committed 70368K, reserved 1110016K
  class space    used 8834K, capacity 9366K, committed 9440K, reserved 1048576K
}
2019-05-24T17:22:33.529+0800: 55.001: Application time: 0.0560719 seconds
{Heap before GC invocations=187 (full 7):
 par new generation   total 39296K, used 37117K [0x0000000081800000, 0x00000000842a0000, 0x00000000964c0000)
  eden space 34944K, 100% used [0x0000000081800000, 0x0000000083a20000, 0x0000000083a20000)
  from space 4352K,  49% used [0x0000000083e60000, 0x000000008407f440, 0x00000000842a0000)
  to   space 4352K,   0% used [0x0000000083a20000, 0x0000000083a20000, 0x0000000083e60000)
 concurrent mark-sweep generation total 92808K, used 56322K [0x00000000964c0000, 0x000000009bf62000, 0x0000000100000000)
 Metaspace       used 67115K, capacity 70044K, committed 70496K, reserved 1110016K
  class space    used 8844K, capacity 9398K, committed 9568K, reserved 1048576K
2019-05-24T17:22:33.529+0800: 55.001: [GC (Allocation Failure) 2019-05-24T17:22:33.529+0800: 55.001: [ParNew: 37117K->2003K(39296K), 0.0040988 secs] 93439K->58326K(132104K), 0.0042775 secs] [Times: user=0.00 sys=0.00, real=0.00 secs] 
Heap after GC invocations=188 (full 7):
 par new generation   total 39296K, used 2003K [0x0000000081800000, 0x00000000842a0000, 0x00000000964c0000)
  eden space 34944K,   0% used [0x0000000081800000, 0x0000000081800000, 0x0000000083a20000)
  from space 4352K,  46% used [0x0000000083a20000, 0x0000000083c14ea0, 0x0000000083e60000)
  to   space 4352K,   0% used [0x0000000083e60000, 0x0000000083e60000, 0x00000000842a0000)
 concurrent mark-sweep generation total 92808K, used 56322K [0x00000000964c0000, 0x000000009bf62000, 0x0000000100000000)
 Metaspace       used 67115K, capacity 70044K, committed 70496K, reserved 1110016K
  class space    used 8844K, capacity 9398K, committed 9568K, reserved 1048576K
}
2019-05-24T17:22:33.533+0800: 55.006: [CMS-concurrent-abortable-preclean: 0.052/0.098 secs] [Times: user=0.13 sys=0.02, real=0.10 secs] 
2019-05-24T17:22:33.534+0800: 55.006: Application time: 0.0001354 seconds
2019-05-24T17:22:33.534+0800: 55.006: [GC (CMS Final Remark) [YG occupancy: 2706 K (39296 K)]2019-05-24T17:22:33.534+0800: 55.006: [Rescan (parallel) , 0.0027767 secs]2019-05-24T17:22:33.537+0800: 55.009: [weak refs processing, 0.0000865 secs]2019-05-24T17:22:33.537+0800: 55.009: [class unloading, 0.0154806 secs]2019-05-24T17:22:33.552+0800: 55.024: [scrub symbol table, 0.0142575 secs]2019-05-24T17:22:33.567+0800: 55.039: [scrub string table, 0.0007640 secs][1 CMS-remark: 56322K(92808K)] 59029K(132104K), 0.0396794 secs] [Times: user=0.05 sys=0.00, real=0.04 secs] 
2019-05-24T17:22:33.574+0800: 55.046: [CMS-concurrent-sweep-start]
2019-05-24T17:22:33.602+0800: 55.074: [CMS-concurrent-sweep: 0.028/0.028 secs] [Times: user=0.06 sys=0.00, real=0.03 secs] 
2019-05-24T17:22:33.602+0800: 55.074: [CMS-concurrent-reset-start]
2019-05-24T17:22:33.605+0800: 55.077: [CMS-concurrent-reset: 0.003/0.003 secs] [Times: user=0.05 sys=0.00, real=0.00 secs] 
2019-05-24T17:22:33.638+0800: 55.110: Application time: 0.0642389 seconds
{Heap before GC invocations=188 (full 7):
 par new generation   total 39296K, used 36947K [0x0000000081800000, 0x00000000842a0000, 0x00000000964c0000)
  eden space 34944K, 100% used [0x0000000081800000, 0x0000000083a20000, 0x0000000083a20000)
  from space 4352K,  46% used [0x0000000083a20000, 0x0000000083c14ea0, 0x0000000083e60000)
  to   space 4352K,   0% used [0x0000000083e60000, 0x0000000083e60000, 0x00000000842a0000)
 concurrent mark-sweep generation total 93732K, used 56238K [0x00000000964c0000, 0x000000009c049000, 0x0000000100000000)
 Metaspace       used 67151K, capacity 70060K, committed 70752K, reserved 1110016K
  class space    used 8851K, capacity 9390K, committed 9568K, reserved 1048576K
2019-05-24T17:22:33.638+0800: 55.110: [GC (Allocation Failure) 2019-05-24T17:22:33.638+0800: 55.110: [ParNew: 36947K->1818K(39296K), 0.0048316 secs] 93185K->58392K(133028K), 0.0049994 secs] [Times: user=0.00 sys=0.00, real=0.00 secs] 
Heap after GC invocations=189 (full 7):
 par new generation   total 39296K, used 1818K [0x0000000081800000, 0x00000000842a0000, 0x00000000964c0000)
  eden space 34944K,   0% used [0x0000000081800000, 0x0000000081800000, 0x0000000083a20000)
  from space 4352K,  41% used [0x0000000083e60000, 0x0000000084026888, 0x00000000842a0000)
  to   space 4352K,   0% used [0x0000000083a20000, 0x0000000083a20000, 0x0000000083e60000)
 concurrent mark-sweep generation total 93732K, used 56574K [0x00000000964c0000, 0x000000009c049000, 0x0000000100000000)
 Metaspace       used 67151K, capacity 70060K, committed 70752K, reserved 1110016K
  class space    used 8851K, capacity 9390K, committed 9568K, reserved 1048576K
}
2019-05-24T17:22:33.643+0800: 55.115: Application time: 0.0000449 seconds
2019-05-24T17:22:33.643+0800: 55.115: [GC (CMS Initial Mark) [1 CMS-initial-mark: 56574K(93732K)] 59093K(133028K), 0.0019803 secs] [Times: user=0.00 sys=0.00, real=0.00 secs] 
2019-05-24T17:22:33.645+0800: 55.117: [CMS-concurrent-mark-start]
2019-05-24T17:22:33.697+0800: 55.169: Application time: 0.0514429 seconds
{Heap before GC invocations=189 (full 8):
 par new generation   total 39296K, used 36762K [0x0000000081800000, 0x00000000842a0000, 0x00000000964c0000)
  eden space 34944K, 100% used [0x0000000081800000, 0x0000000083a20000, 0x0000000083a20000)
  from space 4352K,  41% used [0x0000000083e60000, 0x0000000084026888, 0x00000000842a0000)
  to   space 4352K,   0% used [0x0000000083a20000, 0x0000000083a20000, 0x0000000083e60000)
 concurrent mark-sweep generation total 93732K, used 56574K [0x00000000964c0000, 0x000000009c049000, 0x0000000100000000)
 Metaspace       used 67156K, capacity 70060K, committed 70752K, reserved 1110016K
  class space    used 8852K, capacity 9390K, committed 9568K, reserved 1048576K
2019-05-24T17:22:33.697+0800: 55.169: [GC (Allocation Failure) 2019-05-24T17:22:33.697+0800: 55.169: [ParNew: 36762K->1670K(39296K), 0.0045198 secs] 93336K->58443K(133028K), 0.0046808 secs] [Times: user=0.06 sys=0.00, real=0.00 secs] 
Heap after GC invocations=190 (full 8):
 par new generation   total 39296K, used 1670K [0x0000000081800000, 0x00000000842a0000, 0x00000000964c0000)
  eden space 34944K,   0% used [0x0000000081800000, 0x0000000081800000, 0x0000000083a20000)
  from space 4352K,  38% used [0x0000000083a20000, 0x0000000083bc1a58, 0x0000000083e60000)
  to   space 4352K,   0% used [0x0000000083e60000, 0x0000000083e60000, 0x00000000842a0000)
 concurrent mark-sweep generation total 93732K, used 56773K [0x00000000964c0000, 0x000000009c049000, 0x0000000100000000)
 Metaspace       used 67156K, capacity 70060K, committed 70752K, reserved 1110016K
  class space    used 8852K, capacity 9390K, committed 9568K, reserved 1048576K
}
2019-05-24T17:22:33.721+0800: 55.193: Application time: 0.0190293 seconds
2019-05-24T17:22:33.726+0800: 55.198: Application time: 0.0051843 seconds
2019-05-24T17:22:33.738+0800: 55.210: Application time: 0.0113482 seconds
2019-05-24T17:22:33.744+0800: 55.216: Application time: 0.0061474 seconds
2019-05-24T17:22:33.744+0800: 55.216: Application time: 0.0001098 seconds
2019-05-24T17:22:33.745+0800: 55.216: Application time: 0.0001132 seconds
2019-05-24T17:22:33.745+0800: 55.217: Application time: 0.0002577 seconds
2019-05-24T17:22:33.745+0800: 55.217: Application time: 0.0002071 seconds
2019-05-24T17:22:33.745+0800: 55.217: Application time: 0.0000677 seconds
2019-05-24T17:22:33.746+0800: 55.217: Application time: 0.0001138 seconds
2019-05-24T17:22:33.746+0800: 55.218: Application time: 0.0000762 seconds
2019-05-24T17:22:33.746+0800: 55.218: Application time: 0.0000705 seconds
2019-05-24T17:22:33.799+0800: 55.271: Application time: 0.0529499 seconds
{Heap before GC invocations=190 (full 8):
 par new generation   total 39296K, used 36614K [0x0000000081800000, 0x00000000842a0000, 0x00000000964c0000)
  eden space 34944K, 100% used [0x0000000081800000, 0x0000000083a20000, 0x0000000083a20000)
  from space 4352K,  38% used [0x0000000083a20000, 0x0000000083bc1a58, 0x0000000083e60000)
  to   space 4352K,   0% used [0x0000000083e60000, 0x0000000083e60000, 0x00000000842a0000)
 concurrent mark-sweep generation total 93732K, used 56773K [0x00000000964c0000, 0x000000009c049000, 0x0000000100000000)
 Metaspace       used 67201K, capacity 70124K, committed 70752K, reserved 1110016K
  class space    used 8856K, capacity 9390K, committed 9568K, reserved 1048576K
2019-05-24T17:22:33.799+0800: 55.271: [GC (Allocation Failure) 2019-05-24T17:22:33.799+0800: 55.271: [ParNew: 36614K->2157K(39296K), 0.0053567 secs] 93387K->59176K(133028K), 0.0055740 secs] [Times: user=0.00 sys=0.00, real=0.01 secs] 
Heap after GC invocations=191 (full 8):
 par new generation   total 39296K, used 2157K [0x0000000081800000, 0x00000000842a0000, 0x00000000964c0000)
  eden space 34944K,   0% used [0x0000000081800000, 0x0000000081800000, 0x0000000083a20000)
  from space 4352K,  49% used [0x0000000083e60000, 0x000000008407b678, 0x00000000842a0000)
  to   space 4352K,   0% used [0x0000000083a20000, 0x0000000083a20000, 0x0000000083e60000)
 concurrent mark-sweep generation total 93732K, used 57018K [0x00000000964c0000, 0x000000009c049000, 0x0000000100000000)
 Metaspace       used 67201K, capacity 70124K, committed 70752K, reserved 1110016K
  class space    used 8856K, capacity 9390K, committed 9568K, reserved 1048576K
}
2019-05-24T17:22:33.817+0800: 55.288: [CMS-concurrent-mark: 0.159/0.171 secs] [Times: user=0.50 sys=0.00, real=0.17 secs] 
2019-05-24T17:22:33.817+0800: 55.289: [CMS-concurrent-preclean-start]
2019-05-24T17:22:33.826+0800: 55.298: [CMS-concurrent-preclean: 0.009/0.009 secs] [Times: user=0.03 sys=0.01, real=0.01 secs] 
2019-05-24T17:22:33.826+0800: 55.298: [CMS-concurrent-abortable-preclean-start]
2019-05-24T17:22:33.838+0800: 55.310: Application time: 0.0333904 seconds
2019-05-24T17:22:33.851+0800: 55.323: Application time: 0.0124706 seconds
2019-05-24T17:22:33.886+0800: 55.357: Application time: 0.0337237 seconds
{Heap before GC invocations=191 (full 8):
 par new generation   total 39296K, used 37101K [0x0000000081800000, 0x00000000842a0000, 0x00000000964c0000)
  eden space 34944K, 100% used [0x0000000081800000, 0x0000000083a20000, 0x0000000083a20000)
  from space 4352K,  49% used [0x0000000083e60000, 0x000000008407b678, 0x00000000842a0000)
  to   space 4352K,   0% used [0x0000000083a20000, 0x0000000083a20000, 0x0000000083e60000)
 concurrent mark-sweep generation total 93732K, used 57018K [0x00000000964c0000, 0x000000009c049000, 0x0000000100000000)
 Metaspace       used 67249K, capacity 70146K, committed 70752K, reserved 1110016K
  class space    used 8863K, capacity 9395K, committed 9568K, reserved 1048576K
2019-05-24T17:22:33.886+0800: 55.358: [GC (Allocation Failure) 2019-05-24T17:22:33.886+0800: 55.358: [ParNew: 37101K->2095K(39296K), 0.0048418 secs] 94120K->59290K(133028K), 0.0050148 secs] [Times: user=0.06 sys=0.00, real=0.00 secs] 
Heap after GC invocations=192 (full 8):
 par new generation   total 39296K, used 2095K [0x0000000081800000, 0x00000000842a0000, 0x00000000964c0000)
  eden space 34944K,   0% used [0x0000000081800000, 0x0000000081800000, 0x0000000083a20000)
  from space 4352K,  48% used [0x0000000083a20000, 0x0000000083c2bf68, 0x0000000083e60000)
  to   space 4352K,   0% used [0x0000000083e60000, 0x0000000083e60000, 0x00000000842a0000)
 concurrent mark-sweep generation total 93732K, used 57194K [0x00000000964c0000, 0x000000009c049000, 0x0000000100000000)
 Metaspace       used 67249K, capacity 70146K, committed 70752K, reserved 1110016K
  class space    used 8863K, capacity 9395K, committed 9568K, reserved 1048576K
}
2019-05-24T17:22:33.940+0800: 55.411: [CMS-concurrent-abortable-preclean: 0.106/0.113 secs] [Times: user=0.44 sys=0.00, real=0.11 secs] 
2019-05-24T17:22:33.942+0800: 55.414: Application time: 0.0510492 seconds
2019-05-24T17:22:33.942+0800: 55.414: [GC (CMS Final Remark) [YG occupancy: 26544 K (39296 K)]2019-05-24T17:22:33.942+0800: 55.414: [Rescan (parallel) , 0.0061713 secs]2019-05-24T17:22:33.948+0800: 55.421: [weak refs processing, 0.0002025 secs]2019-05-24T17:22:33.949+0800: 55.421: [class unloading, 0.0228648 secs]2019-05-24T17:22:33.972+0800: 55.444: [scrub symbol table, 0.0197774 secs]2019-05-24T17:22:33.992+0800: 55.464: [scrub string table, 0.0010894 secs][1 CMS-remark: 57194K(93732K)] 83739K(133028K), 0.0506197 secs] [Times: user=0.06 sys=0.00, real=0.05 secs] 
2019-05-24T17:22:33.993+0800: 55.465: [CMS-concurrent-sweep-start]
2019-05-24T17:22:34.011+0800: 55.483: Application time: 0.0181328 seconds
{Heap before GC invocations=192 (full 8):
 par new generation   total 39296K, used 37039K [0x0000000081800000, 0x00000000842a0000, 0x00000000964c0000)
  eden space 34944K, 100% used [0x0000000081800000, 0x0000000083a20000, 0x0000000083a20000)
  from space 4352K,  48% used [0x0000000083a20000, 0x0000000083c2bf68, 0x0000000083e60000)
  to   space 4352K,   0% used [0x0000000083e60000, 0x0000000083e60000, 0x00000000842a0000)
 concurrent mark-sweep generation total 93732K, used 57179K [0x00000000964c0000, 0x000000009c049000, 0x0000000100000000)
 Metaspace       used 67266K, capacity 70154K, committed 70752K, reserved 1110016K
  class space    used 8863K, capacity 9395K, committed 9568K, reserved 1048576K
2019-05-24T17:22:34.011+0800: 55.483: [GC (Allocation Failure) 2019-05-24T17:22:34.011+0800: 55.483: [ParNew: 37039K->2134K(39296K), 0.0045705 secs] 94219K->59434K(133028K), 0.0047536 secs] [Times: user=0.00 sys=0.00, real=0.01 secs] 
Heap after GC invocations=193 (full 8):
 par new generation   total 39296K, used 2134K [0x0000000081800000, 0x00000000842a0000, 0x00000000964c0000)
  eden space 34944K,   0% used [0x0000000081800000, 0x0000000081800000, 0x0000000083a20000)
  from space 4352K,  49% used [0x0000000083e60000, 0x0000000084075af0, 0x00000000842a0000)
  to   space 4352K,   0% used [0x0000000083a20000, 0x0000000083a20000, 0x0000000083e60000)
 concurrent mark-sweep generation total 93732K, used 57299K [0x00000000964c0000, 0x000000009c049000, 0x0000000100000000)
 Metaspace       used 67266K, capacity 70154K, committed 70752K, reserved 1110016K
  class space    used 8863K, capacity 9395K, committed 9568K, reserved 1048576K
}
2019-05-24T17:22:34.032+0800: 55.504: [CMS-concurrent-sweep: 0.034/0.039 secs] [Times: user=0.14 sys=0.00, real=0.04 secs] 
2019-05-24T17:22:34.032+0800: 55.505: [CMS-concurrent-reset-start]
2019-05-24T17:22:34.036+0800: 55.508: [CMS-concurrent-reset: 0.003/0.003 secs] [Times: user=0.00 sys=0.00, real=0.00 secs] 
2019-05-24T17:22:34.118+0800: 55.590: Application time: 0.1014255 seconds
{Heap before GC invocations=193 (full 8):
 par new generation   total 39296K, used 37078K [0x0000000081800000, 0x00000000842a0000, 0x00000000964c0000)
  eden space 34944K, 100% used [0x0000000081800000, 0x0000000083a20000, 0x0000000083a20000)
  from space 4352K,  49% used [0x0000000083e60000, 0x0000000084075af0, 0x00000000842a0000)
  to   space 4352K,   0% used [0x0000000083a20000, 0x0000000083a20000, 0x0000000083e60000)
 concurrent mark-sweep generation total 95480K, used 57287K [0x00000000964c0000, 0x000000009c1fe000, 0x0000000100000000)
 Metaspace       used 67360K, capacity 70322K, committed 70752K, reserved 1110016K
  class space    used 8877K, capacity 9429K, committed 9568K, reserved 1048576K
2019-05-24T17:22:34.118+0800: 55.590: [GC (Allocation Failure) 2019-05-24T17:22:34.118+0800: 55.590: [ParNew: 37078K->2518K(39296K), 0.0051024 secs] 94366K->59875K(134776K), 0.0053037 secs] [Times: user=0.08 sys=0.00, real=0.00 secs] 
Heap after GC invocations=194 (full 8):
 par new generation   total 39296K, used 2518K [0x0000000081800000, 0x00000000842a0000, 0x00000000964c0000)
  eden space 34944K,   0% used [0x0000000081800000, 0x0000000081800000, 0x0000000083a20000)
  from space 4352K,  57% used [0x0000000083a20000, 0x0000000083c95b48, 0x0000000083e60000)
  to   space 4352K,   0% used [0x0000000083e60000, 0x0000000083e60000, 0x00000000842a0000)
 concurrent mark-sweep generation total 95480K, used 57356K [0x00000000964c0000, 0x000000009c1fe000, 0x0000000100000000)
 Metaspace       used 67360K, capacity 70322K, committed 70752K, reserved 1110016K
  class space    used 8877K, capacity 9429K, committed 9568K, reserved 1048576K
}
2019-05-24T17:22:34.124+0800: 55.596: Application time: 0.0000518 seconds
2019-05-24T17:22:34.124+0800: 55.596: [GC (CMS Initial Mark) [1 CMS-initial-mark: 57356K(95480K)] 60574K(134776K), 0.0023791 secs] [Times: user=0.00 sys=0.00, real=0.00 secs] 
2019-05-24T17:22:34.126+0800: 55.598: [CMS-concurrent-mark-start]
2019-05-24T17:22:34.285+0800: 55.757: Application time: 0.1583644 seconds
{Heap before GC invocations=194 (full 9):
 par new generation   total 39296K, used 37462K [0x0000000081800000, 0x00000000842a0000, 0x00000000964c0000)
  eden space 34944K, 100% used [0x0000000081800000, 0x0000000083a20000, 0x0000000083a20000)
  from space 4352K,  57% used [0x0000000083a20000, 0x0000000083c95b48, 0x0000000083e60000)
  to   space 4352K,   0% used [0x0000000083e60000, 0x0000000083e60000, 0x00000000842a0000)
 concurrent mark-sweep generation total 95480K, used 57356K [0x00000000964c0000, 0x000000009c1fe000, 0x0000000100000000)
 Metaspace       used 67530K, capacity 70452K, committed 71008K, reserved 1110016K
  class space    used 8907K, capacity 9444K, committed 9568K, reserved 1048576K
2019-05-24T17:22:34.285+0800: 55.757: [GC (Allocation Failure) 2019-05-24T17:22:34.285+0800: 55.757: [ParNew: 37462K->2935K(39296K), 0.0057344 secs] 94819K->60368K(134776K), 0.0059585 secs] [Times: user=0.00 sys=0.00, real=0.01 secs] 
Heap after GC invocations=195 (full 9):
 par new generation   total 39296K, used 2935K [0x0000000081800000, 0x00000000842a0000, 0x00000000964c0000)
  eden space 34944K,   0% used [0x0000000081800000, 0x0000000081800000, 0x0000000083a20000)
  from space 4352K,  67% used [0x0000000083e60000, 0x000000008413de60, 0x00000000842a0000)
  to   space 4352K,   0% used [0x0000000083a20000, 0x0000000083a20000, 0x0000000083e60000)
 concurrent mark-sweep generation total 95480K, used 57432K [0x00000000964c0000, 0x000000009c1fe000, 0x0000000100000000)
 Metaspace       used 67530K, capacity 70452K, committed 71008K, reserved 1110016K
  class space    used 8907K, capacity 9444K, committed 9568K, reserved 1048576K
}
2019-05-24T17:22:34.319+0800: 55.791: [CMS-concurrent-mark: 0.186/0.193 secs] [Times: user=0.58 sys=0.01, real=0.19 secs] 
2019-05-24T17:22:34.319+0800: 55.791: [CMS-concurrent-preclean-start]
2019-05-24T17:22:34.327+0800: 55.799: [CMS-concurrent-preclean: 0.008/0.008 secs] [Times: user=0.05 sys=0.00, real=0.01 secs] 
2019-05-24T17:22:34.327+0800: 55.800: [CMS-concurrent-abortable-preclean-start]
2019-05-24T17:22:34.433+0800: 55.905: Application time: 0.1417204 seconds
{Heap before GC invocations=195 (full 9):
 par new generation   total 39296K, used 37879K [0x0000000081800000, 0x00000000842a0000, 0x00000000964c0000)
  eden space 34944K, 100% used [0x0000000081800000, 0x0000000083a20000, 0x0000000083a20000)
  from space 4352K,  67% used [0x0000000083e60000, 0x000000008413de60, 0x00000000842a0000)
  to   space 4352K,   0% used [0x0000000083a20000, 0x0000000083a20000, 0x0000000083e60000)
 concurrent mark-sweep generation total 95480K, used 57432K [0x00000000964c0000, 0x000000009c1fe000, 0x0000000100000000)
 Metaspace       used 67639K, capacity 70626K, committed 71008K, reserved 1110016K
  class space    used 8921K, capacity 9489K, committed 9568K, reserved 1048576K
2019-05-24T17:22:34.433+0800: 55.905: [GC (Allocation Failure) 2019-05-24T17:22:34.433+0800: 55.905: [ParNew: 37879K->3765K(39296K), 0.0058578 secs] 95312K->61295K(134776K), 0.0060319 secs] [Times: user=0.00 sys=0.00, real=0.01 secs] 
Heap after GC invocations=196 (full 9):
 par new generation   total 39296K, used 3765K [0x0000000081800000, 0x00000000842a0000, 0x00000000964c0000)
  eden space 34944K,   0% used [0x0000000081800000, 0x0000000081800000, 0x0000000083a20000)
  from space 4352K,  86% used [0x0000000083a20000, 0x0000000083dcd7b0, 0x0000000083e60000)
  to   space 4352K,   0% used [0x0000000083e60000, 0x0000000083e60000, 0x00000000842a0000)
 concurrent mark-sweep generation total 95480K, used 57529K [0x00000000964c0000, 0x000000009c1fe000, 0x0000000100000000)
 Metaspace       used 67639K, capacity 70626K, committed 71008K, reserved 1110016K
  class space    used 8921K, capacity 9489K, committed 9568K, reserved 1048576K
}
2019-05-24T17:22:34.550+0800: 56.022: Application time: 0.1106984 seconds
{Heap before GC invocations=196 (full 9):
 par new generation   total 39296K, used 38709K [0x0000000081800000, 0x00000000842a0000, 0x00000000964c0000)
  eden space 34944K, 100% used [0x0000000081800000, 0x0000000083a20000, 0x0000000083a20000)
  from space 4352K,  86% used [0x0000000083a20000, 0x0000000083dcd7b0, 0x0000000083e60000)
  to   space 4352K,   0% used [0x0000000083e60000, 0x0000000083e60000, 0x00000000842a0000)
 concurrent mark-sweep generation total 95480K, used 57529K [0x00000000964c0000, 0x000000009c1fe000, 0x0000000100000000)
 Metaspace       used 67740K, capacity 70714K, committed 71008K, reserved 1110016K
  class space    used 8933K, capacity 9493K, committed 9568K, reserved 1048576K
2019-05-24T17:22:34.550+0800: 56.022: [GC (Allocation Failure) 2019-05-24T17:22:34.550+0800: 56.022: [ParNew: 38709K->3891K(39296K), 0.0070889 secs] 96239K->61674K(134776K), 0.0073062 secs] [Times: user=0.00 sys=0.00, real=0.01 secs] 
Heap after GC invocations=197 (full 9):
 par new generation   total 39296K, used 3891K [0x0000000081800000, 0x00000000842a0000, 0x00000000964c0000)
  eden space 34944K,   0% used [0x0000000081800000, 0x0000000081800000, 0x0000000083a20000)
  from space 4352K,  89% used [0x0000000083e60000, 0x000000008422cc38, 0x00000000842a0000)
  to   space 4352K,   0% used [0x0000000083a20000, 0x0000000083a20000, 0x0000000083e60000)
 concurrent mark-sweep generation total 95480K, used 57783K [0x00000000964c0000, 0x000000009c1fe000, 0x0000000100000000)
 Metaspace       used 67740K, capacity 70714K, committed 71008K, reserved 1110016K
  class space    used 8933K, capacity 9493K, committed 9568K, reserved 1048576K
}
2019-05-24T17:22:34.558+0800: 56.030: [CMS-concurrent-abortable-preclean: 0.092/0.230 secs] [Times: user=0.75 sys=0.02, real=0.23 secs] 
2019-05-24T17:22:34.565+0800: 56.037: Application time: 0.0070616 seconds
2019-05-24T17:22:34.565+0800: 56.037: [GC (CMS Final Remark) [YG occupancy: 4611 K (39296 K)]2019-05-24T17:22:34.565+0800: 56.037: [Rescan (parallel) , 0.0042240 secs]2019-05-24T17:22:34.569+0800: 56.041: [weak refs processing, 0.0001530 secs]2019-05-24T17:22:34.569+0800: 56.042: [class unloading, 0.0273402 secs]2019-05-24T17:22:34.597+0800: 56.069: [scrub symbol table, 0.0255994 secs]2019-05-24T17:22:34.623+0800: 56.095: [scrub string table, 0.0015906 secs][1 CMS-remark: 57783K(95480K)] 62395K(134776K), 0.0594568 secs] [Times: user=0.19 sys=0.00, real=0.06 secs] 
2019-05-24T17:22:34.625+0800: 56.097: Application time: 0.0003152 seconds
2019-05-24T17:22:34.627+0800: 56.099: [CMS-concurrent-sweep-start]
2019-05-24T17:22:34.647+0800: 56.119: Application time: 0.0215660 seconds
2019-05-24T17:22:34.664+0800: 56.136: [CMS-concurrent-sweep: 0.036/0.037 secs] [Times: user=0.13 sys=0.02, real=0.04 secs] 
2019-05-24T17:22:34.664+0800: 56.136: [CMS-concurrent-reset-start]
2019-05-24T17:22:34.668+0800: 56.139: [CMS-concurrent-reset: 0.003/0.003 secs] [Times: user=0.05 sys=0.02, real=0.00 secs] 
2019-05-24T17:22:34.693+0800: 56.165: Application time: 0.0444331 seconds
2019-05-24T17:22:34.739+0800: 56.211: Application time: 0.0451755 seconds
2019-05-24T17:22:34.740+0800: 56.212: Application time: 0.0001411 seconds
2019-05-24T17:22:34.753+0800: 56.224: Application time: 0.0112100 seconds
2019-05-24T17:22:34.760+0800: 56.232: Application time: 0.0070906 seconds
2019-05-24T17:22:34.760+0800: 56.233: Application time: 0.0000410 seconds
2019-05-24T17:22:34.807+0800: 56.279: Application time: 0.0462131 seconds
{Heap before GC invocations=197 (full 9):
 par new generation   total 39296K, used 38835K [0x0000000081800000, 0x00000000842a0000, 0x00000000964c0000)
  eden space 34944K, 100% used [0x0000000081800000, 0x0000000083a20000, 0x0000000083a20000)
  from space 4352K,  89% used [0x0000000083e60000, 0x000000008422cc38, 0x00000000842a0000)
  to   space 4352K,   0% used [0x0000000083a20000, 0x0000000083a20000, 0x0000000083e60000)
 concurrent mark-sweep generation total 96160K, used 57693K [0x00000000964c0000, 0x000000009c2a8000, 0x0000000100000000)
 Metaspace       used 68214K, capacity 71226K, committed 71648K, reserved 1112064K
  class space    used 8993K, capacity 9559K, committed 9696K, reserved 1048576K
2019-05-24T17:22:34.807+0800: 56.279: [GC (Allocation Failure) 2019-05-24T17:22:34.818+0800: 56.290: [ParNew: 38835K->3356K(39296K), 0.0069530 secs] 96528K->61554K(135456K), 0.0181055 secs] [Times: user=0.08 sys=0.00, real=0.02 secs] 
Heap after GC invocations=198 (full 9):
 par new generation   total 39296K, used 3356K [0x0000000081800000, 0x00000000842a0000, 0x00000000964c0000)
  eden space 34944K,   0% used [0x0000000081800000, 0x0000000081800000, 0x0000000083a20000)
  from space 4352K,  77% used [0x0000000083a20000, 0x0000000083d67220, 0x0000000083e60000)
  to   space 4352K,   0% used [0x0000000083e60000, 0x0000000083e60000, 0x00000000842a0000)
 concurrent mark-sweep generation total 96160K, used 58197K [0x00000000964c0000, 0x000000009c2a8000, 0x0000000100000000)
 Metaspace       used 68214K, capacity 71226K, committed 71648K, reserved 1112064K
  class space    used 8993K, capacity 9559K, committed 9696K, reserved 1048576K
}
2019-05-24T17:22:34.825+0800: 56.297: Application time: 0.0000796 seconds
2019-05-24T17:22:34.825+0800: 56.298: [GC (CMS Initial Mark) [1 CMS-initial-mark: 58197K(96160K)] 62253K(135456K), 0.0029053 secs] [Times: user=0.00 sys=0.00, real=0.00 secs] 
2019-05-24T17:22:34.829+0800: 56.301: [CMS-concurrent-mark-start]
2019-05-24T17:22:34.986+0800: 56.458: [CMS-concurrent-mark: 0.158/0.158 secs] [Times: user=0.83 sys=0.00, real=0.16 secs] 
2019-05-24T17:22:34.987+0800: 56.458: [CMS-concurrent-preclean-start]
2019-05-24T17:22:34.989+0800: 56.461: [CMS-concurrent-preclean: 0.003/0.003 secs] [Times: user=0.00 sys=0.00, real=0.00 secs] 
2019-05-24T17:22:34.989+0800: 56.461: [CMS-concurrent-abortable-preclean-start]
2019-05-24T17:22:35.040+0800: 56.512: Application time: 0.2111994 seconds
{Heap before GC invocations=198 (full 10):
 par new generation   total 39296K, used 38300K [0x0000000081800000, 0x00000000842a0000, 0x00000000964c0000)
  eden space 34944K, 100% used [0x0000000081800000, 0x0000000083a20000, 0x0000000083a20000)
  from space 4352K,  77% used [0x0000000083a20000, 0x0000000083d67220, 0x0000000083e60000)
  to   space 4352K,   0% used [0x0000000083e60000, 0x0000000083e60000, 0x00000000842a0000)
 concurrent mark-sweep generation total 96160K, used 58197K [0x00000000964c0000, 0x000000009c2a8000, 0x0000000100000000)
 Metaspace       used 68465K, capacity 71648K, committed 71904K, reserved 1112064K
  class space    used 9026K, capacity 9598K, committed 9696K, reserved 1048576K
2019-05-24T17:22:35.040+0800: 56.512: [GC (Allocation Failure) 2019-05-24T17:22:35.040+0800: 56.512: [ParNew: 38300K->2275K(39296K), 0.0075349 secs] 96498K->61168K(135456K), 0.0077107 secs] [Times: user=0.09 sys=0.00, real=0.01 secs] 
Heap after GC invocations=199 (full 10):
 par new generation   total 39296K, used 2275K [0x0000000081800000, 0x00000000842a0000, 0x00000000964c0000)
  eden space 34944K,   0% used [0x0000000081800000, 0x0000000081800000, 0x0000000083a20000)
  from space 4352K,  52% used [0x0000000083e60000, 0x0000000084098c88, 0x00000000842a0000)
  to   space 4352K,   0% used [0x0000000083a20000, 0x0000000083a20000, 0x0000000083e60000)
 concurrent mark-sweep generation total 96160K, used 58893K [0x00000000964c0000, 0x000000009c2a8000, 0x0000000100000000)
 Metaspace       used 68465K, capacity 71648K, committed 71904K, reserved 1112064K
  class space    used 9026K, capacity 9598K, committed 9696K, reserved 1048576K
}
2019-05-24T17:22:35.088+0800: 56.560: [CMS-concurrent-abortable-preclean: 0.090/0.099 secs] [Times: user=0.47 sys=0.00, real=0.10 secs] 
2019-05-24T17:22:35.088+0800: 56.560: Application time: 0.0399132 seconds
2019-05-24T17:22:35.088+0800: 56.560: [GC (CMS Final Remark) [YG occupancy: 23240 K (39296 K)]2019-05-24T17:22:35.088+0800: 56.560: [Rescan (parallel) , 0.0055740 secs]2019-05-24T17:22:35.094+0800: 56.566: [weak refs processing, 0.0001502 secs]2019-05-24T17:22:35.094+0800: 56.566: [class unloading, 0.0185395 secs]2019-05-24T17:22:35.113+0800: 56.585: [scrub symbol table, 0.0215871 secs]2019-05-24T17:22:35.134+0800: 56.606: [scrub string table, 0.0011822 secs][1 CMS-remark: 58893K(96160K)] 82134K(135456K), 0.0476001 secs] [Times: user=0.20 sys=0.00, real=0.05 secs] 
2019-05-24T17:22:35.136+0800: 56.608: [CMS-concurrent-sweep-start]
2019-05-24T17:22:35.166+0800: 56.638: Application time: 0.0298945 seconds
{Heap before GC invocations=199 (full 10):
 par new generation   total 39296K, used 37219K [0x0000000081800000, 0x00000000842a0000, 0x00000000964c0000)
  eden space 34944K, 100% used [0x0000000081800000, 0x0000000083a20000, 0x0000000083a20000)
  from space 4352K,  52% used [0x0000000083e60000, 0x0000000084098c88, 0x00000000842a0000)
  to   space 4352K,   0% used [0x0000000083a20000, 0x0000000083a20000, 0x0000000083e60000)
 concurrent mark-sweep generation total 96160K, used 58861K [0x00000000964c0000, 0x000000009c2a8000, 0x0000000100000000)
 Metaspace       used 68468K, capacity 71652K, committed 71904K, reserved 1112064K
  class space    used 9026K, capacity 9598K, committed 9696K, reserved 1048576K
2019-05-24T17:22:35.166+0800: 56.638: [GC (Allocation Failure) 2019-05-24T17:22:35.166+0800: 56.638: [ParNew: 37219K->3177K(39296K), 0.0052793 secs] 96080K->62038K(135456K), 0.0054716 secs] [Times: user=0.09 sys=0.00, real=0.01 secs] 
Heap after GC invocations=200 (full 10):
 par new generation   total 39296K, used 3177K [0x0000000081800000, 0x00000000842a0000, 0x00000000964c0000)
  eden space 34944K,   0% used [0x0000000081800000, 0x0000000081800000, 0x0000000083a20000)
  from space 4352K,  73% used [0x0000000083a20000, 0x0000000083d3a430, 0x0000000083e60000)
  to   space 4352K,   0% used [0x0000000083e60000, 0x0000000083e60000, 0x00000000842a0000)
 concurrent mark-sweep generation total 96160K, used 58861K [0x00000000964c0000, 0x000000009c2a8000, 0x0000000100000000)
 Metaspace       used 68468K, capacity 71652K, committed 71904K, reserved 1112064K
  class space    used 9026K, capacity 9598K, committed 9696K, reserved 1048576K
}
2019-05-24T17:22:35.179+0800: 56.651: [CMS-concurrent-sweep: 0.037/0.043 secs] [Times: user=0.25 sys=0.00, real=0.04 secs] 
2019-05-24T17:22:35.179+0800: 56.651: [CMS-concurrent-reset-start]
2019-05-24T17:22:35.183+0800: 56.655: [CMS-concurrent-reset: 0.004/0.004 secs] [Times: user=0.00 sys=0.00, real=0.00 secs] 
2019-05-24T17:22:35.332+0800: 56.804: Application time: 0.1606889 seconds
{Heap before GC invocations=200 (full 10):
 par new generation   total 39296K, used 38121K [0x0000000081800000, 0x00000000842a0000, 0x00000000964c0000)
  eden space 34944K, 100% used [0x0000000081800000, 0x0000000083a20000, 0x0000000083a20000)
  from space 4352K,  73% used [0x0000000083a20000, 0x0000000083d3a430, 0x0000000083e60000)
  to   space 4352K,   0% used [0x0000000083e60000, 0x0000000083e60000, 0x00000000842a0000)
 concurrent mark-sweep generation total 98028K, used 58814K [0x00000000964c0000, 0x000000009c47b000, 0x0000000100000000)
 Metaspace       used 68596K, capacity 71832K, committed 72160K, reserved 1112064K
  class space    used 9045K, capacity 9618K, committed 9696K, reserved 1048576K
2019-05-24T17:22:35.332+0800: 56.805: [GC (Allocation Failure) 2019-05-24T17:22:35.333+0800: 56.805: [ParNew: 38121K->3690K(39296K), 0.0059483 secs] 96935K->62505K(137324K), 0.0061537 secs] [Times: user=0.00 sys=0.00, real=0.01 secs] 
Heap after GC invocations=201 (full 10):
 par new generation   total 39296K, used 3690K [0x0000000081800000, 0x00000000842a0000, 0x00000000964c0000)
  eden space 34944K,   0% used [0x0000000081800000, 0x0000000081800000, 0x0000000083a20000)
  from space 4352K,  84% used [0x0000000083e60000, 0x00000000841faba8, 0x00000000842a0000)
  to   space 4352K,   0% used [0x0000000083a20000, 0x0000000083a20000, 0x0000000083e60000)
 concurrent mark-sweep generation total 98028K, used 58814K [0x00000000964c0000, 0x000000009c47b000, 0x0000000100000000)
 Metaspace       used 68596K, capacity 71832K, committed 72160K, reserved 1112064K
  class space    used 9045K, capacity 9618K, committed 9696K, reserved 1048576K
}
2019-05-24T17:22:35.416+0800: 56.888: Application time: 0.0766976 seconds
{Heap before GC invocations=201 (full 10):
 par new generation   total 39296K, used 38634K [0x0000000081800000, 0x00000000842a0000, 0x00000000964c0000)
  eden space 34944K, 100% used [0x0000000081800000, 0x0000000083a20000, 0x0000000083a20000)
  from space 4352K,  84% used [0x0000000083e60000, 0x00000000841faba8, 0x00000000842a0000)
  to   space 4352K,   0% used [0x0000000083a20000, 0x0000000083a20000, 0x0000000083e60000)
 concurrent mark-sweep generation total 98028K, used 58814K [0x00000000964c0000, 0x000000009c47b000, 0x0000000100000000)
 Metaspace       used 68668K, capacity 71928K, committed 72160K, reserved 1112064K
  class space    used 9053K, capacity 9650K, committed 9696K, reserved 1048576K
2019-05-24T17:22:35.416+0800: 56.888: [GC (Allocation Failure) 2019-05-24T17:22:35.416+0800: 56.888: [ParNew: 38634K->2905K(39296K), 0.0062197 secs] 97449K->61992K(137324K), 0.0064102 secs] [Times: user=0.06 sys=0.00, real=0.01 secs] 
Heap after GC invocations=202 (full 10):
 par new generation   total 39296K, used 2905K [0x0000000081800000, 0x00000000842a0000, 0x00000000964c0000)
  eden space 34944K,   0% used [0x0000000081800000, 0x0000000081800000, 0x0000000083a20000)
  from space 4352K,  66% used [0x0000000083a20000, 0x0000000083cf65c8, 0x0000000083e60000)
  to   space 4352K,   0% used [0x0000000083e60000, 0x0000000083e60000, 0x00000000842a0000)
 concurrent mark-sweep generation total 98028K, used 59087K [0x00000000964c0000, 0x000000009c47b000, 0x0000000100000000)
 Metaspace       used 68668K, capacity 71928K, committed 72160K, reserved 1112064K
  class space    used 9053K, capacity 9650K, committed 9696K, reserved 1048576K
}
2019-05-24T17:22:35.423+0800: 56.895: Application time: 0.0001769 seconds
2019-05-24T17:22:35.423+0800: 56.895: [GC (CMS Initial Mark) [1 CMS-initial-mark: 59087K(98028K)] 61997K(137324K), 0.0022687 secs] [Times: user=0.00 sys=0.00, real=0.00 secs] 
2019-05-24T17:22:35.425+0800: 56.897: [CMS-concurrent-mark-start]
2019-05-24T17:22:35.555+0800: 57.027: Application time: 0.1298818 seconds
{Heap before GC invocations=202 (full 11):
 par new generation   total 39296K, used 37849K [0x0000000081800000, 0x00000000842a0000, 0x00000000964c0000)
  eden space 34944K, 100% used [0x0000000081800000, 0x0000000083a20000, 0x0000000083a20000)
  from space 4352K,  66% used [0x0000000083a20000, 0x0000000083cf65c8, 0x0000000083e60000)
  to   space 4352K,   0% used [0x0000000083e60000, 0x0000000083e60000, 0x00000000842a0000)
 concurrent mark-sweep generation total 98028K, used 59087K [0x00000000964c0000, 0x000000009c47b000, 0x0000000100000000)
 Metaspace       used 68677K, capacity 71940K, committed 72160K, reserved 1112064K
  class space    used 9054K, capacity 9652K, committed 9696K, reserved 1048576K
2019-05-24T17:22:35.555+0800: 57.027: [GC (Allocation Failure) 2019-05-24T17:22:35.556+0800: 57.027: [ParNew: 37849K->3393K(39296K), 0.0066099 secs] 96936K->62824K(137324K), 0.0068215 secs] [Times: user=0.08 sys=0.00, real=0.01 secs] 
Heap after GC invocations=203 (full 11):
 par new generation   total 39296K, used 3393K [0x0000000081800000, 0x00000000842a0000, 0x00000000964c0000)
  eden space 34944K,   0% used [0x0000000081800000, 0x0000000081800000, 0x0000000083a20000)
  from space 4352K,  77% used [0x0000000083e60000, 0x00000000841b0428, 0x00000000842a0000)
  to   space 4352K,   0% used [0x0000000083a20000, 0x0000000083a20000, 0x0000000083e60000)
 concurrent mark-sweep generation total 98028K, used 59431K [0x00000000964c0000, 0x000000009c47b000, 0x0000000100000000)
 Metaspace       used 68677K, capacity 71940K, committed 72160K, reserved 1112064K
  class space    used 9054K, capacity 9652K, committed 9696K, reserved 1048576K
}
2019-05-24T17:22:35.645+0800: 57.117: Application time: 0.0824650 seconds
{Heap before GC invocations=203 (full 11):
 par new generation   total 39296K, used 38337K [0x0000000081800000, 0x00000000842a0000, 0x00000000964c0000)
  eden space 34944K, 100% used [0x0000000081800000, 0x0000000083a20000, 0x0000000083a20000)
  from space 4352K,  77% used [0x0000000083e60000, 0x00000000841b0428, 0x00000000842a0000)
  to   space 4352K,   0% used [0x0000000083a20000, 0x0000000083a20000, 0x0000000083e60000)
 concurrent mark-sweep generation total 98028K, used 59431K [0x00000000964c0000, 0x000000009c47b000, 0x0000000100000000)
 Metaspace       used 68696K, capacity 71940K, committed 72160K, reserved 1112064K
  class space    used 9057K, capacity 9652K, committed 9696K, reserved 1048576K
2019-05-24T17:22:35.645+0800: 57.117: [GC (Allocation Failure) 2019-05-24T17:22:35.645+0800: 57.117: [ParNew: 38337K->3238K(39296K), 0.0054773 secs] 97768K->62670K(137324K), 0.0056798 secs] [Times: user=0.00 sys=0.00, real=0.01 secs] 
Heap after GC invocations=204 (full 11):
 par new generation   total 39296K, used 3238K [0x0000000081800000, 0x00000000842a0000, 0x00000000964c0000)
  eden space 34944K,   0% used [0x0000000081800000, 0x0000000081800000, 0x0000000083a20000)
  from space 4352K,  74% used [0x0000000083a20000, 0x0000000083d49b10, 0x0000000083e60000)
  to   space 4352K,   0% used [0x0000000083e60000, 0x0000000083e60000, 0x00000000842a0000)
 concurrent mark-sweep generation total 98028K, used 59431K [0x00000000964c0000, 0x000000009c47b000, 0x0000000100000000)
 Metaspace       used 68696K, capacity 71940K, committed 72160K, reserved 1112064K
  class space    used 9057K, capacity 9652K, committed 9696K, reserved 1048576K
}
2019-05-24T17:22:35.689+0800: 57.162: [CMS-concurrent-mark: 0.251/0.264 secs] [Times: user=1.06 sys=0.00, real=0.26 secs] 
2019-05-24T17:22:35.689+0800: 57.162: [CMS-concurrent-preclean-start]
2019-05-24T17:22:35.700+0800: 57.172: [CMS-concurrent-preclean: 0.010/0.010 secs] [Times: user=0.06 sys=0.00, real=0.01 secs] 
2019-05-24T17:22:35.700+0800: 57.172: [CMS-concurrent-abortable-preclean-start]
2019-05-24T17:22:35.726+0800: 57.198: Application time: 0.0750296 seconds
{Heap before GC invocations=204 (full 11):
 par new generation   total 39296K, used 38182K [0x0000000081800000, 0x00000000842a0000, 0x00000000964c0000)
  eden space 34944K, 100% used [0x0000000081800000, 0x0000000083a20000, 0x0000000083a20000)
  from space 4352K,  74% used [0x0000000083a20000, 0x0000000083d49b10, 0x0000000083e60000)
  to   space 4352K,   0% used [0x0000000083e60000, 0x0000000083e60000, 0x00000000842a0000)
 concurrent mark-sweep generation total 98028K, used 59431K [0x00000000964c0000, 0x000000009c47b000, 0x0000000100000000)
 Metaspace       used 68705K, capacity 72004K, committed 72160K, reserved 1112064K
  class space    used 9057K, capacity 9652K, committed 9696K, reserved 1048576K
2019-05-24T17:22:35.726+0800: 57.198: [GC (Allocation Failure) 2019-05-24T17:22:35.726+0800: 57.198: [ParNew: 38182K->3222K(39296K), 0.0077869 secs] 97614K->62654K(137324K), 0.0080071 secs] [Times: user=0.06 sys=0.00, real=0.01 secs] 
Heap after GC invocations=205 (full 11):
 par new generation   total 39296K, used 3222K [0x0000000081800000, 0x00000000842a0000, 0x00000000964c0000)
  eden space 34944K,   0% used [0x0000000081800000, 0x0000000081800000, 0x0000000083a20000)
  from space 4352K,  74% used [0x0000000083e60000, 0x0000000084185b10, 0x00000000842a0000)
  to   space 4352K,   0% used [0x0000000083a20000, 0x0000000083a20000, 0x0000000083e60000)
 concurrent mark-sweep generation total 98028K, used 59431K [0x00000000964c0000, 0x000000009c47b000, 0x0000000100000000)
 Metaspace       used 68705K, capacity 72004K, committed 72160K, reserved 1112064K
  class space    used 9057K, capacity 9652K, committed 9696K, reserved 1048576K
}
2019-05-24T17:22:35.933+0800: 57.406: [CMS-concurrent-abortable-preclean: 0.119/0.233 secs] [Times: user=0.77 sys=0.02, real=0.23 secs] 
2019-05-24T17:22:35.934+0800: 57.406: Application time: 0.1995354 seconds
2019-05-24T17:22:35.938+0800: 57.410: [GC (CMS Final Remark) [YG occupancy: 38166 K (39296 K)]2019-05-24T17:22:35.938+0800: 57.410: [Rescan (parallel) , 0.0073751 secs]2019-05-24T17:22:35.946+0800: 57.418: [weak refs processing, 0.0007310 secs]2019-05-24T17:22:35.947+0800: 57.419: [class unloading, 0.0317332 secs]2019-05-24T17:22:35.979+0800: 57.451: [scrub symbol table, 0.0313674 secs]2019-05-24T17:22:36.010+0800: 57.482: [scrub string table, 0.0016771 secs][1 CMS-remark: 59431K(98028K)] 97598K(137324K), 0.0735841 secs] [Times: user=0.16 sys=0.02, real=0.07 secs] 
2019-05-24T17:22:36.021+0800: 57.493: [CMS-concurrent-sweep-start]
2019-05-24T17:22:36.029+0800: 57.501: Application time: 0.0170445 seconds
{Heap before GC invocations=205 (full 11):
 par new generation   total 39296K, used 38166K [0x0000000081800000, 0x00000000842a0000, 0x00000000964c0000)
  eden space 34944K, 100% used [0x0000000081800000, 0x0000000083a20000, 0x0000000083a20000)
  from space 4352K,  74% used [0x0000000083e60000, 0x0000000084185b10, 0x00000000842a0000)
  to   space 4352K,   0% used [0x0000000083a20000, 0x0000000083a20000, 0x0000000083e60000)
 concurrent mark-sweep generation total 98028K, used 59430K [0x00000000964c0000, 0x000000009c47b000, 0x0000000100000000)
 Metaspace       used 68706K, capacity 72004K, committed 72160K, reserved 1112064K
  class space    used 9057K, capacity 9652K, committed 9696K, reserved 1048576K
2019-05-24T17:22:36.030+0800: 57.502: [GC (Allocation Failure) 2019-05-24T17:22:36.030+0800: 57.502: [ParNew: 38166K->2273K(39296K), 0.0087171 secs] 97597K->62028K(137324K), 0.0089651 secs] [Times: user=0.00 sys=0.00, real=0.01 secs] 
Heap after GC invocations=206 (full 11):
 par new generation   total 39296K, used 2273K [0x0000000081800000, 0x00000000842a0000, 0x00000000964c0000)
  eden space 34944K,   0% used [0x0000000081800000, 0x0000000081800000, 0x0000000083a20000)
  from space 4352K,  52% used [0x0000000083a20000, 0x0000000083c58640, 0x0000000083e60000)
  to   space 4352K,   0% used [0x0000000083e60000, 0x0000000083e60000, 0x00000000842a0000)
 concurrent mark-sweep generation total 98028K, used 59755K [0x00000000964c0000, 0x000000009c47b000, 0x0000000100000000)
 Metaspace       used 68706K, capacity 72004K, committed 72160K, reserved 1112064K
  class space    used 9057K, capacity 9652K, committed 9696K, reserved 1048576K
}
2019-05-24T17:22:36.074+0800: 57.546: [CMS-concurrent-sweep: 0.042/0.052 secs] [Times: user=0.22 sys=0.00, real=0.05 secs] 
2019-05-24T17:22:36.074+0800: 57.546: [CMS-concurrent-reset-start]
2019-05-24T17:22:36.077+0800: 57.549: [CMS-concurrent-reset: 0.004/0.004 secs] [Times: user=0.00 sys=0.00, real=0.00 secs] 
2019-05-24T17:22:36.174+0800: 57.646: Application time: 0.1352846 seconds
{Heap before GC invocations=206 (full 11):
 par new generation   total 39296K, used 37217K [0x0000000081800000, 0x00000000842a0000, 0x00000000964c0000)
  eden space 34944K, 100% used [0x0000000081800000, 0x0000000083a20000, 0x0000000083a20000)
  from space 4352K,  52% used [0x0000000083a20000, 0x0000000083c58640, 0x0000000083e60000)
  to   space 4352K,   0% used [0x0000000083e60000, 0x0000000083e60000, 0x00000000842a0000)
 concurrent mark-sweep generation total 99500K, used 59697K [0x00000000964c0000, 0x000000009c5eb000, 0x0000000100000000)
 Metaspace       used 68751K, capacity 72120K, committed 72416K, reserved 1112064K
  class space    used 9071K, capacity 9672K, committed 9696K, reserved 1048576K
2019-05-24T17:22:36.175+0800: 57.646: [GC (Allocation Failure) 2019-05-24T17:22:36.175+0800: 57.647: [ParNew: 37217K->3082K(39296K), 0.0064990 secs] 96915K->63152K(138796K), 0.0066935 secs] [Times: user=0.00 sys=0.00, real=0.01 secs] 
Heap after GC invocations=207 (full 11):
 par new generation   total 39296K, used 3082K [0x0000000081800000, 0x00000000842a0000, 0x00000000964c0000)
  eden space 34944K,   0% used [0x0000000081800000, 0x0000000081800000, 0x0000000083a20000)
  from space 4352K,  70% used [0x0000000083e60000, 0x0000000084162988, 0x00000000842a0000)
  to   space 4352K,   0% used [0x0000000083a20000, 0x0000000083a20000, 0x0000000083e60000)
 concurrent mark-sweep generation total 99500K, used 60069K [0x00000000964c0000, 0x000000009c5eb000, 0x0000000100000000)
 Metaspace       used 68751K, capacity 72120K, committed 72416K, reserved 1112064K
  class space    used 9071K, capacity 9672K, committed 9696K, reserved 1048576K
}
2019-05-24T17:22:36.181+0800: 57.653: Application time: 0.0000540 seconds
2019-05-24T17:22:36.181+0800: 57.654: [GC (CMS Initial Mark) [1 CMS-initial-mark: 60069K(99500K)] 63152K(138796K), 0.0025378 secs] [Times: user=0.08 sys=0.00, real=0.00 secs] 
2019-05-24T17:22:36.184+0800: 57.656: [CMS-concurrent-mark-start]
2019-05-24T17:22:36.290+0800: 57.762: Application time: 0.1054384 seconds
{Heap before GC invocations=207 (full 12):
 par new generation   total 39296K, used 38026K [0x0000000081800000, 0x00000000842a0000, 0x00000000964c0000)
  eden space 34944K, 100% used [0x0000000081800000, 0x0000000083a20000, 0x0000000083a20000)
  from space 4352K,  70% used [0x0000000083e60000, 0x0000000084162988, 0x00000000842a0000)
  to   space 4352K,   0% used [0x0000000083a20000, 0x0000000083a20000, 0x0000000083e60000)
 concurrent mark-sweep generation total 99500K, used 60069K [0x00000000964c0000, 0x000000009c5eb000, 0x0000000100000000)
 Metaspace       used 68764K, capacity 72126K, committed 72416K, reserved 1112064K
  class space    used 9073K, capacity 9673K, committed 9696K, reserved 1048576K
2019-05-24T17:22:36.290+0800: 57.762: [GC (Allocation Failure) 2019-05-24T17:22:36.290+0800: 57.762: [ParNew: 38026K->2606K(39296K), 0.0062623 secs] 98096K->63146K(138796K), 0.0064614 secs] [Times: user=0.08 sys=0.00, real=0.01 secs] 
Heap after GC invocations=208 (full 12):
 par new generation   total 39296K, used 2606K [0x0000000081800000, 0x00000000842a0000, 0x00000000964c0000)
  eden space 34944K,   0% used [0x0000000081800000, 0x0000000081800000, 0x0000000083a20000)
  from space 4352K,  59% used [0x0000000083a20000, 0x0000000083caba68, 0x0000000083e60000)
  to   space 4352K,   0% used [0x0000000083e60000, 0x0000000083e60000, 0x00000000842a0000)
 concurrent mark-sweep generation total 99500K, used 60540K [0x00000000964c0000, 0x000000009c5eb000, 0x0000000100000000)
 Metaspace       used 68764K, capacity 72126K, committed 72416K, reserved 1112064K
  class space    used 9073K, capacity 9673K, committed 9696K, reserved 1048576K
}
2019-05-24T17:22:36.380+0800: 57.853: [CMS-concurrent-mark: 0.189/0.196 secs] [Times: user=0.77 sys=0.00, real=0.20 secs] 
2019-05-24T17:22:36.380+0800: 57.853: Application time: 0.0840931 seconds
{Heap before GC invocations=208 (full 12):
 par new generation   total 39296K, used 37550K [0x0000000081800000, 0x00000000842a0000, 0x00000000964c0000)
  eden space 34944K, 100% used [0x0000000081800000, 0x0000000083a20000, 0x0000000083a20000)
  from space 4352K,  59% used [0x0000000083a20000, 0x0000000083caba68, 0x0000000083e60000)
  to   space 4352K,   0% used [0x0000000083e60000, 0x0000000083e60000, 0x00000000842a0000)
 concurrent mark-sweep generation total 99500K, used 60540K [0x00000000964c0000, 0x000000009c5eb000, 0x0000000100000000)
 Metaspace       used 68785K, capacity 72126K, committed 72416K, reserved 1112064K
  class space    used 9075K, capacity 9673K, committed 9696K, reserved 1048576K
2019-05-24T17:22:36.381+0800: 57.853: [GC (Allocation Failure) 2019-05-24T17:22:36.381+0800: 57.853: [ParNew: 37550K->2171K(39296K), 0.0055029 secs] 98090K->62940K(138796K), 0.0056917 secs] [Times: user=0.05 sys=0.00, real=0.01 secs] 
Heap after GC invocations=209 (full 12):
 par new generation   total 39296K, used 2171K [0x0000000081800000, 0x00000000842a0000, 0x00000000964c0000)
  eden space 34944K,   0% used [0x0000000081800000, 0x0000000081800000, 0x0000000083a20000)
  from space 4352K,  49% used [0x0000000083e60000, 0x000000008407ee70, 0x00000000842a0000)
  to   space 4352K,   0% used [0x0000000083a20000, 0x0000000083a20000, 0x0000000083e60000)
 concurrent mark-sweep generation total 99500K, used 60768K [0x00000000964c0000, 0x000000009c5eb000, 0x0000000100000000)
 Metaspace       used 68785K, capacity 72126K, committed 72416K, reserved 1112064K
  class space    used 9075K, capacity 9673K, committed 9696K, reserved 1048576K
}
2019-05-24T17:22:36.387+0800: 57.859: [CMS-concurrent-preclean-start]
2019-05-24T17:22:36.397+0800: 57.869: [CMS-concurrent-preclean: 0.010/0.011 secs] [Times: user=0.00 sys=0.00, real=0.01 secs] 
2019-05-24T17:22:36.404+0800: 57.876: [CMS-concurrent-abortable-preclean-start]
2019-05-24T17:22:36.444+0800: 57.916: [CMS-concurrent-abortable-preclean: 0.040/0.040 secs] [Times: user=0.16 sys=0.00, real=0.04 secs] 
2019-05-24T17:22:36.444+0800: 57.916: Application time: 0.0575767 seconds
2019-05-24T17:22:36.444+0800: 57.917: [GC (CMS Final Remark) [YG occupancy: 19651 K (39296 K)]2019-05-24T17:22:36.444+0800: 57.917: [Rescan (parallel) , 0.0060655 secs]2019-05-24T17:22:36.451+0800: 57.923: [weak refs processing, 0.0010530 secs]2019-05-24T17:22:36.452+0800: 57.924: [class unloading, 0.0233802 secs]2019-05-24T17:22:36.475+0800: 57.947: [scrub symbol table, 0.0219062 secs]2019-05-24T17:22:36.497+0800: 57.969: [scrub string table, 0.0011810 secs][1 CMS-remark: 60768K(99500K)] 80420K(138796K), 0.0541377 secs] [Times: user=0.17 sys=0.00, real=0.06 secs] 
2019-05-24T17:22:36.499+0800: 57.971: [CMS-concurrent-sweep-start]
2019-05-24T17:22:36.539+0800: 58.011: [CMS-concurrent-sweep: 0.040/0.040 secs] [Times: user=0.14 sys=0.00, real=0.04 secs] 
2019-05-24T17:22:36.539+0800: 58.011: [CMS-concurrent-reset-start]
2019-05-24T17:22:36.543+0800: 58.015: [CMS-concurrent-reset: 0.003/0.003 secs] [Times: user=0.06 sys=0.00, real=0.00 secs] 
2019-05-24T17:22:36.591+0800: 58.063: Application time: 0.0922061 seconds
{Heap before GC invocations=209 (full 12):
 par new generation   total 39296K, used 37115K [0x0000000081800000, 0x00000000842a0000, 0x00000000964c0000)
  eden space 34944K, 100% used [0x0000000081800000, 0x0000000083a20000, 0x0000000083a20000)
  from space 4352K,  49% used [0x0000000083e60000, 0x000000008407ee70, 0x00000000842a0000)
  to   space 4352K,   0% used [0x0000000083a20000, 0x0000000083a20000, 0x0000000083e60000)
 concurrent mark-sweep generation total 101152K, used 60690K [0x00000000964c0000, 0x000000009c788000, 0x0000000100000000)
 Metaspace       used 68869K, capacity 72160K, committed 72416K, reserved 1112064K
  class space    used 9089K, capacity 9668K, committed 9696K, reserved 1048576K
2019-05-24T17:22:36.591+0800: 58.063: [GC (Allocation Failure) 2019-05-24T17:22:36.591+0800: 58.063: [ParNew: 37115K->2368K(39296K), 0.0049988 secs] 97806K->63280K(140448K), 0.0051843 secs] [Times: user=0.00 sys=0.00, real=0.01 secs] 
Heap after GC invocations=210 (full 12):
 par new generation   total 39296K, used 2368K [0x0000000081800000, 0x00000000842a0000, 0x00000000964c0000)
  eden space 34944K,   0% used [0x0000000081800000, 0x0000000081800000, 0x0000000083a20000)
  from space 4352K,  54% used [0x0000000083a20000, 0x0000000083c700f0, 0x0000000083e60000)
  to   space 4352K,   0% used [0x0000000083e60000, 0x0000000083e60000, 0x00000000842a0000)
 concurrent mark-sweep generation total 101152K, used 60911K [0x00000000964c0000, 0x000000009c788000, 0x0000000100000000)
 Metaspace       used 68869K, capacity 72160K, committed 72416K, reserved 1112064K
  class space    used 9089K, capacity 9668K, committed 9696K, reserved 1048576K
}
2019-05-24T17:22:36.597+0800: 58.069: Application time: 0.0000466 seconds
2019-05-24T17:22:36.597+0800: 58.069: [GC (CMS Initial Mark) [1 CMS-initial-mark: 60911K(101152K)] 63282K(140448K), 0.0023148 secs] [Times: user=0.00 sys=0.00, real=0.00 secs] 
2019-05-24T17:22:36.599+0800: 58.071: [CMS-concurrent-mark-start]
2019-05-24T17:22:36.614+0800: 58.086: Application time: 0.0143536 seconds
2019-05-24T17:22:36.622+0800: 58.094: Application time: 0.0076151 seconds
2019-05-24T17:22:36.728+0800: 58.200: Application time: 0.1052370 seconds
{Heap before GC invocations=210 (full 13):
 par new generation   total 39296K, used 37312K [0x0000000081800000, 0x00000000842a0000, 0x00000000964c0000)
  eden space 34944K, 100% used [0x0000000081800000, 0x0000000083a20000, 0x0000000083a20000)
  from space 4352K,  54% used [0x0000000083a20000, 0x0000000083c700f0, 0x0000000083e60000)
  to   space 4352K,   0% used [0x0000000083e60000, 0x0000000083e60000, 0x00000000842a0000)
 concurrent mark-sweep generation total 101152K, used 60911K [0x00000000964c0000, 0x000000009c788000, 0x0000000100000000)
 Metaspace       used 68913K, capacity 72256K, committed 72544K, reserved 1112064K
  class space    used 9099K, capacity 9700K, committed 9824K, reserved 1048576K
2019-05-24T17:22:36.728+0800: 58.200: [GC (Allocation Failure) 2019-05-24T17:22:36.728+0800: 58.200: [ParNew: 37312K->2580K(39296K), 0.0059130 secs] 98224K->63724K(140448K), 0.0061121 secs] [Times: user=0.08 sys=0.00, real=0.01 secs] 
Heap after GC invocations=211 (full 13):
 par new generation   total 39296K, used 2580K [0x0000000081800000, 0x00000000842a0000, 0x00000000964c0000)
  eden space 34944K,   0% used [0x0000000081800000, 0x0000000081800000, 0x0000000083a20000)
  from space 4352K,  59% used [0x0000000083e60000, 0x00000000840e52e8, 0x00000000842a0000)
  to   space 4352K,   0% used [0x0000000083a20000, 0x0000000083a20000, 0x0000000083e60000)
 concurrent mark-sweep generation total 101152K, used 61143K [0x00000000964c0000, 0x000000009c788000, 0x0000000100000000)
 Metaspace       used 68913K, capacity 72256K, committed 72544K, reserved 1112064K
  class space    used 9099K, capacity 9700K, committed 9824K, reserved 1048576K
}
2019-05-24T17:22:36.787+0800: 58.259: [CMS-concurrent-mark: 0.180/0.187 secs] [Times: user=0.88 sys=0.01, real=0.19 secs] 
2019-05-24T17:22:36.787+0800: 58.259: [CMS-concurrent-preclean-start]
2019-05-24T17:22:36.798+0800: 58.270: [CMS-concurrent-preclean: 0.010/0.011 secs] [Times: user=0.06 sys=0.00, real=0.01 secs] 
2019-05-24T17:22:36.799+0800: 58.270: [CMS-concurrent-abortable-preclean-start]
2019-05-24T17:22:36.862+0800: 58.334: Application time: 0.1282474 seconds
{Heap before GC invocations=211 (full 13):
 par new generation   total 39296K, used 37524K [0x0000000081800000, 0x00000000842a0000, 0x00000000964c0000)
  eden space 34944K, 100% used [0x0000000081800000, 0x0000000083a20000, 0x0000000083a20000)
  from space 4352K,  59% used [0x0000000083e60000, 0x00000000840e52e8, 0x00000000842a0000)
  to   space 4352K,   0% used [0x0000000083a20000, 0x0000000083a20000, 0x0000000083e60000)
 concurrent mark-sweep generation total 101152K, used 61143K [0x00000000964c0000, 0x000000009c788000, 0x0000000100000000)
 Metaspace       used 68942K, capacity 72268K, committed 72544K, reserved 1112064K
  class space    used 9104K, capacity 9704K, committed 9824K, reserved 1048576K
2019-05-24T17:22:36.862+0800: 58.335: [GC (Allocation Failure) 2019-05-24T17:22:36.863+0800: 58.335: [ParNew: 37524K->2498K(39296K), 0.0045784 secs] 98668K->63763K(140448K), 0.0047525 secs] [Times: user=0.00 sys=0.00, real=0.01 secs] 
Heap after GC invocations=212 (full 13):
 par new generation   total 39296K, used 2498K [0x0000000081800000, 0x00000000842a0000, 0x00000000964c0000)
  eden space 34944K,   0% used [0x0000000081800000, 0x0000000081800000, 0x0000000083a20000)
  from space 4352K,  57% used [0x0000000083a20000, 0x0000000083c90b08, 0x0000000083e60000)
  to   space 4352K,   0% used [0x0000000083e60000, 0x0000000083e60000, 0x00000000842a0000)
 concurrent mark-sweep generation total 101152K, used 61264K [0x00000000964c0000, 0x000000009c788000, 0x0000000100000000)
 Metaspace       used 68942K, capacity 72268K, committed 72544K, reserved 1112064K
  class space    used 9104K, capacity 9704K, committed 9824K, reserved 1048576K
}
2019-05-24T17:22:36.947+0800: 58.419: [CMS-concurrent-abortable-preclean: 0.143/0.149 secs] [Times: user=0.56 sys=0.00, real=0.15 secs] 
2019-05-24T17:22:36.948+0800: 58.420: Application time: 0.0807373 seconds
2019-05-24T17:22:36.951+0800: 58.423: [GC (CMS Final Remark) [YG occupancy: 23476 K (39296 K)]2019-05-24T17:22:36.951+0800: 58.423: [Rescan (parallel) , 0.0058226 secs]2019-05-24T17:22:36.957+0800: 58.429: [weak refs processing, 0.0001326 secs]2019-05-24T17:22:36.957+0800: 58.429: [class unloading, 0.0292397 secs]2019-05-24T17:22:36.986+0800: 58.459: [scrub symbol table, 0.0332606 secs]2019-05-24T17:22:37.020+0800: 58.492: [scrub string table, 0.0013170 secs][1 CMS-remark: 61264K(101152K)] 84740K(140448K), 0.0703573 secs] [Times: user=0.25 sys=0.00, real=0.07 secs] 
2019-05-24T17:22:37.024+0800: 58.496: [CMS-concurrent-sweep-start]
2019-05-24T17:22:37.062+0800: 58.534: Application time: 0.0402352 seconds
{Heap before GC invocations=212 (full 13):
 par new generation   total 39296K, used 37442K [0x0000000081800000, 0x00000000842a0000, 0x00000000964c0000)
  eden space 34944K, 100% used [0x0000000081800000, 0x0000000083a20000, 0x0000000083a20000)
  from space 4352K,  57% used [0x0000000083a20000, 0x0000000083c90b08, 0x0000000083e60000)
  to   space 4352K,   0% used [0x0000000083e60000, 0x0000000083e60000, 0x00000000842a0000)
 concurrent mark-sweep generation total 101152K, used 61227K [0x00000000964c0000, 0x000000009c788000, 0x0000000100000000)
 Metaspace       used 69008K, capacity 72346K, committed 72544K, reserved 1112064K
  class space    used 9116K, capacity 9707K, committed 9824K, reserved 1048576K
2019-05-24T17:22:37.062+0800: 58.534: [GC (Allocation Failure) 2019-05-24T17:22:37.062+0800: 58.534: [ParNew: 37442K->2455K(39296K), 0.0050455 secs] 98669K->63815K(140448K), 0.0052599 secs] [Times: user=0.00 sys=0.00, real=0.00 secs] 
Heap after GC invocations=213 (full 13):
 par new generation   total 39296K, used 2455K [0x0000000081800000, 0x00000000842a0000, 0x00000000964c0000)
  eden space 34944K,   0% used [0x0000000081800000, 0x0000000081800000, 0x0000000083a20000)
  from space 4352K,  56% used [0x0000000083e60000, 0x00000000840c5cf8, 0x00000000842a0000)
  to   space 4352K,   0% used [0x0000000083a20000, 0x0000000083a20000, 0x0000000083e60000)
 concurrent mark-sweep generation total 101152K, used 61359K [0x00000000964c0000, 0x000000009c788000, 0x0000000100000000)
 Metaspace       used 69008K, capacity 72346K, committed 72544K, reserved 1112064K
  class space    used 9116K, capacity 9707K, committed 9824K, reserved 1048576K
}
2019-05-24T17:22:37.068+0800: 58.541: [CMS-concurrent-sweep: 0.039/0.045 secs] [Times: user=0.22 sys=0.02, real=0.05 secs] 
2019-05-24T17:22:37.069+0800: 58.541: [CMS-concurrent-reset-start]
2019-05-24T17:22:37.072+0800: 58.544: [CMS-concurrent-reset: 0.003/0.003 secs] [Times: user=0.00 sys=0.00, real=0.00 secs] 
2019-05-24T17:22:37.251+0800: 58.723: Application time: 0.1833938 seconds
2019-05-24T17:22:37.289+0800: 58.760: Application time: 0.0338847 seconds
{Heap before GC invocations=213 (full 13):
 par new generation   total 39296K, used 37399K [0x0000000081800000, 0x00000000842a0000, 0x00000000964c0000)
  eden space 34944K, 100% used [0x0000000081800000, 0x0000000083a20000, 0x0000000083a20000)
  from space 4352K,  56% used [0x0000000083e60000, 0x00000000840c5cf8, 0x00000000842a0000)
  to   space 4352K,   0% used [0x0000000083a20000, 0x0000000083a20000, 0x0000000083e60000)
 concurrent mark-sweep generation total 102256K, used 61352K [0x00000000964c0000, 0x000000009c89c000, 0x0000000100000000)
 Metaspace       used 69006K, capacity 72238K, committed 72544K, reserved 1112064K
  class space    used 9113K, capacity 9689K, committed 9824K, reserved 1048576K
2019-05-24T17:22:37.289+0800: 58.761: [GC (Allocation Failure) 2019-05-24T17:22:37.289+0800: 58.761: [ParNew: 37399K->2459K(39296K), 0.0054892 secs] 98751K->63928K(141552K), 0.0056701 secs] [Times: user=0.09 sys=0.00, real=0.01 secs] 
Heap after GC invocations=214 (full 13):
 par new generation   total 39296K, used 2459K [0x0000000081800000, 0x00000000842a0000, 0x00000000964c0000)
  eden space 34944K,   0% used [0x0000000081800000, 0x0000000081800000, 0x0000000083a20000)
  from space 4352K,  56% used [0x0000000083a20000, 0x0000000083c86f90, 0x0000000083e60000)
  to   space 4352K,   0% used [0x0000000083e60000, 0x0000000083e60000, 0x00000000842a0000)
 concurrent mark-sweep generation total 102256K, used 61468K [0x00000000964c0000, 0x000000009c89c000, 0x0000000100000000)
 Metaspace       used 69006K, capacity 72238K, committed 72544K, reserved 1112064K
  class space    used 9113K, capacity 9689K, committed 9824K, reserved 1048576K
}
2019-05-24T17:22:37.298+0800: 58.770: Application time: 0.0039959 seconds
2019-05-24T17:22:37.298+0800: 58.771: [GC (CMS Initial Mark) [1 CMS-initial-mark: 61468K(102256K)] 63950K(141552K), 0.0028922 secs] [Times: user=0.00 sys=0.00, real=0.00 secs] 
2019-05-24T17:22:37.302+0800: 58.774: [CMS-concurrent-mark-start]
2019-05-24T17:22:37.480+0800: 58.952: [CMS-concurrent-mark: 0.178/0.178 secs] [Times: user=0.61 sys=0.02, real=0.18 secs] 
2019-05-24T17:22:37.480+0800: 58.952: [CMS-concurrent-preclean-start]
2019-05-24T17:22:37.484+0800: 58.956: [CMS-concurrent-preclean: 0.004/0.004 secs] [Times: user=0.00 sys=0.00, real=0.00 secs] 
2019-05-24T17:22:37.484+0800: 58.956: [CMS-concurrent-abortable-preclean-start]
2019-05-24T17:22:37.931+0800: 59.403: Application time: 0.6297234 seconds
2019-05-24T17:22:37.976+0800: 59.448: Application time: 0.0442260 seconds
{Heap before GC invocations=214 (full 14):
 par new generation   total 39296K, used 37403K [0x0000000081800000, 0x00000000842a0000, 0x00000000964c0000)
  eden space 34944K, 100% used [0x0000000081800000, 0x0000000083a20000, 0x0000000083a20000)
  from space 4352K,  56% used [0x0000000083a20000, 0x0000000083c86f90, 0x0000000083e60000)
  to   space 4352K,   0% used [0x0000000083e60000, 0x0000000083e60000, 0x00000000842a0000)
 concurrent mark-sweep generation total 102256K, used 61468K [0x00000000964c0000, 0x000000009c89c000, 0x0000000100000000)
 Metaspace       used 69198K, capacity 72468K, committed 72800K, reserved 1112064K
  class space    used 9134K, capacity 9722K, committed 9824K, reserved 1048576K
2019-05-24T17:22:37.976+0800: 59.448: [GC (Allocation Failure) 2019-05-24T17:22:37.976+0800: 59.448: [ParNew: 37403K->3736K(39296K), 0.0078842 secs] 98872K->65302K(141552K), 0.0080748 secs] [Times: user=0.08 sys=0.00, real=0.01 secs] 
Heap after GC invocations=215 (full 14):
 par new generation   total 39296K, used 3736K [0x0000000081800000, 0x00000000842a0000, 0x00000000964c0000)
  eden space 34944K,   0% used [0x0000000081800000, 0x0000000081800000, 0x0000000083a20000)
  from space 4352K,  85% used [0x0000000083e60000, 0x00000000842061d8, 0x00000000842a0000)
  to   space 4352K,   0% used [0x0000000083a20000, 0x0000000083a20000, 0x0000000083e60000)
 concurrent mark-sweep generation total 102256K, used 61565K [0x00000000964c0000, 0x000000009c89c000, 0x0000000100000000)
 Metaspace       used 69198K, capacity 72468K, committed 72800K, reserved 1112064K
  class space    used 9134K, capacity 9722K, committed 9824K, reserved 1048576K
}
2019-05-24T17:22:38.242+0800: 59.714: [CMS-concurrent-abortable-preclean: 0.322/0.758 secs] [Times: user=1.74 sys=0.05, real=0.76 secs] 
2019-05-24T17:22:38.272+0800: 59.744: Application time: 0.2875926 seconds
2019-05-24T17:22:38.272+0800: 59.744: [GC (CMS Final Remark) [YG occupancy: 24696 K (39296 K)]2019-05-24T17:22:38.272+0800: 59.744: [Rescan (parallel) , 0.0072437 secs]2019-05-24T17:22:38.280+0800: 59.752: [weak refs processing, 0.0046734 secs]2019-05-24T17:22:38.285+0800: 59.756: [class unloading, 0.0183353 secs]2019-05-24T17:22:38.303+0800: 59.775: [scrub symbol table, 0.0262787 secs]2019-05-24T17:22:38.329+0800: 59.801: [scrub string table, 0.0015036 secs][1 CMS-remark: 61565K(102256K)] 86262K(141552K), 0.0586092 secs] [Times: user=0.11 sys=0.00, real=0.06 secs] 
2019-05-24T17:22:38.357+0800: 59.829: [CMS-concurrent-sweep-start]
2019-05-24T17:22:38.395+0800: 59.867: [CMS-concurrent-sweep: 0.038/0.038 secs] [Times: user=0.06 sys=0.00, real=0.04 secs] 
2019-05-24T17:22:38.395+0800: 59.867: [CMS-concurrent-reset-start]
2019-05-24T17:22:38.398+0800: 59.870: [CMS-concurrent-reset: 0.003/0.003 secs] [Times: user=0.00 sys=0.00, real=0.00 secs] 
2019-05-24T17:22:38.479+0800: 59.951: Application time: 0.1481779 seconds
2019-05-24T17:22:38.481+0800: 59.953: Application time: 0.0015451 seconds
2019-05-24T17:22:38.536+0800: 60.007: Application time: 0.0536388 seconds
{Heap before GC invocations=215 (full 14):
 par new generation   total 39296K, used 38680K [0x0000000081800000, 0x00000000842a0000, 0x00000000964c0000)
  eden space 34944K, 100% used [0x0000000081800000, 0x0000000083a20000, 0x0000000083a20000)
  from space 4352K,  85% used [0x0000000083e60000, 0x00000000842061d8, 0x00000000842a0000)
  to   space 4352K,   0% used [0x0000000083a20000, 0x0000000083a20000, 0x0000000083e60000)
 concurrent mark-sweep generation total 102468K, used 61480K [0x00000000964c0000, 0x000000009c8d1000, 0x0000000100000000)
 Metaspace       used 69482K, capacity 72804K, committed 73056K, reserved 1112064K
  class space    used 9180K, capacity 9758K, committed 9824K, reserved 1048576K
2019-05-24T17:22:38.536+0800: 60.008: [GC (Allocation Failure) 2019-05-24T17:22:38.536+0800: 60.008: [ParNew: 38680K->3055K(39296K), 0.0079491 secs] 100160K->65178K(141764K), 0.0081328 secs] [Times: user=0.08 sys=0.00, real=0.01 secs] 
Heap after GC invocations=216 (full 14):
 par new generation   total 39296K, used 3055K [0x0000000081800000, 0x00000000842a0000, 0x00000000964c0000)
  eden space 34944K,   0% used [0x0000000081800000, 0x0000000081800000, 0x0000000083a20000)
  from space 4352K,  70% used [0x0000000083a20000, 0x0000000083d1bfd8, 0x0000000083e60000)
  to   space 4352K,   0% used [0x0000000083e60000, 0x0000000083e60000, 0x00000000842a0000)
 concurrent mark-sweep generation total 102468K, used 62122K [0x00000000964c0000, 0x000000009c8d1000, 0x0000000100000000)
 Metaspace       used 69482K, capacity 72804K, committed 73056K, reserved 1112064K
  class space    used 9180K, capacity 9758K, committed 9824K, reserved 1048576K
}
2019-05-24T17:22:38.544+0800: 60.016: Application time: 0.0002378 seconds
2019-05-24T17:22:38.544+0800: 60.016: [GC (CMS Initial Mark) [1 CMS-initial-mark: 62122K(102468K)] 65179K(141764K), 0.0026687 secs] [Times: user=0.00 sys=0.00, real=0.00 secs] 
2019-05-24T17:22:38.547+0800: 60.019: [CMS-concurrent-mark-start]
2019-05-24T17:22:38.664+0800: 60.136: Application time: 0.1173060 seconds
{Heap before GC invocations=216 (full 15):
 par new generation   total 39296K, used 37999K [0x0000000081800000, 0x00000000842a0000, 0x00000000964c0000)
  eden space 34944K, 100% used [0x0000000081800000, 0x0000000083a20000, 0x0000000083a20000)
  from space 4352K,  70% used [0x0000000083a20000, 0x0000000083d1bfd8, 0x0000000083e60000)
  to   space 4352K,   0% used [0x0000000083e60000, 0x0000000083e60000, 0x00000000842a0000)
 concurrent mark-sweep generation total 102468K, used 62122K [0x00000000964c0000, 0x000000009c8d1000, 0x0000000100000000)
 Metaspace       used 69534K, capacity 72880K, committed 73056K, reserved 1112064K
  class space    used 9193K, capacity 9774K, committed 9824K, reserved 1048576K
2019-05-24T17:22:38.665+0800: 60.137: [GC (Allocation Failure) 2019-05-24T17:22:38.665+0800: 60.137: [ParNew: 37999K->2769K(39296K), 0.0066116 secs] 100122K->65296K(141764K), 0.0068215 secs] [Times: user=0.06 sys=0.00, real=0.01 secs] 
Heap after GC invocations=217 (full 15):
 par new generation   total 39296K, used 2769K [0x0000000081800000, 0x00000000842a0000, 0x00000000964c0000)
  eden space 34944K,   0% used [0x0000000081800000, 0x0000000081800000, 0x0000000083a20000)
  from space 4352K,  63% used [0x0000000083e60000, 0x0000000084114518, 0x00000000842a0000)
  to   space 4352K,   0% used [0x0000000083a20000, 0x0000000083a20000, 0x0000000083e60000)
 concurrent mark-sweep generation total 102468K, used 62527K [0x00000000964c0000, 0x000000009c8d1000, 0x0000000100000000)
 Metaspace       used 69534K, capacity 72880K, committed 73056K, reserved 1112064K
  class space    used 9193K, capacity 9774K, committed 9824K, reserved 1048576K
}
2019-05-24T17:22:38.739+0800: 60.212: [CMS-concurrent-mark: 0.185/0.192 secs] [Times: user=0.69 sys=0.00, real=0.19 secs] 
2019-05-24T17:22:38.740+0800: 60.212: [CMS-concurrent-preclean-start]
2019-05-24T17:22:38.747+0800: 60.220: [CMS-concurrent-preclean: 0.007/0.008 secs] [Times: user=0.03 sys=0.00, real=0.01 secs] 
2019-05-24T17:22:38.748+0800: 60.220: [CMS-concurrent-abortable-preclean-start]
2019-05-24T17:22:38.771+0800: 60.243: Application time: 0.0993177 seconds
{Heap before GC invocations=217 (full 15):
 par new generation   total 39296K, used 37713K [0x0000000081800000, 0x00000000842a0000, 0x00000000964c0000)
  eden space 34944K, 100% used [0x0000000081800000, 0x0000000083a20000, 0x0000000083a20000)
  from space 4352K,  63% used [0x0000000083e60000, 0x0000000084114518, 0x00000000842a0000)
  to   space 4352K,   0% used [0x0000000083a20000, 0x0000000083a20000, 0x0000000083e60000)
 concurrent mark-sweep generation total 102468K, used 62527K [0x00000000964c0000, 0x000000009c8d1000, 0x0000000100000000)
 Metaspace       used 69543K, capacity 72886K, committed 73056K, reserved 1112064K
  class space    used 9195K, capacity 9775K, committed 9824K, reserved 1048576K
2019-05-24T17:22:38.771+0800: 60.243: [GC (Allocation Failure) 2019-05-24T17:22:38.772+0800: 60.243: [ParNew: 37713K->2619K(39296K), 0.0050227 secs] 100240K->65146K(141764K), 0.0051940 secs] [Times: user=0.00 sys=0.00, real=0.01 secs] 
Heap after GC invocations=218 (full 15):
 par new generation   total 39296K, used 2619K [0x0000000081800000, 0x00000000842a0000, 0x00000000964c0000)
  eden space 34944K,   0% used [0x0000000081800000, 0x0000000081800000, 0x0000000083a20000)
  from space 4352K,  60% used [0x0000000083a20000, 0x0000000083caedb0, 0x0000000083e60000)
  to   space 4352K,   0% used [0x0000000083e60000, 0x0000000083e60000, 0x00000000842a0000)
 concurrent mark-sweep generation total 102468K, used 62527K [0x00000000964c0000, 0x000000009c8d1000, 0x0000000100000000)
 Metaspace       used 69543K, capacity 72886K, committed 73056K, reserved 1112064K
  class space    used 9195K, capacity 9775K, committed 9824K, reserved 1048576K
}
2019-05-24T17:22:38.790+0800: 60.262: Application time: 0.0131874 seconds
2019-05-24T17:22:38.796+0800: 60.268: Application time: 0.0044390 seconds
2019-05-24T17:22:38.809+0800: 60.281: Application time: 0.0127733 seconds
2019-05-24T17:22:38.809+0800: 60.281: Application time: 0.0005353 seconds
2019-05-24T17:22:38.840+0800: 60.312: [CMS-concurrent-abortable-preclean: 0.084/0.092 secs] [Times: user=0.34 sys=0.00, real=0.09 secs] 
2019-05-24T17:22:38.840+0800: 60.312: Application time: 0.0303934 seconds
2019-05-24T17:22:38.840+0800: 60.312: [GC (CMS Final Remark) [YG occupancy: 29876 K (39296 K)]2019-05-24T17:22:38.840+0800: 60.312: [Rescan (parallel) , 0.0056201 secs]2019-05-24T17:22:38.846+0800: 60.318: [weak refs processing, 0.0001513 secs]2019-05-24T17:22:38.846+0800: 60.318: [class unloading, 0.0182556 secs]2019-05-24T17:22:38.864+0800: 60.336: [scrub symbol table, 0.0187227 secs]2019-05-24T17:22:38.883+0800: 60.355: [scrub string table, 0.0015735 secs][1 CMS-remark: 62527K(102468K)] 92403K(141764K), 0.0448643 secs] [Times: user=0.05 sys=0.00, real=0.05 secs] 
2019-05-24T17:22:38.894+0800: 60.366: [CMS-concurrent-sweep-start]
2019-05-24T17:22:38.908+0800: 60.380: Application time: 0.0230394 seconds
{Heap before GC invocations=218 (full 15):
 par new generation   total 39296K, used 37563K [0x0000000081800000, 0x00000000842a0000, 0x00000000964c0000)
  eden space 34944K, 100% used [0x0000000081800000, 0x0000000083a20000, 0x0000000083a20000)
  from space 4352K,  60% used [0x0000000083a20000, 0x0000000083caedb0, 0x0000000083e60000)
  to   space 4352K,   0% used [0x0000000083e60000, 0x0000000083e60000, 0x00000000842a0000)
 concurrent mark-sweep generation total 102468K, used 62526K [0x00000000964c0000, 0x000000009c8d1000, 0x0000000100000000)
 Metaspace       used 69591K, capacity 73020K, committed 73056K, reserved 1112064K
  class space    used 9205K, capacity 9818K, committed 9824K, reserved 1048576K
2019-05-24T17:22:38.908+0800: 60.380: [GC (Allocation Failure) 2019-05-24T17:22:38.908+0800: 60.380: [ParNew: 37563K->3526K(39296K), 0.0053481 secs] 100090K->66053K(141764K), 0.0055233 secs] [Times: user=0.00 sys=0.00, real=0.01 secs] 
Heap after GC invocations=219 (full 15):
 par new generation   total 39296K, used 3526K [0x0000000081800000, 0x00000000842a0000, 0x00000000964c0000)
  eden space 34944K,   0% used [0x0000000081800000, 0x0000000081800000, 0x0000000083a20000)
  from space 4352K,  81% used [0x0000000083e60000, 0x00000000841d1978, 0x00000000842a0000)
  to   space 4352K,   0% used [0x0000000083a20000, 0x0000000083a20000, 0x0000000083e60000)
 concurrent mark-sweep generation total 102468K, used 62526K [0x00000000964c0000, 0x000000009c8d1000, 0x0000000100000000)
 Metaspace       used 69591K, capacity 73020K, committed 73056K, reserved 1112064K
  class space    used 9205K, capacity 9818K, committed 9824K, reserved 1048576K
}
2019-05-24T17:22:38.942+0800: 60.414: [CMS-concurrent-sweep: 0.042/0.048 secs] [Times: user=0.16 sys=0.00, real=0.05 secs] 
2019-05-24T17:22:38.942+0800: 60.414: [CMS-concurrent-reset-start]
2019-05-24T17:22:38.945+0800: 60.417: [CMS-concurrent-reset: 0.003/0.003 secs] [Times: user=0.00 sys=0.00, real=0.00 secs] 
2019-05-24T17:22:39.012+0800: 60.484: Application time: 0.0981828 seconds
{Heap before GC invocations=219 (full 15):
 par new generation   total 39296K, used 38470K [0x0000000081800000, 0x00000000842a0000, 0x00000000964c0000)
  eden space 34944K, 100% used [0x0000000081800000, 0x0000000083a20000, 0x0000000083a20000)
  from space 4352K,  81% used [0x0000000083e60000, 0x00000000841d1978, 0x00000000842a0000)
  to   space 4352K,   0% used [0x0000000083a20000, 0x0000000083a20000, 0x0000000083e60000)
 concurrent mark-sweep generation total 104128K, used 62476K [0x00000000964c0000, 0x000000009ca70000, 0x0000000100000000)
 Metaspace       used 69602K, capacity 73026K, committed 73056K, reserved 1112064K
  class space    used 9207K, capacity 9819K, committed 9824K, reserved 1048576K
2019-05-24T17:22:39.013+0800: 60.484: [GC (Allocation Failure) 2019-05-24T17:22:39.013+0800: 60.485: [ParNew: 38470K->3258K(39296K), 0.0056769 secs] 100946K->65875K(143424K), 0.0058704 secs] [Times: user=0.00 sys=0.00, real=0.01 secs] 
Heap after GC invocations=220 (full 15):
 par new generation   total 39296K, used 3258K [0x0000000081800000, 0x00000000842a0000, 0x00000000964c0000)
  eden space 34944K,   0% used [0x0000000081800000, 0x0000000081800000, 0x0000000083a20000)
  from space 4352K,  74% used [0x0000000083a20000, 0x0000000083d4eb60, 0x0000000083e60000)
  to   space 4352K,   0% used [0x0000000083e60000, 0x0000000083e60000, 0x00000000842a0000)
 concurrent mark-sweep generation total 104128K, used 62616K [0x00000000964c0000, 0x000000009ca70000, 0x0000000100000000)
 Metaspace       used 69602K, capacity 73026K, committed 73056K, reserved 1112064K
  class space    used 9207K, capacity 9819K, committed 9824K, reserved 1048576K
}
2019-05-24T17:22:39.019+0800: 60.491: Application time: 0.0000529 seconds
2019-05-24T17:22:39.019+0800: 60.491: [GC (CMS Initial Mark) [1 CMS-initial-mark: 62616K(104128K)] 65877K(143424K), 0.0041119 secs] [Times: user=0.00 sys=0.00, real=0.00 secs] 
2019-05-24T17:22:39.023+0800: 60.495: [CMS-concurrent-mark-start]
2019-05-24T17:22:39.106+0800: 60.579: Application time: 0.0835959 seconds
{Heap before GC invocations=220 (full 16):
 par new generation   total 39296K, used 38202K [0x0000000081800000, 0x00000000842a0000, 0x00000000964c0000)
  eden space 34944K, 100% used [0x0000000081800000, 0x0000000083a20000, 0x0000000083a20000)
  from space 4352K,  74% used [0x0000000083a20000, 0x0000000083d4eb60, 0x0000000083e60000)
  to   space 4352K,   0% used [0x0000000083e60000, 0x0000000083e60000, 0x00000000842a0000)
 concurrent mark-sweep generation total 104128K, used 62616K [0x00000000964c0000, 0x000000009ca70000, 0x0000000100000000)
 Metaspace       used 69627K, capacity 73026K, committed 73056K, reserved 1112064K
  class space    used 9212K, capacity 9819K, committed 9824K, reserved 1048576K
2019-05-24T17:22:39.107+0800: 60.579: [GC (Allocation Failure) 2019-05-24T17:22:39.107+0800: 60.579: [ParNew: 38202K->3385K(39296K), 0.0069740 secs] 100819K->66191K(143424K), 0.0071817 secs] [Times: user=0.00 sys=0.00, real=0.01 secs] 
Heap after GC invocations=221 (full 16):
 par new generation   total 39296K, used 3385K [0x0000000081800000, 0x00000000842a0000, 0x00000000964c0000)
  eden space 34944K,   0% used [0x0000000081800000, 0x0000000081800000, 0x0000000083a20000)
  from space 4352K,  77% used [0x0000000083e60000, 0x00000000841ae498, 0x00000000842a0000)
  to   space 4352K,   0% used [0x0000000083a20000, 0x0000000083a20000, 0x0000000083e60000)
 concurrent mark-sweep generation total 104128K, used 62806K [0x00000000964c0000, 0x000000009ca70000, 0x0000000100000000)
 Metaspace       used 69627K, capacity 73026K, committed 73056K, reserved 1112064K
  class space    used 9212K, capacity 9819K, committed 9824K, reserved 1048576K
}
2019-05-24T17:22:39.179+0800: 60.651: Application time: 0.0646178 seconds
{Heap before GC invocations=221 (full 16):
 par new generation   total 39296K, used 38329K [0x0000000081800000, 0x00000000842a0000, 0x00000000964c0000)
  eden space 34944K, 100% used [0x0000000081800000, 0x0000000083a20000, 0x0000000083a20000)
  from space 4352K,  77% used [0x0000000083e60000, 0x00000000841ae498, 0x00000000842a0000)
  to   space 4352K,   0% used [0x0000000083a20000, 0x0000000083a20000, 0x0000000083e60000)
 concurrent mark-sweep generation total 104128K, used 62806K [0x00000000964c0000, 0x000000009ca70000, 0x0000000100000000)
 Metaspace       used 69628K, capacity 73026K, committed 73056K, reserved 1112064K
  class space    used 9212K, capacity 9819K, committed 9824K, reserved 1048576K
2019-05-24T17:22:39.179+0800: 60.651: [GC (Allocation Failure) 2019-05-24T17:22:39.179+0800: 60.651: [ParNew: 38329K->3407K(39296K), 0.0059580 secs] 101135K->66407K(143424K), 0.0061605 secs] [Times: user=0.09 sys=0.00, real=0.01 secs] 
Heap after GC invocations=222 (full 16):
 par new generation   total 39296K, used 3407K [0x0000000081800000, 0x00000000842a0000, 0x00000000964c0000)
  eden space 34944K,   0% used [0x0000000081800000, 0x0000000081800000, 0x0000000083a20000)
  from space 4352K,  78% used [0x0000000083a20000, 0x0000000083d73d60, 0x0000000083e60000)
  to   space 4352K,   0% used [0x0000000083e60000, 0x0000000083e60000, 0x00000000842a0000)
 concurrent mark-sweep generation total 104128K, used 62999K [0x00000000964c0000, 0x000000009ca70000, 0x0000000100000000)
 Metaspace       used 69628K, capacity 73026K, committed 73056K, reserved 1112064K
  class space    used 9212K, capacity 9819K, committed 9824K, reserved 1048576K
}
2019-05-24T17:22:39.216+0800: 60.688: [CMS-concurrent-mark: 0.179/0.193 secs] [Times: user=1.01 sys=0.00, real=0.19 secs] 
2019-05-24T17:22:39.216+0800: 60.688: [CMS-concurrent-preclean-start]
2019-05-24T17:22:39.227+0800: 60.699: [CMS-concurrent-preclean: 0.010/0.011 secs] [Times: user=0.00 sys=0.00, real=0.01 secs] 
2019-05-24T17:22:39.227+0800: 60.699: [CMS-concurrent-abortable-preclean-start]
2019-05-24T17:22:39.246+0800: 60.718: Application time: 0.0609684 seconds
{Heap before GC invocations=222 (full 16):
 par new generation   total 39296K, used 38351K [0x0000000081800000, 0x00000000842a0000, 0x00000000964c0000)
  eden space 34944K, 100% used [0x0000000081800000, 0x0000000083a20000, 0x0000000083a20000)
  from space 4352K,  78% used [0x0000000083a20000, 0x0000000083d73d60, 0x0000000083e60000)
  to   space 4352K,   0% used [0x0000000083e60000, 0x0000000083e60000, 0x00000000842a0000)
 concurrent mark-sweep generation total 104128K, used 62999K [0x00000000964c0000, 0x000000009ca70000, 0x0000000100000000)
 Metaspace       used 69641K, capacity 73034K, committed 73056K, reserved 1112064K
  class space    used 9214K, capacity 9821K, committed 9824K, reserved 1048576K
2019-05-24T17:22:39.246+0800: 60.719: [GC (Allocation Failure) 2019-05-24T17:22:39.247+0800: 60.719: [ParNew: 38351K->2766K(39296K), 0.0067891 secs] 101351K->66485K(143424K), 0.0070059 secs] [Times: user=0.00 sys=0.00, real=0.01 secs] 
Heap after GC invocations=223 (full 16):
 par new generation   total 39296K, used 2766K [0x0000000081800000, 0x00000000842a0000, 0x00000000964c0000)
  eden space 34944K,   0% used [0x0000000081800000, 0x0000000081800000, 0x0000000083a20000)
  from space 4352K,  63% used [0x0000000083e60000, 0x0000000084113b30, 0x00000000842a0000)
  to   space 4352K,   0% used [0x0000000083a20000, 0x0000000083a20000, 0x0000000083e60000)
 concurrent mark-sweep generation total 104128K, used 63719K [0x00000000964c0000, 0x000000009ca70000, 0x0000000100000000)
 Metaspace       used 69641K, capacity 73034K, committed 73056K, reserved 1112064K
  class space    used 9214K, capacity 9821K, committed 9824K, reserved 1048576K
}
2019-05-24T17:22:39.288+0800: 60.760: [CMS-concurrent-abortable-preclean: 0.053/0.061 secs] [Times: user=0.31 sys=0.00, real=0.06 secs] 
2019-05-24T17:22:39.288+0800: 60.760: Application time: 0.0344468 seconds
2019-05-24T17:22:39.288+0800: 60.761: [GC (CMS Final Remark) [YG occupancy: 21648 K (39296 K)]2019-05-24T17:22:39.289+0800: 60.761: [Rescan (parallel) , 0.0053965 secs]2019-05-24T17:22:39.294+0800: 60.766: [weak refs processing, 0.0006758 secs]2019-05-24T17:22:39.295+0800: 60.767: [class unloading, 0.0197285 secs]2019-05-24T17:22:39.315+0800: 60.787: [scrub symbol table, 0.0264812 secs]2019-05-24T17:22:39.342+0800: 60.813: [scrub string table, 0.0012242 secs][1 CMS-remark: 63719K(104128K)] 85367K(143424K), 0.0540535 secs] [Times: user=0.23 sys=0.00, real=0.05 secs] 
2019-05-24T17:22:39.344+0800: 60.816: [CMS-concurrent-sweep-start]
2019-05-24T17:22:39.388+0800: 60.860: [CMS-concurrent-sweep: 0.043/0.043 secs] [Times: user=0.23 sys=0.00, real=0.04 secs] 
2019-05-24T17:22:39.388+0800: 60.860: [CMS-concurrent-reset-start]
2019-05-24T17:22:39.391+0800: 60.863: Application time: 0.0481826 seconds
{Heap before GC invocations=223 (full 16):
 par new generation   total 39296K, used 37710K [0x0000000081800000, 0x00000000842a0000, 0x00000000964c0000)
  eden space 34944K, 100% used [0x0000000081800000, 0x0000000083a20000, 0x0000000083a20000)
  from space 4352K,  63% used [0x0000000083e60000, 0x0000000084113b30, 0x00000000842a0000)
  to   space 4352K,   0% used [0x0000000083a20000, 0x0000000083a20000, 0x0000000083e60000)
 concurrent mark-sweep generation total 106048K, used 63627K [0x00000000964c0000, 0x000000009cc50000, 0x0000000100000000)
 Metaspace       used 69670K, capacity 73104K, committed 73312K, reserved 1112064K
  class space    used 9219K, capacity 9822K, committed 9824K, reserved 1048576K
2019-05-24T17:22:39.391+0800: 60.863: [GC (Allocation Failure) 2019-05-24T17:22:39.392+0800: 60.863: [ParNew: 37710K->2511K(39296K), 0.0051797 secs] 101338K->66138K(145344K), 0.0053993 secs] [Times: user=0.00 sys=0.00, real=0.01 secs] 
Heap after GC invocations=224 (full 16):
 par new generation   total 39296K, used 2511K [0x0000000081800000, 0x00000000842a0000, 0x00000000964c0000)
  eden space 34944K,   0% used [0x0000000081800000, 0x0000000081800000, 0x0000000083a20000)
  from space 4352K,  57% used [0x0000000083a20000, 0x0000000083c93c90, 0x0000000083e60000)
  to   space 4352K,   0% used [0x0000000083e60000, 0x0000000083e60000, 0x00000000842a0000)
 concurrent mark-sweep generation total 106048K, used 63627K [0x00000000964c0000, 0x000000009cc50000, 0x0000000100000000)
 Metaspace       used 69670K, capacity 73104K, committed 73312K, reserved 1112064K
  class space    used 9219K, capacity 9822K, committed 9824K, reserved 1048576K
}
2019-05-24T17:22:39.397+0800: 60.869: [CMS-concurrent-reset: 0.003/0.009 secs] [Times: user=0.00 sys=0.00, real=0.01 secs] 
2019-05-24T17:22:39.482+0800: 60.954: Application time: 0.0853635 seconds
{Heap before GC invocations=224 (full 16):
 par new generation   total 39296K, used 37455K [0x0000000081800000, 0x00000000842a0000, 0x00000000964c0000)
  eden space 34944K, 100% used [0x0000000081800000, 0x0000000083a20000, 0x0000000083a20000)
  from space 4352K,  57% used [0x0000000083a20000, 0x0000000083c93c90, 0x0000000083e60000)
  to   space 4352K,   0% used [0x0000000083e60000, 0x0000000083e60000, 0x00000000842a0000)
 concurrent mark-sweep generation total 106048K, used 63627K [0x00000000964c0000, 0x000000009cc50000, 0x0000000100000000)
 Metaspace       used 69704K, capacity 73104K, committed 73312K, reserved 1112064K
  class space    used 9223K, capacity 9822K, committed 9824K, reserved 1048576K
2019-05-24T17:22:39.482+0800: 60.954: [GC (Allocation Failure) 2019-05-24T17:22:39.482+0800: 60.955: [ParNew: 37455K->2092K(39296K), 0.0062601 secs] 101082K->66105K(145344K), 0.0064398 secs] [Times: user=0.00 sys=0.00, real=0.01 secs] 
Heap after GC invocations=225 (full 16):
 par new generation   total 39296K, used 2092K [0x0000000081800000, 0x00000000842a0000, 0x00000000964c0000)
  eden space 34944K,   0% used [0x0000000081800000, 0x0000000081800000, 0x0000000083a20000)
  from space 4352K,  48% used [0x0000000083e60000, 0x000000008406b3e0, 0x00000000842a0000)
  to   space 4352K,   0% used [0x0000000083a20000, 0x0000000083a20000, 0x0000000083e60000)
 concurrent mark-sweep generation total 106048K, used 64012K [0x00000000964c0000, 0x000000009cc50000, 0x0000000100000000)
 Metaspace       used 69704K, capacity 73104K, committed 73312K, reserved 1112064K
  class space    used 9223K, capacity 9822K, committed 9824K, reserved 1048576K
}
2019-05-24T17:22:39.489+0800: 60.961: Application time: 0.0000558 seconds
2019-05-24T17:22:39.489+0800: 60.961: [GC (CMS Initial Mark) [1 CMS-initial-mark: 64012K(106048K)] 66805K(145344K), 0.0025651 secs] [Times: user=0.00 sys=0.00, real=0.00 secs] 
2019-05-24T17:22:39.493+0800: 60.965: [CMS-concurrent-mark-start]
2019-05-24T17:22:39.579+0800: 61.051: Application time: 0.0864864 seconds
{Heap before GC invocations=225 (full 17):
 par new generation   total 39296K, used 37036K [0x0000000081800000, 0x00000000842a0000, 0x00000000964c0000)
  eden space 34944K, 100% used [0x0000000081800000, 0x0000000083a20000, 0x0000000083a20000)
  from space 4352K,  48% used [0x0000000083e60000, 0x000000008406b3e0, 0x00000000842a0000)
  to   space 4352K,   0% used [0x0000000083a20000, 0x0000000083a20000, 0x0000000083e60000)
 concurrent mark-sweep generation total 106048K, used 64012K [0x00000000964c0000, 0x000000009cc50000, 0x0000000100000000)
 Metaspace       used 69729K, capacity 73104K, committed 73312K, reserved 1112064K
  class space    used 9226K, capacity 9822K, committed 9824K, reserved 1048576K
2019-05-24T17:22:39.579+0800: 61.051: [GC (Allocation Failure) 2019-05-24T17:22:39.579+0800: 61.051: [ParNew: 37036K->2280K(39296K), 0.0053851 secs] 101049K->66486K(145344K), 0.0055723 secs] [Times: user=0.00 sys=0.00, real=0.01 secs] 
Heap after GC invocations=226 (full 17):
 par new generation   total 39296K, used 2280K [0x0000000081800000, 0x00000000842a0000, 0x00000000964c0000)
  eden space 34944K,   0% used [0x0000000081800000, 0x0000000081800000, 0x0000000083a20000)
  from space 4352K,  52% used [0x0000000083a20000, 0x0000000083c5a258, 0x0000000083e60000)
  to   space 4352K,   0% used [0x0000000083e60000, 0x0000000083e60000, 0x00000000842a0000)
 concurrent mark-sweep generation total 106048K, used 64206K [0x00000000964c0000, 0x000000009cc50000, 0x0000000100000000)
 Metaspace       used 69729K, capacity 73104K, committed 73312K, reserved 1112064K
  class space    used 9226K, capacity 9822K, committed 9824K, reserved 1048576K
}
2019-05-24T17:22:39.663+0800: 61.136: [CMS-concurrent-mark: 0.165/0.171 secs] [Times: user=0.73 sys=0.02, real=0.17 secs] 
2019-05-24T17:22:39.664+0800: 61.136: [CMS-concurrent-preclean-start]
2019-05-24T17:22:39.672+0800: 61.144: [CMS-concurrent-preclean: 0.008/0.008 secs] [Times: user=0.08 sys=0.00, real=0.01 secs] 
2019-05-24T17:22:39.672+0800: 61.144: [CMS-concurrent-abortable-preclean-start]
2019-05-24T17:22:39.675+0800: 61.147: Application time: 0.0905466 seconds
{Heap before GC invocations=226 (full 17):
 par new generation   total 39296K, used 37224K [0x0000000081800000, 0x00000000842a0000, 0x00000000964c0000)
  eden space 34944K, 100% used [0x0000000081800000, 0x0000000083a20000, 0x0000000083a20000)
  from space 4352K,  52% used [0x0000000083a20000, 0x0000000083c5a258, 0x0000000083e60000)
  to   space 4352K,   0% used [0x0000000083e60000, 0x0000000083e60000, 0x00000000842a0000)
 concurrent mark-sweep generation total 106048K, used 64206K [0x00000000964c0000, 0x000000009cc50000, 0x0000000100000000)
 Metaspace       used 69761K, capacity 73182K, committed 73440K, reserved 1112064K
  class space    used 9231K, capacity 9825K, committed 9952K, reserved 1048576K
2019-05-24T17:22:39.675+0800: 61.147: [GC (Allocation Failure) 2019-05-24T17:22:39.676+0800: 61.148: [ParNew: 37224K->2789K(39296K), 0.0054579 secs] 101430K->67096K(145344K), 0.0057572 secs] [Times: user=0.00 sys=0.00, real=0.01 secs] 
Heap after GC invocations=227 (full 17):
 par new generation   total 39296K, used 2789K [0x0000000081800000, 0x00000000842a0000, 0x00000000964c0000)
  eden space 34944K,   0% used [0x0000000081800000, 0x0000000081800000, 0x0000000083a20000)
  from space 4352K,  64% used [0x0000000083e60000, 0x0000000084119568, 0x00000000842a0000)
  to   space 4352K,   0% used [0x0000000083a20000, 0x0000000083a20000, 0x0000000083e60000)
 concurrent mark-sweep generation total 106048K, used 64306K [0x00000000964c0000, 0x000000009cc50000, 0x0000000100000000)
 Metaspace       used 69761K, capacity 73182K, committed 73440K, reserved 1112064K
  class space    used 9231K, capacity 9825K, committed 9952K, reserved 1048576K
}
2019-05-24T17:22:39.819+0800: 61.291: Application time: 0.1379128 seconds
{Heap before GC invocations=227 (full 17):
 par new generation   total 39296K, used 37733K [0x0000000081800000, 0x00000000842a0000, 0x00000000964c0000)
  eden space 34944K, 100% used [0x0000000081800000, 0x0000000083a20000, 0x0000000083a20000)
  from space 4352K,  64% used [0x0000000083e60000, 0x0000000084119568, 0x00000000842a0000)
  to   space 4352K,   0% used [0x0000000083a20000, 0x0000000083a20000, 0x0000000083e60000)
 concurrent mark-sweep generation total 106048K, used 64306K [0x00000000964c0000, 0x000000009cc50000, 0x0000000100000000)
 Metaspace       used 69776K, capacity 73188K, committed 73440K, reserved 1112064K
  class space    used 9233K, capacity 9826K, committed 9952K, reserved 1048576K
2019-05-24T17:22:39.820+0800: 61.292: [GC (Allocation Failure) 2019-05-24T17:22:39.820+0800: 61.292: [ParNew: 37733K->2904K(39296K), 0.0051985 secs] 102040K->67492K(145344K), 0.0054005 secs] [Times: user=0.09 sys=0.00, real=0.01 secs] 
Heap after GC invocations=228 (full 17):
 par new generation   total 39296K, used 2904K [0x0000000081800000, 0x00000000842a0000, 0x00000000964c0000)
  eden space 34944K,   0% used [0x0000000081800000, 0x0000000081800000, 0x0000000083a20000)
  from space 4352K,  66% used [0x0000000083a20000, 0x0000000083cf6000, 0x0000000083e60000)
  to   space 4352K,   0% used [0x0000000083e60000, 0x0000000083e60000, 0x00000000842a0000)
 concurrent mark-sweep generation total 106048K, used 64588K [0x00000000964c0000, 0x000000009cc50000, 0x0000000100000000)
 Metaspace       used 69776K, capacity 73188K, committed 73440K, reserved 1112064K
  class space    used 9233K, capacity 9826K, committed 9952K, reserved 1048576K
}
2019-05-24T17:22:39.833+0800: 61.305: [CMS-concurrent-abortable-preclean: 0.048/0.161 secs] [Times: user=0.67 sys=0.00, real=0.16 secs] 
2019-05-24T17:22:39.834+0800: 61.306: Application time: 0.0088218 seconds
2019-05-24T17:22:39.835+0800: 61.306: [GC (CMS Final Remark) [YG occupancy: 6418 K (39296 K)]2019-05-24T17:22:39.835+0800: 61.306: [Rescan (parallel) , 0.0026852 secs]2019-05-24T17:22:39.837+0800: 61.309: [weak refs processing, 0.0001348 secs]2019-05-24T17:22:39.838+0800: 61.309: [class unloading, 0.0263566 secs]2019-05-24T17:22:39.864+0800: 61.336: [scrub symbol table, 0.0307729 secs]2019-05-24T17:22:39.895+0800: 61.367: [scrub string table, 0.0014785 secs][1 CMS-remark: 64588K(106048K)] 71006K(145344K), 0.0619577 secs] [Times: user=0.25 sys=0.00, real=0.06 secs] 
2019-05-24T17:22:39.897+0800: 61.368: [CMS-concurrent-sweep-start]
2019-05-24T17:22:39.936+0800: 61.407: [CMS-concurrent-sweep: 0.039/0.039 secs] [Times: user=0.22 sys=0.00, real=0.04 secs] 
2019-05-24T17:22:39.936+0800: 61.408: [CMS-concurrent-reset-start]
2019-05-24T17:22:39.938+0800: 61.410: Application time: 0.0413497 seconds
2019-05-24T17:22:39.938+0800: 61.410: Application time: 0.0001684 seconds
2019-05-24T17:22:39.940+0800: 61.412: [CMS-concurrent-reset: 0.003/0.004 secs] [Times: user=0.00 sys=0.00, real=0.00 secs] 
2019-05-24T17:22:39.990+0800: 61.462: Application time: 0.0519799 seconds
{Heap before GC invocations=228 (full 17):
 par new generation   total 39296K, used 37848K [0x0000000081800000, 0x00000000842a0000, 0x00000000964c0000)
  eden space 34944K, 100% used [0x0000000081800000, 0x0000000083a20000, 0x0000000083a20000)
  from space 4352K,  66% used [0x0000000083a20000, 0x0000000083cf6000, 0x0000000083e60000)
  to   space 4352K,   0% used [0x0000000083e60000, 0x0000000083e60000, 0x00000000842a0000)
 concurrent mark-sweep generation total 107476K, used 64485K [0x00000000964c0000, 0x000000009cdb5000, 0x0000000100000000)
 Metaspace       used 69783K, capacity 73176K, committed 73440K, reserved 1112064K
  class space    used 9234K, capacity 9824K, committed 9952K, reserved 1048576K
2019-05-24T17:22:39.990+0800: 61.462: [GC (Allocation Failure) 2019-05-24T17:22:39.991+0800: 61.463: [ParNew: 37848K->2745K(39296K), 0.0047292 secs] 102333K->67379K(146772K), 0.0049197 secs] [Times: user=0.00 sys=0.00, real=0.00 secs] 
Heap after GC invocations=229 (full 17):
 par new generation   total 39296K, used 2745K [0x0000000081800000, 0x00000000842a0000, 0x00000000964c0000)
  eden space 34944K,   0% used [0x0000000081800000, 0x0000000081800000, 0x0000000083a20000)
  from space 4352K,  63% used [0x0000000083e60000, 0x000000008410e770, 0x00000000842a0000)
  to   space 4352K,   0% used [0x0000000083a20000, 0x0000000083a20000, 0x0000000083e60000)
 concurrent mark-sweep generation total 107476K, used 64633K [0x00000000964c0000, 0x000000009cdb5000, 0x0000000100000000)
 Metaspace       used 69783K, capacity 73176K, committed 73440K, reserved 1112064K
  class space    used 9234K, capacity 9824K, committed 9952K, reserved 1048576K
}
2019-05-24T17:22:39.996+0800: 61.468: Application time: 0.0000597 seconds
2019-05-24T17:22:39.996+0800: 61.468: [GC (CMS Initial Mark) [1 CMS-initial-mark: 64633K(107476K)] 67381K(146772K), 0.0030874 secs] [Times: user=0.00 sys=0.00, real=0.00 secs] 
2019-05-24T17:22:39.999+0800: 61.471: [CMS-concurrent-mark-start]
2019-05-24T17:22:40.123+0800: 61.595: Application time: 0.1241691 seconds
{Heap before GC invocations=229 (full 18):
 par new generation   total 39296K, used 37689K [0x0000000081800000, 0x00000000842a0000, 0x00000000964c0000)
  eden space 34944K, 100% used [0x0000000081800000, 0x0000000083a20000, 0x0000000083a20000)
  from space 4352K,  63% used [0x0000000083e60000, 0x000000008410e770, 0x00000000842a0000)
  to   space 4352K,   0% used [0x0000000083a20000, 0x0000000083a20000, 0x0000000083e60000)
 concurrent mark-sweep generation total 107476K, used 64633K [0x00000000964c0000, 0x000000009cdb5000, 0x0000000100000000)
 Metaspace       used 69800K, capacity 73176K, committed 73440K, reserved 1112064K
  class space    used 9237K, capacity 9824K, committed 9952K, reserved 1048576K
2019-05-24T17:22:40.123+0800: 61.595: [GC (Allocation Failure) 2019-05-24T17:22:40.124+0800: 61.596: [ParNew: 37689K->3117K(39296K), 0.0047081 secs] 102323K->67929K(146772K), 0.0049061 secs] [Times: user=0.00 sys=0.00, real=0.01 secs] 
Heap after GC invocations=230 (full 18):
 par new generation   total 39296K, used 3117K [0x0000000081800000, 0x00000000842a0000, 0x00000000964c0000)
  eden space 34944K,   0% used [0x0000000081800000, 0x0000000081800000, 0x0000000083a20000)
  from space 4352K,  71% used [0x0000000083a20000, 0x0000000083d2b4e0, 0x0000000083e60000)
  to   space 4352K,   0% used [0x0000000083e60000, 0x0000000083e60000, 0x00000000842a0000)
 concurrent mark-sweep generation total 107476K, used 64812K [0x00000000964c0000, 0x000000009cdb5000, 0x0000000100000000)
 Metaspace       used 69800K, capacity 73176K, committed 73440K, reserved 1112064K
  class space    used 9237K, capacity 9824K, committed 9952K, reserved 1048576K
}
2019-05-24T17:22:40.158+0800: 61.630: Application time: 0.0293182 seconds
2019-05-24T17:22:40.158+0800: 61.630: Application time: 0.0001320 seconds
2019-05-24T17:22:40.158+0800: 61.630: Application time: 0.0001223 seconds
2019-05-24T17:22:40.193+0800: 61.665: [CMS-concurrent-mark: 0.188/0.194 secs] [Times: user=0.70 sys=0.03, real=0.19 secs] 
2019-05-24T17:22:40.193+0800: 61.665: [CMS-concurrent-preclean-start]
2019-05-24T17:22:40.200+0800: 61.672: Application time: 0.0413730 seconds
{Heap before GC invocations=230 (full 18):
 par new generation   total 39296K, used 38061K [0x0000000081800000, 0x00000000842a0000, 0x00000000964c0000)
  eden space 34944K, 100% used [0x0000000081800000, 0x0000000083a20000, 0x0000000083a20000)
  from space 4352K,  71% used [0x0000000083a20000, 0x0000000083d2b4e0, 0x0000000083e60000)
  to   space 4352K,   0% used [0x0000000083e60000, 0x0000000083e60000, 0x00000000842a0000)
 concurrent mark-sweep generation total 107476K, used 64812K [0x00000000964c0000, 0x000000009cdb5000, 0x0000000100000000)
 Metaspace       used 69811K, capacity 73208K, committed 73440K, reserved 1112064K
  class space    used 9239K, capacity 9856K, committed 9952K, reserved 1048576K
2019-05-24T17:22:40.200+0800: 61.672: [GC (Allocation Failure) 2019-05-24T17:22:40.200+0800: 61.672: [ParNew: 38061K->2301K(39296K), 0.0046427 secs] 102873K->67209K(146772K), 0.0048794 secs] [Times: user=0.00 sys=0.00, real=0.00 secs] 
Heap after GC invocations=231 (full 18):
 par new generation   total 39296K, used 2301K [0x0000000081800000, 0x00000000842a0000, 0x00000000964c0000)
  eden space 34944K,   0% used [0x0000000081800000, 0x0000000081800000, 0x0000000083a20000)
  from space 4352K,  52% used [0x0000000083e60000, 0x000000008409f6d0, 0x00000000842a0000)
  to   space 4352K,   0% used [0x0000000083a20000, 0x0000000083a20000, 0x0000000083e60000)
 concurrent mark-sweep generation total 107476K, used 64907K [0x00000000964c0000, 0x000000009cdb5000, 0x0000000100000000)
 Metaspace       used 69811K, capacity 73208K, committed 73440K, reserved 1112064K
  class space    used 9239K, capacity 9856K, committed 9952K, reserved 1048576K
}
2019-05-24T17:22:40.205+0800: 61.677: [CMS-concurrent-preclean: 0.006/0.012 secs] [Times: user=0.06 sys=0.00, real=0.01 secs] 
2019-05-24T17:22:40.209+0800: 61.681: Application time: 0.0038980 seconds
2019-05-24T17:22:40.209+0800: 61.681: [GC (CMS Final Remark) [YG occupancy: 5140 K (39296 K)]2019-05-24T17:22:40.209+0800: 61.681: [Rescan (parallel) , 0.0033866 secs]2019-05-24T17:22:40.212+0800: 61.685: [weak refs processing, 0.0001297 secs]2019-05-24T17:22:40.213+0800: 61.685: [class unloading, 0.0243775 secs]2019-05-24T17:22:40.237+0800: 61.709: [scrub symbol table, 0.0232704 secs]2019-05-24T17:22:40.261+0800: 61.733: [scrub string table, 0.0013596 secs][1 CMS-remark: 64907K(107476K)] 70048K(146772K), 0.0533589 secs] [Times: user=0.09 sys=0.02, real=0.05 secs] 
2019-05-24T17:22:40.263+0800: 61.735: [CMS-concurrent-sweep-start]
2019-05-24T17:22:40.304+0800: 61.776: [CMS-concurrent-sweep: 0.041/0.041 secs] [Times: user=0.16 sys=0.00, real=0.04 secs] 
2019-05-24T17:22:40.304+0800: 61.776: [CMS-concurrent-reset-start]
2019-05-24T17:22:40.307+0800: 61.779: [CMS-concurrent-reset: 0.003/0.003 secs] [Times: user=0.00 sys=0.00, real=0.00 secs] 
2019-05-24T17:22:40.394+0800: 61.865: Application time: 0.1308217 seconds
{Heap before GC invocations=231 (full 18):
 par new generation   total 39296K, used 37245K [0x0000000081800000, 0x00000000842a0000, 0x00000000964c0000)
  eden space 34944K, 100% used [0x0000000081800000, 0x0000000083a20000, 0x0000000083a20000)
  from space 4352K,  52% used [0x0000000083e60000, 0x000000008409f6d0, 0x00000000842a0000)
  to   space 4352K,   0% used [0x0000000083a20000, 0x0000000083a20000, 0x0000000083e60000)
 concurrent mark-sweep generation total 108100K, used 64858K [0x00000000964c0000, 0x000000009ce51000, 0x0000000100000000)
 Metaspace       used 69815K, capacity 73282K, committed 73696K, reserved 1114112K
  class space    used 9240K, capacity 9847K, committed 9952K, reserved 1048576K
2019-05-24T17:22:40.394+0800: 61.866: [GC (Allocation Failure) 2019-05-24T17:22:40.394+0800: 61.866: [ParNew: 37245K->2596K(39296K), 0.0044652 secs] 102104K->67534K(147396K), 0.0046205 secs] [Times: user=0.00 sys=0.00, real=0.00 secs] 
Heap after GC invocations=232 (full 18):
 par new generation   total 39296K, used 2596K [0x0000000081800000, 0x00000000842a0000, 0x00000000964c0000)
  eden space 34944K,   0% used [0x0000000081800000, 0x0000000081800000, 0x0000000083a20000)
  from space 4352K,  59% used [0x0000000083a20000, 0x0000000083ca9378, 0x0000000083e60000)
  to   space 4352K,   0% used [0x0000000083e60000, 0x0000000083e60000, 0x00000000842a0000)
 concurrent mark-sweep generation total 108100K, used 64937K [0x00000000964c0000, 0x000000009ce51000, 0x0000000100000000)
 Metaspace       used 69815K, capacity 73282K, committed 73696K, reserved 1114112K
  class space    used 9240K, capacity 9847K, committed 9952K, reserved 1048576K
}
2019-05-24T17:22:40.398+0800: 61.870: Application time: 0.0000512 seconds
2019-05-24T17:22:40.398+0800: 61.871: [GC (CMS Initial Mark) [1 CMS-initial-mark: 64937K(108100K)] 68235K(147396K), 0.0019217 secs] [Times: user=0.00 sys=0.00, real=0.00 secs] 
2019-05-24T17:22:40.400+0800: 61.873: [CMS-concurrent-mark-start]
2019-05-24T17:22:40.412+0800: 61.884: Application time: 0.0110165 seconds
2019-05-24T17:22:40.483+0800: 61.955: Application time: 0.0710690 seconds
{Heap before GC invocations=232 (full 19):
 par new generation   total 39296K, used 37540K [0x0000000081800000, 0x00000000842a0000, 0x00000000964c0000)
  eden space 34944K, 100% used [0x0000000081800000, 0x0000000083a20000, 0x0000000083a20000)
  from space 4352K,  59% used [0x0000000083a20000, 0x0000000083ca9378, 0x0000000083e60000)
  to   space 4352K,   0% used [0x0000000083e60000, 0x0000000083e60000, 0x00000000842a0000)
 concurrent mark-sweep generation total 108100K, used 64937K [0x00000000964c0000, 0x000000009ce51000, 0x0000000100000000)
 Metaspace       used 69919K, capacity 73364K, committed 73696K, reserved 1114112K
  class space    used 9251K, capacity 9850K, committed 9952K, reserved 1048576K
2019-05-24T17:22:40.483+0800: 61.955: [GC (Allocation Failure) 2019-05-24T17:22:40.483+0800: 61.955: [ParNew: 37540K->3204K(39296K), 0.0053589 secs] 102478K->68346K(147396K), 0.0055137 secs] [Times: user=0.00 sys=0.00, real=0.01 secs] 
Heap after GC invocations=233 (full 19):
 par new generation   total 39296K, used 3204K [0x0000000081800000, 0x00000000842a0000, 0x00000000964c0000)
  eden space 34944K,   0% used [0x0000000081800000, 0x0000000081800000, 0x0000000083a20000)
  from space 4352K,  73% used [0x0000000083e60000, 0x00000000841811c0, 0x00000000842a0000)
  to   space 4352K,   0% used [0x0000000083a20000, 0x0000000083a20000, 0x0000000083e60000)
 concurrent mark-sweep generation total 108100K, used 65141K [0x00000000964c0000, 0x000000009ce51000, 0x0000000100000000)
 Metaspace       used 69919K, capacity 73364K, committed 73696K, reserved 1114112K
  class space    used 9251K, capacity 9850K, committed 9952K, reserved 1048576K
}
2019-05-24T17:22:40.557+0800: 62.029: Application time: 0.0680812 seconds
{Heap before GC invocations=233 (full 19):
 par new generation   total 39296K, used 38148K [0x0000000081800000, 0x00000000842a0000, 0x00000000964c0000)
  eden space 34944K, 100% used [0x0000000081800000, 0x0000000083a20000, 0x0000000083a20000)
  from space 4352K,  73% used [0x0000000083e60000, 0x00000000841811c0, 0x00000000842a0000)
  to   space 4352K,   0% used [0x0000000083a20000, 0x0000000083a20000, 0x0000000083e60000)
 concurrent mark-sweep generation total 108100K, used 65141K [0x00000000964c0000, 0x000000009ce51000, 0x0000000100000000)
 Metaspace       used 69952K, capacity 73428K, committed 73696K, reserved 1114112K
  class space    used 9256K, capacity 9850K, committed 9952K, reserved 1048576K
2019-05-24T17:22:40.557+0800: 62.029: [GC (Allocation Failure) 2019-05-24T17:22:40.557+0800: 62.029: [ParNew: 38148K->2875K(39296K), 0.0059853 secs] 103290K->68422K(147396K), 0.0061605 secs] [Times: user=0.08 sys=0.02, real=0.01 secs] 
Heap after GC invocations=234 (full 19):
 par new generation   total 39296K, used 2875K [0x0000000081800000, 0x00000000842a0000, 0x00000000964c0000)
  eden space 34944K,   0% used [0x0000000081800000, 0x0000000081800000, 0x0000000083a20000)
  from space 4352K,  66% used [0x0000000083a20000, 0x0000000083ceecd0, 0x0000000083e60000)
  to   space 4352K,   0% used [0x0000000083e60000, 0x0000000083e60000, 0x00000000842a0000)
 concurrent mark-sweep generation total 108100K, used 65547K [0x00000000964c0000, 0x000000009ce51000, 0x0000000100000000)
 Metaspace       used 69952K, capacity 73428K, committed 73696K, reserved 1114112K
  class space    used 9256K, capacity 9850K, committed 9952K, reserved 1048576K
}
2019-05-24T17:22:40.578+0800: 62.050: [CMS-concurrent-mark: 0.165/0.177 secs] [Times: user=0.70 sys=0.02, real=0.18 secs] 
2019-05-24T17:22:40.579+0800: 62.050: [CMS-concurrent-preclean-start]
2019-05-24T17:22:40.587+0800: 62.060: [CMS-concurrent-preclean: 0.009/0.009 secs] [Times: user=0.00 sys=0.00, real=0.01 secs] 
2019-05-24T17:22:40.587+0800: 62.060: [CMS-concurrent-abortable-preclean-start]
2019-05-24T17:22:40.632+0800: 62.104: Application time: 0.0686029 seconds
{Heap before GC invocations=234 (full 19):
 par new generation   total 39296K, used 37819K [0x0000000081800000, 0x00000000842a0000, 0x00000000964c0000)
  eden space 34944K, 100% used [0x0000000081800000, 0x0000000083a20000, 0x0000000083a20000)
  from space 4352K,  66% used [0x0000000083a20000, 0x0000000083ceecd0, 0x0000000083e60000)
  to   space 4352K,   0% used [0x0000000083e60000, 0x0000000083e60000, 0x00000000842a0000)
 concurrent mark-sweep generation total 108100K, used 65547K [0x00000000964c0000, 0x000000009ce51000, 0x0000000100000000)
 Metaspace       used 69982K, capacity 73442K, committed 73696K, reserved 1114112K
  class space    used 9261K, capacity 9853K, committed 9952K, reserved 1048576K
2019-05-24T17:22:40.632+0800: 62.104: [GC (Allocation Failure) 2019-05-24T17:22:40.632+0800: 62.104: [ParNew: 37819K->1923K(39296K), 0.0048179 secs] 103366K->67696K(147396K), 0.0050068 secs] [Times: user=0.08 sys=0.00, real=0.01 secs] 
Heap after GC invocations=235 (full 19):
 par new generation   total 39296K, used 1923K [0x0000000081800000, 0x00000000842a0000, 0x00000000964c0000)
  eden space 34944K,   0% used [0x0000000081800000, 0x0000000081800000, 0x0000000083a20000)
  from space 4352K,  44% used [0x0000000083e60000, 0x0000000084040ef8, 0x00000000842a0000)
  to   space 4352K,   0% used [0x0000000083a20000, 0x0000000083a20000, 0x0000000083e60000)
 concurrent mark-sweep generation total 108100K, used 65772K [0x00000000964c0000, 0x000000009ce51000, 0x0000000100000000)
 Metaspace       used 69982K, capacity 73442K, committed 73696K, reserved 1114112K
  class space    used 9261K, capacity 9853K, committed 9952K, reserved 1048576K
}
2019-05-24T17:22:40.677+0800: 62.149: Application time: 0.0391327 seconds
{Heap before GC invocations=235 (full 19):
 par new generation   total 39296K, used 36867K [0x0000000081800000, 0x00000000842a0000, 0x00000000964c0000)
  eden space 34944K, 100% used [0x0000000081800000, 0x0000000083a20000, 0x0000000083a20000)
  from space 4352K,  44% used [0x0000000083e60000, 0x0000000084040ef8, 0x00000000842a0000)
  to   space 4352K,   0% used [0x0000000083a20000, 0x0000000083a20000, 0x0000000083e60000)
 concurrent mark-sweep generation total 108100K, used 65772K [0x00000000964c0000, 0x000000009ce51000, 0x0000000100000000)
 Metaspace       used 69985K, capacity 73450K, committed 73696K, reserved 1114112K
  class space    used 9262K, capacity 9855K, committed 9952K, reserved 1048576K
2019-05-24T17:22:40.677+0800: 62.149: [GC (Allocation Failure) 2019-05-24T17:22:40.677+0800: 62.149: [ParNew: 36867K->1754K(39296K), 0.0042342 secs] 102640K->67806K(147396K), 0.0044157 secs] [Times: user=0.00 sys=0.00, real=0.00 secs] 
Heap after GC invocations=236 (full 19):
 par new generation   total 39296K, used 1754K [0x0000000081800000, 0x00000000842a0000, 0x00000000964c0000)
  eden space 34944K,   0% used [0x0000000081800000, 0x0000000081800000, 0x0000000083a20000)
  from space 4352K,  40% used [0x0000000083a20000, 0x0000000083bd6b10, 0x0000000083e60000)
  to   space 4352K,   0% used [0x0000000083e60000, 0x0000000083e60000, 0x00000000842a0000)
 concurrent mark-sweep generation total 108100K, used 66051K [0x00000000964c0000, 0x000000009ce51000, 0x0000000100000000)
 Metaspace       used 69985K, capacity 73450K, committed 73696K, reserved 1114112K
  class space    used 9262K, capacity 9855K, committed 9952K, reserved 1048576K
}
2019-05-24T17:22:40.681+0800: 62.153: [CMS-concurrent-abortable-preclean: 0.069/0.094 secs] [Times: user=0.38 sys=0.00, real=0.09 secs] 
2019-05-24T17:22:40.681+0800: 62.153: Application time: 0.0001308 seconds
2019-05-24T17:22:40.682+0800: 62.154: [GC (CMS Final Remark) [YG occupancy: 2457 K (39296 K)]2019-05-24T17:22:40.682+0800: 62.154: [Rescan (parallel) , 0.0028956 secs]2019-05-24T17:22:40.685+0800: 62.157: [weak refs processing, 0.0001138 secs]2019-05-24T17:22:40.685+0800: 62.157: [class unloading, 0.0149043 secs]2019-05-24T17:22:40.700+0800: 62.172: [scrub symbol table, 0.0160159 secs]2019-05-24T17:22:40.716+0800: 62.188: [scrub string table, 0.0011162 secs][1 CMS-remark: 66051K(108100K)] 68508K(147396K), 0.0354913 secs] [Times: user=0.13 sys=0.00, real=0.04 secs] 
2019-05-24T17:22:40.717+0800: 62.189: [CMS-concurrent-sweep-start]
2019-05-24T17:22:40.746+0800: 62.218: [CMS-concurrent-sweep: 0.028/0.028 secs] [Times: user=0.06 sys=0.00, real=0.03 secs] 
2019-05-24T17:22:40.746+0800: 62.218: [CMS-concurrent-reset-start]
2019-05-24T17:22:40.748+0800: 62.220: [CMS-concurrent-reset: 0.002/0.002 secs] [Times: user=0.00 sys=0.00, real=0.00 secs] 
2019-05-24T17:22:40.786+0800: 62.258: Application time: 0.0693083 seconds
{Heap before GC invocations=236 (full 19):
 par new generation   total 39296K, used 36698K [0x0000000081800000, 0x00000000842a0000, 0x00000000964c0000)
  eden space 34944K, 100% used [0x0000000081800000, 0x0000000083a20000, 0x0000000083a20000)
  from space 4352K,  40% used [0x0000000083a20000, 0x0000000083bd6b10, 0x0000000083e60000)
  to   space 4352K,   0% used [0x0000000083e60000, 0x0000000083e60000, 0x00000000842a0000)
 concurrent mark-sweep generation total 110048K, used 66028K [0x00000000964c0000, 0x000000009d038000, 0x0000000100000000)
 Metaspace       used 70033K, capacity 73482K, committed 73696K, reserved 1114112K
  class space    used 9276K, capacity 9887K, committed 9952K, reserved 1048576K
2019-05-24T17:22:40.786+0800: 62.259: [GC (Allocation Failure) 2019-05-24T17:22:40.787+0800: 62.259: [ParNew: 36698K->1615K(39296K), 0.0035675 secs] 102727K->67750K(149344K), 0.0037001 secs] [Times: user=0.00 sys=0.00, real=0.00 secs] 
Heap after GC invocations=237 (full 19):
 par new generation   total 39296K, used 1615K [0x0000000081800000, 0x00000000842a0000, 0x00000000964c0000)
  eden space 34944K,   0% used [0x0000000081800000, 0x0000000081800000, 0x0000000083a20000)
  from space 4352K,  37% used [0x0000000083e60000, 0x0000000083ff3d08, 0x00000000842a0000)
  to   space 4352K,   0% used [0x0000000083a20000, 0x0000000083a20000, 0x0000000083e60000)
 concurrent mark-sweep generation total 110048K, used 66135K [0x00000000964c0000, 0x000000009d038000, 0x0000000100000000)
 Metaspace       used 70033K, capacity 73482K, committed 73696K, reserved 1114112K
  class space    used 9276K, capacity 9887K, committed 9952K, reserved 1048576K
}
2019-05-24T17:22:40.790+0800: 62.262: Application time: 0.0000529 seconds
2019-05-24T17:22:40.790+0800: 62.263: [GC (CMS Initial Mark) [1 CMS-initial-mark: 66135K(110048K)] 68453K(149344K), 0.0015155 secs] [Times: user=0.00 sys=0.02, real=0.00 secs] 
2019-05-24T17:22:40.792+0800: 62.264: [CMS-concurrent-mark-start]
2019-05-24T17:22:40.843+0800: 62.315: Application time: 0.0512506 seconds
{Heap before GC invocations=237 (full 20):
 par new generation   total 39296K, used 36559K [0x0000000081800000, 0x00000000842a0000, 0x00000000964c0000)
  eden space 34944K, 100% used [0x0000000081800000, 0x0000000083a20000, 0x0000000083a20000)
  from space 4352K,  37% used [0x0000000083e60000, 0x0000000083ff3d08, 0x00000000842a0000)
  to   space 4352K,   0% used [0x0000000083a20000, 0x0000000083a20000, 0x0000000083e60000)
 concurrent mark-sweep generation total 110048K, used 66135K [0x00000000964c0000, 0x000000009d038000, 0x0000000100000000)
 Metaspace       used 70093K, capacity 73550K, committed 73696K, reserved 1114112K
  class space    used 9285K, capacity 9887K, committed 9952K, reserved 1048576K
2019-05-24T17:22:40.843+0800: 62.316: [GC (Allocation Failure) 2019-05-24T17:22:40.843+0800: 62.316: [ParNew: 36559K->1976K(39296K), 0.0042189 secs] 102694K->68254K(149344K), 0.0043708 secs] [Times: user=0.00 sys=0.00, real=0.01 secs] 
Heap after GC invocations=238 (full 20):
 par new generation   total 39296K, used 1976K [0x0000000081800000, 0x00000000842a0000, 0x00000000964c0000)
  eden space 34944K,   0% used [0x0000000081800000, 0x0000000081800000, 0x0000000083a20000)
  from space 4352K,  45% used [0x0000000083a20000, 0x0000000083c0e0e8, 0x0000000083e60000)
  to   space 4352K,   0% used [0x0000000083e60000, 0x0000000083e60000, 0x00000000842a0000)
 concurrent mark-sweep generation total 110048K, used 66278K [0x00000000964c0000, 0x000000009d038000, 0x0000000100000000)
 Metaspace       used 70093K, capacity 73550K, committed 73696K, reserved 1114112K
  class space    used 9285K, capacity 9887K, committed 9952K, reserved 1048576K
}
2019-05-24T17:22:40.954+0800: 62.426: [CMS-concurrent-mark: 0.157/0.161 secs] [Times: user=0.58 sys=0.00, real=0.16 secs] 
2019-05-24T17:22:40.954+0800: 62.426: [CMS-concurrent-preclean-start]
2019-05-24T17:22:40.959+0800: 62.431: [CMS-concurrent-preclean: 0.006/0.006 secs] [Times: user=0.00 sys=0.00, real=0.01 secs] 
2019-05-24T17:22:40.959+0800: 62.431: [CMS-concurrent-abortable-preclean-start]
2019-05-24T17:22:40.978+0800: 62.450: Application time: 0.1300246 seconds
{Heap before GC invocations=238 (full 20):
 par new generation   total 39296K, used 36920K [0x0000000081800000, 0x00000000842a0000, 0x00000000964c0000)
  eden space 34944K, 100% used [0x0000000081800000, 0x0000000083a20000, 0x0000000083a20000)
  from space 4352K,  45% used [0x0000000083a20000, 0x0000000083c0e0e8, 0x0000000083e60000)
  to   space 4352K,   0% used [0x0000000083e60000, 0x0000000083e60000, 0x00000000842a0000)
 concurrent mark-sweep generation total 110048K, used 66278K [0x00000000964c0000, 0x000000009d038000, 0x0000000100000000)
 Metaspace       used 70177K, capacity 73684K, committed 73952K, reserved 1114112K
  class space    used 9296K, capacity 9898K, committed 9952K, reserved 1048576K
2019-05-24T17:22:40.978+0800: 62.450: [GC (Allocation Failure) 2019-05-24T17:22:40.978+0800: 62.450: [ParNew: 36920K->4119K(39296K), 0.0064461 secs] 103198K->70520K(149344K), 0.0066150 secs] [Times: user=0.08 sys=0.00, real=0.01 secs] 
Heap after GC invocations=239 (full 20):
 par new generation   total 39296K, used 4119K [0x0000000081800000, 0x00000000842a0000, 0x00000000964c0000)
  eden space 34944K,   0% used [0x0000000081800000, 0x0000000081800000, 0x0000000083a20000)
  from space 4352K,  94% used [0x0000000083e60000, 0x0000000084265c50, 0x00000000842a0000)
  to   space 4352K,   0% used [0x0000000083a20000, 0x0000000083a20000, 0x0000000083e60000)
 concurrent mark-sweep generation total 110048K, used 66401K [0x00000000964c0000, 0x000000009d038000, 0x0000000100000000)
 Metaspace       used 70177K, capacity 73684K, committed 73952K, reserved 1114112K
  class space    used 9296K, capacity 9898K, committed 9952K, reserved 1048576K
}
2019-05-24T17:22:41.068+0800: 62.540: Application time: 0.0830464 seconds
2019-05-24T17:22:41.123+0800: 62.595: Application time: 0.0542674 seconds
{Heap before GC invocations=239 (full 20):
 par new generation   total 39296K, used 39063K [0x0000000081800000, 0x00000000842a0000, 0x00000000964c0000)
  eden space 34944K, 100% used [0x0000000081800000, 0x0000000083a20000, 0x0000000083a20000)
  from space 4352K,  94% used [0x0000000083e60000, 0x0000000084265c50, 0x00000000842a0000)
  to   space 4352K,   0% used [0x0000000083a20000, 0x0000000083a20000, 0x0000000083e60000)
 concurrent mark-sweep generation total 110048K, used 66401K [0x00000000964c0000, 0x000000009d038000, 0x0000000100000000)
 Metaspace       used 70309K, capacity 73798K, committed 73952K, reserved 1114112K
  class space    used 9308K, capacity 9907K, committed 9952K, reserved 1048576K
2019-05-24T17:22:41.123+0800: 62.595: [GC (Allocation Failure) 2019-05-24T17:22:41.123+0800: 62.595: [ParNew: 39063K->3057K(39296K), 0.0167066 secs] 105464K->73098K(149344K), 0.0168977 secs] [Times: user=0.05 sys=0.00, real=0.02 secs] 
Heap after GC invocations=240 (full 20):
 par new generation   total 39296K, used 3057K [0x0000000081800000, 0x00000000842a0000, 0x00000000964c0000)
  eden space 34944K,   0% used [0x0000000081800000, 0x0000000081800000, 0x0000000083a20000)
  from space 4352K,  70% used [0x0000000083a20000, 0x0000000083d1c430, 0x0000000083e60000)
  to   space 4352K,   0% used [0x0000000083e60000, 0x0000000083e60000, 0x00000000842a0000)
 concurrent mark-sweep generation total 110048K, used 70041K [0x00000000964c0000, 0x000000009d038000, 0x0000000100000000)
 Metaspace       used 70309K, capacity 73798K, committed 73952K, reserved 1114112K
  class space    used 9308K, capacity 9907K, committed 9952K, reserved 1048576K
}
2019-05-24T17:22:41.140+0800: 62.612: [CMS-concurrent-abortable-preclean: 0.137/0.180 secs] [Times: user=0.91 sys=0.00, real=0.18 secs] 
2019-05-24T17:22:41.140+0800: 62.612: Application time: 0.0001599 seconds
2019-05-24T17:22:41.140+0800: 62.612: [GC (CMS Final Remark) [YG occupancy: 3759 K (39296 K)]2019-05-24T17:22:41.140+0800: 62.612: [Rescan (parallel) , 0.0046490 secs]2019-05-24T17:22:41.145+0800: 62.617: [weak refs processing, 0.0000939 secs]2019-05-24T17:22:41.145+0800: 62.617: [class unloading, 0.0211302 secs]2019-05-24T17:22:41.166+0800: 62.638: [scrub symbol table, 0.0230593 secs]2019-05-24T17:22:41.190+0800: 62.661: [scrub string table, 0.0013414 secs][1 CMS-remark: 70041K(110048K)] 73801K(149344K), 0.0507961 secs] [Times: user=0.19 sys=0.00, real=0.05 secs] 
2019-05-24T17:22:41.191+0800: 62.663: [CMS-concurrent-sweep-start]
2019-05-24T17:22:41.224+0800: 62.696: Application time: 0.0328016 seconds
2019-05-24T17:22:41.224+0800: 62.696: Application time: 0.0001479 seconds
2019-05-24T17:22:41.224+0800: 62.696: Application time: 0.0000444 seconds
2019-05-24T17:22:41.225+0800: 62.697: Application time: 0.0002594 seconds
2019-05-24T17:22:41.225+0800: 62.697: Application time: 0.0003823 seconds
2019-05-24T17:22:41.225+0800: 62.697: Application time: 0.0001911 seconds
2019-05-24T17:22:41.225+0800: 62.697: Application time: 0.0000660 seconds
2019-05-24T17:22:41.238+0800: 62.710: [CMS-concurrent-sweep: 0.046/0.047 secs] [Times: user=0.25 sys=0.00, real=0.05 secs] 
2019-05-24T17:22:41.238+0800: 62.710: [CMS-concurrent-reset-start]
2019-05-24T17:22:41.242+0800: 62.714: [CMS-concurrent-reset: 0.003/0.003 secs] [Times: user=0.00 sys=0.00, real=0.00 secs] 
2019-05-24T17:22:41.369+0800: 62.841: Application time: 0.1430880 seconds
{Heap before GC invocations=240 (full 20):
 par new generation   total 39296K, used 38001K [0x0000000081800000, 0x00000000842a0000, 0x00000000964c0000)
  eden space 34944K, 100% used [0x0000000081800000, 0x0000000083a20000, 0x0000000083a20000)
  from space 4352K,  70% used [0x0000000083a20000, 0x0000000083d1c430, 0x0000000083e60000)
  to   space 4352K,   0% used [0x0000000083e60000, 0x0000000083e60000, 0x00000000842a0000)
 concurrent mark-sweep generation total 116348K, used 69807K [0x00000000964c0000, 0x000000009d65f000, 0x0000000100000000)
 Metaspace       used 70704K, capacity 74142K, committed 74336K, reserved 1114112K
  class space    used 9370K, capacity 9977K, committed 10080K, reserved 1048576K
2019-05-24T17:22:41.369+0800: 62.841: [GC (Allocation Failure) 2019-05-24T17:22:41.369+0800: 62.841: [ParNew: 38001K->1304K(39296K), 0.0035595 secs] 107808K->71111K(155644K), 0.0037541 secs] [Times: user=0.06 sys=0.00, real=0.00 secs] 
Heap after GC invocations=241 (full 20):
 par new generation   total 39296K, used 1304K [0x0000000081800000, 0x00000000842a0000, 0x00000000964c0000)
  eden space 34944K,   0% used [0x0000000081800000, 0x0000000081800000, 0x0000000083a20000)
  from space 4352K,  29% used [0x0000000083e60000, 0x0000000083fa6030, 0x00000000842a0000)
  to   space 4352K,   0% used [0x0000000083a20000, 0x0000000083a20000, 0x0000000083e60000)
 concurrent mark-sweep generation total 116348K, used 69807K [0x00000000964c0000, 0x000000009d65f000, 0x0000000100000000)
 Metaspace       used 70704K, capacity 74142K, committed 74336K, reserved 1114112K
  class space    used 9370K, capacity 9977K, committed 10080K, reserved 1048576K
}
2019-05-24T17:22:41.602+0800: 63.074: Application time: 0.2295779 seconds
2019-05-24T17:22:41.727+0800: 63.199: Application time: 0.1236121 seconds
2019-05-24T17:22:41.931+0800: 63.403: Application time: 0.2029289 seconds
2019-05-24T17:22:42.086+0800: 63.558: Application time: 0.1542565 seconds
2019-05-24T17:22:43.092+0800: 64.564: Application time: 1.0053544 seconds
2019-05-24T17:22:43.116+0800: 64.588: Application time: 0.0119051 seconds
{Heap before GC invocations=241 (full 20):
 par new generation   total 39296K, used 36248K [0x0000000081800000, 0x00000000842a0000, 0x00000000964c0000)
  eden space 34944K, 100% used [0x0000000081800000, 0x0000000083a20000, 0x0000000083a20000)
  from space 4352K,  29% used [0x0000000083e60000, 0x0000000083fa6030, 0x00000000842a0000)
  to   space 4352K,   0% used [0x0000000083a20000, 0x0000000083a20000, 0x0000000083e60000)
 concurrent mark-sweep generation total 116348K, used 69807K [0x00000000964c0000, 0x000000009d65f000, 0x0000000100000000)
 Metaspace       used 72952K, capacity 76416K, committed 76640K, reserved 1116160K
  class space    used 9634K, capacity 10252K, committed 10336K, reserved 1048576K
2019-05-24T17:22:43.117+0800: 64.588: [GC (Allocation Failure) 2019-05-24T17:22:43.117+0800: 64.588: [ParNew: 36248K->4021K(39296K), 0.0069916 secs] 106055K->73828K(155644K), 0.0072050 secs] [Times: user=0.08 sys=0.00, real=0.01 secs] 
Heap after GC invocations=242 (full 20):
 par new generation   total 39296K, used 4021K [0x0000000081800000, 0x00000000842a0000, 0x00000000964c0000)
  eden space 34944K,   0% used [0x0000000081800000, 0x0000000081800000, 0x0000000083a20000)
  from space 4352K,  92% used [0x0000000083a20000, 0x0000000083e0d568, 0x0000000083e60000)
  to   space 4352K,   0% used [0x0000000083e60000, 0x0000000083e60000, 0x00000000842a0000)
 concurrent mark-sweep generation total 116348K, used 69807K [0x00000000964c0000, 0x000000009d65f000, 0x0000000100000000)
 Metaspace       used 72952K, capacity 76416K, committed 76640K, reserved 1116160K
  class space    used 9634K, capacity 10252K, committed 10336K, reserved 1048576K
}
2019-05-24T17:22:43.258+0800: 64.730: Application time: 0.1339739 seconds
2019-05-24T17:22:43.496+0800: 64.968: Application time: 0.2366805 seconds
{Heap before GC invocations=242 (full 20):
 par new generation   total 39296K, used 38965K [0x0000000081800000, 0x00000000842a0000, 0x00000000964c0000)
  eden space 34944K, 100% used [0x0000000081800000, 0x0000000083a20000, 0x0000000083a20000)
  from space 4352K,  92% used [0x0000000083a20000, 0x0000000083e0d568, 0x0000000083e60000)
  to   space 4352K,   0% used [0x0000000083e60000, 0x0000000083e60000, 0x00000000842a0000)
 concurrent mark-sweep generation total 116348K, used 69807K [0x00000000964c0000, 0x000000009d65f000, 0x0000000100000000)
 Metaspace       used 73504K, capacity 77024K, committed 77280K, reserved 1116160K
  class space    used 9717K, capacity 10348K, committed 10464K, reserved 1048576K
2019-05-24T17:22:43.498+0800: 64.970: [GC (Allocation Failure) 2019-05-24T17:22:43.498+0800: 64.970: [ParNew: 38965K->2626K(39296K), 0.0105643 secs] 108772K->75365K(155644K), 0.0107833 secs] [Times: user=0.00 sys=0.00, real=0.01 secs] 
Heap after GC invocations=243 (full 20):
 par new generation   total 39296K, used 2626K [0x0000000081800000, 0x00000000842a0000, 0x00000000964c0000)
  eden space 34944K,   0% used [0x0000000081800000, 0x0000000081800000, 0x0000000083a20000)
  from space 4352K,  60% used [0x0000000083e60000, 0x00000000840f0bb0, 0x00000000842a0000)
  to   space 4352K,   0% used [0x0000000083a20000, 0x0000000083a20000, 0x0000000083e60000)
 concurrent mark-sweep generation total 116348K, used 72738K [0x00000000964c0000, 0x000000009d65f000, 0x0000000100000000)
 Metaspace       used 73504K, capacity 77024K, committed 77280K, reserved 1116160K
  class space    used 9717K, capacity 10348K, committed 10464K, reserved 1048576K
}
2019-05-24T17:22:43.512+0800: 64.984: Application time: 0.0027079 seconds
2019-05-24T17:22:43.512+0800: 64.984: [GC (CMS Initial Mark) [1 CMS-initial-mark: 72738K(116348K)] 75387K(155644K), 0.0022727 secs] [Times: user=0.00 sys=0.00, real=0.00 secs] 
2019-05-24T17:22:43.514+0800: 64.987: [CMS-concurrent-mark-start]
2019-05-24T17:22:43.725+0800: 65.197: [CMS-concurrent-mark: 0.210/0.210 secs] [Times: user=0.42 sys=0.00, real=0.21 secs] 
2019-05-24T17:22:43.725+0800: 65.197: [CMS-concurrent-preclean-start]
2019-05-24T17:22:43.728+0800: 65.200: [CMS-concurrent-preclean: 0.003/0.003 secs] [Times: user=0.00 sys=0.00, real=0.00 secs] 
2019-05-24T17:22:43.728+0800: 65.200: [CMS-concurrent-abortable-preclean-start]
2019-05-24T17:22:43.799+0800: 65.271: Application time: 0.2841645 seconds
2019-05-24T17:22:43.819+0800: 65.291: Application time: 0.0187642 seconds
2019-05-24T17:22:44.021+0800: 65.493: Application time: 0.2007512 seconds
2019-05-24T17:22:44.170+0800: 65.642: Application time: 0.1475106 seconds
{Heap before GC invocations=243 (full 21):
 par new generation   total 39296K, used 37570K [0x0000000081800000, 0x00000000842a0000, 0x00000000964c0000)
  eden space 34944K, 100% used [0x0000000081800000, 0x0000000083a20000, 0x0000000083a20000)
  from space 4352K,  60% used [0x0000000083e60000, 0x00000000840f0bb0, 0x00000000842a0000)
  to   space 4352K,   0% used [0x0000000083a20000, 0x0000000083a20000, 0x0000000083e60000)
 concurrent mark-sweep generation total 116348K, used 72738K [0x00000000964c0000, 0x000000009d65f000, 0x0000000100000000)
 Metaspace       used 74264K, capacity 77760K, committed 77792K, reserved 1116160K
  class space    used 9819K, capacity 10444K, committed 10464K, reserved 1048576K
2019-05-24T17:22:44.171+0800: 65.643: [GC (Allocation Failure) 2019-05-24T17:22:44.171+0800: 65.643: [ParNew: 37570K->1072K(39296K), 0.0031408 secs] 110309K->73811K(155644K), 0.0033644 secs] [Times: user=0.00 sys=0.00, real=0.00 secs] 
Heap after GC invocations=244 (full 21):
 par new generation   total 39296K, used 1072K [0x0000000081800000, 0x00000000842a0000, 0x00000000964c0000)
  eden space 34944K,   0% used [0x0000000081800000, 0x0000000081800000, 0x0000000083a20000)
  from space 4352K,  24% used [0x0000000083a20000, 0x0000000083b2c3a8, 0x0000000083e60000)
  to   space 4352K,   0% used [0x0000000083e60000, 0x0000000083e60000, 0x00000000842a0000)
 concurrent mark-sweep generation total 116348K, used 72738K [0x00000000964c0000, 0x000000009d65f000, 0x0000000100000000)
 Metaspace       used 74264K, capacity 77760K, committed 77792K, reserved 1116160K
  class space    used 9819K, capacity 10444K, committed 10464K, reserved 1048576K
}
2019-05-24T17:22:44.381+0800: 65.853: Application time: 0.2071944 seconds
2019-05-24T17:22:44.607+0800: 66.079: [CMS-concurrent-abortable-preclean: 0.091/0.879 secs] [Times: user=1.42 sys=0.06, real=0.88 secs] 
2019-05-24T17:22:44.611+0800: 66.083: Application time: 0.2279378 seconds
2019-05-24T17:22:44.611+0800: 66.083: [GC (CMS Final Remark) [YG occupancy: 22745 K (39296 K)]2019-05-24T17:22:44.611+0800: 66.083: [Rescan (parallel) , 0.0074371 secs]2019-05-24T17:22:44.618+0800: 66.090: [weak refs processing, 0.0100068 secs]2019-05-24T17:22:44.628+0800: 66.100: [class unloading, 0.0364715 secs]2019-05-24T17:22:44.665+0800: 66.137: [scrub symbol table, 0.0392670 secs]2019-05-24T17:22:44.704+0800: 66.176: [scrub string table, 0.0020702 secs][1 CMS-remark: 72738K(116348K)] 95484K(155644K), 0.1067093 secs] [Times: user=0.16 sys=0.05, real=0.11 secs] 
2019-05-24T17:22:44.799+0800: 66.272: [CMS-concurrent-sweep-start]
2019-05-24T17:22:44.841+0800: 66.313: Application time: 0.1231587 seconds
{Heap before GC invocations=244 (full 21):
 par new generation   total 39296K, used 36016K [0x0000000081800000, 0x00000000842a0000, 0x00000000964c0000)
  eden space 34944K, 100% used [0x0000000081800000, 0x0000000083a20000, 0x0000000083a20000)
  from space 4352K,  24% used [0x0000000083a20000, 0x0000000083b2c3a8, 0x0000000083e60000)
  to   space 4352K,   0% used [0x0000000083e60000, 0x0000000083e60000, 0x00000000842a0000)
 concurrent mark-sweep generation total 116348K, used 71851K [0x00000000964c0000, 0x000000009d65f000, 0x0000000100000000)
 Metaspace       used 74792K, capacity 78272K, committed 78432K, reserved 1118208K
  class space    used 9903K, capacity 10508K, committed 10592K, reserved 1048576K
2019-05-24T17:22:44.842+0800: 66.313: [GC (Allocation Failure) 2019-05-24T17:22:44.842+0800: 66.314: [ParNew: 36016K->1266K(39296K), 0.0029810 secs] 107868K->73117K(155644K), 0.0031801 secs] [Times: user=0.00 sys=0.00, real=0.00 secs] 
Heap after GC invocations=245 (full 21):
 par new generation   total 39296K, used 1266K [0x0000000081800000, 0x00000000842a0000, 0x00000000964c0000)
  eden space 34944K,   0% used [0x0000000081800000, 0x0000000081800000, 0x0000000083a20000)
  from space 4352K,  29% used [0x0000000083e60000, 0x0000000083f9c8c8, 0x00000000842a0000)
  to   space 4352K,   0% used [0x0000000083a20000, 0x0000000083a20000, 0x0000000083e60000)
 concurrent mark-sweep generation total 116348K, used 71851K [0x00000000964c0000, 0x000000009d65f000, 0x0000000100000000)
 Metaspace       used 74792K, capacity 78272K, committed 78432K, reserved 1118208K
  class space    used 9903K, capacity 10508K, committed 10592K, reserved 1048576K
}
2019-05-24T17:22:44.856+0800: 66.328: [CMS-concurrent-sweep: 0.052/0.056 secs] [Times: user=0.23 sys=0.00, real=0.06 secs] 
2019-05-24T17:22:44.856+0800: 66.328: [CMS-concurrent-reset-start]
2019-05-24T17:22:44.859+0800: 66.331: [CMS-concurrent-reset: 0.003/0.003 secs] [Times: user=0.00 sys=0.00, real=0.00 secs] 
2019-05-24T17:22:45.120+0800: 66.592: Application time: 0.2754810 seconds
{Heap before GC invocations=245 (full 21):
 par new generation   total 39296K, used 36210K [0x0000000081800000, 0x00000000842a0000, 0x00000000964c0000)
  eden space 34944K, 100% used [0x0000000081800000, 0x0000000083a20000, 0x0000000083a20000)
  from space 4352K,  29% used [0x0000000083e60000, 0x0000000083f9c8c8, 0x00000000842a0000)
  to   space 4352K,   0% used [0x0000000083a20000, 0x0000000083a20000, 0x0000000083e60000)
 concurrent mark-sweep generation total 116348K, used 69406K [0x00000000964c0000, 0x000000009d65f000, 0x0000000100000000)
 Metaspace       used 75263K, capacity 78720K, committed 79072K, reserved 1118208K
  class space    used 9977K, capacity 10588K, committed 10720K, reserved 1048576K
2019-05-24T17:22:45.121+0800: 66.593: [GC (Allocation Failure) 2019-05-24T17:22:45.121+0800: 66.593: [ParNew: 36210K->1792K(39296K), 0.0036193 secs] 105616K->71198K(155644K), 0.0038201 secs] [Times: user=0.00 sys=0.00, real=0.00 secs] 
Heap after GC invocations=246 (full 21):
 par new generation   total 39296K, used 1792K [0x0000000081800000, 0x00000000842a0000, 0x00000000964c0000)
  eden space 34944K,   0% used [0x0000000081800000, 0x0000000081800000, 0x0000000083a20000)
  from space 4352K,  41% used [0x0000000083a20000, 0x0000000083be0040, 0x0000000083e60000)
  to   space 4352K,   0% used [0x0000000083e60000, 0x0000000083e60000, 0x00000000842a0000)
 concurrent mark-sweep generation total 116348K, used 69406K [0x00000000964c0000, 0x000000009d65f000, 0x0000000100000000)
 Metaspace       used 75263K, capacity 78720K, committed 79072K, reserved 1118208K
  class space    used 9977K, capacity 10588K, committed 10720K, reserved 1048576K
}
2019-05-24T17:22:46.126+0800: 67.598: Application time: 1.0009921 seconds
2019-05-24T17:22:46.795+0800: 68.267: Application time: 0.6694250 seconds
{Heap before GC invocations=246 (full 21):
 par new generation   total 39296K, used 36736K [0x0000000081800000, 0x00000000842a0000, 0x00000000964c0000)
  eden space 34944K, 100% used [0x0000000081800000, 0x0000000083a20000, 0x0000000083a20000)
  from space 4352K,  41% used [0x0000000083a20000, 0x0000000083be0040, 0x0000000083e60000)
  to   space 4352K,   0% used [0x0000000083e60000, 0x0000000083e60000, 0x00000000842a0000)
 concurrent mark-sweep generation total 116348K, used 69406K [0x00000000964c0000, 0x000000009d65f000, 0x0000000100000000)
 Metaspace       used 75715K, capacity 79200K, committed 79584K, reserved 1118208K
  class space    used 10040K, capacity 10656K, committed 10720K, reserved 1048576K
2019-05-24T17:22:46.795+0800: 68.268: [GC (Allocation Failure) 2019-05-24T17:22:46.795+0800: 68.268: [ParNew: 36736K->3011K(39296K), 0.0045244 secs] 106142K->72418K(155644K), 0.0047178 secs] [Times: user=0.00 sys=0.00, real=0.00 secs] 
Heap after GC invocations=247 (full 21):
 par new generation   total 39296K, used 3011K [0x0000000081800000, 0x00000000842a0000, 0x00000000964c0000)
  eden space 34944K,   0% used [0x0000000081800000, 0x0000000081800000, 0x0000000083a20000)
  from space 4352K,  69% used [0x0000000083e60000, 0x0000000084150ed0, 0x00000000842a0000)
  to   space 4352K,   0% used [0x0000000083a20000, 0x0000000083a20000, 0x0000000083e60000)
 concurrent mark-sweep generation total 116348K, used 69406K [0x00000000964c0000, 0x000000009d65f000, 0x0000000100000000)
 Metaspace       used 75715K, capacity 79200K, committed 79584K, reserved 1118208K
  class space    used 10040K, capacity 10656K, committed 10720K, reserved 1048576K
}
2019-05-24T17:22:47.801+0800: 69.273: Application time: 1.0006895 seconds
2019-05-24T17:22:49.367+0800: 70.839: Application time: 1.5656193 seconds
{Heap before GC invocations=247 (full 21):
 par new generation   total 39296K, used 37955K [0x0000000081800000, 0x00000000842a0000, 0x00000000964c0000)
  eden space 34944K, 100% used [0x0000000081800000, 0x0000000083a20000, 0x0000000083a20000)
  from space 4352K,  69% used [0x0000000083e60000, 0x0000000084150ed0, 0x00000000842a0000)
  to   space 4352K,   0% used [0x0000000083a20000, 0x0000000083a20000, 0x0000000083e60000)
 concurrent mark-sweep generation total 116348K, used 69406K [0x00000000964c0000, 0x000000009d65f000, 0x0000000100000000)
 Metaspace       used 76639K, capacity 80192K, committed 80480K, reserved 1118208K
  class space    used 10186K, capacity 10816K, committed 10848K, reserved 1048576K
2019-05-24T17:22:49.368+0800: 70.840: [GC (Allocation Failure) 2019-05-24T17:22:49.368+0800: 70.840: [ParNew: 37955K->2753K(39296K), 0.0055546 secs] 107362K->72414K(155644K), 0.0057577 secs] [Times: user=0.06 sys=0.00, real=0.01 secs] 
Heap after GC invocations=248 (full 21):
 par new generation   total 39296K, used 2753K [0x0000000081800000, 0x00000000842a0000, 0x00000000964c0000)
  eden space 34944K,   0% used [0x0000000081800000, 0x0000000081800000, 0x0000000083a20000)
  from space 4352K,  63% used [0x0000000083a20000, 0x0000000083cd05d0, 0x0000000083e60000)
  to   space 4352K,   0% used [0x0000000083e60000, 0x0000000083e60000, 0x00000000842a0000)
 concurrent mark-sweep generation total 116348K, used 69661K [0x00000000964c0000, 0x000000009d65f000, 0x0000000100000000)
 Metaspace       used 76639K, capacity 80192K, committed 80480K, reserved 1118208K
  class space    used 10186K, capacity 10816K, committed 10848K, reserved 1048576K
}
2019-05-24T17:22:49.375+0800: 70.846: Application time: 0.0003851 seconds
2019-05-24T17:22:49.393+0800: 70.865: Application time: 0.0181862 seconds
2019-05-24T17:22:49.536+0800: 71.008: Application time: 0.1410264 seconds
2019-05-24T17:22:49.536+0800: 71.008: Application time: 0.0000717 seconds
2019-05-24T17:22:49.536+0800: 71.008: Application time: 0.0000597 seconds
2019-05-24T17:22:49.537+0800: 71.009: Application time: 0.0000933 seconds
2019-05-24T17:22:49.537+0800: 71.009: Application time: 0.0001917 seconds
2019-05-24T17:22:49.537+0800: 71.009: Application time: 0.0002116 seconds
2019-05-24T17:22:49.639+0800: 71.111: Application time: 0.1016172 seconds
2019-05-24T17:22:49.702+0800: 71.174: Application time: 0.0567814 seconds
2019-05-24T17:22:49.718+0800: 71.190: Application time: 0.0106138 seconds
2019-05-24T17:22:49.847+0800: 71.319: Application time: 0.1285939 seconds
2019-05-24T17:22:49.854+0800: 71.326: Application time: 0.0070451 seconds
2019-05-24T17:22:49.858+0800: 71.330: Application time: 0.0040511 seconds
2019-05-24T17:22:49.858+0800: 71.330: Application time: 0.0000432 seconds
2019-05-24T17:22:49.858+0800: 71.330: Application time: 0.0000364 seconds
2019-05-24T17:22:49.858+0800: 71.330: Application time: 0.0000341 seconds
2019-05-24T17:22:49.859+0800: 71.331: Application time: 0.0000358 seconds
2019-05-24T17:22:49.859+0800: 71.331: Application time: 0.0000370 seconds
2019-05-24T17:22:49.859+0800: 71.331: Application time: 0.0000347 seconds
2019-05-24T17:22:49.859+0800: 71.331: Application time: 0.0000341 seconds
2019-05-24T17:22:49.859+0800: 71.331: Application time: 0.0001115 seconds
2019-05-24T17:22:49.859+0800: 71.331: Application time: 0.0000370 seconds
2019-05-24T17:22:49.867+0800: 71.338: Application time: 0.0072715 seconds
2019-05-24T17:22:49.867+0800: 71.339: Application time: 0.0000677 seconds
2019-05-24T17:22:50.868+0800: 72.339: Application time: 1.0005547 seconds
2019-05-24T17:22:52.869+0800: 74.341: Application time: 2.0012646 seconds
2019-05-24T17:22:52.910+0800: 74.382: Application time: 0.0406949 seconds
2019-05-24T17:22:52.911+0800: 74.382: Application time: 0.0007168 seconds
2019-05-24T17:22:52.990+0800: 74.462: Application time: 0.0793674 seconds
{Heap before GC invocations=248 (full 21):
 par new generation   total 39296K, used 37697K [0x0000000081800000, 0x00000000842a0000, 0x00000000964c0000)
  eden space 34944K, 100% used [0x0000000081800000, 0x0000000083a20000, 0x0000000083a20000)
  from space 4352K,  63% used [0x0000000083a20000, 0x0000000083cd05d0, 0x0000000083e60000)
  to   space 4352K,   0% used [0x0000000083e60000, 0x0000000083e60000, 0x00000000842a0000)
 concurrent mark-sweep generation total 116348K, used 69661K [0x00000000964c0000, 0x000000009d65f000, 0x0000000100000000)
 Metaspace       used 77457K, capacity 81034K, committed 81376K, reserved 1120256K
  class space    used 10305K, capacity 10937K, committed 10976K, reserved 1048576K
2019-05-24T17:22:52.990+0800: 74.462: [GC (Allocation Failure) 2019-05-24T17:22:52.990+0800: 74.462: [ParNew: 37697K->3082K(39296K), 0.0064051 secs] 107358K->72879K(155644K), 0.0066588 secs] [Times: user=0.06 sys=0.00, real=0.01 secs] 
Heap after GC invocations=249 (full 21):
 par new generation   total 39296K, used 3082K [0x0000000081800000, 0x00000000842a0000, 0x00000000964c0000)
  eden space 34944K,   0% used [0x0000000081800000, 0x0000000081800000, 0x0000000083a20000)
  from space 4352K,  70% used [0x0000000083e60000, 0x00000000841628f0, 0x00000000842a0000)
  to   space 4352K,   0% used [0x0000000083a20000, 0x0000000083a20000, 0x0000000083e60000)
 concurrent mark-sweep generation total 116348K, used 69797K [0x00000000964c0000, 0x000000009d65f000, 0x0000000100000000)
 Metaspace       used 77457K, capacity 81034K, committed 81376K, reserved 1120256K
  class space    used 10305K, capacity 10937K, committed 10976K, reserved 1048576K
}
2019-05-24T17:22:53.161+0800: 74.632: Application time: 0.1634321 seconds
2019-05-24T17:22:53.162+0800: 74.634: Application time: 0.0015280 seconds
2019-05-24T17:22:53.164+0800: 74.635: Application time: 0.0012595 seconds
2019-05-24T17:22:53.187+0800: 74.659: Application time: 0.0236629 seconds
{Heap before GC invocations=249 (full 21):
 par new generation   total 39296K, used 38026K [0x0000000081800000, 0x00000000842a0000, 0x00000000964c0000)
  eden space 34944K, 100% used [0x0000000081800000, 0x0000000083a20000, 0x0000000083a20000)
  from space 4352K,  70% used [0x0000000083e60000, 0x00000000841628f0, 0x00000000842a0000)
  to   space 4352K,   0% used [0x0000000083a20000, 0x0000000083a20000, 0x0000000083e60000)
 concurrent mark-sweep generation total 116348K, used 69797K [0x00000000964c0000, 0x000000009d65f000, 0x0000000100000000)
 Metaspace       used 77861K, capacity 81450K, committed 81632K, reserved 1120256K
  class space    used 10354K, capacity 10969K, committed 10976K, reserved 1048576K
2019-05-24T17:22:53.187+0800: 74.659: [GC (Allocation Failure) 2019-05-24T17:22:53.187+0800: 74.659: [ParNew: 38026K->3285K(39296K), 0.0054943 secs] 107823K->73378K(155644K), 0.0056980 secs] [Times: user=0.00 sys=0.00, real=0.01 secs] 
Heap after GC invocations=250 (full 21):
 par new generation   total 39296K, used 3285K [0x0000000081800000, 0x00000000842a0000, 0x00000000964c0000)
  eden space 34944K,   0% used [0x0000000081800000, 0x0000000081800000, 0x0000000083a20000)
  from space 4352K,  75% used [0x0000000083a20000, 0x0000000083d557a0, 0x0000000083e60000)
  to   space 4352K,   0% used [0x0000000083e60000, 0x0000000083e60000, 0x00000000842a0000)
 concurrent mark-sweep generation total 116348K, used 70092K [0x00000000964c0000, 0x000000009d65f000, 0x0000000100000000)
 Metaspace       used 77861K, capacity 81450K, committed 81632K, reserved 1120256K
  class space    used 10354K, capacity 10969K, committed 10976K, reserved 1048576K
}
2019-05-24T17:22:53.193+0800: 74.665: Application time: 0.0000529 seconds
2019-05-24T17:22:53.193+0800: 74.665: [GC (CMS Initial Mark) [1 CMS-initial-mark: 70092K(116348K)] 73707K(155644K), 0.0024610 secs] [Times: user=0.00 sys=0.00, real=0.00 secs] 
2019-05-24T17:22:53.196+0800: 74.668: [CMS-concurrent-mark-start]
2019-05-24T17:22:53.246+0800: 74.718: Application time: 0.0502158 seconds
2019-05-24T17:22:53.382+0800: 74.854: [CMS-concurrent-mark: 0.186/0.186 secs] [Times: user=0.56 sys=0.09, real=0.19 secs] 
2019-05-24T17:22:53.382+0800: 74.854: [CMS-concurrent-preclean-start]
2019-05-24T17:22:53.386+0800: 74.858: Application time: 0.1391513 seconds
2019-05-24T17:22:53.387+0800: 74.859: [CMS-concurrent-preclean: 0.004/0.005 secs] [Times: user=0.05 sys=0.00, real=0.01 secs] 
2019-05-24T17:22:53.387+0800: 74.859: [CMS-concurrent-abortable-preclean-start]
2019-05-24T17:22:53.395+0800: 74.867: Application time: 0.0092843 seconds
2019-05-24T17:22:53.395+0800: 74.867: Application time: 0.0001058 seconds
2019-05-24T17:22:53.397+0800: 74.869: Application time: 0.0019422 seconds
2019-05-24T17:22:53.398+0800: 74.870: Application time: 0.0001536 seconds
2019-05-24T17:22:53.398+0800: 74.870: Application time: 0.0000472 seconds
2019-05-24T17:22:53.539+0800: 75.010: Application time: 0.1405178 seconds
2019-05-24T17:22:53.577+0800: 75.049: Application time: 0.0386310 seconds
2019-05-24T17:22:53.622+0800: 75.094: Application time: 0.0445872 seconds
2019-05-24T17:22:53.626+0800: 75.099: Application time: 0.0044601 seconds
2019-05-24T17:22:53.627+0800: 75.099: Application time: 0.0002839 seconds
2019-05-24T17:22:54.628+0800: 76.100: Application time: 1.0009956 seconds
 CMS: abort preclean due to time 2019-05-24T17:22:58.433+0800: 79.905: [CMS-concurrent-abortable-preclean: 0.948/5.046 secs] [Times: user=1.91 sys=0.02, real=5.05 secs] 
2019-05-24T17:22:58.433+0800: 79.905: Application time: 3.8046146 seconds
2019-05-24T17:22:58.433+0800: 79.905: [GC (CMS Final Remark) [YG occupancy: 32473 K (39296 K)]2019-05-24T17:22:58.433+0800: 79.905: [Rescan (parallel) , 0.0064808 secs]2019-05-24T17:22:58.439+0800: 79.912: [weak refs processing, 0.0001343 secs]2019-05-24T17:22:58.440+0800: 79.912: [class unloading, 0.0286925 secs]2019-05-24T17:22:58.469+0800: 79.941: [scrub symbol table, 0.0302905 secs]2019-05-24T17:22:58.499+0800: 79.971: [scrub string table, 0.0014268 secs][1 CMS-remark: 70092K(116348K)] 102566K(155644K), 0.0676505 secs] [Times: user=0.06 sys=0.00, real=0.07 secs] 
2019-05-24T17:22:58.501+0800: 79.974: [CMS-concurrent-sweep-start]
2019-05-24T17:22:58.564+0800: 80.036: [CMS-concurrent-sweep: 0.062/0.062 secs] [Times: user=0.06 sys=0.00, real=0.06 secs] 
2019-05-24T17:22:58.564+0800: 80.036: [CMS-concurrent-reset-start]
2019-05-24T17:22:58.567+0800: 80.039: [CMS-concurrent-reset: 0.003/0.003 secs] [Times: user=0.00 sys=0.00, real=0.00 secs] 
2019-05-24T17:22:59.502+0800: 80.974: Application time: 1.0009068 seconds
2019-05-24T17:23:16.525+0800: 97.997: Application time: 17.0226207 seconds
2019-05-24T17:23:19.082+0800: 100.554: Application time: 2.5577027 seconds
2019-05-24T17:23:19.086+0800: 100.558: Application time: 0.0032193 seconds
2019-05-24T17:23:19.087+0800: 100.559: Application time: 0.0011708 seconds
2019-05-24T17:23:19.377+0800: 100.849: Application time: 0.2895558 seconds
2019-05-24T17:23:19.377+0800: 100.849: Application time: 0.0001815 seconds
2019-05-24T17:23:19.377+0800: 100.849: Application time: 0.0001200 seconds
2019-05-24T17:23:19.381+0800: 100.853: Application time: 0.0032660 seconds
{Heap before GC invocations=250 (full 22):
 par new generation   total 39296K, used 38229K [0x0000000081800000, 0x00000000842a0000, 0x00000000964c0000)
  eden space 34944K, 100% used [0x0000000081800000, 0x0000000083a20000, 0x0000000083a20000)
  from space 4352K,  75% used [0x0000000083a20000, 0x0000000083d557a0, 0x0000000083e60000)
  to   space 4352K,   0% used [0x0000000083e60000, 0x0000000083e60000, 0x00000000842a0000)
 concurrent mark-sweep generation total 116348K, used 61317K [0x00000000964c0000, 0x000000009d65f000, 0x0000000100000000)
 Metaspace       used 78480K, capacity 82066K, committed 82272K, reserved 1120256K
  class space    used 10448K, capacity 11085K, committed 11104K, reserved 1048576K
2019-05-24T17:23:19.381+0800: 100.853: [GC (Allocation Failure) 2019-05-24T17:23:19.381+0800: 100.853: [ParNew: 38229K->2688K(39296K), 0.0049453 secs] 99547K->64006K(155644K), 0.0050944 secs] [Times: user=0.02 sys=0.00, real=0.00 secs] 
Heap after GC invocations=251 (full 22):
 par new generation   total 39296K, used 2688K [0x0000000081800000, 0x00000000842a0000, 0x00000000964c0000)
  eden space 34944K,   0% used [0x0000000081800000, 0x0000000081800000, 0x0000000083a20000)
  from space 4352K,  61% used [0x0000000083e60000, 0x00000000841002d0, 0x00000000842a0000)
  to   space 4352K,   0% used [0x0000000083a20000, 0x0000000083a20000, 0x0000000083e60000)
 concurrent mark-sweep generation total 116348K, used 61317K [0x00000000964c0000, 0x000000009d65f000, 0x0000000100000000)
 Metaspace       used 78480K, capacity 82066K, committed 82272K, reserved 1120256K
  class space    used 10448K, capacity 11085K, committed 11104K, reserved 1048576K
}
2019-05-24T17:23:19.585+0800: 101.057: Application time: 0.1986787 seconds
2019-05-24T17:23:19.692+0800: 101.164: Application time: 0.1068908 seconds
{Heap before GC invocations=251 (full 22):
 par new generation   total 39296K, used 37632K [0x0000000081800000, 0x00000000842a0000, 0x00000000964c0000)
  eden space 34944K, 100% used [0x0000000081800000, 0x0000000083a20000, 0x0000000083a20000)
  from space 4352K,  61% used [0x0000000083e60000, 0x00000000841002d0, 0x00000000842a0000)
  to   space 4352K,   0% used [0x0000000083a20000, 0x0000000083a20000, 0x0000000083e60000)
 concurrent mark-sweep generation total 116348K, used 61317K [0x00000000964c0000, 0x000000009d65f000, 0x0000000100000000)
 Metaspace       used 79375K, capacity 83036K, committed 83168K, reserved 1122304K
  class space    used 10557K, capacity 11216K, committed 11232K, reserved 1048576K
2019-05-24T17:23:19.692+0800: 101.164: [GC (Allocation Failure) 2019-05-24T17:23:19.692+0800: 101.164: [ParNew: 37632K->2764K(39296K), 0.0036090 secs] 98950K->64724K(155644K), 0.0037268 secs] [Times: user=0.00 sys=0.00, real=0.00 secs] 
Heap after GC invocations=252 (full 22):
 par new generation   total 39296K, used 2764K [0x0000000081800000, 0x00000000842a0000, 0x00000000964c0000)
  eden space 34944K,   0% used [0x0000000081800000, 0x0000000081800000, 0x0000000083a20000)
  from space 4352K,  63% used [0x0000000083a20000, 0x0000000083cd31b8, 0x0000000083e60000)
  to   space 4352K,   0% used [0x0000000083e60000, 0x0000000083e60000, 0x00000000842a0000)
 concurrent mark-sweep generation total 116348K, used 61959K [0x00000000964c0000, 0x000000009d65f000, 0x0000000100000000)
 Metaspace       used 79375K, capacity 83036K, committed 83168K, reserved 1122304K
  class space    used 10557K, capacity 11216K, committed 11232K, reserved 1048576K
}
2019-05-24T17:23:20.696+0800: 102.168: Application time: 0.9997212 seconds
2019-05-24T17:23:24.697+0800: 106.169: Application time: 4.0013534 seconds
2019-05-24T17:23:47.712+0800: 129.183: Application time: 23.0141653 seconds
2019-05-24T17:23:49.652+0800: 131.124: Application time: 1.9403560 seconds
2019-05-24T17:23:50.653+0800: 132.125: Application time: 1.0005945 seconds
2019-05-24T17:23:54.267+0800: 135.739: Application time: 3.6138969 seconds
2019-05-24T17:23:54.267+0800: 135.739: Application time: 0.0004107 seconds
2019-05-24T17:23:54.273+0800: 135.745: Application time: 0.0058709 seconds
2019-05-24T17:23:54.308+0800: 135.780: Application time: 0.0344786 seconds
2019-05-24T17:23:54.309+0800: 135.782: Application time: 0.0015838 seconds
2019-05-24T17:23:54.310+0800: 135.782: Application time: 0.0000495 seconds
2019-05-24T17:23:54.310+0800: 135.782: Application time: 0.0000734 seconds
2019-05-24T17:23:54.310+0800: 135.782: Application time: 0.0000626 seconds
2019-05-24T17:23:54.310+0800: 135.783: Application time: 0.0001781 seconds
2019-05-24T17:23:54.311+0800: 135.783: Application time: 0.0007549 seconds
2019-05-24T17:23:54.347+0800: 135.819: Application time: 0.0350771 seconds
2019-05-24T17:23:54.348+0800: 135.820: Application time: 0.0013124 seconds
2019-05-24T17:23:54.350+0800: 135.822: Application time: 0.0016572 seconds
2019-05-24T17:23:54.352+0800: 135.824: Application time: 0.0014802 seconds
2019-05-24T17:23:54.352+0800: 135.824: Application time: 0.0000455 seconds
2019-05-24T17:24:04.366+0800: 145.838: Application time: 10.0141124 seconds
2019-05-24T17:24:05.366+0800: 146.838: Application time: 0.9997173 seconds
2019-05-24T17:24:10.370+0800: 151.842: Application time: 5.0044305 seconds
2019-05-24T17:24:15.372+0800: 156.844: Application time: 5.0017118 seconds
2019-05-24T17:24:19.375+0800: 160.846: Application time: 4.0021897 seconds
2019-05-24T17:24:20.375+0800: 161.847: Application time: 1.0003402 seconds
2019-05-24T17:24:24.378+0800: 165.850: Application time: 4.0030999 seconds
2019-05-24T17:24:24.490+0800: 165.962: Application time: 0.1119522 seconds
2019-05-24T17:24:25.491+0800: 166.962: Application time: 1.0001018 seconds
2019-05-24T17:24:35.494+0800: 176.966: Application time: 10.0037154 seconds
2019-05-24T17:24:45.500+0800: 186.972: Application time: 10.0055654 seconds
2019-05-24T17:24:47.502+0800: 188.974: Application time: 2.0014746 seconds
2019-05-24T17:24:48.502+0800: 189.974: Application time: 1.0000040 seconds
2019-05-24T17:24:50.503+0800: 191.975: Application time: 2.0012237 seconds
2019-05-24T17:24:53.504+0800: 194.976: Application time: 3.0008994 seconds
2019-05-24T17:24:54.505+0800: 195.977: Application time: 1.0003248 seconds
2019-05-24T17:24:54.561+0800: 196.033: Application time: 0.0567694 seconds
2019-05-24T17:24:59.564+0800: 201.036: Application time: 5.0020531 seconds
2019-05-24T17:25:05.567+0800: 207.039: Application time: 6.0029309 seconds
2019-05-24T17:25:15.570+0800: 217.042: Application time: 10.0031528 seconds
2019-05-24T17:25:24.575+0800: 226.046: Application time: 9.0041079 seconds
2019-05-24T17:25:24.663+0800: 226.135: Application time: 0.0884850 seconds
2019-05-24T17:25:25.664+0800: 227.136: Application time: 1.0002822 seconds
2019-05-24T17:25:35.668+0800: 237.140: Application time: 10.0042280 seconds
2019-05-24T17:25:45.673+0800: 247.145: Application time: 10.0042308 seconds
2019-05-24T17:25:47.673+0800: 249.145: Application time: 2.0003766 seconds
2019-05-24T17:25:54.676+0800: 256.148: Application time: 7.0029144 seconds
2019-05-24T17:25:55.677+0800: 257.149: Application time: 1.0003942 seconds
2019-05-24T17:26:05.680+0800: 267.152: Application time: 10.0034788 seconds
2019-05-24T17:26:15.686+0800: 277.157: Application time: 10.0048173 seconds
2019-05-24T17:26:17.686+0800: 279.158: Application time: 2.0003061 seconds
2019-05-24T17:26:19.767+0800: 281.239: Application time: 2.0809136 seconds
{Heap before GC invocations=252 (full 22):
 par new generation   total 39296K, used 37708K [0x0000000081800000, 0x00000000842a0000, 0x00000000964c0000)
  eden space 34944K, 100% used [0x0000000081800000, 0x0000000083a20000, 0x0000000083a20000)
  from space 4352K,  63% used [0x0000000083a20000, 0x0000000083cd31b8, 0x0000000083e60000)
  to   space 4352K,   0% used [0x0000000083e60000, 0x0000000083e60000, 0x00000000842a0000)
 concurrent mark-sweep generation total 116348K, used 61959K [0x00000000964c0000, 0x000000009d65f000, 0x0000000100000000)
 Metaspace       used 80415K, capacity 84192K, committed 84320K, reserved 1122304K
  class space    used 10678K, capacity 11356K, committed 11360K, reserved 1048576K
2019-05-24T17:26:19.768+0800: 281.240: [GC (Allocation Failure) 2019-05-24T17:26:19.777+0800: 281.250: [ParNew: 37708K->3552K(39296K), 0.0212247 secs] 99668K->65511K(155644K), 0.0311006 secs] [Times: user=0.00 sys=0.06, real=0.03 secs] 
Heap after GC invocations=253 (full 22):
 par new generation   total 39296K, used 3552K [0x0000000081800000, 0x00000000842a0000, 0x00000000964c0000)
  eden space 34944K,   0% used [0x0000000081800000, 0x0000000081800000, 0x0000000083a20000)
  from space 4352K,  81% used [0x0000000083e60000, 0x00000000841d8078, 0x00000000842a0000)
  to   space 4352K,   0% used [0x0000000083a20000, 0x0000000083a20000, 0x0000000083e60000)
 concurrent mark-sweep generation total 116348K, used 61959K [0x00000000964c0000, 0x000000009d65f000, 0x0000000100000000)
 Metaspace       used 80415K, capacity 84192K, committed 84320K, reserved 1122304K
  class space    used 10678K, capacity 11356K, committed 11360K, reserved 1048576K
}
2019-05-24T17:26:19.800+0800: 281.272: Application time: 0.0010257 seconds
2019-05-24T17:26:19.800+0800: 281.272: Application time: 0.0000523 seconds
2019-05-24T17:26:19.829+0800: 281.301: Application time: 0.0280946 seconds
2019-05-24T17:26:19.830+0800: 281.302: Application time: 0.0001746 seconds
2019-05-24T17:26:19.955+0800: 281.426: Application time: 0.1241298 seconds
2019-05-24T17:26:20.052+0800: 281.524: Application time: 0.0972663 seconds
2019-05-24T17:26:20.112+0800: 281.584: Application time: 0.0597538 seconds
2019-05-24T17:26:20.112+0800: 281.584: Application time: 0.0000973 seconds
2019-05-24T17:26:20.149+0800: 281.621: Application time: 0.0359384 seconds
2019-05-24T17:26:20.152+0800: 281.624: Application time: 0.0033559 seconds
2019-05-24T17:26:20.178+0800: 281.650: Application time: 0.0257490 seconds
2019-05-24T17:26:20.184+0800: 281.656: Application time: 0.0000882 seconds
2019-05-24T17:26:20.246+0800: 281.718: Application time: 0.0602914 seconds
2019-05-24T17:26:20.354+0800: 281.826: Application time: 0.1061086 seconds
2019-05-24T17:26:20.354+0800: 281.826: Application time: 0.0000523 seconds
2019-05-24T17:26:20.354+0800: 281.826: Application time: 0.0000518 seconds
2019-05-24T17:26:20.354+0800: 281.827: Application time: 0.0000432 seconds
2019-05-24T17:26:20.356+0800: 281.828: Application time: 0.0010610 seconds
{Heap before GC invocations=253 (full 22):
 par new generation   total 39296K, used 38496K [0x0000000081800000, 0x00000000842a0000, 0x00000000964c0000)
  eden space 34944K, 100% used [0x0000000081800000, 0x0000000083a20000, 0x0000000083a20000)
  from space 4352K,  81% used [0x0000000083e60000, 0x00000000841d8078, 0x00000000842a0000)
  to   space 4352K,   0% used [0x0000000083a20000, 0x0000000083a20000, 0x0000000083e60000)
 concurrent mark-sweep generation total 116348K, used 61959K [0x00000000964c0000, 0x000000009d65f000, 0x0000000100000000)
 Metaspace       used 80677K, capacity 84538K, committed 84704K, reserved 1122304K
  class space    used 10705K, capacity 11375K, committed 11488K, reserved 1048576K
2019-05-24T17:26:20.356+0800: 281.828: [GC (Allocation Failure) 2019-05-24T17:26:20.356+0800: 281.828: [ParNew: 38496K->3007K(39296K), 0.0106018 secs] 100455K->65660K(155644K), 0.0108430 secs] [Times: user=0.00 sys=0.00, real=0.01 secs] 
Heap after GC invocations=254 (full 22):
 par new generation   total 39296K, used 3007K [0x0000000081800000, 0x00000000842a0000, 0x00000000964c0000)
  eden space 34944K,   0% used [0x0000000081800000, 0x0000000081800000, 0x0000000083a20000)
  from space 4352K,  69% used [0x0000000083a20000, 0x0000000083d0fca8, 0x0000000083e60000)
  to   space 4352K,   0% used [0x0000000083e60000, 0x0000000083e60000, 0x00000000842a0000)
 concurrent mark-sweep generation total 116348K, used 62653K [0x00000000964c0000, 0x000000009d65f000, 0x0000000100000000)
 Metaspace       used 80677K, capacity 84538K, committed 84704K, reserved 1122304K
  class space    used 10705K, capacity 11375K, committed 11488K, reserved 1048576K
}
2019-05-24T17:26:20.505+0800: 281.977: Application time: 0.1383537 seconds
2019-05-24T17:26:20.506+0800: 281.978: Application time: 0.0000330 seconds
2019-05-24T17:26:20.552+0800: 282.024: Application time: 0.0463713 seconds
2019-05-24T17:26:20.569+0800: 282.041: Application time: 0.0166161 seconds
2019-05-24T17:26:20.569+0800: 282.041: Application time: 0.0000347 seconds
2019-05-24T17:26:20.684+0800: 282.156: Application time: 0.1148069 seconds
2019-05-24T17:26:20.834+0800: 282.306: Application time: 0.1496826 seconds
{Heap before GC invocations=254 (full 22):
 par new generation   total 39296K, used 37951K [0x0000000081800000, 0x00000000842a0000, 0x00000000964c0000)
  eden space 34944K, 100% used [0x0000000081800000, 0x0000000083a20000, 0x0000000083a20000)
  from space 4352K,  69% used [0x0000000083a20000, 0x0000000083d0fca8, 0x0000000083e60000)
  to   space 4352K,   0% used [0x0000000083e60000, 0x0000000083e60000, 0x00000000842a0000)
 concurrent mark-sweep generation total 116348K, used 62653K [0x00000000964c0000, 0x000000009d65f000, 0x0000000100000000)
 Metaspace       used 80996K, capacity 84936K, committed 85216K, reserved 1122304K
  class space    used 10733K, capacity 11426K, committed 11488K, reserved 1048576K
2019-05-24T17:26:20.834+0800: 282.306: [GC (Allocation Failure) 2019-05-24T17:26:20.834+0800: 282.306: [ParNew: 37951K->3984K(39296K), 0.0060735 secs] 100604K->66637K(155644K), 0.0062635 secs] [Times: user=0.08 sys=0.00, real=0.01 secs] 
Heap after GC invocations=255 (full 22):
 par new generation   total 39296K, used 3984K [0x0000000081800000, 0x00000000842a0000, 0x00000000964c0000)
  eden space 34944K,   0% used [0x0000000081800000, 0x0000000081800000, 0x0000000083a20000)
  from space 4352K,  91% used [0x0000000083e60000, 0x00000000842442b8, 0x00000000842a0000)
  to   space 4352K,   0% used [0x0000000083a20000, 0x0000000083a20000, 0x0000000083e60000)
 concurrent mark-sweep generation total 116348K, used 62653K [0x00000000964c0000, 0x000000009d65f000, 0x0000000100000000)
 Metaspace       used 80996K, capacity 84936K, committed 85216K, reserved 1122304K
  class space    used 10733K, capacity 11426K, committed 11488K, reserved 1048576K
}
2019-05-24T17:26:21.192+0800: 282.663: Application time: 0.3511477 seconds
2019-05-24T17:26:21.205+0800: 282.678: Application time: 0.0122305 seconds
2019-05-24T17:26:21.206+0800: 282.678: Application time: 0.0000700 seconds
2019-05-24T17:26:22.207+0800: 283.679: Application time: 1.0008021 seconds
2019-05-24T17:26:24.401+0800: 285.873: Application time: 2.1941697 seconds
2019-05-24T17:26:25.402+0800: 286.874: Application time: 1.0004107 seconds
2019-05-24T17:26:33.390+0800: 294.862: Application time: 7.9875652 seconds
2019-05-24T17:26:33.390+0800: 294.862: Application time: 0.0003641 seconds
2019-05-24T17:26:33.467+0800: 294.939: Application time: 0.0768193 seconds
2019-05-24T17:26:33.484+0800: 294.956: Application time: 0.0163254 seconds
2019-05-24T17:26:33.941+0800: 295.413: Application time: 0.4563944 seconds
{Heap before GC invocations=255 (full 22):
 par new generation   total 39296K, used 38928K [0x0000000081800000, 0x00000000842a0000, 0x00000000964c0000)
  eden space 34944K, 100% used [0x0000000081800000, 0x0000000083a20000, 0x0000000083a20000)
  from space 4352K,  91% used [0x0000000083e60000, 0x00000000842442b8, 0x00000000842a0000)
  to   space 4352K,   0% used [0x0000000083a20000, 0x0000000083a20000, 0x0000000083e60000)
 concurrent mark-sweep generation total 116348K, used 62653K [0x00000000964c0000, 0x000000009d65f000, 0x0000000100000000)
 Metaspace       used 81543K, capacity 85438K, committed 85856K, reserved 1124352K
  class space    used 10801K, capacity 11501K, committed 11616K, reserved 1048576K
2019-05-24T17:26:33.942+0800: 295.413: [GC (Allocation Failure) 2019-05-24T17:26:33.942+0800: 295.414: [ParNew: 38928K->3411K(39296K), 0.0068528 secs] 101581K->66626K(155644K), 0.0071361 secs] [Times: user=0.00 sys=0.00, real=0.01 secs] 
Heap after GC invocations=256 (full 22):
 par new generation   total 39296K, used 3411K [0x0000000081800000, 0x00000000842a0000, 0x00000000964c0000)
  eden space 34944K,   0% used [0x0000000081800000, 0x0000000081800000, 0x0000000083a20000)
  from space 4352K,  78% used [0x0000000083a20000, 0x0000000083d74f90, 0x0000000083e60000)
  to   space 4352K,   0% used [0x0000000083e60000, 0x0000000083e60000, 0x00000000842a0000)
 concurrent mark-sweep generation total 116348K, used 63214K [0x00000000964c0000, 0x000000009d65f000, 0x0000000100000000)
 Metaspace       used 81543K, capacity 85438K, committed 85856K, reserved 1124352K
  class space    used 10801K, capacity 11501K, committed 11616K, reserved 1048576K
}
2019-05-24T17:26:34.028+0800: 295.501: Application time: 0.0798879 seconds
2019-05-24T17:26:34.178+0800: 295.650: Application time: 0.1493117 seconds
2019-05-24T17:26:35.179+0800: 296.651: Application time: 1.0004454 seconds
2019-05-24T17:26:45.184+0800: 306.656: Application time: 10.0050483 seconds
2019-05-24T17:26:50.187+0800: 311.659: Application time: 5.0021191 seconds
2019-05-24T17:26:50.804+0800: 312.276: Application time: 0.6176277 seconds
2019-05-24T17:26:50.816+0800: 312.288: Application time: 0.0115348 seconds
2019-05-24T17:26:50.844+0800: 312.316: Application time: 0.0277373 seconds
2019-05-24T17:26:51.463+0800: 312.936: Application time: 0.6196945 seconds
2019-05-24T17:26:51.483+0800: 312.956: Application time: 0.0198645 seconds
2019-05-24T17:26:51.484+0800: 312.956: Application time: 0.0001297 seconds
2019-05-24T17:26:51.484+0800: 312.956: Application time: 0.0004523 seconds
2019-05-24T17:26:51.485+0800: 312.957: Application time: 0.0000660 seconds
2019-05-24T17:26:52.485+0800: 313.957: Application time: 1.0004659 seconds
2019-05-24T17:26:54.486+0800: 315.958: Application time: 2.0007333 seconds
2019-05-24T17:26:55.487+0800: 316.959: Application time: 1.0002782 seconds
2019-05-24T17:26:55.692+0800: 317.164: Application time: 0.2054678 seconds
2019-05-24T17:26:55.693+0800: 317.164: Application time: 0.0001849 seconds
2019-05-24T17:26:55.837+0800: 317.310: Application time: 0.1451042 seconds
2019-05-24T17:26:55.989+0800: 317.460: Application time: 0.1507635 seconds
{Heap before GC invocations=256 (full 22):
 par new generation   total 39296K, used 38355K [0x0000000081800000, 0x00000000842a0000, 0x00000000964c0000)
  eden space 34944K, 100% used [0x0000000081800000, 0x0000000083a20000, 0x0000000083a20000)
  from space 4352K,  78% used [0x0000000083a20000, 0x0000000083d74f90, 0x0000000083e60000)
  to   space 4352K,   0% used [0x0000000083e60000, 0x0000000083e60000, 0x00000000842a0000)
 concurrent mark-sweep generation total 116348K, used 63214K [0x00000000964c0000, 0x000000009d65f000, 0x0000000100000000)
 Metaspace       used 82160K, capacity 86196K, committed 86368K, reserved 1124352K
  class space    used 10845K, capacity 11530K, committed 11616K, reserved 1048576K
2019-05-24T17:26:55.989+0800: 317.461: [GC (Allocation Failure) 2019-05-24T17:26:55.989+0800: 317.461: [ParNew: 38355K->3150K(39296K), 0.0050807 secs] 101570K->67051K(155644K), 0.0052321 secs] [Times: user=0.00 sys=0.00, real=0.00 secs] 
Heap after GC invocations=257 (full 22):
 par new generation   total 39296K, used 3150K [0x0000000081800000, 0x00000000842a0000, 0x00000000964c0000)
  eden space 34944K,   0% used [0x0000000081800000, 0x0000000081800000, 0x0000000083a20000)
  from space 4352K,  72% used [0x0000000083e60000, 0x0000000084173928, 0x00000000842a0000)
  to   space 4352K,   0% used [0x0000000083a20000, 0x0000000083a20000, 0x0000000083e60000)
 concurrent mark-sweep generation total 116348K, used 63900K [0x00000000964c0000, 0x000000009d65f000, 0x0000000100000000)
 Metaspace       used 82160K, capacity 86196K, committed 86368K, reserved 1124352K
  class space    used 10845K, capacity 11530K, committed 11616K, reserved 1048576K
}
2019-05-24T17:26:56.139+0800: 317.611: Application time: 0.1452191 seconds
2019-05-24T17:26:57.141+0800: 318.613: Application time: 1.0003032 seconds
2019-05-24T17:27:05.144+0800: 326.616: Application time: 8.0031835 seconds
2019-05-24T17:27:19.151+0800: 340.622: Application time: 14.0061389 seconds
2019-05-24T17:27:25.154+0800: 346.625: Application time: 6.0029827 seconds
2019-05-24T17:27:35.157+0800: 356.628: Application time: 10.0027449 seconds
2019-05-24T17:27:45.162+0800: 366.634: Application time: 10.0054153 seconds
2019-05-24T17:27:51.590+0800: 373.062: Application time: 6.4275534 seconds
2019-05-24T17:27:52.591+0800: 374.062: Application time: 1.0003516 seconds
2019-05-24T17:27:53.591+0800: 375.063: Application time: 1.0003282 seconds
2019-05-24T17:27:54.592+0800: 376.064: Application time: 1.0000882 seconds
2019-05-24T17:28:05.597+0800: 387.069: Application time: 11.0048327 seconds
2019-05-24T17:28:19.040+0800: 400.512: Application time: 13.4428856 seconds
2019-05-24T17:28:19.048+0800: 400.520: Application time: 0.0075548 seconds
2019-05-24T17:28:19.048+0800: 400.520: Application time: 0.0001422 seconds
2019-05-24T17:28:19.048+0800: 400.520: Application time: 0.0002497 seconds
2019-05-24T17:28:19.175+0800: 400.647: Application time: 0.1261784 seconds
2019-05-24T17:28:19.245+0800: 400.717: Application time: 0.0704552 seconds
2019-05-24T17:28:19.270+0800: 400.741: Application time: 0.0241556 seconds
2019-05-24T17:28:19.291+0800: 400.763: Application time: 0.0217492 seconds
2019-05-24T17:28:19.316+0800: 400.788: Application time: 0.0241721 seconds
2019-05-24T17:28:19.388+0800: 400.860: Application time: 0.0721180 seconds
2019-05-24T17:28:19.396+0800: 400.867: Application time: 0.0067681 seconds
2019-05-24T17:28:19.397+0800: 400.869: Application time: 0.0014330 seconds
2019-05-24T17:28:19.411+0800: 400.884: Application time: 0.0143593 seconds
2019-05-24T17:28:19.416+0800: 400.889: Application time: 0.0045198 seconds
2019-05-24T17:28:19.504+0800: 400.976: Application time: 0.0875304 seconds
2019-05-24T17:28:21.646+0800: 403.118: Application time: 2.1417591 seconds
2019-05-24T17:28:21.658+0800: 403.130: Application time: 0.0119484 seconds
2019-05-24T17:28:22.659+0800: 404.131: Application time: 1.0002970 seconds
2019-05-24T17:28:24.659+0800: 406.131: Application time: 2.0003743 seconds
2019-05-24T17:28:25.660+0800: 407.131: Application time: 1.0000262 seconds
2019-05-24T17:28:26.660+0800: 408.132: Application time: 1.0007208 seconds
2019-05-24T17:28:35.666+0800: 417.138: Application time: 9.0059972 seconds
2019-05-24T17:28:37.667+0800: 419.139: Application time: 2.0004983 seconds
2019-05-24T17:28:50.673+0800: 432.145: Application time: 13.0057463 seconds
2019-05-24T17:28:54.675+0800: 436.147: Application time: 4.0021669 seconds
2019-05-24T17:28:55.676+0800: 437.148: Application time: 1.0008306 seconds
2019-05-24T17:29:19.686+0800: 461.158: Application time: 24.0097348 seconds
2019-05-24T17:29:20.687+0800: 462.158: Application time: 1.0002702 seconds
2019-05-24T17:29:24.689+0800: 466.160: Application time: 4.0020156 seconds
2019-05-24T17:29:25.689+0800: 467.161: Application time: 1.0004420 seconds
2019-05-24T17:29:27.691+0800: 469.163: Application time: 2.0017499 seconds
2019-05-24T17:29:27.942+0800: 469.414: Application time: 0.2510716 seconds
2019-05-24T17:29:28.943+0800: 470.414: Application time: 0.9998811 seconds
2019-05-24T17:29:30.065+0800: 471.537: Application time: 1.1217877 seconds
2019-05-24T17:29:30.069+0800: 471.541: Application time: 0.0043048 seconds
2019-05-24T17:29:30.071+0800: 471.543: Application time: 0.0017801 seconds
2019-05-24T17:29:30.076+0800: 471.548: Application time: 0.0048259 seconds
2019-05-24T17:29:30.238+0800: 471.710: Application time: 0.1621418 seconds
2019-05-24T17:29:31.239+0800: 472.711: Application time: 1.0002065 seconds
2019-05-24T17:29:33.240+0800: 474.712: Application time: 2.0010394 seconds
2019-05-24T17:29:34.240+0800: 475.712: Application time: 0.9999898 seconds
2019-05-24T17:29:36.241+0800: 477.713: Application time: 2.0004892 seconds
2019-05-24T17:29:46.247+0800: 487.719: Application time: 10.0061810 seconds
2019-05-24T17:29:56.253+0800: 497.725: Application time: 10.0054562 seconds
2019-05-24T17:29:58.253+0800: 499.725: Application time: 2.0003038 seconds
2019-05-24T17:30:06.256+0800: 507.728: Application time: 8.0029082 seconds
2019-05-24T17:30:16.260+0800: 517.732: Application time: 10.0038451 seconds
2019-05-24T17:30:20.262+0800: 521.734: Application time: 4.0015946 seconds
2019-05-24T17:30:25.265+0800: 526.737: Application time: 5.0024929 seconds
2019-05-24T17:30:26.265+0800: 527.737: Application time: 1.0002048 seconds
2019-05-24T17:30:29.266+0800: 530.738: Application time: 3.0011600 seconds
2019-05-24T17:30:30.267+0800: 531.739: Application time: 1.0003362 seconds
2019-05-24T17:30:32.269+0800: 533.741: Application time: 2.0015878 seconds
2019-05-24T17:30:33.269+0800: 534.741: Application time: 1.0000552 seconds
2019-05-24T17:30:36.270+0800: 537.742: Application time: 3.0012180 seconds
2019-05-24T17:30:43.273+0800: 544.745: Application time: 7.0027153 seconds
2019-05-24T17:30:44.274+0800: 545.746: Application time: 1.0005308 seconds
2019-05-24T17:30:45.580+0800: 547.053: Application time: 1.3063864 seconds
2019-05-24T17:30:45.581+0800: 547.053: Application time: 0.0000819 seconds
2019-05-24T17:30:45.581+0800: 547.053: Application time: 0.0004574 seconds
2019-05-24T17:30:45.582+0800: 547.054: Application time: 0.0001280 seconds
2019-05-24T17:30:45.582+0800: 547.054: Application time: 0.0000933 seconds
2019-05-24T17:30:45.582+0800: 547.054: Application time: 0.0001587 seconds
2019-05-24T17:30:45.615+0800: 547.087: Application time: 0.0321371 seconds
{Heap before GC invocations=257 (full 22):
 par new generation   total 39296K, used 38094K [0x0000000081800000, 0x00000000842a0000, 0x00000000964c0000)
  eden space 34944K, 100% used [0x0000000081800000, 0x0000000083a20000, 0x0000000083a20000)
  from space 4352K,  72% used [0x0000000083e60000, 0x0000000084173928, 0x00000000842a0000)
  to   space 4352K,   0% used [0x0000000083a20000, 0x0000000083a20000, 0x0000000083e60000)
 concurrent mark-sweep generation total 116348K, used 63900K [0x00000000964c0000, 0x000000009d65f000, 0x0000000100000000)
 Metaspace       used 83094K, capacity 87248K, committed 87392K, reserved 1124352K
  class space    used 10876K, capacity 11584K, committed 11616K, reserved 1048576K
2019-05-24T17:30:45.615+0800: 547.087: [GC (Allocation Failure) 2019-05-24T17:30:45.615+0800: 547.087: [ParNew: 38094K->3173K(39296K), 0.0069757 secs] 101995K->67653K(155644K), 0.0071356 secs] [Times: user=0.05 sys=0.01, real=0.01 secs] 
